2025-11-12T20:17:49.7449902Z Current runner version: '2.329.0'
2025-11-12T20:17:49.7473260Z ##[group]Runner Image Provisioner
2025-11-12T20:17:49.7474091Z Hosted Compute Agent
2025-11-12T20:17:49.7474620Z Version: 20251016.436
2025-11-12T20:17:49.7475355Z Commit: 8ab8ac8bfd662a3739dab9fe09456aba92132568
2025-11-12T20:17:49.7476044Z Build Date: 2025-10-15T20:44:12Z
2025-11-12T20:17:49.7476652Z ##[endgroup]
2025-11-12T20:17:49.7477281Z ##[group]Operating System
2025-11-12T20:17:49.7477872Z Ubuntu
2025-11-12T20:17:49.7478345Z 24.04.3
2025-11-12T20:17:49.7478885Z LTS
2025-11-12T20:17:49.7479324Z ##[endgroup]
2025-11-12T20:17:49.7479839Z ##[group]Runner Image
2025-11-12T20:17:49.7480885Z Image: ubuntu-24.04
2025-11-12T20:17:49.7481414Z Version: 20251102.99.1
2025-11-12T20:17:49.7482460Z Included Software: https://github.com/actions/runner-images/blob/ubuntu24/20251102.99/images/ubuntu/Ubuntu2404-Readme.md
2025-11-12T20:17:49.7484047Z Image Release: https://github.com/actions/runner-images/releases/tag/ubuntu24%2F20251102.99
2025-11-12T20:17:49.7485017Z ##[endgroup]
2025-11-12T20:17:49.7486201Z ##[group]GITHUB_TOKEN Permissions
2025-11-12T20:17:49.7487998Z Contents: read
2025-11-12T20:17:49.7488660Z Metadata: read
2025-11-12T20:17:49.7489181Z Packages: read
2025-11-12T20:17:49.7489704Z ##[endgroup]
2025-11-12T20:17:49.7492168Z Secret source: Actions
2025-11-12T20:17:49.7492999Z Prepare workflow directory
2025-11-12T20:17:49.7881406Z Prepare all required actions
2025-11-12T20:17:49.7918217Z Getting action download info
2025-11-12T20:17:50.1654528Z Download action repository 'actions/checkout@v4' (SHA:08eba0b27e820071cde6df949e0beb9ba4906955)
2025-11-12T20:17:50.2753696Z Download action repository 'actions/setup-node@v4' (SHA:49933ea5288caeca8642d1e84afbd3f7d6820020)
2025-11-12T20:17:50.3661542Z Download action repository 'actions/upload-artifact@v4' (SHA:ea165f8d65b6e75b540449e92b4886f43607fa02)
2025-11-12T20:17:50.5582048Z Complete job name: build-linux
2025-11-12T20:17:50.6307295Z ##[group]Run actions/checkout@v4
2025-11-12T20:17:50.6308222Z with:
2025-11-12T20:17:50.6308710Z   repository: ApoIlyon/AtlasPieVersion3
2025-11-12T20:17:50.6309450Z   token: ***
2025-11-12T20:17:50.6309867Z   ssh-strict: true
2025-11-12T20:17:50.6310472Z   ssh-user: git
2025-11-12T20:17:50.6310923Z   persist-credentials: true
2025-11-12T20:17:50.6311408Z   clean: true
2025-11-12T20:17:50.6311858Z   sparse-checkout-cone-mode: true
2025-11-12T20:17:50.6312376Z   fetch-depth: 1
2025-11-12T20:17:50.6312818Z   fetch-tags: false
2025-11-12T20:17:50.6313259Z   show-progress: true
2025-11-12T20:17:50.6313708Z   lfs: false
2025-11-12T20:17:50.6314108Z   submodules: false
2025-11-12T20:17:50.6314553Z   set-safe-directory: true
2025-11-12T20:17:50.6315284Z env:
2025-11-12T20:17:50.6315704Z   CARGO_TERM_COLOR: always
2025-11-12T20:17:50.6316177Z   RUST_BACKTRACE: 1
2025-11-12T20:17:50.6316635Z   TAURI_SKIP_UPDATE_CHECK: true
2025-11-12T20:17:50.6317123Z ##[endgroup]
2025-11-12T20:17:50.7469122Z Syncing repository: ApoIlyon/AtlasPieVersion3
2025-11-12T20:17:50.7472317Z ##[group]Getting Git version info
2025-11-12T20:17:50.7473916Z Working directory is '/home/runner/work/AtlasPieVersion3/AtlasPieVersion3'
2025-11-12T20:17:50.7475989Z [command]/usr/bin/git version
2025-11-12T20:17:50.7552888Z git version 2.51.2
2025-11-12T20:17:50.7579767Z ##[endgroup]
2025-11-12T20:17:50.7595824Z Temporarily overriding HOME='/home/runner/work/_temp/dc251f11-1882-4440-ab80-b1990703dc7a' before making global git config changes
2025-11-12T20:17:50.7597877Z Adding repository directory to the temporary git global config as a safe directory
2025-11-12T20:17:50.7603357Z [command]/usr/bin/git config --global --add safe.directory /home/runner/work/AtlasPieVersion3/AtlasPieVersion3
2025-11-12T20:17:50.7642314Z Deleting the contents of '/home/runner/work/AtlasPieVersion3/AtlasPieVersion3'
2025-11-12T20:17:50.7645829Z ##[group]Initializing the repository
2025-11-12T20:17:50.7651404Z [command]/usr/bin/git init /home/runner/work/AtlasPieVersion3/AtlasPieVersion3
2025-11-12T20:17:50.7762027Z hint: Using 'master' as the name for the initial branch. This default branch name
2025-11-12T20:17:50.7764176Z hint: is subject to change. To configure the initial branch name to use in all
2025-11-12T20:17:50.7765487Z hint: of your new repositories, which will suppress this warning, call:
2025-11-12T20:17:50.7766471Z hint:
2025-11-12T20:17:50.7767191Z hint: 	git config --global init.defaultBranch <name>
2025-11-12T20:17:50.7768298Z hint:
2025-11-12T20:17:50.7769656Z hint: Names commonly chosen instead of 'master' are 'main', 'trunk' and
2025-11-12T20:17:50.7771905Z hint: 'development'. The just-created branch can be renamed via this command:
2025-11-12T20:17:50.7772954Z hint:
2025-11-12T20:17:50.7773491Z hint: 	git branch -m <name>
2025-11-12T20:17:50.7774135Z hint:
2025-11-12T20:17:50.7774981Z hint: Disable this message with "git config set advice.defaultBranchName false"
2025-11-12T20:17:50.7776729Z Initialized empty Git repository in /home/runner/work/AtlasPieVersion3/AtlasPieVersion3/.git/
2025-11-12T20:17:50.7785837Z [command]/usr/bin/git remote add origin https://github.com/ApoIlyon/AtlasPieVersion3
2025-11-12T20:17:50.7824747Z ##[endgroup]
2025-11-12T20:17:50.7826200Z ##[group]Disabling automatic garbage collection
2025-11-12T20:17:50.7827838Z [command]/usr/bin/git config --local gc.auto 0
2025-11-12T20:17:50.7872188Z ##[endgroup]
2025-11-12T20:17:50.7872922Z ##[group]Setting up auth
2025-11-12T20:17:50.7873666Z [command]/usr/bin/git config --local --name-only --get-regexp core\.sshCommand
2025-11-12T20:17:50.7910530Z [command]/usr/bin/git submodule foreach --recursive sh -c "git config --local --name-only --get-regexp 'core\.sshCommand' && git config --local --unset-all 'core.sshCommand' || :"
2025-11-12T20:17:50.8271489Z [command]/usr/bin/git config --local --name-only --get-regexp http\.https\:\/\/github\.com\/\.extraheader
2025-11-12T20:17:50.8305339Z [command]/usr/bin/git submodule foreach --recursive sh -c "git config --local --name-only --get-regexp 'http\.https\:\/\/github\.com\/\.extraheader' && git config --local --unset-all 'http.https://github.com/.extraheader' || :"
2025-11-12T20:17:50.8531327Z [command]/usr/bin/git config --local http.https://github.com/.extraheader AUTHORIZATION: basic ***
2025-11-12T20:17:50.8575850Z ##[endgroup]
2025-11-12T20:17:50.8576698Z ##[group]Fetching the repository
2025-11-12T20:17:50.8584716Z [command]/usr/bin/git -c protocol.version=2 fetch --no-tags --prune --no-recurse-submodules --depth=1 origin +99249010b8434925590fc359403d52c53ebda861:refs/remotes/pull/69/merge
2025-11-12T20:17:53.0112313Z From https://github.com/ApoIlyon/AtlasPieVersion3
2025-11-12T20:17:53.0114065Z  * [new ref]         99249010b8434925590fc359403d52c53ebda861 -> pull/69/merge
2025-11-12T20:17:53.0145675Z ##[endgroup]
2025-11-12T20:17:53.0146920Z ##[group]Determining the checkout info
2025-11-12T20:17:53.0148373Z ##[endgroup]
2025-11-12T20:17:53.0154477Z [command]/usr/bin/git sparse-checkout disable
2025-11-12T20:17:53.0195668Z [command]/usr/bin/git config --local --unset-all extensions.worktreeConfig
2025-11-12T20:17:53.0223093Z ##[group]Checking out the ref
2025-11-12T20:17:53.0225856Z [command]/usr/bin/git checkout --progress --force refs/remotes/pull/69/merge
2025-11-12T20:17:53.4444441Z Note: switching to 'refs/remotes/pull/69/merge'.
2025-11-12T20:17:53.4445460Z 
2025-11-12T20:17:53.4445943Z You are in 'detached HEAD' state. You can look around, make experimental
2025-11-12T20:17:53.4447406Z changes and commit them, and you can discard any commits you make in this
2025-11-12T20:17:53.4448567Z state without impacting any branches by switching back to a branch.
2025-11-12T20:17:53.4449291Z 
2025-11-12T20:17:53.4449764Z If you want to create a new branch to retain commits you create, you may
2025-11-12T20:17:53.4450943Z do so (now or later) by using -c with the switch command. Example:
2025-11-12T20:17:53.4451522Z 
2025-11-12T20:17:53.4451752Z   git switch -c <new-branch-name>
2025-11-12T20:17:53.4452179Z 
2025-11-12T20:17:53.4452505Z Or undo this operation with:
2025-11-12T20:17:53.4452849Z 
2025-11-12T20:17:53.4453043Z   git switch -
2025-11-12T20:17:53.4453878Z 
2025-11-12T20:17:53.4454420Z Turn off this advice by setting config variable advice.detachedHead to false
2025-11-12T20:17:53.4455154Z 
2025-11-12T20:17:53.4455996Z HEAD is now at 9924901 Merge 452a0bee0310a435cffabc968950422ca342f97e into 56d1aa5a507af63952877a9357b852334e51ed04
2025-11-12T20:17:53.4474617Z ##[endgroup]
2025-11-12T20:17:53.4512555Z [command]/usr/bin/git log -1 --format=%H
2025-11-12T20:17:53.4534337Z 99249010b8434925590fc359403d52c53ebda861
2025-11-12T20:17:53.4761149Z ##[group]Run actions/setup-node@v4
2025-11-12T20:17:53.4761454Z with:
2025-11-12T20:17:53.4761637Z   node-version: 20
2025-11-12T20:17:53.4761829Z   cache: npm
2025-11-12T20:17:53.4762098Z   cache-dependency-path: autohotpie-tauri/package-lock.json
2025-11-12T20:17:53.4762431Z   always-auth: false
2025-11-12T20:17:53.4762626Z   check-latest: false
2025-11-12T20:17:53.4762960Z   token: ***
2025-11-12T20:17:53.4763132Z env:
2025-11-12T20:17:53.4763306Z   CARGO_TERM_COLOR: always
2025-11-12T20:17:53.4763543Z   RUST_BACKTRACE: 1
2025-11-12T20:17:53.4763741Z   TAURI_SKIP_UPDATE_CHECK: true
2025-11-12T20:17:53.4764005Z ##[endgroup]
2025-11-12T20:17:53.6583448Z Found in cache @ /opt/hostedtoolcache/node/20.19.5/x64
2025-11-12T20:17:53.6592081Z ##[group]Environment details
2025-11-12T20:17:54.0023968Z node: v20.19.5
2025-11-12T20:17:54.0024464Z npm: 10.8.2
2025-11-12T20:17:54.0024884Z yarn: 1.22.22
2025-11-12T20:17:54.0026004Z ##[endgroup]
2025-11-12T20:17:54.0045962Z [command]/opt/hostedtoolcache/node/20.19.5/x64/bin/npm config get cache
2025-11-12T20:17:54.1220775Z /home/runner/.npm
2025-11-12T20:17:54.2899043Z npm cache is not found
2025-11-12T20:17:54.3055015Z ##[group]Run sudo apt-get update
2025-11-12T20:17:54.3055350Z [36;1msudo apt-get update[0m
2025-11-12T20:17:54.3055877Z [36;1msudo apt-get install -y libgtk-3-dev libwebkit2gtk-4.1 libayatana-appindicator3-dev librsvg2-dev patchelf[0m
2025-11-12T20:17:54.3100863Z shell: /usr/bin/bash -e {0}
2025-11-12T20:17:54.3101097Z env:
2025-11-12T20:17:54.3101288Z   CARGO_TERM_COLOR: always
2025-11-12T20:17:54.3101496Z   RUST_BACKTRACE: 1
2025-11-12T20:17:54.3101702Z   TAURI_SKIP_UPDATE_CHECK: true
2025-11-12T20:17:54.3101919Z ##[endgroup]
2025-11-12T20:17:54.3809890Z Get:1 file:/etc/apt/apt-mirrors.txt Mirrorlist [144 B]
2025-11-12T20:17:54.4216349Z Hit:2 http://azure.archive.ubuntu.com/ubuntu noble InRelease
2025-11-12T20:17:54.4229832Z Get:3 http://azure.archive.ubuntu.com/ubuntu noble-updates InRelease [126 kB]
2025-11-12T20:17:54.4271840Z Get:4 http://azure.archive.ubuntu.com/ubuntu noble-backports InRelease [126 kB]
2025-11-12T20:17:54.4290892Z Get:5 http://azure.archive.ubuntu.com/ubuntu noble-security InRelease [126 kB]
2025-11-12T20:17:54.4716588Z Get:6 https://packages.microsoft.com/repos/azure-cli noble InRelease [3564 B]
2025-11-12T20:17:54.4822866Z Get:7 https://packages.microsoft.com/ubuntu/24.04/prod noble InRelease [3600 B]
2025-11-12T20:17:54.5419105Z Get:8 http://azure.archive.ubuntu.com/ubuntu noble-updates/main amd64 Packages [1585 kB]
2025-11-12T20:17:54.5580541Z Get:9 http://azure.archive.ubuntu.com/ubuntu noble-updates/main Translation-en [299 kB]
2025-11-12T20:17:54.5611220Z Get:10 http://azure.archive.ubuntu.com/ubuntu noble-updates/main amd64 Components [175 kB]
2025-11-12T20:17:54.5632344Z Get:11 http://azure.archive.ubuntu.com/ubuntu noble-updates/main amd64 c-n-f Metadata [15.7 kB]
2025-11-12T20:17:54.5643718Z Get:12 http://azure.archive.ubuntu.com/ubuntu noble-updates/universe amd64 Packages [1498 kB]
2025-11-12T20:17:54.5733737Z Get:13 http://azure.archive.ubuntu.com/ubuntu noble-updates/universe amd64 Components [378 kB]
2025-11-12T20:17:54.5767402Z Get:14 http://azure.archive.ubuntu.com/ubuntu noble-updates/universe amd64 c-n-f Metadata [31.4 kB]
2025-11-12T20:17:54.5781273Z Get:15 http://azure.archive.ubuntu.com/ubuntu noble-updates/restricted amd64 Packages [2244 kB]
2025-11-12T20:17:54.5893371Z Get:16 http://azure.archive.ubuntu.com/ubuntu noble-updates/restricted Translation-en [509 kB]
2025-11-12T20:17:54.5932459Z Get:17 http://azure.archive.ubuntu.com/ubuntu noble-updates/restricted amd64 Components [212 B]
2025-11-12T20:17:54.6378521Z Get:18 http://azure.archive.ubuntu.com/ubuntu noble-updates/multiverse amd64 Components [940 B]
2025-11-12T20:17:54.6399902Z Get:19 http://azure.archive.ubuntu.com/ubuntu noble-backports/main amd64 Components [7128 B]
2025-11-12T20:17:54.6407989Z Get:20 http://azure.archive.ubuntu.com/ubuntu noble-backports/universe amd64 Components [11.0 kB]
2025-11-12T20:17:54.6455760Z Get:21 http://azure.archive.ubuntu.com/ubuntu noble-backports/restricted amd64 Components [212 B]
2025-11-12T20:17:54.6457752Z Get:22 http://azure.archive.ubuntu.com/ubuntu noble-backports/multiverse amd64 Components [212 B]
2025-11-12T20:17:54.6474811Z Get:23 http://azure.archive.ubuntu.com/ubuntu noble-security/main amd64 Packages [1309 kB]
2025-11-12T20:17:54.6563997Z Get:24 http://azure.archive.ubuntu.com/ubuntu noble-security/main Translation-en [215 kB]
2025-11-12T20:17:54.6585057Z Get:25 http://azure.archive.ubuntu.com/ubuntu noble-security/main amd64 Components [21.5 kB]
2025-11-12T20:17:54.6596471Z Get:26 http://azure.archive.ubuntu.com/ubuntu noble-security/main amd64 c-n-f Metadata [9336 B]
2025-11-12T20:17:54.6603075Z Get:27 http://azure.archive.ubuntu.com/ubuntu noble-security/universe amd64 Packages [908 kB]
2025-11-12T20:17:54.6658032Z Get:28 http://azure.archive.ubuntu.com/ubuntu noble-security/universe Translation-en [204 kB]
2025-11-12T20:17:54.6683051Z Get:29 http://azure.archive.ubuntu.com/ubuntu noble-security/universe amd64 Components [52.3 kB]
2025-11-12T20:17:54.6697815Z Get:30 http://azure.archive.ubuntu.com/ubuntu noble-security/universe amd64 c-n-f Metadata [19.4 kB]
2025-11-12T20:17:54.6708335Z Get:31 http://azure.archive.ubuntu.com/ubuntu noble-security/restricted amd64 Packages [2140 kB]
2025-11-12T20:17:54.7013517Z Get:35 https://packages.microsoft.com/repos/azure-cli noble/main amd64 Packages [1700 B]
2025-11-12T20:17:54.7293054Z Get:32 http://azure.archive.ubuntu.com/ubuntu noble-security/restricted Translation-en [486 kB]
2025-11-12T20:17:54.7336259Z Get:33 http://azure.archive.ubuntu.com/ubuntu noble-security/restricted amd64 Components [212 B]
2025-11-12T20:17:54.7345983Z Get:34 http://azure.archive.ubuntu.com/ubuntu noble-security/multiverse amd64 Components [212 B]
2025-11-12T20:17:54.7617116Z Get:36 https://packages.microsoft.com/ubuntu/24.04/prod noble/main armhf Packages [11.2 kB]
2025-11-12T20:17:54.7654494Z Get:37 https://packages.microsoft.com/ubuntu/24.04/prod noble/main arm64 Packages [49.9 kB]
2025-11-12T20:17:54.7698327Z Get:38 https://packages.microsoft.com/ubuntu/24.04/prod noble/main amd64 Packages [67.3 kB]
2025-11-12T20:18:03.2932142Z Fetched 12.6 MB in 1s (8665 kB/s)
2025-11-12T20:18:04.0240833Z Reading package lists...
2025-11-12T20:18:04.0580487Z Reading package lists...
2025-11-12T20:18:04.2498956Z Building dependency tree...
2025-11-12T20:18:04.2506030Z Reading state information...
2025-11-12T20:18:04.5299667Z patchelf is already the newest version (0.18.0-1.1build1).
2025-11-12T20:18:04.5300764Z The following additional packages will be installed:
2025-11-12T20:18:04.5301716Z   bubblewrap build-essential bzip2-doc gir1.2-atk-1.0 gir1.2-atspi-2.0
2025-11-12T20:18:04.5302575Z   gir1.2-ayatanaappindicator3-0.1 gir1.2-ayatanaido3-0.4
2025-11-12T20:18:04.5303509Z   gir1.2-dbusmenu-glib-0.4 gir1.2-freedesktop gir1.2-freedesktop-dev
2025-11-12T20:18:04.5304499Z   gir1.2-gdkpixbuf-2.0 gir1.2-girepository-2.0-dev gir1.2-glib-2.0-dev
2025-11-12T20:18:04.5305445Z   gir1.2-gtk-3.0 gir1.2-harfbuzz-0.0 gir1.2-javascriptcoregtk-4.1
2025-11-12T20:18:04.5306474Z   gir1.2-pango-1.0 gir1.2-rsvg-2.0 gir1.2-soup-3.0 gir1.2-webkit2-4.1
2025-11-12T20:18:04.5307616Z   glib-networking glib-networking-common glib-networking-services
2025-11-12T20:18:04.5308914Z   gobject-introspection gobject-introspection-bin gsettings-desktop-schemas
2025-11-12T20:18:04.5309927Z   gstreamer1.0-gl gstreamer1.0-plugins-base gstreamer1.0-plugins-good
2025-11-12T20:18:04.5311024Z   gstreamer1.0-x libaa1 libasyncns0 libatk-bridge2.0-dev libatk1.0-dev
2025-11-12T20:18:04.5312335Z   libatspi2.0-dev libavc1394-0 libayatana-appindicator3-1
2025-11-12T20:18:04.5313119Z   libayatana-ido3-0.4-0 libayatana-ido3-dev libayatana-indicator3-7
2025-11-12T20:18:04.5314008Z   libayatana-indicator3-dev libblkid-dev libbrotli-dev libbz2-dev libcaca0
2025-11-12T20:18:04.5314953Z   libcairo-script-interpreter2 libcairo2-dev libcdparanoia0 libdatrie-dev
2025-11-12T20:18:04.5315892Z   libdbus-1-dev libdbusmenu-glib-dev libdeflate-dev libdv4t64 libegl-dev
2025-11-12T20:18:04.5316742Z   libegl-mesa0 libegl1 libegl1-mesa-dev libepoxy-dev libflac12t64
2025-11-12T20:18:04.5317613Z   libfontconfig-dev libfreetype-dev libfribidi-dev libgdk-pixbuf-2.0-dev
2025-11-12T20:18:04.5318487Z   libgdk-pixbuf2.0-bin libgirepository-1.0-dev libgirepository-2.0-0
2025-11-12T20:18:04.5319340Z   libgirepository1.0-dev libgl-dev libgles-dev libgles1 libgles2
2025-11-12T20:18:04.5320469Z   libglib2.0-dev libglib2.0-dev-bin libglvnd-core-dev libglvnd-dev libglx-dev
2025-11-12T20:18:04.5321340Z   libgraphene-1.0-0 libgraphite2-dev libgstreamer-gl1.0-0
2025-11-12T20:18:04.5321921Z   libgstreamer-plugins-base1.0-0 libgstreamer-plugins-good1.0-0
2025-11-12T20:18:04.5322748Z   libharfbuzz-cairo0 libharfbuzz-dev libharfbuzz-gobject0 libharfbuzz-icu0
2025-11-12T20:18:04.5323602Z   libharfbuzz-subset0 libhyphen0 libice-dev libiec61883-0
2025-11-12T20:18:04.5324436Z   libjavascriptcoregtk-4.1-0 libjavascriptcoregtk-4.1-dev libjbig-dev
2025-11-12T20:18:04.5325331Z   libjpeg-dev libjpeg-turbo8-dev libjpeg8-dev liblerc-dev liblzma-dev
2025-11-12T20:18:04.5326519Z   libmanette-0.2-0 libmount-dev libmp3lame0 libmpg123-0t64 libnghttp2-dev
2025-11-12T20:18:04.5327452Z   libopengl-dev libopengl0 libopus0 liborc-0.4-0t64 libpango1.0-dev
2025-11-12T20:18:04.5328252Z   libpangoxft-1.0-0 libpipewire-0.3-0t64 libpipewire-0.3-common
2025-11-12T20:18:04.5329065Z   libpixman-1-dev libpng-dev libpng-tools libproxy1v5 libpsl-dev
2025-11-12T20:18:04.5329959Z   libpthread-stubs0-dev libpulse0 libraw1394-11 librsvg2-2 librsvg2-common
2025-11-12T20:18:04.5331192Z   libsecret-1-0 libsecret-common libselinux1-dev libsepol-dev libsharpyuv-dev
2025-11-12T20:18:04.5332130Z   libshout3 libsm-dev libsndfile1 libsoup-3.0-0 libsoup-3.0-common
2025-11-12T20:18:04.5333010Z   libsoup-3.0-dev libspa-0.2-modules libspeex1 libsysprof-capture-4-dev
2025-11-12T20:18:04.5333928Z   libtag1v5 libtag1v5-vanilla libthai-dev libtheora0 libtiff-dev libtiffxx6
2025-11-12T20:18:04.5334864Z   libtwolame0 libv4l-0t64 libv4lconvert0t64 libvisual-0.4-0 libvorbisenc2
2025-11-12T20:18:04.5335687Z   libvpx9 libwavpack1 libwayland-bin libwayland-dev libwebp-dev
2025-11-12T20:18:04.5336582Z   libwebpdecoder3 libwebrtc-audio-processing1 libwoff1 libx11-dev libxau-dev
2025-11-12T20:18:04.5337520Z   libxcb-render0-dev libxcb-shm0-dev libxcb1-dev libxcomposite-dev
2025-11-12T20:18:04.5338374Z   libxcursor-dev libxdamage-dev libxdmcp-dev libxext-dev libxfixes-dev
2025-11-12T20:18:04.5339209Z   libxft-dev libxi-dev libxinerama-dev libxkbcommon-dev libxrandr-dev
2025-11-12T20:18:04.5340240Z   libxrender-dev libxtst-dev libxv1 pango1.0-tools python3-mako
2025-11-12T20:18:04.5341129Z   python3-markdown session-migration uuid-dev wayland-protocols x11proto-dev
2025-11-12T20:18:04.5342137Z   xdg-dbus-proxy xdg-desktop-portal xdg-desktop-portal-gtk xorg-sgml-doctools
2025-11-12T20:18:04.5342824Z   xtrans-dev
2025-11-12T20:18:04.5343168Z Suggested packages:
2025-11-12T20:18:04.5343772Z   gvfs libcairo2-doc libdatrie-doc libdv-bin oss-compat freetype2-doc
2025-11-12T20:18:04.5344676Z   libgirepository1.0-doc libglib2.0-doc libxml2-utils libgraphite2-utils
2025-11-12T20:18:04.5345637Z   libvisual-0.4-plugins libgtk-3-doc libice-doc liblzma-doc libnghttp2-doc
2025-11-12T20:18:04.5346612Z   opus-tools libpango1.0-doc pipewire pulseaudio libraw1394-doc librsvg2-bin
2025-11-12T20:18:04.5347562Z   librsvg2-doc libsm-doc libsoup-3.0-doc speex libthai-doc libwayland-doc
2025-11-12T20:18:04.5348503Z   gstreamer1.0-libav gstreamer1.0-plugins-bad gstreamer1.0-alsa libx11-doc
2025-11-12T20:18:04.5349712Z   libxcb-doc libxext-doc graphicsmagick python-mako-doc python3-beaker
2025-11-12T20:18:04.5350855Z   python-markdown-doc accountsservice evince xdg-desktop-portal-gnome
2025-11-12T20:18:04.6113810Z The following NEW packages will be installed:
2025-11-12T20:18:04.6114882Z   bubblewrap build-essential bzip2-doc gir1.2-atk-1.0 gir1.2-atspi-2.0
2025-11-12T20:18:04.6116008Z   gir1.2-ayatanaappindicator3-0.1 gir1.2-ayatanaido3-0.4
2025-11-12T20:18:04.6117086Z   gir1.2-dbusmenu-glib-0.4 gir1.2-freedesktop gir1.2-freedesktop-dev
2025-11-12T20:18:04.6118175Z   gir1.2-gdkpixbuf-2.0 gir1.2-girepository-2.0-dev gir1.2-glib-2.0-dev
2025-11-12T20:18:04.6118906Z   gir1.2-gtk-3.0 gir1.2-harfbuzz-0.0 gir1.2-javascriptcoregtk-4.1
2025-11-12T20:18:04.6119604Z   gir1.2-pango-1.0 gir1.2-rsvg-2.0 gir1.2-soup-3.0 gir1.2-webkit2-4.1
2025-11-12T20:18:04.6120758Z   glib-networking glib-networking-common glib-networking-services
2025-11-12T20:18:04.6121594Z   gobject-introspection gobject-introspection-bin gsettings-desktop-schemas
2025-11-12T20:18:04.6122337Z   gstreamer1.0-gl gstreamer1.0-plugins-base gstreamer1.0-plugins-good
2025-11-12T20:18:04.6123002Z   gstreamer1.0-x libaa1 libasyncns0 libatk-bridge2.0-dev libatk1.0-dev
2025-11-12T20:18:04.6123581Z   libatspi2.0-dev libavc1394-0 libayatana-appindicator3-1
2025-11-12T20:18:04.6124280Z   libayatana-appindicator3-dev libayatana-ido3-0.4-0 libayatana-ido3-dev
2025-11-12T20:18:04.6125138Z   libayatana-indicator3-7 libayatana-indicator3-dev libblkid-dev libbrotli-dev
2025-11-12T20:18:04.6125794Z   libbz2-dev libcaca0 libcairo-script-interpreter2 libcairo2-dev
2025-11-12T20:18:04.6126694Z   libcdparanoia0 libdatrie-dev libdbus-1-dev libdbusmenu-glib-dev
2025-11-12T20:18:04.6127338Z   libdeflate-dev libdv4t64 libegl-dev libegl-mesa0 libegl1 libegl1-mesa-dev
2025-11-12T20:18:04.6128029Z   libepoxy-dev libflac12t64 libfontconfig-dev libfreetype-dev libfribidi-dev
2025-11-12T20:18:04.6128685Z   libgdk-pixbuf-2.0-dev libgdk-pixbuf2.0-bin libgirepository-1.0-dev
2025-11-12T20:18:04.6129341Z   libgirepository-2.0-0 libgirepository1.0-dev libgl-dev libgles-dev libgles1
2025-11-12T20:18:04.6130016Z   libgles2 libglib2.0-dev libglib2.0-dev-bin libglvnd-core-dev libglvnd-dev
2025-11-12T20:18:04.6130932Z   libglx-dev libgraphene-1.0-0 libgraphite2-dev libgstreamer-gl1.0-0
2025-11-12T20:18:04.6131462Z   libgstreamer-plugins-base1.0-0 libgstreamer-plugins-good1.0-0 libgtk-3-dev
2025-11-12T20:18:04.6132013Z   libharfbuzz-cairo0 libharfbuzz-dev libharfbuzz-gobject0 libharfbuzz-icu0
2025-11-12T20:18:04.6132512Z   libharfbuzz-subset0 libhyphen0 libice-dev libiec61883-0
2025-11-12T20:18:04.6132967Z   libjavascriptcoregtk-4.1-0 libjavascriptcoregtk-4.1-dev libjbig-dev
2025-11-12T20:18:04.6133466Z   libjpeg-dev libjpeg-turbo8-dev libjpeg8-dev liblerc-dev liblzma-dev
2025-11-12T20:18:04.6133945Z   libmanette-0.2-0 libmount-dev libmp3lame0 libmpg123-0t64 libnghttp2-dev
2025-11-12T20:18:04.6134408Z   libopengl-dev libopengl0 libopus0 liborc-0.4-0t64 libpango1.0-dev
2025-11-12T20:18:04.6134854Z   libpangoxft-1.0-0 libpipewire-0.3-0t64 libpipewire-0.3-common
2025-11-12T20:18:04.6135282Z   libpixman-1-dev libpng-dev libpng-tools libproxy1v5 libpsl-dev
2025-11-12T20:18:04.6135757Z   libpthread-stubs0-dev libpulse0 libraw1394-11 librsvg2-2 librsvg2-common
2025-11-12T20:18:04.6136279Z   librsvg2-dev libsecret-1-0 libsecret-common libselinux1-dev libsepol-dev
2025-11-12T20:18:04.6136759Z   libsharpyuv-dev libshout3 libsm-dev libsndfile1 libsoup-3.0-0
2025-11-12T20:18:04.6137189Z   libsoup-3.0-common libsoup-3.0-dev libspa-0.2-modules libspeex1
2025-11-12T20:18:04.6137680Z   libsysprof-capture-4-dev libtag1v5 libtag1v5-vanilla libthai-dev libtheora0
2025-11-12T20:18:04.6138172Z   libtiff-dev libtiffxx6 libtwolame0 libv4l-0t64 libv4lconvert0t64
2025-11-12T20:18:04.6138606Z   libvisual-0.4-0 libvorbisenc2 libvpx9 libwavpack1 libwayland-bin
2025-11-12T20:18:04.6139061Z   libwayland-dev libwebkit2gtk-4.1-0 libwebkit2gtk-4.1-dev libwebp-dev
2025-11-12T20:18:04.6139566Z   libwebpdecoder3 libwebrtc-audio-processing1 libwoff1 libx11-dev libxau-dev
2025-11-12T20:18:04.6140322Z   libxcb-render0-dev libxcb-shm0-dev libxcb1-dev libxcomposite-dev
2025-11-12T20:18:04.6140802Z   libxcursor-dev libxdamage-dev libxdmcp-dev libxext-dev libxfixes-dev
2025-11-12T20:18:04.6141272Z   libxft-dev libxi-dev libxinerama-dev libxkbcommon-dev libxrandr-dev
2025-11-12T20:18:04.6141721Z   libxrender-dev libxtst-dev libxv1 pango1.0-tools python3-mako
2025-11-12T20:18:04.6142205Z   python3-markdown session-migration uuid-dev wayland-protocols x11proto-dev
2025-11-12T20:18:04.6142741Z   xdg-dbus-proxy xdg-desktop-portal xdg-desktop-portal-gtk xorg-sgml-doctools
2025-11-12T20:18:04.6143109Z   xtrans-dev
2025-11-12T20:18:04.6363305Z 0 upgraded, 189 newly installed, 0 to remove and 28 not upgraded.
2025-11-12T20:18:04.6364016Z Need to get 63.9 MB of archives.
2025-11-12T20:18:04.6364717Z After this operation, 260 MB of additional disk space will be used.
2025-11-12T20:18:04.6365508Z Get:1 file:/etc/apt/apt-mirrors.txt Mirrorlist [144 B]
2025-11-12T20:18:04.7163546Z Get:2 http://azure.archive.ubuntu.com/ubuntu noble-updates/main amd64 bubblewrap amd64 0.9.0-1ubuntu0.1 [50.2 kB]
2025-11-12T20:18:04.7467352Z Get:3 http://azure.archive.ubuntu.com/ubuntu noble/main amd64 build-essential amd64 12.10ubuntu1 [4928 B]
2025-11-12T20:18:04.7753888Z Get:4 http://azure.archive.ubuntu.com/ubuntu noble-updates/main amd64 bzip2-doc all 1.0.8-5.1build0.1 [499 kB]
2025-11-12T20:18:04.8081699Z Get:5 http://azure.archive.ubuntu.com/ubuntu noble/main amd64 gir1.2-atk-1.0 amd64 2.52.0-1build1 [23.1 kB]
2025-11-12T20:18:04.8371134Z Get:6 http://azure.archive.ubuntu.com/ubuntu noble/main amd64 gir1.2-freedesktop amd64 1.80.1-1 [49.7 kB]
2025-11-12T20:18:04.8664930Z Get:7 http://azure.archive.ubuntu.com/ubuntu noble/main amd64 gir1.2-atspi-2.0 amd64 2.52.0-1build1 [19.8 kB]
2025-11-12T20:18:04.8954982Z Get:8 http://azure.archive.ubuntu.com/ubuntu noble-updates/main amd64 gir1.2-gdkpixbuf-2.0 amd64 2.42.10+dfsg-3ubuntu3.2 [9488 B]
2025-11-12T20:18:04.9246195Z Get:9 http://azure.archive.ubuntu.com/ubuntu noble/main amd64 libharfbuzz-gobject0 amd64 8.3.0-2build2 [34.3 kB]
2025-11-12T20:18:04.9538703Z Get:10 http://azure.archive.ubuntu.com/ubuntu noble/main amd64 gir1.2-harfbuzz-0.0 amd64 8.3.0-2build2 [44.5 kB]
2025-11-12T20:18:04.9853768Z Get:11 http://azure.archive.ubuntu.com/ubuntu noble/main amd64 libpangoxft-1.0-0 amd64 1.52.1+ds-1build1 [20.3 kB]
2025-11-12T20:18:05.0144473Z Get:12 http://azure.archive.ubuntu.com/ubuntu noble/main amd64 gir1.2-pango-1.0 amd64 1.52.1+ds-1build1 [34.8 kB]
2025-11-12T20:18:05.0438966Z Get:13 http://azure.archive.ubuntu.com/ubuntu noble-updates/main amd64 gir1.2-gtk-3.0 amd64 3.24.41-4ubuntu1.3 [245 kB]
2025-11-12T20:18:05.0750430Z Get:14 http://azure.archive.ubuntu.com/ubuntu noble/main amd64 libayatana-ido3-0.4-0 amd64 0.10.1-1build2 [56.6 kB]
2025-11-12T20:18:05.1048304Z Get:15 http://azure.archive.ubuntu.com/ubuntu noble/main amd64 libayatana-indicator3-7 amd64 0.9.4-1build1 [31.7 kB]
2025-11-12T20:18:05.1340974Z Get:16 http://azure.archive.ubuntu.com/ubuntu noble/main amd64 libayatana-appindicator3-1 amd64 0.5.93-1build3 [24.7 kB]
2025-11-12T20:18:05.1631013Z Get:17 http://azure.archive.ubuntu.com/ubuntu noble/main amd64 gir1.2-ayatanaappindicator3-0.1 amd64 0.5.93-1build3 [5838 B]
2025-11-12T20:18:05.1918284Z Get:18 http://azure.archive.ubuntu.com/ubuntu noble/main amd64 gir1.2-ayatanaido3-0.4 amd64 0.10.1-1build2 [6410 B]
2025-11-12T20:18:05.2655309Z Get:19 http://azure.archive.ubuntu.com/ubuntu noble/main amd64 gir1.2-dbusmenu-glib-0.4 amd64 18.10.20180917~bzr492+repack1-3.1ubuntu5 [7088 B]
2025-11-12T20:18:05.2948426Z Get:20 http://azure.archive.ubuntu.com/ubuntu noble-updates/main amd64 gir1.2-glib-2.0-dev amd64 2.80.0-6ubuntu3.4 [848 kB]
2025-11-12T20:18:05.3351147Z Get:21 http://azure.archive.ubuntu.com/ubuntu noble/main amd64 gir1.2-freedesktop-dev amd64 1.80.1-1 [28.8 kB]
2025-11-12T20:18:05.3651730Z Get:22 http://azure.archive.ubuntu.com/ubuntu noble/main amd64 gir1.2-girepository-2.0-dev amd64 1.80.1-1 [41.5 kB]
2025-11-12T20:18:05.3952770Z Get:23 http://azure.archive.ubuntu.com/ubuntu noble-updates/main amd64 libjavascriptcoregtk-4.1-0 amd64 2.48.7-0ubuntu0.24.04.2 [8954 kB]
2025-11-12T20:18:05.5134374Z Get:24 http://azure.archive.ubuntu.com/ubuntu noble-updates/main amd64 gir1.2-javascriptcoregtk-4.1 amd64 2.48.7-0ubuntu0.24.04.2 [38.4 kB]
2025-11-12T20:18:05.5467160Z Get:25 http://azure.archive.ubuntu.com/ubuntu noble/main amd64 librsvg2-2 amd64 2.58.0+dfsg-1build1 [2135 kB]
2025-11-12T20:18:05.6012963Z Get:26 http://azure.archive.ubuntu.com/ubuntu noble/main amd64 gir1.2-rsvg-2.0 amd64 2.58.0+dfsg-1build1 [11.1 kB]
2025-11-12T20:18:05.6377477Z Get:27 http://azure.archive.ubuntu.com/ubuntu noble/main amd64 libproxy1v5 amd64 0.5.4-4build1 [26.5 kB]
2025-11-12T20:18:05.6740731Z Get:28 http://azure.archive.ubuntu.com/ubuntu noble/main amd64 glib-networking-common all 2.80.0-1build1 [6702 B]
2025-11-12T20:18:05.7096995Z Get:29 http://azure.archive.ubuntu.com/ubuntu noble/main amd64 glib-networking-services amd64 2.80.0-1build1 [12.8 kB]
2025-11-12T20:18:05.7458067Z Get:30 http://azure.archive.ubuntu.com/ubuntu noble/main amd64 session-migration amd64 0.3.9build1 [9034 B]
2025-11-12T20:18:05.8290921Z Get:31 http://azure.archive.ubuntu.com/ubuntu noble-updates/main amd64 gsettings-desktop-schemas all 46.1-0ubuntu1 [35.6 kB]
2025-11-12T20:18:05.9308009Z Get:32 http://azure.archive.ubuntu.com/ubuntu noble/main amd64 glib-networking amd64 2.80.0-1build1 [64.1 kB]
2025-11-12T20:18:06.0226389Z Get:33 http://azure.archive.ubuntu.com/ubuntu noble-updates/main amd64 libsoup-3.0-common all 3.4.4-5ubuntu0.5 [11.3 kB]
2025-11-12T20:18:06.0580991Z Get:34 http://azure.archive.ubuntu.com/ubuntu noble-updates/main amd64 libsoup-3.0-0 amd64 3.4.4-5ubuntu0.5 [291 kB]
2025-11-12T20:18:06.0968223Z Get:35 http://azure.archive.ubuntu.com/ubuntu noble-updates/main amd64 gir1.2-soup-3.0 amd64 3.4.4-5ubuntu0.5 [22.5 kB]
2025-11-12T20:18:06.1322436Z Get:36 http://azure.archive.ubuntu.com/ubuntu noble/main amd64 libcdparanoia0 amd64 3.10.2+debian-14build3 [48.5 kB]
2025-11-12T20:18:06.2121615Z Get:37 http://azure.archive.ubuntu.com/ubuntu noble-updates/main amd64 liborc-0.4-0t64 amd64 1:0.4.38-1ubuntu0.1 [207 kB]
2025-11-12T20:18:06.2496435Z Get:38 http://azure.archive.ubuntu.com/ubuntu noble-updates/main amd64 libgstreamer-plugins-base1.0-0 amd64 1.24.2-1ubuntu0.3 [862 kB]
2025-11-12T20:18:06.3169225Z Get:39 http://azure.archive.ubuntu.com/ubuntu noble/main amd64 libopus0 amd64 1.4-1build1 [208 kB]
2025-11-12T20:18:06.3619484Z Get:40 http://azure.archive.ubuntu.com/ubuntu noble/main amd64 libtheora0 amd64 1.1.1+dfsg.1-16.1build3 [211 kB]
2025-11-12T20:18:06.4092196Z Get:41 http://azure.archive.ubuntu.com/ubuntu noble/main amd64 libvisual-0.4-0 amd64 0.4.2-2build1 [115 kB]
2025-11-12T20:18:06.4510942Z Get:42 http://azure.archive.ubuntu.com/ubuntu noble/main amd64 libvorbisenc2 amd64 1.3.7-1build3 [80.8 kB]
2025-11-12T20:18:06.4924736Z Get:43 http://azure.archive.ubuntu.com/ubuntu noble-updates/main amd64 gstreamer1.0-plugins-base amd64 1.24.2-1ubuntu0.3 [721 kB]
2025-11-12T20:18:06.5456632Z Get:44 http://azure.archive.ubuntu.com/ubuntu noble/main amd64 libaa1 amd64 1.4p5-51.1 [49.9 kB]
2025-11-12T20:18:06.5776101Z Get:45 http://azure.archive.ubuntu.com/ubuntu noble/main amd64 libraw1394-11 amd64 2.1.2-2build3 [26.2 kB]
2025-11-12T20:18:06.6095232Z Get:46 http://azure.archive.ubuntu.com/ubuntu noble/main amd64 libavc1394-0 amd64 0.5.4-5build3 [15.4 kB]
2025-11-12T20:18:06.6395583Z Get:47 http://azure.archive.ubuntu.com/ubuntu noble/main amd64 libcaca0 amd64 0.99.beta20-4build2 [208 kB]
2025-11-12T20:18:06.6821245Z Get:48 http://azure.archive.ubuntu.com/ubuntu noble/main amd64 libdv4t64 amd64 1.0.0-17.1build1 [63.2 kB]
2025-11-12T20:18:06.7187705Z Get:49 http://azure.archive.ubuntu.com/ubuntu noble/main amd64 libflac12t64 amd64 1.4.3+ds-2.1ubuntu2 [197 kB]
2025-11-12T20:18:06.7556440Z Get:50 http://azure.archive.ubuntu.com/ubuntu noble-updates/main amd64 libgstreamer-plugins-good1.0-0 amd64 1.24.2-1ubuntu1.2 [33.0 kB]
2025-11-12T20:18:06.7942759Z Get:51 http://azure.archive.ubuntu.com/ubuntu noble/main amd64 libiec61883-0 amd64 1.2.0-6build1 [24.5 kB]
2025-11-12T20:18:06.8301603Z Get:52 http://azure.archive.ubuntu.com/ubuntu noble/main amd64 libmp3lame0 amd64 3.100-6build1 [142 kB]
2025-11-12T20:18:06.8667805Z Get:53 http://azure.archive.ubuntu.com/ubuntu noble-updates/main amd64 libmpg123-0t64 amd64 1.32.5-1ubuntu1.1 [169 kB]
2025-11-12T20:18:06.9044325Z Get:54 http://azure.archive.ubuntu.com/ubuntu noble/main amd64 libasyncns0 amd64 0.8-6build4 [11.3 kB]
2025-11-12T20:18:06.9410640Z Get:55 http://azure.archive.ubuntu.com/ubuntu noble-updates/main amd64 libsndfile1 amd64 1.2.2-1ubuntu5.24.04.1 [209 kB]
2025-11-12T20:18:07.0198061Z Get:56 http://azure.archive.ubuntu.com/ubuntu noble-updates/main amd64 libpulse0 amd64 1:16.1+dfsg1-2ubuntu10.1 [292 kB]
2025-11-12T20:18:07.0666210Z Get:57 http://azure.archive.ubuntu.com/ubuntu noble-updates/main amd64 libspeex1 amd64 1.2.1-2ubuntu2.24.04.1 [59.6 kB]
2025-11-12T20:18:07.1098526Z Get:58 http://azure.archive.ubuntu.com/ubuntu noble/main amd64 libshout3 amd64 2.4.6-1build2 [50.3 kB]
2025-11-12T20:18:07.1531076Z Get:59 http://azure.archive.ubuntu.com/ubuntu noble/main amd64 libtag1v5-vanilla amd64 1.13.1-1build1 [326 kB]
2025-11-12T20:18:07.2017171Z Get:60 http://azure.archive.ubuntu.com/ubuntu noble/main amd64 libtag1v5 amd64 1.13.1-1build1 [11.7 kB]
2025-11-12T20:18:07.2439982Z Get:61 http://azure.archive.ubuntu.com/ubuntu noble/main amd64 libtwolame0 amd64 0.4.0-2build3 [52.3 kB]
2025-11-12T20:18:07.2872828Z Get:62 http://azure.archive.ubuntu.com/ubuntu noble/main amd64 libv4lconvert0t64 amd64 1.26.1-4build3 [87.6 kB]
2025-11-12T20:18:07.3344429Z Get:63 http://azure.archive.ubuntu.com/ubuntu noble/main amd64 libv4l-0t64 amd64 1.26.1-4build3 [46.9 kB]
2025-11-12T20:18:07.3707785Z Get:64 http://azure.archive.ubuntu.com/ubuntu noble-updates/main amd64 libvpx9 amd64 1.14.0-1ubuntu2.2 [1143 kB]
2025-11-12T20:18:07.4138903Z Get:65 http://azure.archive.ubuntu.com/ubuntu noble/main amd64 libwavpack1 amd64 5.6.0-1build1 [84.6 kB]
2025-11-12T20:18:07.4609092Z Get:66 http://azure.archive.ubuntu.com/ubuntu noble-updates/main amd64 gstreamer1.0-plugins-good amd64 1.24.2-1ubuntu1.2 [2238 kB]
2025-11-12T20:18:07.5302244Z Get:67 http://azure.archive.ubuntu.com/ubuntu noble/main amd64 libgles2 amd64 1.7.0-1build1 [17.1 kB]
2025-11-12T20:18:07.5600286Z Get:68 http://azure.archive.ubuntu.com/ubuntu noble/main amd64 xdg-dbus-proxy amd64 0.1.5-1build2 [25.9 kB]
2025-11-12T20:18:07.5896106Z Get:69 http://azure.archive.ubuntu.com/ubuntu noble-updates/main amd64 libegl-mesa0 amd64 25.0.7-0ubuntu0.24.04.2 [124 kB]
2025-11-12T20:18:07.6214551Z Get:70 http://azure.archive.ubuntu.com/ubuntu noble/main amd64 libegl1 amd64 1.7.0-1build1 [28.7 kB]
2025-11-12T20:18:07.6588302Z Get:71 http://azure.archive.ubuntu.com/ubuntu noble-updates/main amd64 libgstreamer-gl1.0-0 amd64 1.24.2-1ubuntu0.3 [214 kB]
2025-11-12T20:18:07.6963531Z Get:72 http://azure.archive.ubuntu.com/ubuntu noble/main amd64 libharfbuzz-icu0 amd64 8.3.0-2build2 [13.3 kB]
2025-11-12T20:18:07.7331284Z Get:73 http://azure.archive.ubuntu.com/ubuntu noble/main amd64 libhyphen0 amd64 2.8.8-7build3 [26.5 kB]
2025-11-12T20:18:07.7633432Z Get:74 http://azure.archive.ubuntu.com/ubuntu noble/main amd64 libmanette-0.2-0 amd64 0.2.7-1build2 [30.6 kB]
2025-11-12T20:18:07.8961075Z Get:75 http://azure.archive.ubuntu.com/ubuntu noble/main amd64 libsecret-common all 0.21.4-1build3 [4962 B]
2025-11-12T20:18:07.9382295Z Get:76 http://azure.archive.ubuntu.com/ubuntu noble/main amd64 libsecret-1-0 amd64 0.21.4-1build3 [116 kB]
2025-11-12T20:18:07.9824100Z Get:77 http://azure.archive.ubuntu.com/ubuntu noble/main amd64 libwoff1 amd64 1.0.2-2build1 [45.3 kB]
2025-11-12T20:18:08.0265703Z Get:78 http://azure.archive.ubuntu.com/ubuntu noble-updates/main amd64 libwebkit2gtk-4.1-0 amd64 2.48.7-0ubuntu0.24.04.2 [26.8 MB]
2025-11-12T20:18:08.7183406Z Get:79 http://azure.archive.ubuntu.com/ubuntu noble-updates/main amd64 gir1.2-webkit2-4.1 amd64 2.48.7-0ubuntu0.24.04.2 [105 kB]
2025-11-12T20:18:08.7625554Z Get:80 http://azure.archive.ubuntu.com/ubuntu noble/main amd64 python3-mako all 1.3.2-1 [63.3 kB]
2025-11-12T20:18:08.8059823Z Get:81 http://azure.archive.ubuntu.com/ubuntu noble/main amd64 python3-markdown all 3.5.2-1 [72.0 kB]
2025-11-12T20:18:08.8491226Z Get:82 http://azure.archive.ubuntu.com/ubuntu noble/main amd64 gobject-introspection-bin amd64 1.80.1-1 [254 kB]
2025-11-12T20:18:08.8951080Z Get:83 http://azure.archive.ubuntu.com/ubuntu noble-updates/main amd64 libglib2.0-dev-bin amd64 2.80.0-6ubuntu3.4 [138 kB]
2025-11-12T20:18:08.9358264Z Get:84 http://azure.archive.ubuntu.com/ubuntu noble-updates/main amd64 uuid-dev amd64 2.39.3-9ubuntu6.3 [33.5 kB]
2025-11-12T20:18:08.9745352Z Get:85 http://azure.archive.ubuntu.com/ubuntu noble-updates/main amd64 libblkid-dev amd64 2.39.3-9ubuntu6.3 [204 kB]
2025-11-12T20:18:09.0164531Z Get:86 http://azure.archive.ubuntu.com/ubuntu noble/main amd64 libsepol-dev amd64 3.5-2build1 [384 kB]
2025-11-12T20:18:09.0635430Z Get:87 http://azure.archive.ubuntu.com/ubuntu noble-updates/main amd64 libselinux1-dev amd64 3.5-2ubuntu2.1 [164 kB]
2025-11-12T20:18:09.1027153Z Get:88 http://azure.archive.ubuntu.com/ubuntu noble-updates/main amd64 libmount-dev amd64 2.39.3-9ubuntu6.3 [14.9 kB]
2025-11-12T20:18:09.1381677Z Get:89 http://azure.archive.ubuntu.com/ubuntu noble-updates/main amd64 libgirepository-2.0-0 amd64 2.80.0-6ubuntu3.4 [73.6 kB]
2025-11-12T20:18:09.1742942Z Get:90 http://azure.archive.ubuntu.com/ubuntu noble-updates/main amd64 libglib2.0-dev amd64 2.80.0-6ubuntu3.4 [1860 kB]
2025-11-12T20:18:09.2460588Z Get:91 http://azure.archive.ubuntu.com/ubuntu noble/main amd64 gobject-introspection amd64 1.80.1-1 [105 kB]
2025-11-12T20:18:09.2824283Z Get:92 http://azure.archive.ubuntu.com/ubuntu noble/main amd64 libgraphene-1.0-0 amd64 1.10.8-3build2 [46.2 kB]
2025-11-12T20:18:09.3637855Z Get:93 http://azure.archive.ubuntu.com/ubuntu noble-updates/main amd64 gstreamer1.0-gl amd64 1.24.2-1ubuntu0.3 [116 kB]
2025-11-12T20:18:09.4017460Z Get:94 http://azure.archive.ubuntu.com/ubuntu noble/main amd64 libxv1 amd64 2:1.0.11-1.1build1 [10.7 kB]
2025-11-12T20:18:09.4401297Z Get:95 http://azure.archive.ubuntu.com/ubuntu noble-updates/main amd64 gstreamer1.0-x amd64 1.24.2-1ubuntu0.3 [85.1 kB]
2025-11-12T20:18:09.4776978Z Get:96 http://azure.archive.ubuntu.com/ubuntu noble/main amd64 libatk1.0-dev amd64 2.52.0-1build1 [100 kB]
2025-11-12T20:18:09.5142646Z Get:97 http://azure.archive.ubuntu.com/ubuntu noble-updates/main amd64 libdbus-1-dev amd64 1.14.10-4ubuntu4.1 [190 kB]
2025-11-12T20:18:09.5528455Z Get:98 http://azure.archive.ubuntu.com/ubuntu noble/main amd64 xorg-sgml-doctools all 1:1.11-1.1 [10.9 kB]
2025-11-12T20:18:09.5885251Z Get:99 http://azure.archive.ubuntu.com/ubuntu noble/main amd64 x11proto-dev all 2023.2-1 [602 kB]
2025-11-12T20:18:09.6324388Z Get:100 http://azure.archive.ubuntu.com/ubuntu noble/main amd64 libxau-dev amd64 1:1.0.9-1build6 [9570 B]
2025-11-12T20:18:09.6681244Z Get:101 http://azure.archive.ubuntu.com/ubuntu noble/main amd64 libxdmcp-dev amd64 1:1.1.3-0ubuntu6 [26.5 kB]
2025-11-12T20:18:09.7059655Z Get:102 http://azure.archive.ubuntu.com/ubuntu noble/main amd64 xtrans-dev all 1.4.0-1 [68.9 kB]
2025-11-12T20:18:09.7378273Z Get:103 http://azure.archive.ubuntu.com/ubuntu noble/main amd64 libpthread-stubs0-dev amd64 0.4-1build3 [4746 B]
2025-11-12T20:18:09.7674314Z Get:104 http://azure.archive.ubuntu.com/ubuntu noble/main amd64 libxcb1-dev amd64 1.15-1ubuntu2 [85.8 kB]
2025-11-12T20:18:09.7978674Z Get:105 http://azure.archive.ubuntu.com/ubuntu noble/main amd64 libx11-dev amd64 2:1.8.7-1build1 [732 kB]
2025-11-12T20:18:09.8582426Z Get:106 http://azure.archive.ubuntu.com/ubuntu noble/main amd64 libxext-dev amd64 2:1.3.4-1build2 [83.5 kB]
2025-11-12T20:18:09.8881917Z Get:107 http://azure.archive.ubuntu.com/ubuntu noble/main amd64 libxfixes-dev amd64 1:6.0.0-2build1 [12.1 kB]
2025-11-12T20:18:09.9173657Z Get:108 http://azure.archive.ubuntu.com/ubuntu noble/main amd64 libxi-dev amd64 2:1.8.1-1build1 [194 kB]
2025-11-12T20:18:09.9522597Z Get:109 http://azure.archive.ubuntu.com/ubuntu noble/main amd64 libxtst-dev amd64 2:1.2.3-1.1build1 [15.9 kB]
2025-11-12T20:18:09.9827646Z Get:110 http://azure.archive.ubuntu.com/ubuntu noble/main amd64 libatspi2.0-dev amd64 2.52.0-1build1 [76.2 kB]
2025-11-12T20:18:10.0146284Z Get:111 http://azure.archive.ubuntu.com/ubuntu noble/main amd64 libatk-bridge2.0-dev amd64 2.52.0-1build1 [4284 B]
2025-11-12T20:18:10.0453695Z Get:112 http://azure.archive.ubuntu.com/ubuntu noble/main amd64 libcairo-script-interpreter2 amd64 1.18.0-3build1 [60.3 kB]
2025-11-12T20:18:10.0753002Z Get:113 http://azure.archive.ubuntu.com/ubuntu noble/main amd64 libbrotli-dev amd64 1.1.0-2build2 [353 kB]
2025-11-12T20:18:10.1151091Z Get:114 http://azure.archive.ubuntu.com/ubuntu noble-updates/main amd64 libbz2-dev amd64 1.0.8-5.1build0.1 [33.6 kB]
2025-11-12T20:18:10.1984320Z Get:115 http://azure.archive.ubuntu.com/ubuntu noble/main amd64 libpng-dev amd64 1.6.43-5build1 [264 kB]
2025-11-12T20:18:10.2421975Z Get:116 http://azure.archive.ubuntu.com/ubuntu noble/main amd64 libfreetype-dev amd64 2.13.2+dfsg-1build3 [575 kB]
2025-11-12T20:18:10.3019335Z Get:117 http://azure.archive.ubuntu.com/ubuntu noble/main amd64 libfontconfig-dev amd64 2.15.0-1.1ubuntu2 [161 kB]
2025-11-12T20:18:10.3437861Z Get:118 http://azure.archive.ubuntu.com/ubuntu noble/main amd64 libpixman-1-dev amd64 0.42.2-1build1 [296 kB]
2025-11-12T20:18:10.3882341Z Get:119 http://azure.archive.ubuntu.com/ubuntu noble/main amd64 libice-dev amd64 2:1.0.10-1build3 [51.0 kB]
2025-11-12T20:18:10.4268894Z Get:120 http://azure.archive.ubuntu.com/ubuntu noble/main amd64 libsm-dev amd64 2:1.2.3-1build3 [17.8 kB]
2025-11-12T20:18:10.5077420Z Get:121 http://azure.archive.ubuntu.com/ubuntu noble/main amd64 libxcb-render0-dev amd64 1.15-1ubuntu2 [19.6 kB]
2025-11-12T20:18:10.5446291Z Get:122 http://azure.archive.ubuntu.com/ubuntu noble/main amd64 libxcb-shm0-dev amd64 1.15-1ubuntu2 [8246 B]
2025-11-12T20:18:10.5753059Z Get:123 http://azure.archive.ubuntu.com/ubuntu noble/main amd64 libxrender-dev amd64 1:0.9.10-1.1build1 [26.3 kB]
2025-11-12T20:18:10.6050440Z Get:124 http://azure.archive.ubuntu.com/ubuntu noble/main amd64 libcairo2-dev amd64 1.18.0-3build1 [41.1 kB]
2025-11-12T20:18:10.6353740Z Get:125 http://azure.archive.ubuntu.com/ubuntu noble/main amd64 libglx-dev amd64 1.7.0-1build1 [14.2 kB]
2025-11-12T20:18:10.6664426Z Get:126 http://azure.archive.ubuntu.com/ubuntu noble/main amd64 libgl-dev amd64 1.7.0-1build1 [102 kB]
2025-11-12T20:18:10.7014203Z Get:127 http://azure.archive.ubuntu.com/ubuntu noble/main amd64 libegl-dev amd64 1.7.0-1build1 [18.2 kB]
2025-11-12T20:18:10.7310584Z Get:128 http://azure.archive.ubuntu.com/ubuntu noble/main amd64 libglvnd-core-dev amd64 1.7.0-1build1 [13.6 kB]
2025-11-12T20:18:10.7606616Z Get:129 http://azure.archive.ubuntu.com/ubuntu noble/main amd64 libgles1 amd64 1.7.0-1build1 [11.6 kB]
2025-11-12T20:18:10.7898563Z Get:130 http://azure.archive.ubuntu.com/ubuntu noble/main amd64 libgles-dev amd64 1.7.0-1build1 [50.5 kB]
2025-11-12T20:18:10.8343650Z Get:131 http://azure.archive.ubuntu.com/ubuntu noble/main amd64 libopengl0 amd64 1.7.0-1build1 [32.8 kB]
2025-11-12T20:18:10.8787222Z Get:132 http://azure.archive.ubuntu.com/ubuntu noble/main amd64 libopengl-dev amd64 1.7.0-1build1 [3454 B]
2025-11-12T20:18:10.9213076Z Get:133 http://azure.archive.ubuntu.com/ubuntu noble/main amd64 libglvnd-dev amd64 1.7.0-1build1 [3198 B]
2025-11-12T20:18:10.9506389Z Get:134 http://azure.archive.ubuntu.com/ubuntu noble-updates/main amd64 libegl1-mesa-dev amd64 25.0.7-0ubuntu0.24.04.2 [25.0 kB]
2025-11-12T20:18:10.9889866Z Get:135 http://azure.archive.ubuntu.com/ubuntu noble/main amd64 libepoxy-dev amd64 1.5.10-1build1 [132 kB]
2025-11-12T20:18:11.0257094Z Get:136 http://azure.archive.ubuntu.com/ubuntu noble/main amd64 libfribidi-dev amd64 1.0.13-3build1 [64.8 kB]
2025-11-12T20:18:11.0557517Z Get:137 http://azure.archive.ubuntu.com/ubuntu noble-updates/main amd64 libgdk-pixbuf2.0-bin amd64 2.42.10+dfsg-3ubuntu3.2 [13.9 kB]
2025-11-12T20:18:11.0853216Z Get:138 http://azure.archive.ubuntu.com/ubuntu noble/main amd64 libjpeg-turbo8-dev amd64 2.1.5-2ubuntu2 [295 kB]
2025-11-12T20:18:11.1256670Z Get:139 http://azure.archive.ubuntu.com/ubuntu noble/main amd64 libjpeg8-dev amd64 8c-2ubuntu11 [1484 B]
2025-11-12T20:18:11.1965673Z Get:140 http://azure.archive.ubuntu.com/ubuntu noble/main amd64 libjpeg-dev amd64 8c-2ubuntu11 [1482 B]
2025-11-12T20:18:11.2387831Z Get:141 http://azure.archive.ubuntu.com/ubuntu noble/main amd64 libjbig-dev amd64 2.1-6.1ubuntu2 [27.9 kB]
2025-11-12T20:18:11.2815738Z Get:142 http://azure.archive.ubuntu.com/ubuntu noble-updates/main amd64 liblzma-dev amd64 5.6.1+really5.4.5-1ubuntu0.2 [176 kB]
2025-11-12T20:18:11.3277730Z Get:143 http://azure.archive.ubuntu.com/ubuntu noble/main amd64 libwebpdecoder3 amd64 1.3.2-0.4build3 [114 kB]
2025-11-12T20:18:11.3612718Z Get:144 http://azure.archive.ubuntu.com/ubuntu noble/main amd64 libsharpyuv-dev amd64 1.3.2-0.4build3 [16.0 kB]
2025-11-12T20:18:11.3903396Z Get:145 http://azure.archive.ubuntu.com/ubuntu noble/main amd64 libwebp-dev amd64 1.3.2-0.4build3 [367 kB]
2025-11-12T20:18:11.4363811Z Get:146 http://azure.archive.ubuntu.com/ubuntu noble-updates/main amd64 libtiffxx6 amd64 4.5.1+git230720-4ubuntu2.4 [5648 B]
2025-11-12T20:18:11.4682577Z Get:147 http://azure.archive.ubuntu.com/ubuntu noble-updates/main amd64 libdeflate-dev amd64 1.19-1build1.1 [50.9 kB]
2025-11-12T20:18:11.4996938Z Get:148 http://azure.archive.ubuntu.com/ubuntu noble/main amd64 liblerc-dev amd64 4.0.0+ds-4ubuntu2 [182 kB]
2025-11-12T20:18:11.5328834Z Get:149 http://azure.archive.ubuntu.com/ubuntu noble-updates/main amd64 libtiff-dev amd64 4.5.1+git230720-4ubuntu2.4 [338 kB]
2025-11-12T20:18:11.5937603Z Get:150 http://azure.archive.ubuntu.com/ubuntu noble-updates/main amd64 libgdk-pixbuf-2.0-dev amd64 2.42.10+dfsg-3ubuntu3.2 [48.0 kB]
2025-11-12T20:18:11.6254073Z Get:151 http://azure.archive.ubuntu.com/ubuntu noble/main amd64 libharfbuzz-subset0 amd64 8.3.0-2build2 [448 kB]
2025-11-12T20:18:11.6790929Z Get:152 http://azure.archive.ubuntu.com/ubuntu noble/main amd64 libharfbuzz-cairo0 amd64 8.3.0-2build2 [26.2 kB]
2025-11-12T20:18:11.7162148Z Get:153 http://azure.archive.ubuntu.com/ubuntu noble/main amd64 libgraphite2-dev amd64 1.3.14-2build1 [14.7 kB]
2025-11-12T20:18:11.7459900Z Get:154 http://azure.archive.ubuntu.com/ubuntu noble/main amd64 libharfbuzz-dev amd64 8.3.0-2build2 [142 kB]
2025-11-12T20:18:11.7800302Z Get:155 http://azure.archive.ubuntu.com/ubuntu noble/main amd64 libdatrie-dev amd64 0.2.13-3build1 [19.4 kB]
2025-11-12T20:18:11.8158035Z Get:156 http://azure.archive.ubuntu.com/ubuntu noble/main amd64 libthai-dev amd64 0.1.29-2build1 [26.6 kB]
2025-11-12T20:18:11.8457819Z Get:157 http://azure.archive.ubuntu.com/ubuntu noble/main amd64 libxft-dev amd64 2.3.6-1build1 [64.3 kB]
2025-11-12T20:18:11.8767110Z Get:158 http://azure.archive.ubuntu.com/ubuntu noble/main amd64 pango1.0-tools amd64 1.52.1+ds-1build1 [36.7 kB]
2025-11-12T20:18:11.9489390Z Get:159 http://azure.archive.ubuntu.com/ubuntu noble/main amd64 libpango1.0-dev amd64 1.52.1+ds-1build1 [147 kB]
2025-11-12T20:18:11.9812124Z Get:160 http://azure.archive.ubuntu.com/ubuntu noble/main amd64 libwayland-bin amd64 1.22.0-2.1build1 [20.6 kB]
2025-11-12T20:18:12.0182339Z Get:161 http://azure.archive.ubuntu.com/ubuntu noble/main amd64 libwayland-dev amd64 1.22.0-2.1build1 [71.3 kB]
2025-11-12T20:18:12.0671868Z Get:162 http://azure.archive.ubuntu.com/ubuntu noble/main amd64 libxcomposite-dev amd64 1:0.4.5-1build3 [9374 B]
2025-11-12T20:18:12.0965028Z Get:163 http://azure.archive.ubuntu.com/ubuntu noble/main amd64 libxcursor-dev amd64 1:1.2.1-1build1 [31.8 kB]
2025-11-12T20:18:12.1407792Z Get:164 http://azure.archive.ubuntu.com/ubuntu noble/main amd64 libxdamage-dev amd64 1:1.1.6-1build1 [5270 B]
2025-11-12T20:18:12.1831512Z Get:165 http://azure.archive.ubuntu.com/ubuntu noble/main amd64 libxinerama-dev amd64 2:1.1.4-3build1 [7988 B]
2025-11-12T20:18:12.2254600Z Get:166 http://azure.archive.ubuntu.com/ubuntu noble/main amd64 libxkbcommon-dev amd64 1.6.0-1build1 [56.3 kB]
2025-11-12T20:18:12.2691527Z Get:167 http://azure.archive.ubuntu.com/ubuntu noble/main amd64 libxrandr-dev amd64 2:1.5.2-2build1 [26.4 kB]
2025-11-12T20:18:12.3118923Z Get:168 http://azure.archive.ubuntu.com/ubuntu noble-updates/main amd64 wayland-protocols all 1.38-1~ubuntu0.24.04.1 [93.0 kB]
2025-11-12T20:18:12.3430358Z Get:169 http://azure.archive.ubuntu.com/ubuntu noble-updates/main amd64 libgtk-3-dev amd64 3.24.41-4ubuntu1.3 [1096 kB]
2025-11-12T20:18:12.4111138Z Get:170 http://azure.archive.ubuntu.com/ubuntu noble/main amd64 libayatana-ido3-dev amd64 0.10.1-1build2 [14.2 kB]
2025-11-12T20:18:12.4406397Z Get:171 http://azure.archive.ubuntu.com/ubuntu noble/main amd64 libayatana-indicator3-dev amd64 0.9.4-1build1 [6956 B]
2025-11-12T20:18:12.4694535Z Get:172 http://azure.archive.ubuntu.com/ubuntu noble/main amd64 libdbusmenu-glib-dev amd64 18.10.20180917~bzr492+repack1-3.1ubuntu5 [70.6 kB]
2025-11-12T20:18:12.5007116Z Get:173 http://azure.archive.ubuntu.com/ubuntu noble/main amd64 libayatana-appindicator3-dev amd64 0.5.93-1build3 [14.9 kB]
2025-11-12T20:18:12.5322080Z Get:174 http://azure.archive.ubuntu.com/ubuntu noble/main amd64 libgirepository-1.0-dev amd64 1.80.1-1 [28.5 kB]
2025-11-12T20:18:12.5700712Z Get:175 http://azure.archive.ubuntu.com/ubuntu noble/main amd64 libgirepository1.0-dev amd64 1.80.1-1 [17.0 kB]
2025-11-12T20:18:12.6551876Z Get:176 http://azure.archive.ubuntu.com/ubuntu noble-updates/universe amd64 libjavascriptcoregtk-4.1-dev amd64 2.48.7-0ubuntu0.24.04.2 [69.6 kB]
2025-11-12T20:18:12.7017099Z Get:177 http://azure.archive.ubuntu.com/ubuntu noble-updates/main amd64 libnghttp2-dev amd64 1.59.0-1ubuntu0.2 [116 kB]
2025-11-12T20:18:12.7369963Z Get:178 http://azure.archive.ubuntu.com/ubuntu noble/main amd64 libwebrtc-audio-processing1 amd64 0.3.1-0ubuntu6 [290 kB]
2025-11-12T20:18:12.7792317Z Get:179 http://azure.archive.ubuntu.com/ubuntu noble-updates/main amd64 libspa-0.2-modules amd64 1.0.5-1ubuntu3.1 [626 kB]
2025-11-12T20:18:12.8355013Z Get:180 http://azure.archive.ubuntu.com/ubuntu noble-updates/main amd64 libpipewire-0.3-0t64 amd64 1.0.5-1ubuntu3.1 [252 kB]
2025-11-12T20:18:12.8923465Z Get:181 http://azure.archive.ubuntu.com/ubuntu noble-updates/main amd64 libpipewire-0.3-common all 1.0.5-1ubuntu3.1 [18.9 kB]
2025-11-12T20:18:12.9363792Z Get:182 http://azure.archive.ubuntu.com/ubuntu noble/main amd64 libpng-tools amd64 1.6.43-5build1 [28.5 kB]
2025-11-12T20:18:12.9731451Z Get:183 http://azure.archive.ubuntu.com/ubuntu noble/main amd64 libpsl-dev amd64 0.21.2-1.1build1 [76.4 kB]
2025-11-12T20:18:13.0081084Z Get:184 http://azure.archive.ubuntu.com/ubuntu noble/main amd64 librsvg2-common amd64 2.58.0+dfsg-1build1 [11.8 kB]
2025-11-12T20:18:13.0382746Z Get:185 http://azure.archive.ubuntu.com/ubuntu noble/universe amd64 librsvg2-dev amd64 2.58.0+dfsg-1build1 [38.0 kB]
2025-11-12T20:18:13.0684917Z Get:186 http://azure.archive.ubuntu.com/ubuntu noble/universe amd64 libsysprof-capture-4-dev amd64 46.0-1build1 [51.0 kB]
2025-11-12T20:18:13.1006516Z Get:187 http://azure.archive.ubuntu.com/ubuntu noble-updates/universe amd64 libsoup-3.0-dev amd64 3.4.4-5ubuntu0.5 [105 kB]
2025-11-12T20:18:13.1397203Z Get:188 http://azure.archive.ubuntu.com/ubuntu noble-updates/universe amd64 libwebkit2gtk-4.1-dev amd64 2.48.7-0ubuntu0.24.04.2 [289 kB]
2025-11-12T20:18:13.1865472Z Get:189 http://azure.archive.ubuntu.com/ubuntu noble-updates/main amd64 xdg-desktop-portal amd64 1.18.4-1ubuntu2.24.04.1 [298 kB]
2025-11-12T20:18:13.2294004Z Get:190 http://azure.archive.ubuntu.com/ubuntu noble/main amd64 xdg-desktop-portal-gtk amd64 1.15.1-1build2 [80.3 kB]
2025-11-12T20:18:13.6704709Z Fetched 63.9 MB in 9s (7426 kB/s)
2025-11-12T20:18:13.7006369Z Selecting previously unselected package bubblewrap.
2025-11-12T20:18:13.7306796Z (Reading database ... 
2025-11-12T20:18:13.7307395Z (Reading database ... 5%
2025-11-12T20:18:13.7307887Z (Reading database ... 10%
2025-11-12T20:18:13.7308220Z (Reading database ... 15%
2025-11-12T20:18:13.7308534Z (Reading database ... 20%
2025-11-12T20:18:13.7308829Z (Reading database ... 25%
2025-11-12T20:18:13.7309136Z (Reading database ... 30%
2025-11-12T20:18:13.7309436Z (Reading database ... 35%
2025-11-12T20:18:13.7310010Z (Reading database ... 40%
2025-11-12T20:18:13.7310533Z (Reading database ... 45%
2025-11-12T20:18:13.7310843Z (Reading database ... 50%
2025-11-12T20:18:13.7421000Z (Reading database ... 55%
2025-11-12T20:18:13.8731460Z (Reading database ... 60%
2025-11-12T20:18:13.9908784Z (Reading database ... 65%
2025-11-12T20:18:14.0382411Z (Reading database ... 70%
2025-11-12T20:18:14.1447125Z (Reading database ... 75%
2025-11-12T20:18:14.2736514Z (Reading database ... 80%
2025-11-12T20:18:14.3796159Z (Reading database ... 85%
2025-11-12T20:18:14.5165291Z (Reading database ... 90%
2025-11-12T20:18:14.6849937Z (Reading database ... 95%
2025-11-12T20:18:14.6850545Z (Reading database ... 100%
2025-11-12T20:18:14.6851079Z (Reading database ... 215802 files and directories currently installed.)
2025-11-12T20:18:14.6894985Z Preparing to unpack .../000-bubblewrap_0.9.0-1ubuntu0.1_amd64.deb ...
2025-11-12T20:18:14.6923527Z Unpacking bubblewrap (0.9.0-1ubuntu0.1) ...
2025-11-12T20:18:14.7315567Z Selecting previously unselected package build-essential.
2025-11-12T20:18:14.7446883Z Preparing to unpack .../001-build-essential_12.10ubuntu1_amd64.deb ...
2025-11-12T20:18:14.7457593Z Unpacking build-essential (12.10ubuntu1) ...
2025-11-12T20:18:14.7705890Z Selecting previously unselected package bzip2-doc.
2025-11-12T20:18:14.7838185Z Preparing to unpack .../002-bzip2-doc_1.0.8-5.1build0.1_all.deb ...
2025-11-12T20:18:14.7849757Z Unpacking bzip2-doc (1.0.8-5.1build0.1) ...
2025-11-12T20:18:14.8201676Z Selecting previously unselected package gir1.2-atk-1.0:amd64.
2025-11-12T20:18:14.8336130Z Preparing to unpack .../003-gir1.2-atk-1.0_2.52.0-1build1_amd64.deb ...
2025-11-12T20:18:14.8348221Z Unpacking gir1.2-atk-1.0:amd64 (2.52.0-1build1) ...
2025-11-12T20:18:14.8564422Z Selecting previously unselected package gir1.2-freedesktop:amd64.
2025-11-12T20:18:14.8700757Z Preparing to unpack .../004-gir1.2-freedesktop_1.80.1-1_amd64.deb ...
2025-11-12T20:18:14.8711862Z Unpacking gir1.2-freedesktop:amd64 (1.80.1-1) ...
2025-11-12T20:18:14.8956531Z Selecting previously unselected package gir1.2-atspi-2.0:amd64.
2025-11-12T20:18:14.9095094Z Preparing to unpack .../005-gir1.2-atspi-2.0_2.52.0-1build1_amd64.deb ...
2025-11-12T20:18:14.9125865Z Unpacking gir1.2-atspi-2.0:amd64 (2.52.0-1build1) ...
2025-11-12T20:18:14.9350219Z Selecting previously unselected package gir1.2-gdkpixbuf-2.0:amd64.
2025-11-12T20:18:14.9487624Z Preparing to unpack .../006-gir1.2-gdkpixbuf-2.0_2.42.10+dfsg-3ubuntu3.2_amd64.deb ...
2025-11-12T20:18:14.9496904Z Unpacking gir1.2-gdkpixbuf-2.0:amd64 (2.42.10+dfsg-3ubuntu3.2) ...
2025-11-12T20:18:14.9730931Z Selecting previously unselected package libharfbuzz-gobject0:amd64.
2025-11-12T20:18:14.9869954Z Preparing to unpack .../007-libharfbuzz-gobject0_8.3.0-2build2_amd64.deb ...
2025-11-12T20:18:14.9893058Z Unpacking libharfbuzz-gobject0:amd64 (8.3.0-2build2) ...
2025-11-12T20:18:15.0116349Z Selecting previously unselected package gir1.2-harfbuzz-0.0:amd64.
2025-11-12T20:18:15.0254102Z Preparing to unpack .../008-gir1.2-harfbuzz-0.0_8.3.0-2build2_amd64.deb ...
2025-11-12T20:18:15.0266721Z Unpacking gir1.2-harfbuzz-0.0:amd64 (8.3.0-2build2) ...
2025-11-12T20:18:15.0511326Z Selecting previously unselected package libpangoxft-1.0-0:amd64.
2025-11-12T20:18:15.0649957Z Preparing to unpack .../009-libpangoxft-1.0-0_1.52.1+ds-1build1_amd64.deb ...
2025-11-12T20:18:15.0659658Z Unpacking libpangoxft-1.0-0:amd64 (1.52.1+ds-1build1) ...
2025-11-12T20:18:15.0896724Z Selecting previously unselected package gir1.2-pango-1.0:amd64.
2025-11-12T20:18:15.1030775Z Preparing to unpack .../010-gir1.2-pango-1.0_1.52.1+ds-1build1_amd64.deb ...
2025-11-12T20:18:15.1046400Z Unpacking gir1.2-pango-1.0:amd64 (1.52.1+ds-1build1) ...
2025-11-12T20:18:15.1273512Z Selecting previously unselected package gir1.2-gtk-3.0:amd64.
2025-11-12T20:18:15.1407994Z Preparing to unpack .../011-gir1.2-gtk-3.0_3.24.41-4ubuntu1.3_amd64.deb ...
2025-11-12T20:18:15.1419005Z Unpacking gir1.2-gtk-3.0:amd64 (3.24.41-4ubuntu1.3) ...
2025-11-12T20:18:15.1694812Z Selecting previously unselected package libayatana-ido3-0.4-0:amd64.
2025-11-12T20:18:15.1832400Z Preparing to unpack .../012-libayatana-ido3-0.4-0_0.10.1-1build2_amd64.deb ...
2025-11-12T20:18:15.1845429Z Unpacking libayatana-ido3-0.4-0:amd64 (0.10.1-1build2) ...
2025-11-12T20:18:15.2093607Z Selecting previously unselected package libayatana-indicator3-7:amd64.
2025-11-12T20:18:15.2227885Z Preparing to unpack .../013-libayatana-indicator3-7_0.9.4-1build1_amd64.deb ...
2025-11-12T20:18:15.2241234Z Unpacking libayatana-indicator3-7:amd64 (0.9.4-1build1) ...
2025-11-12T20:18:15.2505381Z Selecting previously unselected package libayatana-appindicator3-1.
2025-11-12T20:18:15.2642765Z Preparing to unpack .../014-libayatana-appindicator3-1_0.5.93-1build3_amd64.deb ...
2025-11-12T20:18:15.2656322Z Unpacking libayatana-appindicator3-1 (0.5.93-1build3) ...
2025-11-12T20:18:15.2878178Z Selecting previously unselected package gir1.2-ayatanaappindicator3-0.1.
2025-11-12T20:18:15.3013719Z Preparing to unpack .../015-gir1.2-ayatanaappindicator3-0.1_0.5.93-1build3_amd64.deb ...
2025-11-12T20:18:15.3027212Z Unpacking gir1.2-ayatanaappindicator3-0.1 (0.5.93-1build3) ...
2025-11-12T20:18:15.3244326Z Selecting previously unselected package gir1.2-ayatanaido3-0.4:amd64.
2025-11-12T20:18:15.3381599Z Preparing to unpack .../016-gir1.2-ayatanaido3-0.4_0.10.1-1build2_amd64.deb ...
2025-11-12T20:18:15.3393620Z Unpacking gir1.2-ayatanaido3-0.4:amd64 (0.10.1-1build2) ...
2025-11-12T20:18:15.3624186Z Selecting previously unselected package gir1.2-dbusmenu-glib-0.4:amd64.
2025-11-12T20:18:15.3760501Z Preparing to unpack .../017-gir1.2-dbusmenu-glib-0.4_18.10.20180917~bzr492+repack1-3.1ubuntu5_amd64.deb ...
2025-11-12T20:18:15.3772431Z Unpacking gir1.2-dbusmenu-glib-0.4:amd64 (18.10.20180917~bzr492+repack1-3.1ubuntu5) ...
2025-11-12T20:18:15.3991527Z Selecting previously unselected package gir1.2-glib-2.0-dev:amd64.
2025-11-12T20:18:15.4126398Z Preparing to unpack .../018-gir1.2-glib-2.0-dev_2.80.0-6ubuntu3.4_amd64.deb ...
2025-11-12T20:18:15.4138121Z Unpacking gir1.2-glib-2.0-dev:amd64 (2.80.0-6ubuntu3.4) ...
2025-11-12T20:18:15.4760979Z Selecting previously unselected package gir1.2-freedesktop-dev:amd64.
2025-11-12T20:18:15.4898548Z Preparing to unpack .../019-gir1.2-freedesktop-dev_1.80.1-1_amd64.deb ...
2025-11-12T20:18:15.4909227Z Unpacking gir1.2-freedesktop-dev:amd64 (1.80.1-1) ...
2025-11-12T20:18:15.5149855Z Selecting previously unselected package gir1.2-girepository-2.0-dev:amd64.
2025-11-12T20:18:15.5286030Z Preparing to unpack .../020-gir1.2-girepository-2.0-dev_1.80.1-1_amd64.deb ...
2025-11-12T20:18:15.5299456Z Unpacking gir1.2-girepository-2.0-dev:amd64 (1.80.1-1) ...
2025-11-12T20:18:15.5542672Z Selecting previously unselected package libjavascriptcoregtk-4.1-0:amd64.
2025-11-12T20:18:15.5678456Z Preparing to unpack .../021-libjavascriptcoregtk-4.1-0_2.48.7-0ubuntu0.24.04.2_amd64.deb ...
2025-11-12T20:18:15.5690820Z Unpacking libjavascriptcoregtk-4.1-0:amd64 (2.48.7-0ubuntu0.24.04.2) ...
2025-11-12T20:18:15.7116925Z Selecting previously unselected package gir1.2-javascriptcoregtk-4.1:amd64.
2025-11-12T20:18:15.7250844Z Preparing to unpack .../022-gir1.2-javascriptcoregtk-4.1_2.48.7-0ubuntu0.24.04.2_amd64.deb ...
2025-11-12T20:18:15.7262438Z Unpacking gir1.2-javascriptcoregtk-4.1:amd64 (2.48.7-0ubuntu0.24.04.2) ...
2025-11-12T20:18:15.7515622Z Selecting previously unselected package librsvg2-2:amd64.
2025-11-12T20:18:15.7648792Z Preparing to unpack .../023-librsvg2-2_2.58.0+dfsg-1build1_amd64.deb ...
2025-11-12T20:18:15.7661183Z Unpacking librsvg2-2:amd64 (2.58.0+dfsg-1build1) ...
2025-11-12T20:18:15.8148713Z Selecting previously unselected package gir1.2-rsvg-2.0:amd64.
2025-11-12T20:18:15.8285613Z Preparing to unpack .../024-gir1.2-rsvg-2.0_2.58.0+dfsg-1build1_amd64.deb ...
2025-11-12T20:18:15.8295619Z Unpacking gir1.2-rsvg-2.0:amd64 (2.58.0+dfsg-1build1) ...
2025-11-12T20:18:15.8531888Z Selecting previously unselected package libproxy1v5:amd64.
2025-11-12T20:18:15.8664644Z Preparing to unpack .../025-libproxy1v5_0.5.4-4build1_amd64.deb ...
2025-11-12T20:18:15.8676034Z Unpacking libproxy1v5:amd64 (0.5.4-4build1) ...
2025-11-12T20:18:15.8898892Z Selecting previously unselected package glib-networking-common.
2025-11-12T20:18:15.9034530Z Preparing to unpack .../026-glib-networking-common_2.80.0-1build1_all.deb ...
2025-11-12T20:18:15.9047305Z Unpacking glib-networking-common (2.80.0-1build1) ...
2025-11-12T20:18:15.9262580Z Selecting previously unselected package glib-networking-services.
2025-11-12T20:18:15.9397083Z Preparing to unpack .../027-glib-networking-services_2.80.0-1build1_amd64.deb ...
2025-11-12T20:18:15.9409896Z Unpacking glib-networking-services (2.80.0-1build1) ...
2025-11-12T20:18:15.9649230Z Selecting previously unselected package session-migration.
2025-11-12T20:18:15.9783733Z Preparing to unpack .../028-session-migration_0.3.9build1_amd64.deb ...
2025-11-12T20:18:15.9795142Z Unpacking session-migration (0.3.9build1) ...
2025-11-12T20:18:16.0034686Z Selecting previously unselected package gsettings-desktop-schemas.
2025-11-12T20:18:16.0167114Z Preparing to unpack .../029-gsettings-desktop-schemas_46.1-0ubuntu1_all.deb ...
2025-11-12T20:18:16.0197353Z Unpacking gsettings-desktop-schemas (46.1-0ubuntu1) ...
2025-11-12T20:18:16.0496898Z Selecting previously unselected package glib-networking:amd64.
2025-11-12T20:18:16.0627744Z Preparing to unpack .../030-glib-networking_2.80.0-1build1_amd64.deb ...
2025-11-12T20:18:16.0644506Z Unpacking glib-networking:amd64 (2.80.0-1build1) ...
2025-11-12T20:18:16.0912445Z Selecting previously unselected package libsoup-3.0-common.
2025-11-12T20:18:16.1046438Z Preparing to unpack .../031-libsoup-3.0-common_3.4.4-5ubuntu0.5_all.deb ...
2025-11-12T20:18:16.1056784Z Unpacking libsoup-3.0-common (3.4.4-5ubuntu0.5) ...
2025-11-12T20:18:16.1304353Z Selecting previously unselected package libsoup-3.0-0:amd64.
2025-11-12T20:18:16.1442374Z Preparing to unpack .../032-libsoup-3.0-0_3.4.4-5ubuntu0.5_amd64.deb ...
2025-11-12T20:18:16.1456759Z Unpacking libsoup-3.0-0:amd64 (3.4.4-5ubuntu0.5) ...
2025-11-12T20:18:16.1728908Z Selecting previously unselected package gir1.2-soup-3.0:amd64.
2025-11-12T20:18:16.1866938Z Preparing to unpack .../033-gir1.2-soup-3.0_3.4.4-5ubuntu0.5_amd64.deb ...
2025-11-12T20:18:16.1881484Z Unpacking gir1.2-soup-3.0:amd64 (3.4.4-5ubuntu0.5) ...
2025-11-12T20:18:16.2110703Z Selecting previously unselected package libcdparanoia0:amd64.
2025-11-12T20:18:16.2249283Z Preparing to unpack .../034-libcdparanoia0_3.10.2+debian-14build3_amd64.deb ...
2025-11-12T20:18:16.2260938Z Unpacking libcdparanoia0:amd64 (3.10.2+debian-14build3) ...
2025-11-12T20:18:16.2641416Z Selecting previously unselected package liborc-0.4-0t64:amd64.
2025-11-12T20:18:16.2775489Z Preparing to unpack .../035-liborc-0.4-0t64_1%3a0.4.38-1ubuntu0.1_amd64.deb ...
2025-11-12T20:18:16.2788432Z Unpacking liborc-0.4-0t64:amd64 (1:0.4.38-1ubuntu0.1) ...
2025-11-12T20:18:16.3071674Z Selecting previously unselected package libgstreamer-plugins-base1.0-0:amd64.
2025-11-12T20:18:16.3209161Z Preparing to unpack .../036-libgstreamer-plugins-base1.0-0_1.24.2-1ubuntu0.3_amd64.deb ...
2025-11-12T20:18:16.3220573Z Unpacking libgstreamer-plugins-base1.0-0:amd64 (1.24.2-1ubuntu0.3) ...
2025-11-12T20:18:16.3601168Z Selecting previously unselected package libopus0:amd64.
2025-11-12T20:18:16.3736347Z Preparing to unpack .../037-libopus0_1.4-1build1_amd64.deb ...
2025-11-12T20:18:16.3749003Z Unpacking libopus0:amd64 (1.4-1build1) ...
2025-11-12T20:18:16.4026992Z Selecting previously unselected package libtheora0:amd64.
2025-11-12T20:18:16.4168623Z Preparing to unpack .../038-libtheora0_1.1.1+dfsg.1-16.1build3_amd64.deb ...
2025-11-12T20:18:16.4181440Z Unpacking libtheora0:amd64 (1.1.1+dfsg.1-16.1build3) ...
2025-11-12T20:18:16.4459960Z Selecting previously unselected package libvisual-0.4-0:amd64.
2025-11-12T20:18:16.4596511Z Preparing to unpack .../039-libvisual-0.4-0_0.4.2-2build1_amd64.deb ...
2025-11-12T20:18:16.4608433Z Unpacking libvisual-0.4-0:amd64 (0.4.2-2build1) ...
2025-11-12T20:18:16.4874015Z Selecting previously unselected package libvorbisenc2:amd64.
2025-11-12T20:18:16.5013656Z Preparing to unpack .../040-libvorbisenc2_1.3.7-1build3_amd64.deb ...
2025-11-12T20:18:16.5025245Z Unpacking libvorbisenc2:amd64 (1.3.7-1build3) ...
2025-11-12T20:18:16.5300816Z Selecting previously unselected package gstreamer1.0-plugins-base:amd64.
2025-11-12T20:18:16.5438023Z Preparing to unpack .../041-gstreamer1.0-plugins-base_1.24.2-1ubuntu0.3_amd64.deb ...
2025-11-12T20:18:16.5451898Z Unpacking gstreamer1.0-plugins-base:amd64 (1.24.2-1ubuntu0.3) ...
2025-11-12T20:18:16.5822753Z Selecting previously unselected package libaa1:amd64.
2025-11-12T20:18:16.5958762Z Preparing to unpack .../042-libaa1_1.4p5-51.1_amd64.deb ...
2025-11-12T20:18:16.5970321Z Unpacking libaa1:amd64 (1.4p5-51.1) ...
2025-11-12T20:18:16.6212654Z Selecting previously unselected package libraw1394-11:amd64.
2025-11-12T20:18:16.6349916Z Preparing to unpack .../043-libraw1394-11_2.1.2-2build3_amd64.deb ...
2025-11-12T20:18:16.6363680Z Unpacking libraw1394-11:amd64 (2.1.2-2build3) ...
2025-11-12T20:18:16.6606122Z Selecting previously unselected package libavc1394-0:amd64.
2025-11-12T20:18:16.6742510Z Preparing to unpack .../044-libavc1394-0_0.5.4-5build3_amd64.deb ...
2025-11-12T20:18:16.6754930Z Unpacking libavc1394-0:amd64 (0.5.4-5build3) ...
2025-11-12T20:18:16.6986817Z Selecting previously unselected package libcaca0:amd64.
2025-11-12T20:18:16.7121657Z Preparing to unpack .../045-libcaca0_0.99.beta20-4build2_amd64.deb ...
2025-11-12T20:18:16.7135028Z Unpacking libcaca0:amd64 (0.99.beta20-4build2) ...
2025-11-12T20:18:16.7413688Z Selecting previously unselected package libdv4t64:amd64.
2025-11-12T20:18:16.7546637Z Preparing to unpack .../046-libdv4t64_1.0.0-17.1build1_amd64.deb ...
2025-11-12T20:18:16.7559757Z Unpacking libdv4t64:amd64 (1.0.0-17.1build1) ...
2025-11-12T20:18:16.7814233Z Selecting previously unselected package libflac12t64:amd64.
2025-11-12T20:18:16.7952169Z Preparing to unpack .../047-libflac12t64_1.4.3+ds-2.1ubuntu2_amd64.deb ...
2025-11-12T20:18:16.7965362Z Unpacking libflac12t64:amd64 (1.4.3+ds-2.1ubuntu2) ...
2025-11-12T20:18:16.8237376Z Selecting previously unselected package libgstreamer-plugins-good1.0-0:amd64.
2025-11-12T20:18:16.8373150Z Preparing to unpack .../048-libgstreamer-plugins-good1.0-0_1.24.2-1ubuntu1.2_amd64.deb ...
2025-11-12T20:18:16.8384879Z Unpacking libgstreamer-plugins-good1.0-0:amd64 (1.24.2-1ubuntu1.2) ...
2025-11-12T20:18:16.8634984Z Selecting previously unselected package libiec61883-0:amd64.
2025-11-12T20:18:16.8768685Z Preparing to unpack .../049-libiec61883-0_1.2.0-6build1_amd64.deb ...
2025-11-12T20:18:16.8780548Z Unpacking libiec61883-0:amd64 (1.2.0-6build1) ...
2025-11-12T20:18:16.9010487Z Selecting previously unselected package libmp3lame0:amd64.
2025-11-12T20:18:16.9147386Z Preparing to unpack .../050-libmp3lame0_3.100-6build1_amd64.deb ...
2025-11-12T20:18:16.9161840Z Unpacking libmp3lame0:amd64 (3.100-6build1) ...
2025-11-12T20:18:16.9425189Z Selecting previously unselected package libmpg123-0t64:amd64.
2025-11-12T20:18:16.9560712Z Preparing to unpack .../051-libmpg123-0t64_1.32.5-1ubuntu1.1_amd64.deb ...
2025-11-12T20:18:16.9572462Z Unpacking libmpg123-0t64:amd64 (1.32.5-1ubuntu1.1) ...
2025-11-12T20:18:16.9834894Z Selecting previously unselected package libasyncns0:amd64.
2025-11-12T20:18:16.9968784Z Preparing to unpack .../052-libasyncns0_0.8-6build4_amd64.deb ...
2025-11-12T20:18:16.9980553Z Unpacking libasyncns0:amd64 (0.8-6build4) ...
2025-11-12T20:18:17.0212560Z Selecting previously unselected package libsndfile1:amd64.
2025-11-12T20:18:17.0347552Z Preparing to unpack .../053-libsndfile1_1.2.2-1ubuntu5.24.04.1_amd64.deb ...
2025-11-12T20:18:17.0360351Z Unpacking libsndfile1:amd64 (1.2.2-1ubuntu5.24.04.1) ...
2025-11-12T20:18:17.0656925Z Selecting previously unselected package libpulse0:amd64.
2025-11-12T20:18:17.0796039Z Preparing to unpack .../054-libpulse0_1%3a16.1+dfsg1-2ubuntu10.1_amd64.deb ...
2025-11-12T20:18:17.1040398Z Unpacking libpulse0:amd64 (1:16.1+dfsg1-2ubuntu10.1) ...
2025-11-12T20:18:17.1369911Z Selecting previously unselected package libspeex1:amd64.
2025-11-12T20:18:17.1503828Z Preparing to unpack .../055-libspeex1_1.2.1-2ubuntu2.24.04.1_amd64.deb ...
2025-11-12T20:18:17.1514878Z Unpacking libspeex1:amd64 (1.2.1-2ubuntu2.24.04.1) ...
2025-11-12T20:18:17.1754284Z Selecting previously unselected package libshout3:amd64.
2025-11-12T20:18:17.1888802Z Preparing to unpack .../056-libshout3_2.4.6-1build2_amd64.deb ...
2025-11-12T20:18:17.1901227Z Unpacking libshout3:amd64 (2.4.6-1build2) ...
2025-11-12T20:18:17.2147434Z Selecting previously unselected package libtag1v5-vanilla:amd64.
2025-11-12T20:18:17.2282497Z Preparing to unpack .../057-libtag1v5-vanilla_1.13.1-1build1_amd64.deb ...
2025-11-12T20:18:17.2294330Z Unpacking libtag1v5-vanilla:amd64 (1.13.1-1build1) ...
2025-11-12T20:18:17.2564335Z Selecting previously unselected package libtag1v5:amd64.
2025-11-12T20:18:17.2697734Z Preparing to unpack .../058-libtag1v5_1.13.1-1build1_amd64.deb ...
2025-11-12T20:18:17.2709403Z Unpacking libtag1v5:amd64 (1.13.1-1build1) ...
2025-11-12T20:18:17.2952212Z Selecting previously unselected package libtwolame0:amd64.
2025-11-12T20:18:17.3085738Z Preparing to unpack .../059-libtwolame0_0.4.0-2build3_amd64.deb ...
2025-11-12T20:18:17.3097719Z Unpacking libtwolame0:amd64 (0.4.0-2build3) ...
2025-11-12T20:18:17.3343832Z Selecting previously unselected package libv4lconvert0t64:amd64.
2025-11-12T20:18:17.3477414Z Preparing to unpack .../060-libv4lconvert0t64_1.26.1-4build3_amd64.deb ...
2025-11-12T20:18:17.3490601Z Unpacking libv4lconvert0t64:amd64 (1.26.1-4build3) ...
2025-11-12T20:18:17.3764149Z Selecting previously unselected package libv4l-0t64:amd64.
2025-11-12T20:18:17.3902172Z Preparing to unpack .../061-libv4l-0t64_1.26.1-4build3_amd64.deb ...
2025-11-12T20:18:17.3914965Z Unpacking libv4l-0t64:amd64 (1.26.1-4build3) ...
2025-11-12T20:18:17.4172061Z Selecting previously unselected package libvpx9:amd64.
2025-11-12T20:18:17.4307460Z Preparing to unpack .../062-libvpx9_1.14.0-1ubuntu2.2_amd64.deb ...
2025-11-12T20:18:17.4317156Z Unpacking libvpx9:amd64 (1.14.0-1ubuntu2.2) ...
2025-11-12T20:18:17.4710778Z Selecting previously unselected package libwavpack1:amd64.
2025-11-12T20:18:17.4847340Z Preparing to unpack .../063-libwavpack1_5.6.0-1build1_amd64.deb ...
2025-11-12T20:18:17.4858276Z Unpacking libwavpack1:amd64 (5.6.0-1build1) ...
2025-11-12T20:18:17.5080394Z Selecting previously unselected package gstreamer1.0-plugins-good:amd64.
2025-11-12T20:18:17.5214702Z Preparing to unpack .../064-gstreamer1.0-plugins-good_1.24.2-1ubuntu1.2_amd64.deb ...
2025-11-12T20:18:17.5223141Z Unpacking gstreamer1.0-plugins-good:amd64 (1.24.2-1ubuntu1.2) ...
2025-11-12T20:18:17.5833719Z Selecting previously unselected package libgles2:amd64.
2025-11-12T20:18:17.5967176Z Preparing to unpack .../065-libgles2_1.7.0-1build1_amd64.deb ...
2025-11-12T20:18:17.5977234Z Unpacking libgles2:amd64 (1.7.0-1build1) ...
2025-11-12T20:18:17.6195184Z Selecting previously unselected package xdg-dbus-proxy.
2025-11-12T20:18:17.6332353Z Preparing to unpack .../066-xdg-dbus-proxy_0.1.5-1build2_amd64.deb ...
2025-11-12T20:18:17.6340938Z Unpacking xdg-dbus-proxy (0.1.5-1build2) ...
2025-11-12T20:18:17.6573396Z Selecting previously unselected package libegl-mesa0:amd64.
2025-11-12T20:18:17.6712016Z Preparing to unpack .../067-libegl-mesa0_25.0.7-0ubuntu0.24.04.2_amd64.deb ...
2025-11-12T20:18:17.6722746Z Unpacking libegl-mesa0:amd64 (25.0.7-0ubuntu0.24.04.2) ...
2025-11-12T20:18:17.6979827Z Selecting previously unselected package libegl1:amd64.
2025-11-12T20:18:17.7117821Z Preparing to unpack .../068-libegl1_1.7.0-1build1_amd64.deb ...
2025-11-12T20:18:17.7128376Z Unpacking libegl1:amd64 (1.7.0-1build1) ...
2025-11-12T20:18:17.7367764Z Selecting previously unselected package libgstreamer-gl1.0-0:amd64.
2025-11-12T20:18:17.7504508Z Preparing to unpack .../069-libgstreamer-gl1.0-0_1.24.2-1ubuntu0.3_amd64.deb ...
2025-11-12T20:18:17.7514187Z Unpacking libgstreamer-gl1.0-0:amd64 (1.24.2-1ubuntu0.3) ...
2025-11-12T20:18:17.7824513Z Selecting previously unselected package libharfbuzz-icu0:amd64.
2025-11-12T20:18:17.7961519Z Preparing to unpack .../070-libharfbuzz-icu0_8.3.0-2build2_amd64.deb ...
2025-11-12T20:18:17.7971194Z Unpacking libharfbuzz-icu0:amd64 (8.3.0-2build2) ...
2025-11-12T20:18:17.8193131Z Selecting previously unselected package libhyphen0:amd64.
2025-11-12T20:18:17.8329920Z Preparing to unpack .../071-libhyphen0_2.8.8-7build3_amd64.deb ...
2025-11-12T20:18:17.8338683Z Unpacking libhyphen0:amd64 (2.8.8-7build3) ...
2025-11-12T20:18:17.8627308Z Selecting previously unselected package libmanette-0.2-0:amd64.
2025-11-12T20:18:17.8761513Z Preparing to unpack .../072-libmanette-0.2-0_0.2.7-1build2_amd64.deb ...
2025-11-12T20:18:17.8772271Z Unpacking libmanette-0.2-0:amd64 (0.2.7-1build2) ...
2025-11-12T20:18:17.8988632Z Selecting previously unselected package libsecret-common.
2025-11-12T20:18:17.9122626Z Preparing to unpack .../073-libsecret-common_0.21.4-1build3_all.deb ...
2025-11-12T20:18:17.9132646Z Unpacking libsecret-common (0.21.4-1build3) ...
2025-11-12T20:18:17.9345573Z Selecting previously unselected package libsecret-1-0:amd64.
2025-11-12T20:18:17.9479435Z Preparing to unpack .../074-libsecret-1-0_0.21.4-1build3_amd64.deb ...
2025-11-12T20:18:17.9493570Z Unpacking libsecret-1-0:amd64 (0.21.4-1build3) ...
2025-11-12T20:18:17.9733988Z Selecting previously unselected package libwoff1:amd64.
2025-11-12T20:18:17.9873814Z Preparing to unpack .../075-libwoff1_1.0.2-2build1_amd64.deb ...
2025-11-12T20:18:17.9885675Z Unpacking libwoff1:amd64 (1.0.2-2build1) ...
2025-11-12T20:18:18.0133969Z Selecting previously unselected package libwebkit2gtk-4.1-0:amd64.
2025-11-12T20:18:18.0273149Z Preparing to unpack .../076-libwebkit2gtk-4.1-0_2.48.7-0ubuntu0.24.04.2_amd64.deb ...
2025-11-12T20:18:18.0282520Z Unpacking libwebkit2gtk-4.1-0:amd64 (2.48.7-0ubuntu0.24.04.2) ...
2025-11-12T20:18:18.3866483Z Selecting previously unselected package gir1.2-webkit2-4.1:amd64.
2025-11-12T20:18:18.4009557Z Preparing to unpack .../077-gir1.2-webkit2-4.1_2.48.7-0ubuntu0.24.04.2_amd64.deb ...
2025-11-12T20:18:18.4021777Z Unpacking gir1.2-webkit2-4.1:amd64 (2.48.7-0ubuntu0.24.04.2) ...
2025-11-12T20:18:18.4271377Z Selecting previously unselected package python3-mako.
2025-11-12T20:18:18.4410875Z Preparing to unpack .../078-python3-mako_1.3.2-1_all.deb ...
2025-11-12T20:18:18.4472815Z Unpacking python3-mako (1.3.2-1) ...
2025-11-12T20:18:18.4755553Z Selecting previously unselected package python3-markdown.
2025-11-12T20:18:18.4892685Z Preparing to unpack .../079-python3-markdown_3.5.2-1_all.deb ...
2025-11-12T20:18:18.4901996Z Unpacking python3-markdown (3.5.2-1) ...
2025-11-12T20:18:18.5189838Z Selecting previously unselected package gobject-introspection-bin.
2025-11-12T20:18:18.5330689Z Preparing to unpack .../080-gobject-introspection-bin_1.80.1-1_amd64.deb ...
2025-11-12T20:18:18.5341147Z Unpacking gobject-introspection-bin (1.80.1-1) ...
2025-11-12T20:18:18.5945534Z Selecting previously unselected package libglib2.0-dev-bin.
2025-11-12T20:18:18.6083677Z Preparing to unpack .../081-libglib2.0-dev-bin_2.80.0-6ubuntu3.4_amd64.deb ...
2025-11-12T20:18:18.6093294Z Unpacking libglib2.0-dev-bin (2.80.0-6ubuntu3.4) ...
2025-11-12T20:18:18.6632206Z Selecting previously unselected package uuid-dev:amd64.
2025-11-12T20:18:18.6769950Z Preparing to unpack .../082-uuid-dev_2.39.3-9ubuntu6.3_amd64.deb ...
2025-11-12T20:18:18.6778627Z Unpacking uuid-dev:amd64 (2.39.3-9ubuntu6.3) ...
2025-11-12T20:18:18.7113472Z Selecting previously unselected package libblkid-dev:amd64.
2025-11-12T20:18:18.7252223Z Preparing to unpack .../083-libblkid-dev_2.39.3-9ubuntu6.3_amd64.deb ...
2025-11-12T20:18:18.7261764Z Unpacking libblkid-dev:amd64 (2.39.3-9ubuntu6.3) ...
2025-11-12T20:18:18.7519199Z Selecting previously unselected package libsepol-dev:amd64.
2025-11-12T20:18:18.7655401Z Preparing to unpack .../084-libsepol-dev_3.5-2build1_amd64.deb ...
2025-11-12T20:18:18.7666381Z Unpacking libsepol-dev:amd64 (3.5-2build1) ...
2025-11-12T20:18:18.8009598Z Selecting previously unselected package libselinux1-dev:amd64.
2025-11-12T20:18:18.8144271Z Preparing to unpack .../085-libselinux1-dev_3.5-2ubuntu2.1_amd64.deb ...
2025-11-12T20:18:18.8154220Z Unpacking libselinux1-dev:amd64 (3.5-2ubuntu2.1) ...
2025-11-12T20:18:18.8627459Z Selecting previously unselected package libmount-dev:amd64.
2025-11-12T20:18:18.8761550Z Preparing to unpack .../086-libmount-dev_2.39.3-9ubuntu6.3_amd64.deb ...
2025-11-12T20:18:18.8770777Z Unpacking libmount-dev:amd64 (2.39.3-9ubuntu6.3) ...
2025-11-12T20:18:18.9017747Z Selecting previously unselected package libgirepository-2.0-0:amd64.
2025-11-12T20:18:18.9151795Z Preparing to unpack .../087-libgirepository-2.0-0_2.80.0-6ubuntu3.4_amd64.deb ...
2025-11-12T20:18:18.9161645Z Unpacking libgirepository-2.0-0:amd64 (2.80.0-6ubuntu3.4) ...
2025-11-12T20:18:18.9377125Z Selecting previously unselected package libglib2.0-dev:amd64.
2025-11-12T20:18:18.9510683Z Preparing to unpack .../088-libglib2.0-dev_2.80.0-6ubuntu3.4_amd64.deb ...
2025-11-12T20:18:18.9519983Z Unpacking libglib2.0-dev:amd64 (2.80.0-6ubuntu3.4) ...
2025-11-12T20:18:19.0703429Z Selecting previously unselected package gobject-introspection:amd64.
2025-11-12T20:18:19.0838809Z Preparing to unpack .../089-gobject-introspection_1.80.1-1_amd64.deb ...
2025-11-12T20:18:19.0847095Z Unpacking gobject-introspection:amd64 (1.80.1-1) ...
2025-11-12T20:18:19.1148655Z Selecting previously unselected package libgraphene-1.0-0:amd64.
2025-11-12T20:18:19.1282682Z Preparing to unpack .../090-libgraphene-1.0-0_1.10.8-3build2_amd64.deb ...
2025-11-12T20:18:19.1294033Z Unpacking libgraphene-1.0-0:amd64 (1.10.8-3build2) ...
2025-11-12T20:18:19.1507765Z Selecting previously unselected package gstreamer1.0-gl:amd64.
2025-11-12T20:18:19.1642209Z Preparing to unpack .../091-gstreamer1.0-gl_1.24.2-1ubuntu0.3_amd64.deb ...
2025-11-12T20:18:19.1652747Z Unpacking gstreamer1.0-gl:amd64 (1.24.2-1ubuntu0.3) ...
2025-11-12T20:18:19.1883185Z Selecting previously unselected package libxv1:amd64.
2025-11-12T20:18:19.2018661Z Preparing to unpack .../092-libxv1_2%3a1.0.11-1.1build1_amd64.deb ...
2025-11-12T20:18:19.2027422Z Unpacking libxv1:amd64 (2:1.0.11-1.1build1) ...
2025-11-12T20:18:19.2237758Z Selecting previously unselected package gstreamer1.0-x:amd64.
2025-11-12T20:18:19.2371344Z Preparing to unpack .../093-gstreamer1.0-x_1.24.2-1ubuntu0.3_amd64.deb ...
2025-11-12T20:18:19.2381628Z Unpacking gstreamer1.0-x:amd64 (1.24.2-1ubuntu0.3) ...
2025-11-12T20:18:19.2601073Z Selecting previously unselected package libatk1.0-dev:amd64.
2025-11-12T20:18:19.2738475Z Preparing to unpack .../094-libatk1.0-dev_2.52.0-1build1_amd64.deb ...
2025-11-12T20:18:19.2748654Z Unpacking libatk1.0-dev:amd64 (2.52.0-1build1) ...
2025-11-12T20:18:19.3063354Z Selecting previously unselected package libdbus-1-dev:amd64.
2025-11-12T20:18:19.3203211Z Preparing to unpack .../095-libdbus-1-dev_1.14.10-4ubuntu4.1_amd64.deb ...
2025-11-12T20:18:19.3213057Z Unpacking libdbus-1-dev:amd64 (1.14.10-4ubuntu4.1) ...
2025-11-12T20:18:19.3587730Z Selecting previously unselected package xorg-sgml-doctools.
2025-11-12T20:18:19.3722569Z Preparing to unpack .../096-xorg-sgml-doctools_1%3a1.11-1.1_all.deb ...
2025-11-12T20:18:19.3730828Z Unpacking xorg-sgml-doctools (1:1.11-1.1) ...
2025-11-12T20:18:19.4038667Z Selecting previously unselected package x11proto-dev.
2025-11-12T20:18:19.4174802Z Preparing to unpack .../097-x11proto-dev_2023.2-1_all.deb ...
2025-11-12T20:18:19.4184783Z Unpacking x11proto-dev (2023.2-1) ...
2025-11-12T20:18:19.4726333Z Selecting previously unselected package libxau-dev:amd64.
2025-11-12T20:18:19.4860037Z Preparing to unpack .../098-libxau-dev_1%3a1.0.9-1build6_amd64.deb ...
2025-11-12T20:18:19.4867662Z Unpacking libxau-dev:amd64 (1:1.0.9-1build6) ...
2025-11-12T20:18:19.5090784Z Selecting previously unselected package libxdmcp-dev:amd64.
2025-11-12T20:18:19.5225332Z Preparing to unpack .../099-libxdmcp-dev_1%3a1.1.3-0ubuntu6_amd64.deb ...
2025-11-12T20:18:19.5237550Z Unpacking libxdmcp-dev:amd64 (1:1.1.3-0ubuntu6) ...
2025-11-12T20:18:19.5448315Z Selecting previously unselected package xtrans-dev.
2025-11-12T20:18:19.5581567Z Preparing to unpack .../100-xtrans-dev_1.4.0-1_all.deb ...
2025-11-12T20:18:19.5591626Z Unpacking xtrans-dev (1.4.0-1) ...
2025-11-12T20:18:19.5842354Z Selecting previously unselected package libpthread-stubs0-dev:amd64.
2025-11-12T20:18:19.5979142Z Preparing to unpack .../101-libpthread-stubs0-dev_0.4-1build3_amd64.deb ...
2025-11-12T20:18:19.5996231Z Unpacking libpthread-stubs0-dev:amd64 (0.4-1build3) ...
2025-11-12T20:18:19.6205847Z Selecting previously unselected package libxcb1-dev:amd64.
2025-11-12T20:18:19.6340586Z Preparing to unpack .../102-libxcb1-dev_1.15-1ubuntu2_amd64.deb ...
2025-11-12T20:18:19.6348997Z Unpacking libxcb1-dev:amd64 (1.15-1ubuntu2) ...
2025-11-12T20:18:19.6596108Z Selecting previously unselected package libx11-dev:amd64.
2025-11-12T20:18:19.6728687Z Preparing to unpack .../103-libx11-dev_2%3a1.8.7-1build1_amd64.deb ...
2025-11-12T20:18:19.6736940Z Unpacking libx11-dev:amd64 (2:1.8.7-1build1) ...
2025-11-12T20:18:19.7058793Z Selecting previously unselected package libxext-dev:amd64.
2025-11-12T20:18:19.7193898Z Preparing to unpack .../104-libxext-dev_2%3a1.3.4-1build2_amd64.deb ...
2025-11-12T20:18:19.7204918Z Unpacking libxext-dev:amd64 (2:1.3.4-1build2) ...
2025-11-12T20:18:19.7527288Z Selecting previously unselected package libxfixes-dev:amd64.
2025-11-12T20:18:19.7664224Z Preparing to unpack .../105-libxfixes-dev_1%3a6.0.0-2build1_amd64.deb ...
2025-11-12T20:18:19.7676558Z Unpacking libxfixes-dev:amd64 (1:6.0.0-2build1) ...
2025-11-12T20:18:19.7884909Z Selecting previously unselected package libxi-dev:amd64.
2025-11-12T20:18:19.8017908Z Preparing to unpack .../106-libxi-dev_2%3a1.8.1-1build1_amd64.deb ...
2025-11-12T20:18:19.8026558Z Unpacking libxi-dev:amd64 (2:1.8.1-1build1) ...
2025-11-12T20:18:19.8363805Z Selecting previously unselected package libxtst-dev:amd64.
2025-11-12T20:18:19.8499331Z Preparing to unpack .../107-libxtst-dev_2%3a1.2.3-1.1build1_amd64.deb ...
2025-11-12T20:18:19.8511306Z Unpacking libxtst-dev:amd64 (2:1.2.3-1.1build1) ...
2025-11-12T20:18:19.8734573Z Selecting previously unselected package libatspi2.0-dev:amd64.
2025-11-12T20:18:19.8865972Z Preparing to unpack .../108-libatspi2.0-dev_2.52.0-1build1_amd64.deb ...
2025-11-12T20:18:19.8877605Z Unpacking libatspi2.0-dev:amd64 (2.52.0-1build1) ...
2025-11-12T20:18:19.9158998Z Selecting previously unselected package libatk-bridge2.0-dev:amd64.
2025-11-12T20:18:19.9295631Z Preparing to unpack .../109-libatk-bridge2.0-dev_2.52.0-1build1_amd64.deb ...
2025-11-12T20:18:19.9307307Z Unpacking libatk-bridge2.0-dev:amd64 (2.52.0-1build1) ...
2025-11-12T20:18:19.9525633Z Selecting previously unselected package libcairo-script-interpreter2:amd64.
2025-11-12T20:18:19.9661422Z Preparing to unpack .../110-libcairo-script-interpreter2_1.18.0-3build1_amd64.deb ...
2025-11-12T20:18:19.9674522Z Unpacking libcairo-script-interpreter2:amd64 (1.18.0-3build1) ...
2025-11-12T20:18:19.9884624Z Selecting previously unselected package libbrotli-dev:amd64.
2025-11-12T20:18:20.0020985Z Preparing to unpack .../111-libbrotli-dev_1.1.0-2build2_amd64.deb ...
2025-11-12T20:18:20.0034034Z Unpacking libbrotli-dev:amd64 (1.1.0-2build2) ...
2025-11-12T20:18:20.0308728Z Selecting previously unselected package libbz2-dev:amd64.
2025-11-12T20:18:20.0441331Z Preparing to unpack .../112-libbz2-dev_1.0.8-5.1build0.1_amd64.deb ...
2025-11-12T20:18:20.0453747Z Unpacking libbz2-dev:amd64 (1.0.8-5.1build0.1) ...
2025-11-12T20:18:20.0661783Z Selecting previously unselected package libpng-dev:amd64.
2025-11-12T20:18:20.0793201Z Preparing to unpack .../113-libpng-dev_1.6.43-5build1_amd64.deb ...
2025-11-12T20:18:20.0801341Z Unpacking libpng-dev:amd64 (1.6.43-5build1) ...
2025-11-12T20:18:20.1092049Z Selecting previously unselected package libfreetype-dev:amd64.
2025-11-12T20:18:20.1228860Z Preparing to unpack .../114-libfreetype-dev_2.13.2+dfsg-1build3_amd64.deb ...
2025-11-12T20:18:20.1239667Z Unpacking libfreetype-dev:amd64 (2.13.2+dfsg-1build3) ...
2025-11-12T20:18:20.1597295Z Selecting previously unselected package libfontconfig-dev:amd64.
2025-11-12T20:18:20.1731523Z Preparing to unpack .../115-libfontconfig-dev_2.15.0-1.1ubuntu2_amd64.deb ...
2025-11-12T20:18:20.1742422Z Unpacking libfontconfig-dev:amd64 (2.15.0-1.1ubuntu2) ...
2025-11-12T20:18:20.1982939Z Selecting previously unselected package libpixman-1-dev:amd64.
2025-11-12T20:18:20.2115636Z Preparing to unpack .../116-libpixman-1-dev_0.42.2-1build1_amd64.deb ...
2025-11-12T20:18:20.2126124Z Unpacking libpixman-1-dev:amd64 (0.42.2-1build1) ...
2025-11-12T20:18:20.2377868Z Selecting previously unselected package libice-dev:amd64.
2025-11-12T20:18:20.2511248Z Preparing to unpack .../117-libice-dev_2%3a1.0.10-1build3_amd64.deb ...
2025-11-12T20:18:20.2520268Z Unpacking libice-dev:amd64 (2:1.0.10-1build3) ...
2025-11-12T20:18:20.2757144Z Selecting previously unselected package libsm-dev:amd64.
2025-11-12T20:18:20.2892306Z Preparing to unpack .../118-libsm-dev_2%3a1.2.3-1build3_amd64.deb ...
2025-11-12T20:18:20.2902429Z Unpacking libsm-dev:amd64 (2:1.2.3-1build3) ...
2025-11-12T20:18:20.3119587Z Selecting previously unselected package libxcb-render0-dev:amd64.
2025-11-12T20:18:20.3253147Z Preparing to unpack .../119-libxcb-render0-dev_1.15-1ubuntu2_amd64.deb ...
2025-11-12T20:18:20.3284395Z Unpacking libxcb-render0-dev:amd64 (1.15-1ubuntu2) ...
2025-11-12T20:18:20.3493770Z Selecting previously unselected package libxcb-shm0-dev:amd64.
2025-11-12T20:18:20.3623760Z Preparing to unpack .../120-libxcb-shm0-dev_1.15-1ubuntu2_amd64.deb ...
2025-11-12T20:18:20.3632960Z Unpacking libxcb-shm0-dev:amd64 (1.15-1ubuntu2) ...
2025-11-12T20:18:20.3834808Z Selecting previously unselected package libxrender-dev:amd64.
2025-11-12T20:18:20.3968278Z Preparing to unpack .../121-libxrender-dev_1%3a0.9.10-1.1build1_amd64.deb ...
2025-11-12T20:18:20.3977618Z Unpacking libxrender-dev:amd64 (1:0.9.10-1.1build1) ...
2025-11-12T20:18:20.4196134Z Selecting previously unselected package libcairo2-dev:amd64.
2025-11-12T20:18:20.4334148Z Preparing to unpack .../122-libcairo2-dev_1.18.0-3build1_amd64.deb ...
2025-11-12T20:18:20.4344796Z Unpacking libcairo2-dev:amd64 (1.18.0-3build1) ...
2025-11-12T20:18:20.4603782Z Selecting previously unselected package libglx-dev:amd64.
2025-11-12T20:18:20.4740620Z Preparing to unpack .../123-libglx-dev_1.7.0-1build1_amd64.deb ...
2025-11-12T20:18:20.4748694Z Unpacking libglx-dev:amd64 (1.7.0-1build1) ...
2025-11-12T20:18:20.4966551Z Selecting previously unselected package libgl-dev:amd64.
2025-11-12T20:18:20.5104127Z Preparing to unpack .../124-libgl-dev_1.7.0-1build1_amd64.deb ...
2025-11-12T20:18:20.5113024Z Unpacking libgl-dev:amd64 (1.7.0-1build1) ...
2025-11-12T20:18:20.5376798Z Selecting previously unselected package libegl-dev:amd64.
2025-11-12T20:18:20.5513154Z Preparing to unpack .../125-libegl-dev_1.7.0-1build1_amd64.deb ...
2025-11-12T20:18:20.5524943Z Unpacking libegl-dev:amd64 (1.7.0-1build1) ...
2025-11-12T20:18:20.5741554Z Selecting previously unselected package libglvnd-core-dev:amd64.
2025-11-12T20:18:20.5879197Z Preparing to unpack .../126-libglvnd-core-dev_1.7.0-1build1_amd64.deb ...
2025-11-12T20:18:20.5888912Z Unpacking libglvnd-core-dev:amd64 (1.7.0-1build1) ...
2025-11-12T20:18:20.6121999Z Selecting previously unselected package libgles1:amd64.
2025-11-12T20:18:20.6259827Z Preparing to unpack .../127-libgles1_1.7.0-1build1_amd64.deb ...
2025-11-12T20:18:20.6268015Z Unpacking libgles1:amd64 (1.7.0-1build1) ...
2025-11-12T20:18:20.6558076Z Selecting previously unselected package libgles-dev:amd64.
2025-11-12T20:18:20.6696459Z Preparing to unpack .../128-libgles-dev_1.7.0-1build1_amd64.deb ...
2025-11-12T20:18:20.6714285Z Unpacking libgles-dev:amd64 (1.7.0-1build1) ...
2025-11-12T20:18:20.6983745Z Selecting previously unselected package libopengl0:amd64.
2025-11-12T20:18:20.7118719Z Preparing to unpack .../129-libopengl0_1.7.0-1build1_amd64.deb ...
2025-11-12T20:18:20.7132759Z Unpacking libopengl0:amd64 (1.7.0-1build1) ...
2025-11-12T20:18:20.7353159Z Selecting previously unselected package libopengl-dev:amd64.
2025-11-12T20:18:20.7487936Z Preparing to unpack .../130-libopengl-dev_1.7.0-1build1_amd64.deb ...
2025-11-12T20:18:20.7499433Z Unpacking libopengl-dev:amd64 (1.7.0-1build1) ...
2025-11-12T20:18:20.7698896Z Selecting previously unselected package libglvnd-dev:amd64.
2025-11-12T20:18:20.7834721Z Preparing to unpack .../131-libglvnd-dev_1.7.0-1build1_amd64.deb ...
2025-11-12T20:18:20.7845456Z Unpacking libglvnd-dev:amd64 (1.7.0-1build1) ...
2025-11-12T20:18:20.8049204Z Selecting previously unselected package libegl1-mesa-dev:amd64.
2025-11-12T20:18:20.8185115Z Preparing to unpack .../132-libegl1-mesa-dev_25.0.7-0ubuntu0.24.04.2_amd64.deb ...
2025-11-12T20:18:20.8195089Z Unpacking libegl1-mesa-dev:amd64 (25.0.7-0ubuntu0.24.04.2) ...
2025-11-12T20:18:20.8406655Z Selecting previously unselected package libepoxy-dev:amd64.
2025-11-12T20:18:20.8544774Z Preparing to unpack .../133-libepoxy-dev_1.5.10-1build1_amd64.deb ...
2025-11-12T20:18:20.8554105Z Unpacking libepoxy-dev:amd64 (1.5.10-1build1) ...
2025-11-12T20:18:20.8827008Z Selecting previously unselected package libfribidi-dev:amd64.
2025-11-12T20:18:20.8962230Z Preparing to unpack .../134-libfribidi-dev_1.0.13-3build1_amd64.deb ...
2025-11-12T20:18:20.8971103Z Unpacking libfribidi-dev:amd64 (1.0.13-3build1) ...
2025-11-12T20:18:20.9255069Z Selecting previously unselected package libgdk-pixbuf2.0-bin.
2025-11-12T20:18:20.9389826Z Preparing to unpack .../135-libgdk-pixbuf2.0-bin_2.42.10+dfsg-3ubuntu3.2_amd64.deb ...
2025-11-12T20:18:20.9399271Z Unpacking libgdk-pixbuf2.0-bin (2.42.10+dfsg-3ubuntu3.2) ...
2025-11-12T20:18:20.9637888Z Selecting previously unselected package libjpeg-turbo8-dev:amd64.
2025-11-12T20:18:20.9771567Z Preparing to unpack .../136-libjpeg-turbo8-dev_2.1.5-2ubuntu2_amd64.deb ...
2025-11-12T20:18:20.9782263Z Unpacking libjpeg-turbo8-dev:amd64 (2.1.5-2ubuntu2) ...
2025-11-12T20:18:21.0047345Z Selecting previously unselected package libjpeg8-dev:amd64.
2025-11-12T20:18:21.0178313Z Preparing to unpack .../137-libjpeg8-dev_8c-2ubuntu11_amd64.deb ...
2025-11-12T20:18:21.0187152Z Unpacking libjpeg8-dev:amd64 (8c-2ubuntu11) ...
2025-11-12T20:18:21.0379778Z Selecting previously unselected package libjpeg-dev:amd64.
2025-11-12T20:18:21.0511986Z Preparing to unpack .../138-libjpeg-dev_8c-2ubuntu11_amd64.deb ...
2025-11-12T20:18:21.0522010Z Unpacking libjpeg-dev:amd64 (8c-2ubuntu11) ...
2025-11-12T20:18:21.0721089Z Selecting previously unselected package libjbig-dev:amd64.
2025-11-12T20:18:21.0851573Z Preparing to unpack .../139-libjbig-dev_2.1-6.1ubuntu2_amd64.deb ...
2025-11-12T20:18:21.0860281Z Unpacking libjbig-dev:amd64 (2.1-6.1ubuntu2) ...
2025-11-12T20:18:21.1062950Z Selecting previously unselected package liblzma-dev:amd64.
2025-11-12T20:18:21.1196431Z Preparing to unpack .../140-liblzma-dev_5.6.1+really5.4.5-1ubuntu0.2_amd64.deb ...
2025-11-12T20:18:21.1205627Z Unpacking liblzma-dev:amd64 (5.6.1+really5.4.5-1ubuntu0.2) ...
2025-11-12T20:18:21.1491721Z Selecting previously unselected package libwebpdecoder3:amd64.
2025-11-12T20:18:21.1623889Z Preparing to unpack .../141-libwebpdecoder3_1.3.2-0.4build3_amd64.deb ...
2025-11-12T20:18:21.1634741Z Unpacking libwebpdecoder3:amd64 (1.3.2-0.4build3) ...
2025-11-12T20:18:21.1856719Z Selecting previously unselected package libsharpyuv-dev:amd64.
2025-11-12T20:18:21.1988050Z Preparing to unpack .../142-libsharpyuv-dev_1.3.2-0.4build3_amd64.deb ...
2025-11-12T20:18:21.1996181Z Unpacking libsharpyuv-dev:amd64 (1.3.2-0.4build3) ...
2025-11-12T20:18:21.2206030Z Selecting previously unselected package libwebp-dev:amd64.
2025-11-12T20:18:21.2335882Z Preparing to unpack .../143-libwebp-dev_1.3.2-0.4build3_amd64.deb ...
2025-11-12T20:18:21.2343087Z Unpacking libwebp-dev:amd64 (1.3.2-0.4build3) ...
2025-11-12T20:18:21.2666154Z Selecting previously unselected package libtiffxx6:amd64.
2025-11-12T20:18:21.2802560Z Preparing to unpack .../144-libtiffxx6_4.5.1+git230720-4ubuntu2.4_amd64.deb ...
2025-11-12T20:18:21.2811702Z Unpacking libtiffxx6:amd64 (4.5.1+git230720-4ubuntu2.4) ...
2025-11-12T20:18:21.3021460Z Selecting previously unselected package libdeflate-dev:amd64.
2025-11-12T20:18:21.3158843Z Preparing to unpack .../145-libdeflate-dev_1.19-1build1.1_amd64.deb ...
2025-11-12T20:18:21.3167963Z Unpacking libdeflate-dev:amd64 (1.19-1build1.1) ...
2025-11-12T20:18:21.3399896Z Selecting previously unselected package liblerc-dev:amd64.
2025-11-12T20:18:21.3537646Z Preparing to unpack .../146-liblerc-dev_4.0.0+ds-4ubuntu2_amd64.deb ...
2025-11-12T20:18:21.3549344Z Unpacking liblerc-dev:amd64 (4.0.0+ds-4ubuntu2) ...
2025-11-12T20:18:21.3797788Z Selecting previously unselected package libtiff-dev:amd64.
2025-11-12T20:18:21.3932286Z Preparing to unpack .../147-libtiff-dev_4.5.1+git230720-4ubuntu2.4_amd64.deb ...
2025-11-12T20:18:21.3941093Z Unpacking libtiff-dev:amd64 (4.5.1+git230720-4ubuntu2.4) ...
2025-11-12T20:18:21.4289078Z Selecting previously unselected package libgdk-pixbuf-2.0-dev:amd64.
2025-11-12T20:18:21.4424260Z Preparing to unpack .../148-libgdk-pixbuf-2.0-dev_2.42.10+dfsg-3ubuntu3.2_amd64.deb ...
2025-11-12T20:18:21.4435038Z Unpacking libgdk-pixbuf-2.0-dev:amd64 (2.42.10+dfsg-3ubuntu3.2) ...
2025-11-12T20:18:21.4688708Z Selecting previously unselected package libharfbuzz-subset0:amd64.
2025-11-12T20:18:21.4823822Z Preparing to unpack .../149-libharfbuzz-subset0_8.3.0-2build2_amd64.deb ...
2025-11-12T20:18:21.4832290Z Unpacking libharfbuzz-subset0:amd64 (8.3.0-2build2) ...
2025-11-12T20:18:21.5106395Z Selecting previously unselected package libharfbuzz-cairo0:amd64.
2025-11-12T20:18:21.5242766Z Preparing to unpack .../150-libharfbuzz-cairo0_8.3.0-2build2_amd64.deb ...
2025-11-12T20:18:21.5256828Z Unpacking libharfbuzz-cairo0:amd64 (8.3.0-2build2) ...
2025-11-12T20:18:21.5465694Z Selecting previously unselected package libgraphite2-dev:amd64.
2025-11-12T20:18:21.5602829Z Preparing to unpack .../151-libgraphite2-dev_1.3.14-2build1_amd64.deb ...
2025-11-12T20:18:21.5618744Z Unpacking libgraphite2-dev:amd64 (1.3.14-2build1) ...
2025-11-12T20:18:21.5844793Z Selecting previously unselected package libharfbuzz-dev:amd64.
2025-11-12T20:18:21.5981733Z Preparing to unpack .../152-libharfbuzz-dev_8.3.0-2build2_amd64.deb ...
2025-11-12T20:18:21.5989784Z Unpacking libharfbuzz-dev:amd64 (8.3.0-2build2) ...
2025-11-12T20:18:21.6326389Z Selecting previously unselected package libdatrie-dev:amd64.
2025-11-12T20:18:21.6463156Z Preparing to unpack .../153-libdatrie-dev_0.2.13-3build1_amd64.deb ...
2025-11-12T20:18:21.6472932Z Unpacking libdatrie-dev:amd64 (0.2.13-3build1) ...
2025-11-12T20:18:21.6705328Z Selecting previously unselected package libthai-dev:amd64.
2025-11-12T20:18:21.6844535Z Preparing to unpack .../154-libthai-dev_0.1.29-2build1_amd64.deb ...
2025-11-12T20:18:21.6853093Z Unpacking libthai-dev:amd64 (0.1.29-2build1) ...
2025-11-12T20:18:21.7104392Z Selecting previously unselected package libxft-dev:amd64.
2025-11-12T20:18:21.7241266Z Preparing to unpack .../155-libxft-dev_2.3.6-1build1_amd64.deb ...
2025-11-12T20:18:21.7249809Z Unpacking libxft-dev:amd64 (2.3.6-1build1) ...
2025-11-12T20:18:21.7537908Z Selecting previously unselected package pango1.0-tools.
2025-11-12T20:18:21.7677220Z Preparing to unpack .../156-pango1.0-tools_1.52.1+ds-1build1_amd64.deb ...
2025-11-12T20:18:21.7685735Z Unpacking pango1.0-tools (1.52.1+ds-1build1) ...
2025-11-12T20:18:21.7924822Z Selecting previously unselected package libpango1.0-dev:amd64.
2025-11-12T20:18:21.8060493Z Preparing to unpack .../157-libpango1.0-dev_1.52.1+ds-1build1_amd64.deb ...
2025-11-12T20:18:21.8074135Z Unpacking libpango1.0-dev:amd64 (1.52.1+ds-1build1) ...
2025-11-12T20:18:21.8411299Z Selecting previously unselected package libwayland-bin.
2025-11-12T20:18:21.8547426Z Preparing to unpack .../158-libwayland-bin_1.22.0-2.1build1_amd64.deb ...
2025-11-12T20:18:21.8555705Z Unpacking libwayland-bin (1.22.0-2.1build1) ...
2025-11-12T20:18:21.8778045Z Selecting previously unselected package libwayland-dev:amd64.
2025-11-12T20:18:21.8915352Z Preparing to unpack .../159-libwayland-dev_1.22.0-2.1build1_amd64.deb ...
2025-11-12T20:18:21.8927039Z Unpacking libwayland-dev:amd64 (1.22.0-2.1build1) ...
2025-11-12T20:18:21.9194762Z Selecting previously unselected package libxcomposite-dev:amd64.
2025-11-12T20:18:21.9328964Z Preparing to unpack .../160-libxcomposite-dev_1%3a0.4.5-1build3_amd64.deb ...
2025-11-12T20:18:21.9343522Z Unpacking libxcomposite-dev:amd64 (1:0.4.5-1build3) ...
2025-11-12T20:18:21.9577505Z Selecting previously unselected package libxcursor-dev:amd64.
2025-11-12T20:18:21.9711461Z Preparing to unpack .../161-libxcursor-dev_1%3a1.2.1-1build1_amd64.deb ...
2025-11-12T20:18:21.9719206Z Unpacking libxcursor-dev:amd64 (1:1.2.1-1build1) ...
2025-11-12T20:18:21.9982569Z Selecting previously unselected package libxdamage-dev:amd64.
2025-11-12T20:18:22.0114526Z Preparing to unpack .../162-libxdamage-dev_1%3a1.1.6-1build1_amd64.deb ...
2025-11-12T20:18:22.0124377Z Unpacking libxdamage-dev:amd64 (1:1.1.6-1build1) ...
2025-11-12T20:18:22.0346995Z Selecting previously unselected package libxinerama-dev:amd64.
2025-11-12T20:18:22.0479753Z Preparing to unpack .../163-libxinerama-dev_2%3a1.1.4-3build1_amd64.deb ...
2025-11-12T20:18:22.0488259Z Unpacking libxinerama-dev:amd64 (2:1.1.4-3build1) ...
2025-11-12T20:18:22.0869343Z Selecting previously unselected package libxkbcommon-dev:amd64.
2025-11-12T20:18:22.1001980Z Preparing to unpack .../164-libxkbcommon-dev_1.6.0-1build1_amd64.deb ...
2025-11-12T20:18:22.1015477Z Unpacking libxkbcommon-dev:amd64 (1.6.0-1build1) ...
2025-11-12T20:18:22.1252641Z Selecting previously unselected package libxrandr-dev:amd64.
2025-11-12T20:18:22.1385084Z Preparing to unpack .../165-libxrandr-dev_2%3a1.5.2-2build1_amd64.deb ...
2025-11-12T20:18:22.1393597Z Unpacking libxrandr-dev:amd64 (2:1.5.2-2build1) ...
2025-11-12T20:18:22.1632350Z Selecting previously unselected package wayland-protocols.
2025-11-12T20:18:22.1765967Z Preparing to unpack .../166-wayland-protocols_1.38-1~ubuntu0.24.04.1_all.deb ...
2025-11-12T20:18:22.1776208Z Unpacking wayland-protocols (1.38-1~ubuntu0.24.04.1) ...
2025-11-12T20:18:22.2139560Z Selecting previously unselected package libgtk-3-dev:amd64.
2025-11-12T20:18:22.2276765Z Preparing to unpack .../167-libgtk-3-dev_3.24.41-4ubuntu1.3_amd64.deb ...
2025-11-12T20:18:22.2306686Z Unpacking libgtk-3-dev:amd64 (3.24.41-4ubuntu1.3) ...
2025-11-12T20:18:22.3568686Z Selecting previously unselected package libayatana-ido3-dev.
2025-11-12T20:18:22.3705316Z Preparing to unpack .../168-libayatana-ido3-dev_0.10.1-1build2_amd64.deb ...
2025-11-12T20:18:22.3717342Z Unpacking libayatana-ido3-dev (0.10.1-1build2) ...
2025-11-12T20:18:22.3947628Z Selecting previously unselected package libayatana-indicator3-dev.
2025-11-12T20:18:22.4083534Z Preparing to unpack .../169-libayatana-indicator3-dev_0.9.4-1build1_amd64.deb ...
2025-11-12T20:18:22.4092220Z Unpacking libayatana-indicator3-dev (0.9.4-1build1) ...
2025-11-12T20:18:22.4306800Z Selecting previously unselected package libdbusmenu-glib-dev:amd64.
2025-11-12T20:18:22.4446892Z Preparing to unpack .../170-libdbusmenu-glib-dev_18.10.20180917~bzr492+repack1-3.1ubuntu5_amd64.deb ...
2025-11-12T20:18:22.4457878Z Unpacking libdbusmenu-glib-dev:amd64 (18.10.20180917~bzr492+repack1-3.1ubuntu5) ...
2025-11-12T20:18:22.4725727Z Selecting previously unselected package libayatana-appindicator3-dev.
2025-11-12T20:18:22.4864394Z Preparing to unpack .../171-libayatana-appindicator3-dev_0.5.93-1build3_amd64.deb ...
2025-11-12T20:18:22.4876822Z Unpacking libayatana-appindicator3-dev (0.5.93-1build3) ...
2025-11-12T20:18:22.5111936Z Selecting previously unselected package libgirepository-1.0-dev:amd64.
2025-11-12T20:18:22.5248071Z Preparing to unpack .../172-libgirepository-1.0-dev_1.80.1-1_amd64.deb ...
2025-11-12T20:18:22.5258545Z Unpacking libgirepository-1.0-dev:amd64 (1.80.1-1) ...
2025-11-12T20:18:22.5504503Z Selecting previously unselected package libgirepository1.0-dev.
2025-11-12T20:18:22.5638786Z Preparing to unpack .../173-libgirepository1.0-dev_1.80.1-1_amd64.deb ...
2025-11-12T20:18:22.5666198Z Unpacking libgirepository1.0-dev (1.80.1-1) ...
2025-11-12T20:18:22.5893250Z Selecting previously unselected package libjavascriptcoregtk-4.1-dev:amd64.
2025-11-12T20:18:22.6026233Z Preparing to unpack .../174-libjavascriptcoregtk-4.1-dev_2.48.7-0ubuntu0.24.04.2_amd64.deb ...
2025-11-12T20:18:22.6036592Z Unpacking libjavascriptcoregtk-4.1-dev:amd64 (2.48.7-0ubuntu0.24.04.2) ...
2025-11-12T20:18:22.6297070Z Selecting previously unselected package libnghttp2-dev:amd64.
2025-11-12T20:18:22.6432032Z Preparing to unpack .../175-libnghttp2-dev_1.59.0-1ubuntu0.2_amd64.deb ...
2025-11-12T20:18:22.6441032Z Unpacking libnghttp2-dev:amd64 (1.59.0-1ubuntu0.2) ...
2025-11-12T20:18:22.6687960Z Selecting previously unselected package libwebrtc-audio-processing1:amd64.
2025-11-12T20:18:22.6823330Z Preparing to unpack .../176-libwebrtc-audio-processing1_0.3.1-0ubuntu6_amd64.deb ...
2025-11-12T20:18:22.6832212Z Unpacking libwebrtc-audio-processing1:amd64 (0.3.1-0ubuntu6) ...
2025-11-12T20:18:22.7073237Z Selecting previously unselected package libspa-0.2-modules:amd64.
2025-11-12T20:18:22.7207377Z Preparing to unpack .../177-libspa-0.2-modules_1.0.5-1ubuntu3.1_amd64.deb ...
2025-11-12T20:18:22.7217759Z Unpacking libspa-0.2-modules:amd64 (1.0.5-1ubuntu3.1) ...
2025-11-12T20:18:22.7547993Z Selecting previously unselected package libpipewire-0.3-0t64:amd64.
2025-11-12T20:18:22.7683876Z Preparing to unpack .../178-libpipewire-0.3-0t64_1.0.5-1ubuntu3.1_amd64.deb ...
2025-11-12T20:18:22.7692512Z Unpacking libpipewire-0.3-0t64:amd64 (1.0.5-1ubuntu3.1) ...
2025-11-12T20:18:22.7962056Z Selecting previously unselected package libpipewire-0.3-common.
2025-11-12T20:18:22.8098406Z Preparing to unpack .../179-libpipewire-0.3-common_1.0.5-1ubuntu3.1_all.deb ...
2025-11-12T20:18:22.8107712Z Unpacking libpipewire-0.3-common (1.0.5-1ubuntu3.1) ...
2025-11-12T20:18:22.8305811Z Selecting previously unselected package libpng-tools.
2025-11-12T20:18:22.8439360Z Preparing to unpack .../180-libpng-tools_1.6.43-5build1_amd64.deb ...
2025-11-12T20:18:22.8446923Z Unpacking libpng-tools (1.6.43-5build1) ...
2025-11-12T20:18:22.8649005Z Selecting previously unselected package libpsl-dev:amd64.
2025-11-12T20:18:22.8783234Z Preparing to unpack .../181-libpsl-dev_0.21.2-1.1build1_amd64.deb ...
2025-11-12T20:18:22.8793408Z Unpacking libpsl-dev:amd64 (0.21.2-1.1build1) ...
2025-11-12T20:18:22.9075287Z Selecting previously unselected package librsvg2-common:amd64.
2025-11-12T20:18:22.9210227Z Preparing to unpack .../182-librsvg2-common_2.58.0+dfsg-1build1_amd64.deb ...
2025-11-12T20:18:22.9218178Z Unpacking librsvg2-common:amd64 (2.58.0+dfsg-1build1) ...
2025-11-12T20:18:22.9445646Z Selecting previously unselected package librsvg2-dev:amd64.
2025-11-12T20:18:22.9577493Z Preparing to unpack .../183-librsvg2-dev_2.58.0+dfsg-1build1_amd64.deb ...
2025-11-12T20:18:22.9589261Z Unpacking librsvg2-dev:amd64 (2.58.0+dfsg-1build1) ...
2025-11-12T20:18:22.9811514Z Selecting previously unselected package libsysprof-capture-4-dev:amd64.
2025-11-12T20:18:22.9944143Z Preparing to unpack .../184-libsysprof-capture-4-dev_46.0-1build1_amd64.deb ...
2025-11-12T20:18:22.9951979Z Unpacking libsysprof-capture-4-dev:amd64 (46.0-1build1) ...
2025-11-12T20:18:23.0181312Z Selecting previously unselected package libsoup-3.0-dev:amd64.
2025-11-12T20:18:23.0313799Z Preparing to unpack .../185-libsoup-3.0-dev_3.4.4-5ubuntu0.5_amd64.deb ...
2025-11-12T20:18:23.0322192Z Unpacking libsoup-3.0-dev:amd64 (3.4.4-5ubuntu0.5) ...
2025-11-12T20:18:23.0644380Z Selecting previously unselected package libwebkit2gtk-4.1-dev.
2025-11-12T20:18:23.0777090Z Preparing to unpack .../186-libwebkit2gtk-4.1-dev_2.48.7-0ubuntu0.24.04.2_amd64.deb ...
2025-11-12T20:18:23.0787295Z Unpacking libwebkit2gtk-4.1-dev (2.48.7-0ubuntu0.24.04.2) ...
2025-11-12T20:18:23.1494171Z Selecting previously unselected package xdg-desktop-portal.
2025-11-12T20:18:23.1633924Z Preparing to unpack .../187-xdg-desktop-portal_1.18.4-1ubuntu2.24.04.1_amd64.deb ...
2025-11-12T20:18:23.1644251Z Unpacking xdg-desktop-portal (1.18.4-1ubuntu2.24.04.1) ...
2025-11-12T20:18:23.1933874Z Selecting previously unselected package xdg-desktop-portal-gtk.
2025-11-12T20:18:23.2077906Z Preparing to unpack .../188-xdg-desktop-portal-gtk_1.15.1-1build2_amd64.deb ...
2025-11-12T20:18:23.2085969Z Unpacking xdg-desktop-portal-gtk (1.15.1-1build2) ...
2025-11-12T20:18:23.2598764Z Setting up libpipewire-0.3-common (1.0.5-1ubuntu3.1) ...
2025-11-12T20:18:23.2626208Z Setting up bubblewrap (0.9.0-1ubuntu0.1) ...
2025-11-12T20:18:23.2672970Z Setting up libcairo-script-interpreter2:amd64 (1.18.0-3build1) ...
2025-11-12T20:18:23.2699738Z Setting up libglib2.0-dev-bin (2.80.0-6ubuntu3.4) ...
2025-11-12T20:18:23.4356380Z Setting up libcdparanoia0:amd64 (3.10.2+debian-14build3) ...
2025-11-12T20:18:23.4381949Z Setting up bzip2-doc (1.0.8-5.1build0.1) ...
2025-11-12T20:18:23.4409343Z Setting up libnghttp2-dev:amd64 (1.59.0-1ubuntu0.2) ...
2025-11-12T20:18:23.4430734Z Setting up session-migration (0.3.9build1) ...
2025-11-12T20:18:23.6041141Z Created symlink /etc/systemd/user/graphical-session-pre.target.wants/session-migration.service → /usr/lib/systemd/user/session-migration.service.
2025-11-12T20:18:23.6042305Z 
2025-11-12T20:18:23.6075528Z Setting up libjpeg-turbo8-dev:amd64 (2.1.5-2ubuntu2) ...
2025-11-12T20:18:23.6104532Z Setting up libraw1394-11:amd64 (2.1.2-2build3) ...
2025-11-12T20:18:23.6128840Z Setting up libproxy1v5:amd64 (0.5.4-4build1) ...
2025-11-12T20:18:23.6159260Z Setting up gir1.2-freedesktop:amd64 (1.80.1-1) ...
2025-11-12T20:18:23.6182298Z Setting up libtag1v5-vanilla:amd64 (1.13.1-1build1) ...
2025-11-12T20:18:23.6209925Z Setting up libharfbuzz-icu0:amd64 (8.3.0-2build2) ...
2025-11-12T20:18:23.6242890Z Setting up libpixman-1-dev:amd64 (0.42.2-1build1) ...
2025-11-12T20:18:23.6269420Z Setting up libspeex1:amd64 (1.2.1-2ubuntu2.24.04.1) ...
2025-11-12T20:18:23.6296334Z Setting up libcaca0:amd64 (0.99.beta20-4build2) ...
2025-11-12T20:18:23.6325583Z Setting up libv4lconvert0t64:amd64 (1.26.1-4build3) ...
2025-11-12T20:18:23.6349189Z Setting up libpangoxft-1.0-0:amd64 (1.52.1+ds-1build1) ...
2025-11-12T20:18:23.6378988Z Setting up gir1.2-dbusmenu-glib-0.4:amd64 (18.10.20180917~bzr492+repack1-3.1ubuntu5) ...
2025-11-12T20:18:23.6407793Z Setting up libglvnd-core-dev:amd64 (1.7.0-1build1) ...
2025-11-12T20:18:23.6438098Z Setting up libtwolame0:amd64 (0.4.0-2build3) ...
2025-11-12T20:18:23.6461593Z Setting up libwoff1:amd64 (1.0.2-2build1) ...
2025-11-12T20:18:23.6487495Z Setting up gir1.2-gdkpixbuf-2.0:amd64 (2.42.10+dfsg-3ubuntu3.2) ...
2025-11-12T20:18:23.6518685Z Setting up libhyphen0:amd64 (2.8.8-7build3) ...
2025-11-12T20:18:23.6539567Z Setting up libpng-tools (1.6.43-5build1) ...
2025-11-12T20:18:23.6567785Z Setting up libgirepository-2.0-0:amd64 (2.80.0-6ubuntu3.4) ...
2025-11-12T20:18:23.6592911Z Setting up libvisual-0.4-0:amd64 (0.4.2-2build1) ...
2025-11-12T20:18:23.6617121Z Setting up gir1.2-atk-1.0:amd64 (2.52.0-1build1) ...
2025-11-12T20:18:23.6642242Z Setting up libfribidi-dev:amd64 (1.0.13-3build1) ...
2025-11-12T20:18:23.6667865Z Setting up libmanette-0.2-0:amd64 (0.2.7-1build2) ...
2025-11-12T20:18:23.6690035Z Setting up libxkbcommon-dev:amd64 (1.6.0-1build1) ...
2025-11-12T20:18:23.6739646Z Setting up libpng-dev:amd64 (1.6.43-5build1) ...
2025-11-12T20:18:23.6763241Z Setting up pango1.0-tools (1.52.1+ds-1build1) ...
2025-11-12T20:18:23.6789759Z Setting up libjbig-dev:amd64 (2.1-6.1ubuntu2) ...
2025-11-12T20:18:23.6814194Z Setting up libwebrtc-audio-processing1:amd64 (0.3.1-0ubuntu6) ...
2025-11-12T20:18:23.6837946Z Setting up libwebpdecoder3:amd64 (1.3.2-0.4build3) ...
2025-11-12T20:18:23.6863913Z Setting up libharfbuzz-gobject0:amd64 (8.3.0-2build2) ...
2025-11-12T20:18:23.6888706Z Setting up gir1.2-atspi-2.0:amd64 (2.52.0-1build1) ...
2025-11-12T20:18:23.6915337Z Setting up libsoup-3.0-common (3.4.4-5ubuntu0.5) ...
2025-11-12T20:18:23.6940849Z Setting up libmpg123-0t64:amd64 (1.32.5-1ubuntu1.1) ...
2025-11-12T20:18:23.6963832Z Setting up libayatana-ido3-0.4-0:amd64 (0.10.1-1build2) ...
2025-11-12T20:18:23.6986258Z Setting up gir1.2-harfbuzz-0.0:amd64 (8.3.0-2build2) ...
2025-11-12T20:18:23.7014099Z Setting up libpthread-stubs0-dev:amd64 (0.4-1build3) ...
2025-11-12T20:18:23.7036346Z Setting up libopengl0:amd64 (1.7.0-1build1) ...
2025-11-12T20:18:23.7059728Z Setting up libpsl-dev:amd64 (0.21.2-1.1build1) ...
2025-11-12T20:18:23.7088697Z Setting up liborc-0.4-0t64:amd64 (1:0.4.38-1ubuntu0.1) ...
2025-11-12T20:18:23.7116090Z Setting up librsvg2-2:amd64 (2.58.0+dfsg-1build1) ...
2025-11-12T20:18:23.7142364Z Setting up libsysprof-capture-4-dev:amd64 (46.0-1build1) ...
2025-11-12T20:18:23.7171091Z Setting up xtrans-dev (1.4.0-1) ...
2025-11-12T20:18:23.7198774Z Setting up libwayland-bin (1.22.0-2.1build1) ...
2025-11-12T20:18:23.7221996Z Setting up libgraphite2-dev:amd64 (1.3.14-2build1) ...
2025-11-12T20:18:23.7248981Z Setting up gir1.2-pango-1.0:amd64 (1.52.1+ds-1build1) ...
2025-11-12T20:18:23.7277916Z Setting up libegl-mesa0:amd64 (25.0.7-0ubuntu0.24.04.2) ...
2025-11-12T20:18:23.7303997Z Setting up libjavascriptcoregtk-4.1-0:amd64 (2.48.7-0ubuntu0.24.04.2) ...
2025-11-12T20:18:23.7331995Z Setting up libgles2:amd64 (1.7.0-1build1) ...
2025-11-12T20:18:23.7361311Z Setting up libharfbuzz-cairo0:amd64 (8.3.0-2build2) ...
2025-11-12T20:18:23.7392375Z Setting up libdbus-1-dev:amd64 (1.14.10-4ubuntu4.1) ...
2025-11-12T20:18:23.9168450Z Setting up libspa-0.2-modules:amd64 (1.0.5-1ubuntu3.1) ...
2025-11-12T20:18:23.9242171Z Setting up uuid-dev:amd64 (2.39.3-9ubuntu6.3) ...
2025-11-12T20:18:23.9263733Z Setting up libgles1:amd64 (1.7.0-1build1) ...
2025-11-12T20:18:23.9289097Z Setting up libopus0:amd64 (1.4-1build1) ...
2025-11-12T20:18:23.9314174Z Setting up libxv1:amd64 (2:1.0.11-1.1build1) ...
2025-11-12T20:18:23.9340633Z Setting up python3-markdown (3.5.2-1) ...
2025-11-12T20:18:24.0783238Z Setting up libdv4t64:amd64 (1.0.0-17.1build1) ...
2025-11-12T20:18:24.0812470Z Setting up libsepol-dev:amd64 (3.5-2build1) ...
2025-11-12T20:18:24.0838468Z Setting up liblerc-dev:amd64 (4.0.0+ds-4ubuntu2) ...
2025-11-12T20:18:24.0862331Z Setting up librsvg2-common:amd64 (2.58.0+dfsg-1build1) ...
2025-11-12T20:18:24.1007537Z Setting up libdbusmenu-glib-dev:amd64 (18.10.20180917~bzr492+repack1-3.1ubuntu5) ...
2025-11-12T20:18:24.1030435Z Setting up libv4l-0t64:amd64 (1.26.1-4build3) ...
2025-11-12T20:18:24.1055353Z Setting up liblzma-dev:amd64 (5.6.1+really5.4.5-1ubuntu0.2) ...
2025-11-12T20:18:24.1077183Z Setting up gir1.2-ayatanaido3-0.4:amd64 (0.10.1-1build2) ...
2025-11-12T20:18:24.1099873Z Setting up xdg-dbus-proxy (0.1.5-1build2) ...
2025-11-12T20:18:24.1123488Z Setting up libvpx9:amd64 (1.14.0-1ubuntu2.2) ...
2025-11-12T20:18:24.1146666Z Setting up wayland-protocols (1.38-1~ubuntu0.24.04.1) ...
2025-11-12T20:18:24.1170432Z Setting up libtag1v5:amd64 (1.13.1-1build1) ...
2025-11-12T20:18:24.1223036Z Setting up libdatrie-dev:amd64 (0.2.13-3build1) ...
2025-11-12T20:18:24.1245103Z Setting up gir1.2-glib-2.0-dev:amd64 (2.80.0-6ubuntu3.4) ...
2025-11-12T20:18:24.1267353Z Setting up libasyncns0:amd64 (0.8-6build4) ...
2025-11-12T20:18:24.1292946Z Setting up libgdk-pixbuf2.0-bin (2.42.10+dfsg-3ubuntu3.2) ...
2025-11-12T20:18:24.1317704Z Setting up libwavpack1:amd64 (5.6.0-1build1) ...
2025-11-12T20:18:24.1345065Z Setting up libtheora0:amd64 (1.1.1+dfsg.1-16.1build3) ...
2025-11-12T20:18:24.1369549Z Setting up libegl1:amd64 (1.7.0-1build1) ...
2025-11-12T20:18:24.1392479Z Setting up libharfbuzz-subset0:amd64 (8.3.0-2build2) ...
2025-11-12T20:18:24.1535222Z Setting up build-essential (12.10ubuntu1) ...
2025-11-12T20:18:24.1556993Z Setting up xorg-sgml-doctools (1:1.11-1.1) ...
2025-11-12T20:18:24.1581820Z Setting up libflac12t64:amd64 (1.4.3+ds-2.1ubuntu2) ...
2025-11-12T20:18:24.1608647Z Setting up libopengl-dev:amd64 (1.7.0-1build1) ...
2025-11-12T20:18:24.1630825Z Setting up glib-networking-common (2.80.0-1build1) ...
2025-11-12T20:18:24.1654883Z Setting up libjpeg8-dev:amd64 (8c-2ubuntu11) ...
2025-11-12T20:18:24.1684786Z Setting up gir1.2-rsvg-2.0:amd64 (2.58.0+dfsg-1build1) ...
2025-11-12T20:18:24.1707926Z Setting up libsharpyuv-dev:amd64 (1.3.2-0.4build3) ...
2025-11-12T20:18:24.1732877Z Setting up libayatana-indicator3-7:amd64 (0.9.4-1build1) ...
2025-11-12T20:18:24.1757218Z Setting up libtiffxx6:amd64 (4.5.1+git230720-4ubuntu2.4) ...
2025-11-12T20:18:24.1779964Z Setting up libdeflate-dev:amd64 (1.19-1build1.1) ...
2025-11-12T20:18:24.1802233Z Setting up libpipewire-0.3-0t64:amd64 (1.0.5-1ubuntu3.1) ...
2025-11-12T20:18:24.1826230Z Setting up libbrotli-dev:amd64 (1.1.0-2build2) ...
2025-11-12T20:18:24.1852876Z Setting up libsecret-common (0.21.4-1build3) ...
2025-11-12T20:18:24.1876491Z Setting up libmp3lame0:amd64 (3.100-6build1) ...
2025-11-12T20:18:24.1898686Z Setting up libgraphene-1.0-0:amd64 (1.10.8-3build2) ...
2025-11-12T20:18:24.1920339Z Setting up python3-mako (1.3.2-1) ...
2025-11-12T20:18:24.3348801Z Setting up libvorbisenc2:amd64 (1.3.7-1build3) ...
2025-11-12T20:18:24.3371182Z Setting up libaa1:amd64 (1.4p5-51.1) ...
2025-11-12T20:18:24.3393095Z Setting up libiec61883-0:amd64 (1.2.0-6build1) ...
2025-11-12T20:18:24.3416486Z Setting up libbz2-dev:amd64 (1.0.8-5.1build0.1) ...
2025-11-12T20:18:24.3458563Z Setting up libavc1394-0:amd64 (0.5.4-5build3) ...
2025-11-12T20:18:24.3514159Z Setting up gsettings-desktop-schemas (46.1-0ubuntu1) ...
2025-11-12T20:18:24.3540876Z Setting up glib-networking-services (2.80.0-1build1) ...
2025-11-12T20:18:24.3564722Z Setting up libblkid-dev:amd64 (2.39.3-9ubuntu6.3) ...
2025-11-12T20:18:24.3587234Z Setting up xdg-desktop-portal (1.18.4-1ubuntu2.24.04.1) ...
2025-11-12T20:18:24.4623418Z Created symlink /etc/systemd/user/graphical-session-pre.target.wants/xdg-desktop-portal-rewrite-launchers.service → /usr/lib/systemd/user/xdg-desktop-portal-rewrite-launchers.service.
2025-11-12T20:18:24.4624254Z 
2025-11-12T20:18:24.4651390Z Setting up libselinux1-dev:amd64 (3.5-2ubuntu2.1) ...
2025-11-12T20:18:24.4675045Z Setting up gobject-introspection-bin (1.80.1-1) ...
2025-11-12T20:18:24.6464553Z Setting up gir1.2-gtk-3.0:amd64 (3.24.41-4ubuntu1.3) ...
2025-11-12T20:18:24.6493661Z Setting up libjpeg-dev:amd64 (8c-2ubuntu11) ...
2025-11-12T20:18:24.6520936Z Setting up libgstreamer-plugins-base1.0-0:amd64 (1.24.2-1ubuntu0.3) ...
2025-11-12T20:18:24.6553061Z Setting up gir1.2-girepository-2.0-dev:amd64 (1.80.1-1) ...
2025-11-12T20:18:24.6578271Z Setting up libwayland-dev:amd64 (1.22.0-2.1build1) ...
2025-11-12T20:18:24.6607423Z Setting up gir1.2-javascriptcoregtk-4.1:amd64 (2.48.7-0ubuntu0.24.04.2) ...
2025-11-12T20:18:24.6638825Z Setting up libfreetype-dev:amd64 (2.13.2+dfsg-1build3) ...
2025-11-12T20:18:24.6662465Z Setting up libsecret-1-0:amd64 (0.21.4-1build3) ...
2025-11-12T20:18:24.6688401Z Setting up libgstreamer-plugins-good1.0-0:amd64 (1.24.2-1ubuntu1.2) ...
2025-11-12T20:18:24.6711990Z Setting up libwebp-dev:amd64 (1.3.2-0.4build3) ...
2025-11-12T20:18:24.6739466Z Setting up libgstreamer-gl1.0-0:amd64 (1.24.2-1ubuntu0.3) ...
2025-11-12T20:18:24.6766999Z Setting up gstreamer1.0-plugins-base:amd64 (1.24.2-1ubuntu0.3) ...
2025-11-12T20:18:24.6792128Z Setting up libtiff-dev:amd64 (4.5.1+git230720-4ubuntu2.4) ...
2025-11-12T20:18:24.6830445Z Setting up libayatana-appindicator3-1 (0.5.93-1build3) ...
2025-11-12T20:18:24.6859209Z Setting up gir1.2-freedesktop-dev:amd64 (1.80.1-1) ...
2025-11-12T20:18:24.6883983Z Setting up libshout3:amd64 (2.4.6-1build2) ...
2025-11-12T20:18:24.6907398Z Setting up libthai-dev:amd64 (0.1.29-2build1) ...
2025-11-12T20:18:24.6931192Z Setting up libsndfile1:amd64 (1.2.2-1ubuntu5.24.04.1) ...
2025-11-12T20:18:24.6954479Z Setting up gir1.2-ayatanaappindicator3-0.1 (0.5.93-1build3) ...
2025-11-12T20:18:24.6978249Z Setting up libmount-dev:amd64 (2.39.3-9ubuntu6.3) ...
2025-11-12T20:18:24.7000712Z Setting up gstreamer1.0-gl:amd64 (1.24.2-1ubuntu0.3) ...
2025-11-12T20:18:24.7026740Z Setting up gstreamer1.0-x:amd64 (1.24.2-1ubuntu0.3) ...
2025-11-12T20:18:24.7049787Z Setting up libpulse0:amd64 (1:16.1+dfsg1-2ubuntu10.1) ...
2025-11-12T20:18:24.7128004Z Setting up libfontconfig-dev:amd64 (2.15.0-1.1ubuntu2) ...
2025-11-12T20:18:24.7154085Z Setting up libglib2.0-dev:amd64 (2.80.0-6ubuntu3.4) ...
2025-11-12T20:18:24.7819266Z Processing triggers for libgdk-pixbuf-2.0-0:amd64 (2.42.10+dfsg-3ubuntu3.2) ...
2025-11-12T20:18:24.9141163Z Processing triggers for sgml-base (1.31) ...
2025-11-12T20:18:24.9345058Z Processing triggers for install-info (7.1-3build2) ...
2025-11-12T20:18:25.2853047Z Setting up x11proto-dev (2023.2-1) ...
2025-11-12T20:18:25.2954400Z Setting up libxau-dev:amd64 (1:1.0.9-1build6) ...
2025-11-12T20:18:25.2995323Z Setting up libice-dev:amd64 (2:1.0.10-1build3) ...
2025-11-12T20:18:25.3026035Z Setting up libsm-dev:amd64 (2:1.2.3-1build3) ...
2025-11-12T20:18:25.3080302Z Processing triggers for libc-bin (2.39-0ubuntu8.6) ...
2025-11-12T20:18:28.1683224Z Processing triggers for man-db (2.12.0-4build2) ...
2025-11-12T20:18:38.8570972Z Setting up libxdmcp-dev:amd64 (1:1.1.3-0ubuntu6) ...
2025-11-12T20:18:38.8616536Z Processing triggers for libglib2.0-0t64:amd64 (2.80.0-6ubuntu3.4) ...
2025-11-12T20:18:38.9074616Z Setting up glib-networking:amd64 (2.80.0-1build1) ...
2025-11-12T20:18:38.9118106Z Setting up libjavascriptcoregtk-4.1-dev:amd64 (2.48.7-0ubuntu0.24.04.2) ...
2025-11-12T20:18:38.9145922Z Setting up libatk1.0-dev:amd64 (2.52.0-1build1) ...
2025-11-12T20:18:38.9187803Z Setting up libgdk-pixbuf-2.0-dev:amd64 (2.42.10+dfsg-3ubuntu3.2) ...
2025-11-12T20:18:38.9263369Z Setting up xdg-desktop-portal-gtk (1.15.1-1build2) ...
2025-11-12T20:18:38.9328120Z Setting up libharfbuzz-dev:amd64 (8.3.0-2build2) ...
2025-11-12T20:18:38.9367323Z Setting up libxcb1-dev:amd64 (1.15-1ubuntu2) ...
2025-11-12T20:18:38.9450742Z Setting up libsoup-3.0-0:amd64 (3.4.4-5ubuntu0.5) ...
2025-11-12T20:18:38.9491150Z Setting up libx11-dev:amd64 (2:1.8.7-1build1) ...
2025-11-12T20:18:38.9522822Z Setting up gobject-introspection:amd64 (1.80.1-1) ...
2025-11-12T20:18:38.9563612Z Setting up libxfixes-dev:amd64 (1:6.0.0-2build1) ...
2025-11-12T20:18:38.9593636Z Setting up libxcb-shm0-dev:amd64 (1.15-1ubuntu2) ...
2025-11-12T20:18:38.9684271Z Setting up libgirepository-1.0-dev:amd64 (1.80.1-1) ...
2025-11-12T20:18:38.9717000Z Setting up libxcb-render0-dev:amd64 (1.15-1ubuntu2) ...
2025-11-12T20:18:38.9742542Z Setting up libxext-dev:amd64 (2:1.3.4-1build2) ...
2025-11-12T20:18:38.9777282Z Setting up gir1.2-soup-3.0:amd64 (3.4.4-5ubuntu0.5) ...
2025-11-12T20:18:38.9814697Z Setting up libglx-dev:amd64 (1.7.0-1build1) ...
2025-11-12T20:18:38.9849166Z Setting up libxi-dev:amd64 (2:1.8.1-1build1) ...
2025-11-12T20:18:38.9883309Z Setting up libxrender-dev:amd64 (1:0.9.10-1.1build1) ...
2025-11-12T20:18:38.9913771Z Setting up libgl-dev:amd64 (1.7.0-1build1) ...
2025-11-12T20:18:39.0052788Z Setting up libxft-dev:amd64 (2.3.6-1build1) ...
2025-11-12T20:18:39.0080686Z Setting up libxtst-dev:amd64 (2:1.2.3-1.1build1) ...
2025-11-12T20:18:39.0116935Z Setting up libxdamage-dev:amd64 (1:1.1.6-1build1) ...
2025-11-12T20:18:39.0147477Z Setting up libatspi2.0-dev:amd64 (2.52.0-1build1) ...
2025-11-12T20:18:39.0236297Z Setting up libegl-dev:amd64 (1.7.0-1build1) ...
2025-11-12T20:18:39.0269016Z Setting up libxcomposite-dev:amd64 (1:0.4.5-1build3) ...
2025-11-12T20:18:39.0297055Z Setting up libxcursor-dev:amd64 (1:1.2.1-1build1) ...
2025-11-12T20:18:39.0333863Z Setting up gstreamer1.0-plugins-good:amd64 (1.24.2-1ubuntu1.2) ...
2025-11-12T20:18:39.0391016Z Setting up libepoxy-dev:amd64 (1.5.10-1build1) ...
2025-11-12T20:18:39.0432633Z Setting up libatk-bridge2.0-dev:amd64 (2.52.0-1build1) ...
2025-11-12T20:18:39.0474244Z Setting up libxrandr-dev:amd64 (2:1.5.2-2build1) ...
2025-11-12T20:18:39.0514643Z Setting up libsoup-3.0-dev:amd64 (3.4.4-5ubuntu0.5) ...
2025-11-12T20:18:39.0547004Z Setting up libgirepository1.0-dev (1.80.1-1) ...
2025-11-12T20:18:39.0604021Z Setting up libxinerama-dev:amd64 (2:1.1.4-3build1) ...
2025-11-12T20:18:39.0644007Z Setting up libcairo2-dev:amd64 (1.18.0-3build1) ...
2025-11-12T20:18:39.0697266Z Setting up libgles-dev:amd64 (1.7.0-1build1) ...
2025-11-12T20:18:39.0751588Z Setting up libwebkit2gtk-4.1-0:amd64 (2.48.7-0ubuntu0.24.04.2) ...
2025-11-12T20:18:39.0822171Z Setting up gir1.2-webkit2-4.1:amd64 (2.48.7-0ubuntu0.24.04.2) ...
2025-11-12T20:18:39.0862707Z Setting up libglvnd-dev:amd64 (1.7.0-1build1) ...
2025-11-12T20:18:39.0910277Z Setting up libpango1.0-dev:amd64 (1.52.1+ds-1build1) ...
2025-11-12T20:18:39.0967403Z Setting up librsvg2-dev:amd64 (2.58.0+dfsg-1build1) ...
2025-11-12T20:18:39.1001158Z Setting up libegl1-mesa-dev:amd64 (25.0.7-0ubuntu0.24.04.2) ...
2025-11-12T20:18:39.1040858Z Setting up libgtk-3-dev:amd64 (3.24.41-4ubuntu1.3) ...
2025-11-12T20:18:39.1093453Z Setting up libayatana-ido3-dev (0.10.1-1build2) ...
2025-11-12T20:18:39.1129879Z Setting up libayatana-indicator3-dev (0.9.4-1build1) ...
2025-11-12T20:18:39.1173977Z Setting up libwebkit2gtk-4.1-dev (2.48.7-0ubuntu0.24.04.2) ...
2025-11-12T20:18:39.1212928Z Setting up libayatana-appindicator3-dev (0.5.93-1build3) ...
2025-11-12T20:18:39.1241647Z Processing triggers for libc-bin (2.39-0ubuntu8.6) ...
2025-11-12T20:18:39.7822240Z 
2025-11-12T20:18:39.7822744Z Running kernel seems to be up-to-date.
2025-11-12T20:18:39.7823068Z 
2025-11-12T20:18:39.7823259Z No services need to be restarted.
2025-11-12T20:18:39.7823482Z 
2025-11-12T20:18:39.7823663Z No containers need to be restarted.
2025-11-12T20:18:39.7823896Z 
2025-11-12T20:18:39.7824129Z No user sessions are running outdated binaries.
2025-11-12T20:18:39.7824414Z 
2025-11-12T20:18:39.7824787Z No VM guests are running outdated hypervisor (qemu) binaries on this host.
2025-11-12T20:18:40.6455807Z ##[group]Run rustup update stable --no-self-update
2025-11-12T20:18:40.6456182Z [36;1mrustup update stable --no-self-update[0m
2025-11-12T20:18:40.6456455Z [36;1mrustup default stable[0m
2025-11-12T20:18:40.6456697Z [36;1mrustup component add clippy rustfmt[0m
2025-11-12T20:18:40.6489325Z shell: /usr/bin/bash -e {0}
2025-11-12T20:18:40.6489553Z env:
2025-11-12T20:18:40.6489720Z   CARGO_TERM_COLOR: always
2025-11-12T20:18:40.6489923Z   RUST_BACKTRACE: 1
2025-11-12T20:18:40.6490324Z   TAURI_SKIP_UPDATE_CHECK: true
2025-11-12T20:18:40.6490547Z ##[endgroup]
2025-11-12T20:18:40.8756393Z info: syncing channel updates for 'stable-x86_64-unknown-linux-gnu'
2025-11-12T20:18:41.0634461Z info: latest update on 2025-11-10, rust version 1.91.1 (ed61e7d7e 2025-11-07)
2025-11-12T20:18:41.0949319Z info: downloading component 'clippy'
2025-11-12T20:18:41.2169840Z info: downloading component 'rustfmt'
2025-11-12T20:18:41.3202021Z info: downloading component 'cargo'
2025-11-12T20:18:41.4601483Z info: downloading component 'rust-std'
2025-11-12T20:18:41.7232363Z info: downloading component 'rustc'
2025-11-12T20:18:42.3217661Z info: removing previous version of component 'clippy'
2025-11-12T20:18:42.3233694Z info: removing previous version of component 'rustfmt'
2025-11-12T20:18:42.3244118Z info: removing previous version of component 'cargo'
2025-11-12T20:18:42.3292132Z info: removing previous version of component 'rust-std'
2025-11-12T20:18:42.3321292Z info: removing previous version of component 'rustc'
2025-11-12T20:18:42.3374318Z info: installing component 'clippy'
2025-11-12T20:18:42.7141835Z info: installing component 'rustfmt'
2025-11-12T20:18:42.9485164Z info: installing component 'cargo'
2025-11-12T20:18:43.6348806Z info: installing component 'rust-std'
2025-11-12T20:18:45.5235742Z info: installing component 'rustc'
2025-11-12T20:18:50.1321372Z 
2025-11-12T20:18:50.1431407Z   stable-x86_64-unknown-linux-gnu updated - rustc 1.91.1 (ed61e7d7e 2025-11-07) (from rustc 1.91.0 (f8297e351 2025-10-28))
2025-11-12T20:18:50.1431935Z 
2025-11-12T20:18:50.1514284Z info: using existing install for 'stable-x86_64-unknown-linux-gnu'
2025-11-12T20:18:50.1879604Z info: default toolchain set to 'stable-x86_64-unknown-linux-gnu'
2025-11-12T20:18:50.1880330Z 
2025-11-12T20:18:50.1967744Z   stable-x86_64-unknown-linux-gnu unchanged - rustc 1.91.1 (ed61e7d7e 2025-11-07)
2025-11-12T20:18:50.1968150Z 
2025-11-12T20:18:50.3500258Z info: component 'clippy' for target 'x86_64-unknown-linux-gnu' is up to date
2025-11-12T20:18:50.4615992Z info: component 'rustfmt' for target 'x86_64-unknown-linux-gnu' is up to date
2025-11-12T20:18:50.4688537Z ##[group]Run npm ci
2025-11-12T20:18:50.4688804Z [36;1mnpm ci[0m
2025-11-12T20:18:50.4721430Z shell: /usr/bin/bash -e {0}
2025-11-12T20:18:50.4721658Z env:
2025-11-12T20:18:50.4721849Z   CARGO_TERM_COLOR: always
2025-11-12T20:18:50.4722184Z   RUST_BACKTRACE: 1
2025-11-12T20:18:50.4722447Z   TAURI_SKIP_UPDATE_CHECK: true
2025-11-12T20:18:50.4722929Z ##[endgroup]
2025-11-12T20:18:51.4783178Z npm error code EUSAGE
2025-11-12T20:18:51.4783688Z npm error
2025-11-12T20:18:51.4785428Z npm error `npm ci` can only install packages when your package.json and package-lock.json or npm-shrinkwrap.json are in sync. Please update your lock file with `npm install` before continuing.
2025-11-12T20:18:51.4786812Z npm error
2025-11-12T20:18:51.4787284Z npm error Invalid: lock file's nanoid@3.3.11 does not satisfy nanoid@5.1.6
2025-11-12T20:18:51.4787830Z npm error Missing: nanoid@3.3.11 from lock file
2025-11-12T20:18:51.4788155Z npm error
2025-11-12T20:18:51.4788527Z npm error Clean install a project
2025-11-12T20:18:51.4788804Z npm error
2025-11-12T20:18:51.4789007Z npm error Usage:
2025-11-12T20:18:51.4789239Z npm error npm ci
2025-11-12T20:18:51.4789454Z npm error
2025-11-12T20:18:51.4789676Z npm error Options:
2025-11-12T20:18:51.4790557Z npm error [--install-strategy <hoisted|nested|shallow|linked>] [--legacy-bundling]
2025-11-12T20:18:51.4791401Z npm error [--global-style] [--omit <dev|optional|peer> [--omit <dev|optional|peer> ...]]
2025-11-12T20:18:51.4792203Z npm error [--include <prod|dev|optional|peer> [--include <prod|dev|optional|peer> ...]]
2025-11-12T20:18:51.4792947Z npm error [--strict-peer-deps] [--foreground-scripts] [--ignore-scripts] [--no-audit]
2025-11-12T20:18:51.4793536Z npm error [--no-bin-links] [--no-fund] [--dry-run]
2025-11-12T20:18:51.4794118Z npm error [-w|--workspace <workspace-name> [-w|--workspace <workspace-name> ...]]
2025-11-12T20:18:51.4794815Z npm error [-ws|--workspaces] [--include-workspace-root] [--install-links]
2025-11-12T20:18:51.4795207Z npm error
2025-11-12T20:18:51.4795573Z npm error aliases: clean-install, ic, install-clean, isntall-clean
2025-11-12T20:18:51.4796128Z npm error
2025-11-12T20:18:51.4796468Z npm error Run "npm help ci" for more info
2025-11-12T20:18:51.4797420Z npm error A complete log of this run can be found in: /home/runner/.npm/_logs/2025-11-12T20_18_50_540Z-debug-0.log
2025-11-12T20:18:51.4874477Z ##[error]Process completed with exit code 1.
2025-11-12T20:18:51.4979691Z Post job cleanup.
2025-11-12T20:18:51.5906005Z [command]/usr/bin/git version
2025-11-12T20:18:51.5942092Z git version 2.51.2
2025-11-12T20:18:51.5990899Z Temporarily overriding HOME='/home/runner/work/_temp/8707bfc8-26e4-4707-9169-7656565811d7' before making global git config changes
2025-11-12T20:18:51.5992524Z Adding repository directory to the temporary git global config as a safe directory
2025-11-12T20:18:51.5996143Z [command]/usr/bin/git config --global --add safe.directory /home/runner/work/AtlasPieVersion3/AtlasPieVersion3
2025-11-12T20:18:51.6028441Z [command]/usr/bin/git config --local --name-only --get-regexp core\.sshCommand
2025-11-12T20:18:51.6060007Z [command]/usr/bin/git submodule foreach --recursive sh -c "git config --local --name-only --get-regexp 'core\.sshCommand' && git config --local --unset-all 'core.sshCommand' || :"
2025-11-12T20:18:51.6287322Z [command]/usr/bin/git config --local --name-only --get-regexp http\.https\:\/\/github\.com\/\.extraheader
2025-11-12T20:18:51.6306896Z http.https://github.com/.extraheader
2025-11-12T20:18:51.6319014Z [command]/usr/bin/git config --local --unset-all http.https://github.com/.extraheader
2025-11-12T20:18:51.6348818Z [command]/usr/bin/git submodule foreach --recursive sh -c "git config --local --name-only --get-regexp 'http\.https\:\/\/github\.com\/\.extraheader' && git config --local --unset-all 'http.https://github.com/.extraheader' || :"
2025-11-12T20:18:51.6668003Z Cleaning up orphan processes
