2025-11-12T20:17:49.0360497Z Current runner version: '2.329.0'
2025-11-12T20:17:49.0384294Z ##[group]Runner Image Provisioner
2025-11-12T20:17:49.0385196Z Hosted Compute Agent
2025-11-12T20:17:49.0385726Z Version: 20251016.436
2025-11-12T20:17:49.0386338Z Commit: 8ab8ac8bfd662a3739dab9fe09456aba92132568
2025-11-12T20:17:49.0387088Z Build Date: 2025-10-15T20:44:12Z
2025-11-12T20:17:49.0387696Z ##[endgroup]
2025-11-12T20:17:49.0388240Z ##[group]Operating System
2025-11-12T20:17:49.0388864Z Ubuntu
2025-11-12T20:17:49.0389366Z 24.04.3
2025-11-12T20:17:49.0390180Z LTS
2025-11-12T20:17:49.0390742Z ##[endgroup]
2025-11-12T20:17:49.0391243Z ##[group]Runner Image
2025-11-12T20:17:49.0391849Z Image: ubuntu-24.04
2025-11-12T20:17:49.0392378Z Version: 20251102.99.1
2025-11-12T20:17:49.0393408Z Included Software: https://github.com/actions/runner-images/blob/ubuntu24/20251102.99/images/ubuntu/Ubuntu2404-Readme.md
2025-11-12T20:17:49.0394905Z Image Release: https://github.com/actions/runner-images/releases/tag/ubuntu24%2F20251102.99
2025-11-12T20:17:49.0395958Z ##[endgroup]
2025-11-12T20:17:49.0397030Z ##[group]GITHUB_TOKEN Permissions
2025-11-12T20:17:49.0399239Z Contents: read
2025-11-12T20:17:49.0400072Z Metadata: read
2025-11-12T20:17:49.0400556Z Packages: read
2025-11-12T20:17:49.0401175Z ##[endgroup]
2025-11-12T20:17:49.0403151Z Secret source: Actions
2025-11-12T20:17:49.0403796Z Prepare workflow directory
2025-11-12T20:17:49.0786566Z Prepare all required actions
2025-11-12T20:17:49.0823342Z Getting action download info
2025-11-12T20:17:49.4207932Z Download action repository 'actions/checkout@v4' (SHA:08eba0b27e820071cde6df949e0beb9ba4906955)
2025-11-12T20:17:49.5096894Z Download action repository 'actions/setup-node@v4' (SHA:49933ea5288caeca8642d1e84afbd3f7d6820020)
2025-11-12T20:17:49.6767349Z Complete job name: Linux checks
2025-11-12T20:17:49.7438478Z ##[group]Run actions/checkout@v4
2025-11-12T20:17:49.7439280Z with:
2025-11-12T20:17:49.7439892Z   repository: ApoIlyon/AtlasPieVersion3
2025-11-12T20:17:49.7440575Z   token: ***
2025-11-12T20:17:49.7441015Z   ssh-strict: true
2025-11-12T20:17:49.7441398Z   ssh-user: git
2025-11-12T20:17:49.7441798Z   persist-credentials: true
2025-11-12T20:17:49.7442229Z   clean: true
2025-11-12T20:17:49.7442621Z   sparse-checkout-cone-mode: true
2025-11-12T20:17:49.7443082Z   fetch-depth: 1
2025-11-12T20:17:49.7443481Z   fetch-tags: false
2025-11-12T20:17:49.7443868Z   show-progress: true
2025-11-12T20:17:49.7444271Z   lfs: false
2025-11-12T20:17:49.7444628Z   submodules: false
2025-11-12T20:17:49.7445033Z   set-safe-directory: true
2025-11-12T20:17:49.7445687Z env:
2025-11-12T20:17:49.7446070Z   CI: true
2025-11-12T20:17:49.7446471Z ##[endgroup]
2025-11-12T20:17:49.8510711Z Syncing repository: ApoIlyon/AtlasPieVersion3
2025-11-12T20:17:49.8512375Z ##[group]Getting Git version info
2025-11-12T20:17:49.8513207Z Working directory is '/home/runner/work/AtlasPieVersion3/AtlasPieVersion3'
2025-11-12T20:17:49.8514408Z [command]/usr/bin/git version
2025-11-12T20:17:49.8604399Z git version 2.51.2
2025-11-12T20:17:49.8629920Z ##[endgroup]
2025-11-12T20:17:49.8643410Z Temporarily overriding HOME='/home/runner/work/_temp/b9771597-9a20-481d-a3a8-d2981c1c113d' before making global git config changes
2025-11-12T20:17:49.8644789Z Adding repository directory to the temporary git global config as a safe directory
2025-11-12T20:17:49.8648397Z [command]/usr/bin/git config --global --add safe.directory /home/runner/work/AtlasPieVersion3/AtlasPieVersion3
2025-11-12T20:17:49.8681644Z Deleting the contents of '/home/runner/work/AtlasPieVersion3/AtlasPieVersion3'
2025-11-12T20:17:49.8685016Z ##[group]Initializing the repository
2025-11-12T20:17:49.8688795Z [command]/usr/bin/git init /home/runner/work/AtlasPieVersion3/AtlasPieVersion3
2025-11-12T20:17:49.8808287Z hint: Using 'master' as the name for the initial branch. This default branch name
2025-11-12T20:17:49.8809440Z hint: is subject to change. To configure the initial branch name to use in all
2025-11-12T20:17:49.8810595Z hint: of your new repositories, which will suppress this warning, call:
2025-11-12T20:17:49.8811530Z hint:
2025-11-12T20:17:49.8811998Z hint: 	git config --global init.defaultBranch <name>
2025-11-12T20:17:49.8812783Z hint:
2025-11-12T20:17:49.8813647Z hint: Names commonly chosen instead of 'master' are 'main', 'trunk' and
2025-11-12T20:17:49.8814520Z hint: 'development'. The just-created branch can be renamed via this command:
2025-11-12T20:17:49.8815178Z hint:
2025-11-12T20:17:49.8815539Z hint: 	git branch -m <name>
2025-11-12T20:17:49.8815961Z hint:
2025-11-12T20:17:49.8816520Z hint: Disable this message with "git config set advice.defaultBranchName false"
2025-11-12T20:17:49.8817542Z Initialized empty Git repository in /home/runner/work/AtlasPieVersion3/AtlasPieVersion3/.git/
2025-11-12T20:17:49.8823929Z [command]/usr/bin/git remote add origin https://github.com/ApoIlyon/AtlasPieVersion3
2025-11-12T20:17:49.8855574Z ##[endgroup]
2025-11-12T20:17:49.8856263Z ##[group]Disabling automatic garbage collection
2025-11-12T20:17:49.8859456Z [command]/usr/bin/git config --local gc.auto 0
2025-11-12T20:17:49.8887848Z ##[endgroup]
2025-11-12T20:17:49.8889035Z ##[group]Setting up auth
2025-11-12T20:17:49.8895416Z [command]/usr/bin/git config --local --name-only --get-regexp core\.sshCommand
2025-11-12T20:17:49.8926105Z [command]/usr/bin/git submodule foreach --recursive sh -c "git config --local --name-only --get-regexp 'core\.sshCommand' && git config --local --unset-all 'core.sshCommand' || :"
2025-11-12T20:17:49.9246311Z [command]/usr/bin/git config --local --name-only --get-regexp http\.https\:\/\/github\.com\/\.extraheader
2025-11-12T20:17:49.9276065Z [command]/usr/bin/git submodule foreach --recursive sh -c "git config --local --name-only --get-regexp 'http\.https\:\/\/github\.com\/\.extraheader' && git config --local --unset-all 'http.https://github.com/.extraheader' || :"
2025-11-12T20:17:49.9490243Z [command]/usr/bin/git config --local http.https://github.com/.extraheader AUTHORIZATION: basic ***
2025-11-12T20:17:49.9530335Z ##[endgroup]
2025-11-12T20:17:49.9531564Z ##[group]Fetching the repository
2025-11-12T20:17:49.9540101Z [command]/usr/bin/git -c protocol.version=2 fetch --no-tags --prune --no-recurse-submodules --depth=1 origin +99249010b8434925590fc359403d52c53ebda861:refs/remotes/pull/69/merge
2025-11-12T20:17:51.9624260Z From https://github.com/ApoIlyon/AtlasPieVersion3
2025-11-12T20:17:51.9626057Z  * [new ref]         99249010b8434925590fc359403d52c53ebda861 -> pull/69/merge
2025-11-12T20:17:51.9660189Z ##[endgroup]
2025-11-12T20:17:51.9661465Z ##[group]Determining the checkout info
2025-11-12T20:17:51.9663020Z ##[endgroup]
2025-11-12T20:17:51.9668476Z [command]/usr/bin/git sparse-checkout disable
2025-11-12T20:17:51.9707032Z [command]/usr/bin/git config --local --unset-all extensions.worktreeConfig
2025-11-12T20:17:51.9735740Z ##[group]Checking out the ref
2025-11-12T20:17:51.9740417Z [command]/usr/bin/git checkout --progress --force refs/remotes/pull/69/merge
2025-11-12T20:17:52.3971103Z Note: switching to 'refs/remotes/pull/69/merge'.
2025-11-12T20:17:52.3972195Z 
2025-11-12T20:17:52.3972979Z You are in 'detached HEAD' state. You can look around, make experimental
2025-11-12T20:17:52.3974319Z changes and commit them, and you can discard any commits you make in this
2025-11-12T20:17:52.3975673Z state without impacting any branches by switching back to a branch.
2025-11-12T20:17:52.3976463Z 
2025-11-12T20:17:52.3977035Z If you want to create a new branch to retain commits you create, you may
2025-11-12T20:17:52.3978250Z do so (now or later) by using -c with the switch command. Example:
2025-11-12T20:17:52.3978957Z 
2025-11-12T20:17:52.3979290Z   git switch -c <new-branch-name>
2025-11-12T20:17:52.3980051Z 
2025-11-12T20:17:52.3980395Z Or undo this operation with:
2025-11-12T20:17:52.3980891Z 
2025-11-12T20:17:52.3981177Z   git switch -
2025-11-12T20:17:52.3981626Z 
2025-11-12T20:17:52.3982344Z Turn off this advice by setting config variable advice.detachedHead to false
2025-11-12T20:17:52.3983298Z 
2025-11-12T20:17:52.3984321Z HEAD is now at 9924901 Merge 452a0bee0310a435cffabc968950422ca342f97e into 56d1aa5a507af63952877a9357b852334e51ed04
2025-11-12T20:17:52.3998082Z ##[endgroup]
2025-11-12T20:17:52.4036681Z [command]/usr/bin/git log -1 --format=%H
2025-11-12T20:17:52.4058406Z 99249010b8434925590fc359403d52c53ebda861
2025-11-12T20:17:52.4362681Z ##[group]Run actions/setup-node@v4
2025-11-12T20:17:52.4363844Z with:
2025-11-12T20:17:52.4364668Z   node-version: 22
2025-11-12T20:17:52.4365559Z   cache: npm
2025-11-12T20:17:52.4366745Z   cache-dependency-path: autohotpie-tauri/package-lock.json
2025-11-12T20:17:52.4368236Z   always-auth: false
2025-11-12T20:17:52.4369169Z   check-latest: false
2025-11-12T20:17:52.4370580Z   token: ***
2025-11-12T20:17:52.4371398Z env:
2025-11-12T20:17:52.4372175Z   CI: true
2025-11-12T20:17:52.4372971Z ##[endgroup]
2025-11-12T20:17:52.6188368Z Found in cache @ /opt/hostedtoolcache/node/22.21.1/x64
2025-11-12T20:17:52.6194760Z ##[group]Environment details
2025-11-12T20:17:52.9890400Z node: v22.21.1
2025-11-12T20:17:52.9891403Z npm: 10.9.4
2025-11-12T20:17:52.9891831Z yarn: 1.22.22
2025-11-12T20:17:52.9892920Z ##[endgroup]
2025-11-12T20:17:52.9915706Z [command]/opt/hostedtoolcache/node/22.21.1/x64/bin/npm config get cache
2025-11-12T20:17:53.1089138Z /home/runner/.npm
2025-11-12T20:17:53.2595966Z npm cache is not found
2025-11-12T20:17:53.2754177Z ##[group]Run sudo apt-get update
2025-11-12T20:17:53.2754528Z [36;1msudo apt-get update[0m
2025-11-12T20:17:53.2755136Z [36;1msudo apt-get install -y libglib2.0-dev libgtk-3-dev libwebkit2gtk-4.1 libayatana-appindicator3-dev librsvg2-dev patchelf pkg-config[0m
2025-11-12T20:17:53.2799422Z shell: /usr/bin/bash -e {0}
2025-11-12T20:17:53.2799940Z env:
2025-11-12T20:17:53.2800122Z   CI: true
2025-11-12T20:17:53.2800318Z ##[endgroup]
2025-11-12T20:17:53.3580322Z Get:1 file:/etc/apt/apt-mirrors.txt Mirrorlist [144 B]
2025-11-12T20:17:53.3872422Z Hit:2 http://azure.archive.ubuntu.com/ubuntu noble InRelease
2025-11-12T20:17:53.3891551Z Get:3 http://azure.archive.ubuntu.com/ubuntu noble-updates InRelease [126 kB]
2025-11-12T20:17:53.3933256Z Get:4 http://azure.archive.ubuntu.com/ubuntu noble-backports InRelease [126 kB]
2025-11-12T20:17:53.3977208Z Get:5 http://azure.archive.ubuntu.com/ubuntu noble-security InRelease [126 kB]
2025-11-12T20:17:53.5165594Z Get:6 http://azure.archive.ubuntu.com/ubuntu noble-updates/main amd64 Packages [1585 kB]
2025-11-12T20:17:53.5335935Z Get:7 http://azure.archive.ubuntu.com/ubuntu noble-updates/main Translation-en [299 kB]
2025-11-12T20:17:53.5370379Z Get:8 http://azure.archive.ubuntu.com/ubuntu noble-updates/main amd64 Components [175 kB]
2025-11-12T20:17:53.5484514Z Get:9 http://azure.archive.ubuntu.com/ubuntu noble-updates/main amd64 c-n-f Metadata [15.7 kB]
2025-11-12T20:17:53.5488011Z Get:10 http://azure.archive.ubuntu.com/ubuntu noble-updates/universe amd64 Packages [1498 kB]
2025-11-12T20:17:53.5502998Z Get:11 http://azure.archive.ubuntu.com/ubuntu noble-updates/universe amd64 Components [378 kB]
2025-11-12T20:17:53.5548374Z Get:12 http://azure.archive.ubuntu.com/ubuntu noble-updates/universe amd64 c-n-f Metadata [31.4 kB]
2025-11-12T20:17:53.5628346Z Get:13 http://azure.archive.ubuntu.com/ubuntu noble-updates/restricted amd64 Packages [2244 kB]
2025-11-12T20:17:53.5755486Z Get:14 http://azure.archive.ubuntu.com/ubuntu noble-updates/restricted Translation-en [509 kB]
2025-11-12T20:17:53.5796724Z Get:15 http://azure.archive.ubuntu.com/ubuntu noble-updates/restricted amd64 Components [212 B]
2025-11-12T20:17:53.5872220Z Get:21 https://packages.microsoft.com/repos/azure-cli noble InRelease [3564 B]
2025-11-12T20:17:53.5909071Z Get:22 https://packages.microsoft.com/ubuntu/24.04/prod noble InRelease [3600 B]
2025-11-12T20:17:53.6248876Z Get:16 http://azure.archive.ubuntu.com/ubuntu noble-updates/multiverse amd64 Components [940 B]
2025-11-12T20:17:53.6259489Z Get:17 http://azure.archive.ubuntu.com/ubuntu noble-backports/main amd64 Components [7128 B]
2025-11-12T20:17:53.6301804Z Get:18 http://azure.archive.ubuntu.com/ubuntu noble-backports/universe amd64 Components [11.0 kB]
2025-11-12T20:17:53.6306327Z Get:19 http://azure.archive.ubuntu.com/ubuntu noble-backports/restricted amd64 Components [212 B]
2025-11-12T20:17:53.6319384Z Get:20 http://azure.archive.ubuntu.com/ubuntu noble-backports/multiverse amd64 Components [212 B]
2025-11-12T20:17:53.6329823Z Get:23 http://azure.archive.ubuntu.com/ubuntu noble-security/main amd64 Packages [1309 kB]
2025-11-12T20:17:53.6429977Z Get:24 http://azure.archive.ubuntu.com/ubuntu noble-security/main Translation-en [215 kB]
2025-11-12T20:17:53.6453935Z Get:25 http://azure.archive.ubuntu.com/ubuntu noble-security/main amd64 Components [21.5 kB]
2025-11-12T20:17:53.6467589Z Get:26 http://azure.archive.ubuntu.com/ubuntu noble-security/main amd64 c-n-f Metadata [9336 B]
2025-11-12T20:17:53.6479825Z Get:27 http://azure.archive.ubuntu.com/ubuntu noble-security/universe amd64 Packages [908 kB]
2025-11-12T20:17:53.6541964Z Get:28 http://azure.archive.ubuntu.com/ubuntu noble-security/universe Translation-en [204 kB]
2025-11-12T20:17:53.6574023Z Get:29 http://azure.archive.ubuntu.com/ubuntu noble-security/universe amd64 Components [52.3 kB]
2025-11-12T20:17:53.6585705Z Get:30 http://azure.archive.ubuntu.com/ubuntu noble-security/universe amd64 c-n-f Metadata [19.4 kB]
2025-11-12T20:17:53.6605991Z Get:31 http://azure.archive.ubuntu.com/ubuntu noble-security/restricted amd64 Packages [2140 kB]
2025-11-12T20:17:53.6717806Z Get:35 https://packages.microsoft.com/repos/azure-cli noble/main amd64 Packages [1700 B]
2025-11-12T20:17:53.7163741Z Get:32 http://azure.archive.ubuntu.com/ubuntu noble-security/restricted Translation-en [486 kB]
2025-11-12T20:17:53.7203990Z Get:33 http://azure.archive.ubuntu.com/ubuntu noble-security/restricted amd64 Components [212 B]
2025-11-12T20:17:53.7205955Z Get:36 https://packages.microsoft.com/ubuntu/24.04/prod noble/main armhf Packages [11.2 kB]
2025-11-12T20:17:53.7213893Z Get:34 http://azure.archive.ubuntu.com/ubuntu noble-security/multiverse amd64 Components [212 B]
2025-11-12T20:17:53.7237375Z Get:37 https://packages.microsoft.com/ubuntu/24.04/prod noble/main amd64 Packages [67.3 kB]
2025-11-12T20:17:53.7272911Z Get:38 https://packages.microsoft.com/ubuntu/24.04/prod noble/main arm64 Packages [49.9 kB]
2025-11-12T20:18:02.1352952Z Fetched 12.6 MB in 1s (8796 kB/s)
2025-11-12T20:18:02.8662272Z Reading package lists...
2025-11-12T20:18:02.8991045Z Reading package lists...
2025-11-12T20:18:03.0611607Z Building dependency tree...
2025-11-12T20:18:03.0619158Z Reading state information...
2025-11-12T20:18:03.3336628Z patchelf is already the newest version (0.18.0-1.1build1).
2025-11-12T20:18:03.3337430Z pkg-config is already the newest version (1.8.1-2build1).
2025-11-12T20:18:03.3338185Z The following additional packages will be installed:
2025-11-12T20:18:03.3338952Z   bubblewrap build-essential bzip2-doc gir1.2-atk-1.0 gir1.2-atspi-2.0
2025-11-12T20:18:03.3340043Z   gir1.2-ayatanaappindicator3-0.1 gir1.2-ayatanaido3-0.4
2025-11-12T20:18:03.3340851Z   gir1.2-dbusmenu-glib-0.4 gir1.2-freedesktop gir1.2-freedesktop-dev
2025-11-12T20:18:03.3341720Z   gir1.2-gdkpixbuf-2.0 gir1.2-girepository-2.0-dev gir1.2-glib-2.0-dev
2025-11-12T20:18:03.3342506Z   gir1.2-gtk-3.0 gir1.2-harfbuzz-0.0 gir1.2-javascriptcoregtk-4.1
2025-11-12T20:18:03.3343345Z   gir1.2-pango-1.0 gir1.2-rsvg-2.0 gir1.2-soup-3.0 gir1.2-webkit2-4.1
2025-11-12T20:18:03.3344118Z   glib-networking glib-networking-common glib-networking-services
2025-11-12T20:18:03.3344973Z   gobject-introspection gobject-introspection-bin gsettings-desktop-schemas
2025-11-12T20:18:03.3345840Z   gstreamer1.0-gl gstreamer1.0-plugins-base gstreamer1.0-plugins-good
2025-11-12T20:18:03.3346634Z   gstreamer1.0-x libaa1 libasyncns0 libatk-bridge2.0-dev libatk1.0-dev
2025-11-12T20:18:03.3347353Z   libatspi2.0-dev libavc1394-0 libayatana-appindicator3-1
2025-11-12T20:18:03.3348090Z   libayatana-ido3-0.4-0 libayatana-ido3-dev libayatana-indicator3-7
2025-11-12T20:18:03.3348914Z   libayatana-indicator3-dev libblkid-dev libbrotli-dev libbz2-dev libcaca0
2025-11-12T20:18:03.3350039Z   libcairo-script-interpreter2 libcairo2-dev libcdparanoia0 libdatrie-dev
2025-11-12T20:18:03.3351414Z   libdbus-1-dev libdbusmenu-glib-dev libdeflate-dev libdv4t64 libegl-dev
2025-11-12T20:18:03.3352254Z   libegl-mesa0 libegl1 libegl1-mesa-dev libepoxy-dev libflac12t64
2025-11-12T20:18:03.3353102Z   libfontconfig-dev libfreetype-dev libfribidi-dev libgdk-pixbuf-2.0-dev
2025-11-12T20:18:03.3353938Z   libgdk-pixbuf2.0-bin libgirepository-1.0-dev libgirepository-2.0-0
2025-11-12T20:18:03.3354720Z   libgirepository1.0-dev libgl-dev libgles-dev libgles1 libgles2
2025-11-12T20:18:03.3355407Z   libglib2.0-dev-bin libglvnd-core-dev libglvnd-dev libglx-dev
2025-11-12T20:18:03.3355968Z   libgraphene-1.0-0 libgraphite2-dev libgstreamer-gl1.0-0
2025-11-12T20:18:03.3356526Z   libgstreamer-plugins-base1.0-0 libgstreamer-plugins-good1.0-0
2025-11-12T20:18:03.3357039Z   libharfbuzz-cairo0 libharfbuzz-dev libharfbuzz-gobject0 libharfbuzz-icu0
2025-11-12T20:18:03.3357495Z   libharfbuzz-subset0 libhyphen0 libice-dev libiec61883-0
2025-11-12T20:18:03.3357934Z   libjavascriptcoregtk-4.1-0 libjavascriptcoregtk-4.1-dev libjbig-dev
2025-11-12T20:18:03.3358412Z   libjpeg-dev libjpeg-turbo8-dev libjpeg8-dev liblerc-dev liblzma-dev
2025-11-12T20:18:03.3358883Z   libmanette-0.2-0 libmount-dev libmp3lame0 libmpg123-0t64 libnghttp2-dev
2025-11-12T20:18:03.3359533Z   libopengl-dev libopengl0 libopus0 liborc-0.4-0t64 libpango1.0-dev
2025-11-12T20:18:03.3360440Z   libpangoxft-1.0-0 libpipewire-0.3-0t64 libpipewire-0.3-common
2025-11-12T20:18:03.3360878Z   libpixman-1-dev libpng-dev libpng-tools libproxy1v5 libpsl-dev
2025-11-12T20:18:03.3361346Z   libpthread-stubs0-dev libpulse0 libraw1394-11 librsvg2-2 librsvg2-common
2025-11-12T20:18:03.3361852Z   libsecret-1-0 libsecret-common libselinux1-dev libsepol-dev libsharpyuv-dev
2025-11-12T20:18:03.3362321Z   libshout3 libsm-dev libsndfile1 libsoup-3.0-0 libsoup-3.0-common
2025-11-12T20:18:03.3362768Z   libsoup-3.0-dev libspa-0.2-modules libspeex1 libsysprof-capture-4-dev
2025-11-12T20:18:03.3363416Z   libtag1v5 libtag1v5-vanilla libthai-dev libtheora0 libtiff-dev libtiffxx6
2025-11-12T20:18:03.3363942Z   libtwolame0 libv4l-0t64 libv4lconvert0t64 libvisual-0.4-0 libvorbisenc2
2025-11-12T20:18:03.3364401Z   libvpx9 libwavpack1 libwayland-bin libwayland-dev libwebp-dev
2025-11-12T20:18:03.3364881Z   libwebpdecoder3 libwebrtc-audio-processing1 libwoff1 libx11-dev libxau-dev
2025-11-12T20:18:03.3365374Z   libxcb-render0-dev libxcb-shm0-dev libxcb1-dev libxcomposite-dev
2025-11-12T20:18:03.3365983Z   libxcursor-dev libxdamage-dev libxdmcp-dev libxext-dev libxfixes-dev
2025-11-12T20:18:03.3366768Z   libxft-dev libxi-dev libxinerama-dev libxkbcommon-dev libxrandr-dev
2025-11-12T20:18:03.3367563Z   libxrender-dev libxtst-dev libxv1 pango1.0-tools python3-mako
2025-11-12T20:18:03.3368404Z   python3-markdown session-migration uuid-dev wayland-protocols x11proto-dev
2025-11-12T20:18:03.3369082Z   xdg-dbus-proxy xdg-desktop-portal xdg-desktop-portal-gtk xorg-sgml-doctools
2025-11-12T20:18:03.3369446Z   xtrans-dev
2025-11-12T20:18:03.3369850Z Suggested packages:
2025-11-12T20:18:03.3370189Z   gvfs libcairo2-doc libdatrie-doc libdv-bin oss-compat freetype2-doc
2025-11-12T20:18:03.3370667Z   libgirepository1.0-doc libglib2.0-doc libxml2-utils libgraphite2-utils
2025-11-12T20:18:03.3371165Z   libvisual-0.4-plugins libgtk-3-doc libice-doc liblzma-doc libnghttp2-doc
2025-11-12T20:18:03.3371656Z   opus-tools libpango1.0-doc pipewire pulseaudio libraw1394-doc librsvg2-bin
2025-11-12T20:18:03.3372164Z   librsvg2-doc libsm-doc libsoup-3.0-doc speex libthai-doc libwayland-doc
2025-11-12T20:18:03.3373086Z   gstreamer1.0-libav gstreamer1.0-plugins-bad gstreamer1.0-alsa libx11-doc
2025-11-12T20:18:03.3373970Z   libxcb-doc libxext-doc graphicsmagick python-mako-doc python3-beaker
2025-11-12T20:18:03.3374579Z   python-markdown-doc accountsservice evince xdg-desktop-portal-gnome
2025-11-12T20:18:03.4135612Z The following NEW packages will be installed:
2025-11-12T20:18:03.4136482Z   bubblewrap build-essential bzip2-doc gir1.2-atk-1.0 gir1.2-atspi-2.0
2025-11-12T20:18:03.4137311Z   gir1.2-ayatanaappindicator3-0.1 gir1.2-ayatanaido3-0.4
2025-11-12T20:18:03.4138557Z   gir1.2-dbusmenu-glib-0.4 gir1.2-freedesktop gir1.2-freedesktop-dev
2025-11-12T20:18:03.4139430Z   gir1.2-gdkpixbuf-2.0 gir1.2-girepository-2.0-dev gir1.2-glib-2.0-dev
2025-11-12T20:18:03.4140481Z   gir1.2-gtk-3.0 gir1.2-harfbuzz-0.0 gir1.2-javascriptcoregtk-4.1
2025-11-12T20:18:03.4141395Z   gir1.2-pango-1.0 gir1.2-rsvg-2.0 gir1.2-soup-3.0 gir1.2-webkit2-4.1
2025-11-12T20:18:03.4142242Z   glib-networking glib-networking-common glib-networking-services
2025-11-12T20:18:03.4143262Z   gobject-introspection gobject-introspection-bin gsettings-desktop-schemas
2025-11-12T20:18:03.4144343Z   gstreamer1.0-gl gstreamer1.0-plugins-base gstreamer1.0-plugins-good
2025-11-12T20:18:03.4145332Z   gstreamer1.0-x libaa1 libasyncns0 libatk-bridge2.0-dev libatk1.0-dev
2025-11-12T20:18:03.4146162Z   libatspi2.0-dev libavc1394-0 libayatana-appindicator3-1
2025-11-12T20:18:03.4147046Z   libayatana-appindicator3-dev libayatana-ido3-0.4-0 libayatana-ido3-dev
2025-11-12T20:18:03.4148120Z   libayatana-indicator3-7 libayatana-indicator3-dev libblkid-dev libbrotli-dev
2025-11-12T20:18:03.4149081Z   libbz2-dev libcaca0 libcairo-script-interpreter2 libcairo2-dev
2025-11-12T20:18:03.4150434Z   libcdparanoia0 libdatrie-dev libdbus-1-dev libdbusmenu-glib-dev
2025-11-12T20:18:03.4151341Z   libdeflate-dev libdv4t64 libegl-dev libegl-mesa0 libegl1 libegl1-mesa-dev
2025-11-12T20:18:03.4152198Z   libepoxy-dev libflac12t64 libfontconfig-dev libfreetype-dev libfribidi-dev
2025-11-12T20:18:03.4153021Z   libgdk-pixbuf-2.0-dev libgdk-pixbuf2.0-bin libgirepository-1.0-dev
2025-11-12T20:18:03.4153832Z   libgirepository-2.0-0 libgirepository1.0-dev libgl-dev libgles-dev libgles1
2025-11-12T20:18:03.4154667Z   libgles2 libglib2.0-dev libglib2.0-dev-bin libglvnd-core-dev libglvnd-dev
2025-11-12T20:18:03.4155439Z   libglx-dev libgraphene-1.0-0 libgraphite2-dev libgstreamer-gl1.0-0
2025-11-12T20:18:03.4156269Z   libgstreamer-plugins-base1.0-0 libgstreamer-plugins-good1.0-0 libgtk-3-dev
2025-11-12T20:18:03.4157195Z   libharfbuzz-cairo0 libharfbuzz-dev libharfbuzz-gobject0 libharfbuzz-icu0
2025-11-12T20:18:03.4157930Z   libharfbuzz-subset0 libhyphen0 libice-dev libiec61883-0
2025-11-12T20:18:03.4158734Z   libjavascriptcoregtk-4.1-0 libjavascriptcoregtk-4.1-dev libjbig-dev
2025-11-12T20:18:03.4159746Z   libjpeg-dev libjpeg-turbo8-dev libjpeg8-dev liblerc-dev liblzma-dev
2025-11-12T20:18:03.4160569Z   libmanette-0.2-0 libmount-dev libmp3lame0 libmpg123-0t64 libnghttp2-dev
2025-11-12T20:18:03.4161366Z   libopengl-dev libopengl0 libopus0 liborc-0.4-0t64 libpango1.0-dev
2025-11-12T20:18:03.4162222Z   libpangoxft-1.0-0 libpipewire-0.3-0t64 libpipewire-0.3-common
2025-11-12T20:18:03.4163004Z   libpixman-1-dev libpng-dev libpng-tools libproxy1v5 libpsl-dev
2025-11-12T20:18:03.4163847Z   libpthread-stubs0-dev libpulse0 libraw1394-11 librsvg2-2 librsvg2-common
2025-11-12T20:18:03.4164738Z   librsvg2-dev libsecret-1-0 libsecret-common libselinux1-dev libsepol-dev
2025-11-12T20:18:03.4165585Z   libsharpyuv-dev libshout3 libsm-dev libsndfile1 libsoup-3.0-0
2025-11-12T20:18:03.4166364Z   libsoup-3.0-common libsoup-3.0-dev libspa-0.2-modules libspeex1
2025-11-12T20:18:03.4167182Z   libsysprof-capture-4-dev libtag1v5 libtag1v5-vanilla libthai-dev libtheora0
2025-11-12T20:18:03.4168007Z   libtiff-dev libtiffxx6 libtwolame0 libv4l-0t64 libv4lconvert0t64
2025-11-12T20:18:03.4168733Z   libvisual-0.4-0 libvorbisenc2 libvpx9 libwavpack1 libwayland-bin
2025-11-12T20:18:03.4169675Z   libwayland-dev libwebkit2gtk-4.1-0 libwebkit2gtk-4.1-dev libwebp-dev
2025-11-12T20:18:03.4170586Z   libwebpdecoder3 libwebrtc-audio-processing1 libwoff1 libx11-dev libxau-dev
2025-11-12T20:18:03.4171451Z   libxcb-render0-dev libxcb-shm0-dev libxcb1-dev libxcomposite-dev
2025-11-12T20:18:03.4172282Z   libxcursor-dev libxdamage-dev libxdmcp-dev libxext-dev libxfixes-dev
2025-11-12T20:18:03.4173172Z   libxft-dev libxi-dev libxinerama-dev libxkbcommon-dev libxrandr-dev
2025-11-12T20:18:03.4174016Z   libxrender-dev libxtst-dev libxv1 pango1.0-tools python3-mako
2025-11-12T20:18:03.4175393Z   python3-markdown session-migration uuid-dev wayland-protocols x11proto-dev
2025-11-12T20:18:03.4176331Z   xdg-dbus-proxy xdg-desktop-portal xdg-desktop-portal-gtk xorg-sgml-doctools
2025-11-12T20:18:03.4176972Z   xtrans-dev
2025-11-12T20:18:03.4396504Z 0 upgraded, 189 newly installed, 0 to remove and 28 not upgraded.
2025-11-12T20:18:03.4397205Z Need to get 63.9 MB of archives.
2025-11-12T20:18:03.4397875Z After this operation, 260 MB of additional disk space will be used.
2025-11-12T20:18:03.4398635Z Get:1 file:/etc/apt/apt-mirrors.txt Mirrorlist [144 B]
2025-11-12T20:18:03.4873138Z Get:2 http://azure.archive.ubuntu.com/ubuntu noble-updates/main amd64 bubblewrap amd64 0.9.0-1ubuntu0.1 [50.2 kB]
2025-11-12T20:18:03.5141662Z Get:3 http://azure.archive.ubuntu.com/ubuntu noble/main amd64 build-essential amd64 12.10ubuntu1 [4928 B]
2025-11-12T20:18:03.5393724Z Get:4 http://azure.archive.ubuntu.com/ubuntu noble-updates/main amd64 bzip2-doc all 1.0.8-5.1build0.1 [499 kB]
2025-11-12T20:18:03.6014712Z Get:5 http://azure.archive.ubuntu.com/ubuntu noble/main amd64 gir1.2-atk-1.0 amd64 2.52.0-1build1 [23.1 kB]
2025-11-12T20:18:03.6256627Z Get:6 http://azure.archive.ubuntu.com/ubuntu noble/main amd64 gir1.2-freedesktop amd64 1.80.1-1 [49.7 kB]
2025-11-12T20:18:03.6512942Z Get:7 http://azure.archive.ubuntu.com/ubuntu noble/main amd64 gir1.2-atspi-2.0 amd64 2.52.0-1build1 [19.8 kB]
2025-11-12T20:18:03.6757719Z Get:8 http://azure.archive.ubuntu.com/ubuntu noble-updates/main amd64 gir1.2-gdkpixbuf-2.0 amd64 2.42.10+dfsg-3ubuntu3.2 [9488 B]
2025-11-12T20:18:03.7077023Z Get:9 http://azure.archive.ubuntu.com/ubuntu noble/main amd64 libharfbuzz-gobject0 amd64 8.3.0-2build2 [34.3 kB]
2025-11-12T20:18:03.7321436Z Get:10 http://azure.archive.ubuntu.com/ubuntu noble/main amd64 gir1.2-harfbuzz-0.0 amd64 8.3.0-2build2 [44.5 kB]
2025-11-12T20:18:03.7695419Z Get:11 http://azure.archive.ubuntu.com/ubuntu noble/main amd64 libpangoxft-1.0-0 amd64 1.52.1+ds-1build1 [20.3 kB]
2025-11-12T20:18:03.8046244Z Get:12 http://azure.archive.ubuntu.com/ubuntu noble/main amd64 gir1.2-pango-1.0 amd64 1.52.1+ds-1build1 [34.8 kB]
2025-11-12T20:18:03.8402232Z Get:13 http://azure.archive.ubuntu.com/ubuntu noble-updates/main amd64 gir1.2-gtk-3.0 amd64 3.24.41-4ubuntu1.3 [245 kB]
2025-11-12T20:18:03.8747717Z Get:14 http://azure.archive.ubuntu.com/ubuntu noble/main amd64 libayatana-ido3-0.4-0 amd64 0.10.1-1build2 [56.6 kB]
2025-11-12T20:18:03.8990356Z Get:15 http://azure.archive.ubuntu.com/ubuntu noble/main amd64 libayatana-indicator3-7 amd64 0.9.4-1build1 [31.7 kB]
2025-11-12T20:18:03.9222162Z Get:16 http://azure.archive.ubuntu.com/ubuntu noble/main amd64 libayatana-appindicator3-1 amd64 0.5.93-1build3 [24.7 kB]
2025-11-12T20:18:03.9540687Z Get:17 http://azure.archive.ubuntu.com/ubuntu noble/main amd64 gir1.2-ayatanaappindicator3-0.1 amd64 0.5.93-1build3 [5838 B]
2025-11-12T20:18:03.9775621Z Get:18 http://azure.archive.ubuntu.com/ubuntu noble/main amd64 gir1.2-ayatanaido3-0.4 amd64 0.10.1-1build2 [6410 B]
2025-11-12T20:18:04.0548428Z Get:19 http://azure.archive.ubuntu.com/ubuntu noble/main amd64 gir1.2-dbusmenu-glib-0.4 amd64 18.10.20180917~bzr492+repack1-3.1ubuntu5 [7088 B]
2025-11-12T20:18:04.0823835Z Get:20 http://azure.archive.ubuntu.com/ubuntu noble-updates/main amd64 gir1.2-glib-2.0-dev amd64 2.80.0-6ubuntu3.4 [848 kB]
2025-11-12T20:18:04.1854441Z Get:21 http://azure.archive.ubuntu.com/ubuntu noble/main amd64 gir1.2-freedesktop-dev amd64 1.80.1-1 [28.8 kB]
2025-11-12T20:18:04.2128814Z Get:22 http://azure.archive.ubuntu.com/ubuntu noble/main amd64 gir1.2-girepository-2.0-dev amd64 1.80.1-1 [41.5 kB]
2025-11-12T20:18:04.2478456Z Get:23 http://azure.archive.ubuntu.com/ubuntu noble-updates/main amd64 libjavascriptcoregtk-4.1-0 amd64 2.48.7-0ubuntu0.24.04.2 [8954 kB]
2025-11-12T20:18:05.1105015Z Get:24 http://azure.archive.ubuntu.com/ubuntu noble-updates/main amd64 gir1.2-javascriptcoregtk-4.1 amd64 2.48.7-0ubuntu0.24.04.2 [38.4 kB]
2025-11-12T20:18:05.1371582Z Get:25 http://azure.archive.ubuntu.com/ubuntu noble/main amd64 librsvg2-2 amd64 2.58.0+dfsg-1build1 [2135 kB]
2025-11-12T20:18:05.3612260Z Get:26 http://azure.archive.ubuntu.com/ubuntu noble/main amd64 gir1.2-rsvg-2.0 amd64 2.58.0+dfsg-1build1 [11.1 kB]
2025-11-12T20:18:05.3862179Z Get:27 http://azure.archive.ubuntu.com/ubuntu noble/main amd64 libproxy1v5 amd64 0.5.4-4build1 [26.5 kB]
2025-11-12T20:18:05.4150977Z Get:28 http://azure.archive.ubuntu.com/ubuntu noble/main amd64 glib-networking-common all 2.80.0-1build1 [6702 B]
2025-11-12T20:18:05.4394865Z Get:29 http://azure.archive.ubuntu.com/ubuntu noble/main amd64 glib-networking-services amd64 2.80.0-1build1 [12.8 kB]
2025-11-12T20:18:05.4705726Z Get:30 http://azure.archive.ubuntu.com/ubuntu noble/main amd64 session-migration amd64 0.3.9build1 [9034 B]
2025-11-12T20:18:05.4977908Z Get:31 http://azure.archive.ubuntu.com/ubuntu noble-updates/main amd64 gsettings-desktop-schemas all 46.1-0ubuntu1 [35.6 kB]
2025-11-12T20:18:05.5302043Z Get:32 http://azure.archive.ubuntu.com/ubuntu noble/main amd64 glib-networking amd64 2.80.0-1build1 [64.1 kB]
2025-11-12T20:18:05.5638291Z Get:33 http://azure.archive.ubuntu.com/ubuntu noble-updates/main amd64 libsoup-3.0-common all 3.4.4-5ubuntu0.5 [11.3 kB]
2025-11-12T20:18:05.5924197Z Get:34 http://azure.archive.ubuntu.com/ubuntu noble-updates/main amd64 libsoup-3.0-0 amd64 3.4.4-5ubuntu0.5 [291 kB]
2025-11-12T20:18:05.6417325Z Get:35 http://azure.archive.ubuntu.com/ubuntu noble-updates/main amd64 gir1.2-soup-3.0 amd64 3.4.4-5ubuntu0.5 [22.5 kB]
2025-11-12T20:18:05.6712005Z Get:36 http://azure.archive.ubuntu.com/ubuntu noble/main amd64 libcdparanoia0 amd64 3.10.2+debian-14build3 [48.5 kB]
2025-11-12T20:18:05.7461217Z Get:37 http://azure.archive.ubuntu.com/ubuntu noble-updates/main amd64 liborc-0.4-0t64 amd64 1:0.4.38-1ubuntu0.1 [207 kB]
2025-11-12T20:18:05.7953714Z Get:38 http://azure.archive.ubuntu.com/ubuntu noble-updates/main amd64 libgstreamer-plugins-base1.0-0 amd64 1.24.2-1ubuntu0.3 [862 kB]
2025-11-12T20:18:05.9164257Z Get:39 http://azure.archive.ubuntu.com/ubuntu noble/main amd64 libopus0 amd64 1.4-1build1 [208 kB]
2025-11-12T20:18:05.9633579Z Get:40 http://azure.archive.ubuntu.com/ubuntu noble/main amd64 libtheora0 amd64 1.1.1+dfsg.1-16.1build3 [211 kB]
2025-11-12T20:18:06.0010923Z Get:41 http://azure.archive.ubuntu.com/ubuntu noble/main amd64 libvisual-0.4-0 amd64 0.4.2-2build1 [115 kB]
2025-11-12T20:18:06.0392638Z Get:42 http://azure.archive.ubuntu.com/ubuntu noble/main amd64 libvorbisenc2 amd64 1.3.7-1build3 [80.8 kB]
2025-11-12T20:18:06.0798465Z Get:43 http://azure.archive.ubuntu.com/ubuntu noble-updates/main amd64 gstreamer1.0-plugins-base amd64 1.24.2-1ubuntu0.3 [721 kB]
2025-11-12T20:18:06.6734374Z Get:44 http://azure.archive.ubuntu.com/ubuntu noble/main amd64 libaa1 amd64 1.4p5-51.1 [49.9 kB]
2025-11-12T20:18:06.7045068Z Get:45 http://azure.archive.ubuntu.com/ubuntu noble/main amd64 libraw1394-11 amd64 2.1.2-2build3 [26.2 kB]
2025-11-12T20:18:06.7316117Z Get:46 http://azure.archive.ubuntu.com/ubuntu noble/main amd64 libavc1394-0 amd64 0.5.4-5build3 [15.4 kB]
2025-11-12T20:18:06.7598497Z Get:47 http://azure.archive.ubuntu.com/ubuntu noble/main amd64 libcaca0 amd64 0.99.beta20-4build2 [208 kB]
2025-11-12T20:18:06.8100026Z Get:48 http://azure.archive.ubuntu.com/ubuntu noble/main amd64 libdv4t64 amd64 1.0.0-17.1build1 [63.2 kB]
2025-11-12T20:18:06.8424335Z Get:49 http://azure.archive.ubuntu.com/ubuntu noble/main amd64 libflac12t64 amd64 1.4.3+ds-2.1ubuntu2 [197 kB]
2025-11-12T20:18:06.8807036Z Get:50 http://azure.archive.ubuntu.com/ubuntu noble-updates/main amd64 libgstreamer-plugins-good1.0-0 amd64 1.24.2-1ubuntu1.2 [33.0 kB]
2025-11-12T20:18:06.9058424Z Get:51 http://azure.archive.ubuntu.com/ubuntu noble/main amd64 libiec61883-0 amd64 1.2.0-6build1 [24.5 kB]
2025-11-12T20:18:06.9295190Z Get:52 http://azure.archive.ubuntu.com/ubuntu noble/main amd64 libmp3lame0 amd64 3.100-6build1 [142 kB]
2025-11-12T20:18:06.9650660Z Get:53 http://azure.archive.ubuntu.com/ubuntu noble-updates/main amd64 libmpg123-0t64 amd64 1.32.5-1ubuntu1.1 [169 kB]
2025-11-12T20:18:06.9976447Z Get:54 http://azure.archive.ubuntu.com/ubuntu noble/main amd64 libasyncns0 amd64 0.8-6build4 [11.3 kB]
2025-11-12T20:18:07.0205251Z Get:55 http://azure.archive.ubuntu.com/ubuntu noble-updates/main amd64 libsndfile1 amd64 1.2.2-1ubuntu5.24.04.1 [209 kB]
2025-11-12T20:18:07.1024389Z Get:56 http://azure.archive.ubuntu.com/ubuntu noble-updates/main amd64 libpulse0 amd64 1:16.1+dfsg1-2ubuntu10.1 [292 kB]
2025-11-12T20:18:07.1582012Z Get:57 http://azure.archive.ubuntu.com/ubuntu noble-updates/main amd64 libspeex1 amd64 1.2.1-2ubuntu2.24.04.1 [59.6 kB]
2025-11-12T20:18:07.1852984Z Get:58 http://azure.archive.ubuntu.com/ubuntu noble/main amd64 libshout3 amd64 2.4.6-1build2 [50.3 kB]
2025-11-12T20:18:07.2113915Z Get:59 http://azure.archive.ubuntu.com/ubuntu noble/main amd64 libtag1v5-vanilla amd64 1.13.1-1build1 [326 kB]
2025-11-12T20:18:07.2601468Z Get:60 http://azure.archive.ubuntu.com/ubuntu noble/main amd64 libtag1v5 amd64 1.13.1-1build1 [11.7 kB]
2025-11-12T20:18:07.2859043Z Get:61 http://azure.archive.ubuntu.com/ubuntu noble/main amd64 libtwolame0 amd64 0.4.0-2build3 [52.3 kB]
2025-11-12T20:18:07.3132374Z Get:62 http://azure.archive.ubuntu.com/ubuntu noble/main amd64 libv4lconvert0t64 amd64 1.26.1-4build3 [87.6 kB]
2025-11-12T20:18:07.3475439Z Get:63 http://azure.archive.ubuntu.com/ubuntu noble/main amd64 libv4l-0t64 amd64 1.26.1-4build3 [46.9 kB]
2025-11-12T20:18:07.3762895Z Get:64 http://azure.archive.ubuntu.com/ubuntu noble-updates/main amd64 libvpx9 amd64 1.14.0-1ubuntu2.2 [1143 kB]
2025-11-12T20:18:07.5229983Z Get:65 http://azure.archive.ubuntu.com/ubuntu noble/main amd64 libwavpack1 amd64 5.6.0-1build1 [84.6 kB]
2025-11-12T20:18:07.5581223Z Get:66 http://azure.archive.ubuntu.com/ubuntu noble-updates/main amd64 gstreamer1.0-plugins-good amd64 1.24.2-1ubuntu1.2 [2238 kB]
2025-11-12T20:18:07.7338587Z Get:67 http://azure.archive.ubuntu.com/ubuntu noble/main amd64 libgles2 amd64 1.7.0-1build1 [17.1 kB]
2025-11-12T20:18:07.7587979Z Get:68 http://azure.archive.ubuntu.com/ubuntu noble/main amd64 xdg-dbus-proxy amd64 0.1.5-1build2 [25.9 kB]
2025-11-12T20:18:07.7896266Z Get:69 http://azure.archive.ubuntu.com/ubuntu noble-updates/main amd64 libegl-mesa0 amd64 25.0.7-0ubuntu0.24.04.2 [124 kB]
2025-11-12T20:18:07.8237005Z Get:70 http://azure.archive.ubuntu.com/ubuntu noble/main amd64 libegl1 amd64 1.7.0-1build1 [28.7 kB]
2025-11-12T20:18:07.8560604Z Get:71 http://azure.archive.ubuntu.com/ubuntu noble-updates/main amd64 libgstreamer-gl1.0-0 amd64 1.24.2-1ubuntu0.3 [214 kB]
2025-11-12T20:18:07.8987467Z Get:72 http://azure.archive.ubuntu.com/ubuntu noble/main amd64 libharfbuzz-icu0 amd64 8.3.0-2build2 [13.3 kB]
2025-11-12T20:18:07.9258317Z Get:73 http://azure.archive.ubuntu.com/ubuntu noble/main amd64 libhyphen0 amd64 2.8.8-7build3 [26.5 kB]
2025-11-12T20:18:07.9552618Z Get:74 http://azure.archive.ubuntu.com/ubuntu noble/main amd64 libmanette-0.2-0 amd64 0.2.7-1build2 [30.6 kB]
2025-11-12T20:18:08.0297930Z Get:75 http://azure.archive.ubuntu.com/ubuntu noble/main amd64 libsecret-common all 0.21.4-1build3 [4962 B]
2025-11-12T20:18:08.0601469Z Get:76 http://azure.archive.ubuntu.com/ubuntu noble/main amd64 libsecret-1-0 amd64 0.21.4-1build3 [116 kB]
2025-11-12T20:18:08.0994301Z Get:77 http://azure.archive.ubuntu.com/ubuntu noble/main amd64 libwoff1 amd64 1.0.2-2build1 [45.3 kB]
2025-11-12T20:18:08.1337593Z Get:78 http://azure.archive.ubuntu.com/ubuntu noble-updates/main amd64 libwebkit2gtk-4.1-0 amd64 2.48.7-0ubuntu0.24.04.2 [26.8 MB]
2025-11-12T20:18:10.3945068Z Get:79 http://azure.archive.ubuntu.com/ubuntu noble-updates/main amd64 gir1.2-webkit2-4.1 amd64 2.48.7-0ubuntu0.24.04.2 [105 kB]
2025-11-12T20:18:10.4343471Z Get:80 http://azure.archive.ubuntu.com/ubuntu noble/main amd64 python3-mako all 1.3.2-1 [63.3 kB]
2025-11-12T20:18:10.4680817Z Get:81 http://azure.archive.ubuntu.com/ubuntu noble/main amd64 python3-markdown all 3.5.2-1 [72.0 kB]
2025-11-12T20:18:10.5052531Z Get:82 http://azure.archive.ubuntu.com/ubuntu noble/main amd64 gobject-introspection-bin amd64 1.80.1-1 [254 kB]
2025-11-12T20:18:10.5469738Z Get:83 http://azure.archive.ubuntu.com/ubuntu noble-updates/main amd64 libglib2.0-dev-bin amd64 2.80.0-6ubuntu3.4 [138 kB]
2025-11-12T20:18:10.5829461Z Get:84 http://azure.archive.ubuntu.com/ubuntu noble-updates/main amd64 uuid-dev amd64 2.39.3-9ubuntu6.3 [33.5 kB]
2025-11-12T20:18:10.6093813Z Get:85 http://azure.archive.ubuntu.com/ubuntu noble-updates/main amd64 libblkid-dev amd64 2.39.3-9ubuntu6.3 [204 kB]
2025-11-12T20:18:10.6602833Z Get:86 http://azure.archive.ubuntu.com/ubuntu noble/main amd64 libsepol-dev amd64 3.5-2build1 [384 kB]
2025-11-12T20:18:10.7333433Z Get:87 http://azure.archive.ubuntu.com/ubuntu noble-updates/main amd64 libselinux1-dev amd64 3.5-2ubuntu2.1 [164 kB]
2025-11-12T20:18:10.7762834Z Get:88 http://azure.archive.ubuntu.com/ubuntu noble-updates/main amd64 libmount-dev amd64 2.39.3-9ubuntu6.3 [14.9 kB]
2025-11-12T20:18:10.8014537Z Get:89 http://azure.archive.ubuntu.com/ubuntu noble-updates/main amd64 libgirepository-2.0-0 amd64 2.80.0-6ubuntu3.4 [73.6 kB]
2025-11-12T20:18:10.8308087Z Get:90 http://azure.archive.ubuntu.com/ubuntu noble-updates/main amd64 libglib2.0-dev amd64 2.80.0-6ubuntu3.4 [1860 kB]
2025-11-12T20:18:11.0072389Z Get:91 http://azure.archive.ubuntu.com/ubuntu noble/main amd64 gobject-introspection amd64 1.80.1-1 [105 kB]
2025-11-12T20:18:11.0395377Z Get:92 http://azure.archive.ubuntu.com/ubuntu noble/main amd64 libgraphene-1.0-0 amd64 1.10.8-3build2 [46.2 kB]
2025-11-12T20:18:11.1122034Z Get:93 http://azure.archive.ubuntu.com/ubuntu noble-updates/main amd64 gstreamer1.0-gl amd64 1.24.2-1ubuntu0.3 [116 kB]
2025-11-12T20:18:11.1506274Z Get:94 http://azure.archive.ubuntu.com/ubuntu noble/main amd64 libxv1 amd64 2:1.0.11-1.1build1 [10.7 kB]
2025-11-12T20:18:11.1818494Z Get:95 http://azure.archive.ubuntu.com/ubuntu noble-updates/main amd64 gstreamer1.0-x amd64 1.24.2-1ubuntu0.3 [85.1 kB]
2025-11-12T20:18:11.2170209Z Get:96 http://azure.archive.ubuntu.com/ubuntu noble/main amd64 libatk1.0-dev amd64 2.52.0-1build1 [100 kB]
2025-11-12T20:18:11.2520651Z Get:97 http://azure.archive.ubuntu.com/ubuntu noble-updates/main amd64 libdbus-1-dev amd64 1.14.10-4ubuntu4.1 [190 kB]
2025-11-12T20:18:11.2985406Z Get:98 http://azure.archive.ubuntu.com/ubuntu noble/main amd64 xorg-sgml-doctools all 1:1.11-1.1 [10.9 kB]
2025-11-12T20:18:11.3288663Z Get:99 http://azure.archive.ubuntu.com/ubuntu noble/main amd64 x11proto-dev all 2023.2-1 [602 kB]
2025-11-12T20:18:11.4043516Z Get:100 http://azure.archive.ubuntu.com/ubuntu noble/main amd64 libxau-dev amd64 1:1.0.9-1build6 [9570 B]
2025-11-12T20:18:11.4374543Z Get:101 http://azure.archive.ubuntu.com/ubuntu noble/main amd64 libxdmcp-dev amd64 1:1.1.3-0ubuntu6 [26.5 kB]
2025-11-12T20:18:11.4673082Z Get:102 http://azure.archive.ubuntu.com/ubuntu noble/main amd64 xtrans-dev all 1.4.0-1 [68.9 kB]
2025-11-12T20:18:11.4968882Z Get:103 http://azure.archive.ubuntu.com/ubuntu noble/main amd64 libpthread-stubs0-dev amd64 0.4-1build3 [4746 B]
2025-11-12T20:18:11.5198148Z Get:104 http://azure.archive.ubuntu.com/ubuntu noble/main amd64 libxcb1-dev amd64 1.15-1ubuntu2 [85.8 kB]
2025-11-12T20:18:11.5499975Z Get:105 http://azure.archive.ubuntu.com/ubuntu noble/main amd64 libx11-dev amd64 2:1.8.7-1build1 [732 kB]
2025-11-12T20:18:11.5998727Z Get:106 http://azure.archive.ubuntu.com/ubuntu noble/main amd64 libxext-dev amd64 2:1.3.4-1build2 [83.5 kB]
2025-11-12T20:18:11.6275623Z Get:107 http://azure.archive.ubuntu.com/ubuntu noble/main amd64 libxfixes-dev amd64 1:6.0.0-2build1 [12.1 kB]
2025-11-12T20:18:11.6536127Z Get:108 http://azure.archive.ubuntu.com/ubuntu noble/main amd64 libxi-dev amd64 2:1.8.1-1build1 [194 kB]
2025-11-12T20:18:11.6822595Z Get:109 http://azure.archive.ubuntu.com/ubuntu noble/main amd64 libxtst-dev amd64 2:1.2.3-1.1build1 [15.9 kB]
2025-11-12T20:18:11.7091249Z Get:110 http://azure.archive.ubuntu.com/ubuntu noble/main amd64 libatspi2.0-dev amd64 2.52.0-1build1 [76.2 kB]
2025-11-12T20:18:11.7321147Z Get:111 http://azure.archive.ubuntu.com/ubuntu noble/main amd64 libatk-bridge2.0-dev amd64 2.52.0-1build1 [4284 B]
2025-11-12T20:18:11.7561133Z Get:112 http://azure.archive.ubuntu.com/ubuntu noble/main amd64 libcairo-script-interpreter2 amd64 1.18.0-3build1 [60.3 kB]
2025-11-12T20:18:11.7916219Z Get:113 http://azure.archive.ubuntu.com/ubuntu noble/main amd64 libbrotli-dev amd64 1.1.0-2build2 [353 kB]
2025-11-12T20:18:11.8298357Z Get:114 http://azure.archive.ubuntu.com/ubuntu noble-updates/main amd64 libbz2-dev amd64 1.0.8-5.1build0.1 [33.6 kB]
2025-11-12T20:18:11.8566807Z Get:115 http://azure.archive.ubuntu.com/ubuntu noble/main amd64 libpng-dev amd64 1.6.43-5build1 [264 kB]
2025-11-12T20:18:11.8890944Z Get:116 http://azure.archive.ubuntu.com/ubuntu noble/main amd64 libfreetype-dev amd64 2.13.2+dfsg-1build3 [575 kB]
2025-11-12T20:18:11.9249508Z Get:117 http://azure.archive.ubuntu.com/ubuntu noble/main amd64 libfontconfig-dev amd64 2.15.0-1.1ubuntu2 [161 kB]
2025-11-12T20:18:11.9552842Z Get:118 http://azure.archive.ubuntu.com/ubuntu noble/main amd64 libpixman-1-dev amd64 0.42.2-1build1 [296 kB]
2025-11-12T20:18:11.9838937Z Get:119 http://azure.archive.ubuntu.com/ubuntu noble/main amd64 libice-dev amd64 2:1.0.10-1build3 [51.0 kB]
2025-11-12T20:18:12.0103812Z Get:120 http://azure.archive.ubuntu.com/ubuntu noble/main amd64 libsm-dev amd64 2:1.2.3-1build3 [17.8 kB]
2025-11-12T20:18:12.0817291Z Get:121 http://azure.archive.ubuntu.com/ubuntu noble/main amd64 libxcb-render0-dev amd64 1.15-1ubuntu2 [19.6 kB]
2025-11-12T20:18:12.1107005Z Get:122 http://azure.archive.ubuntu.com/ubuntu noble/main amd64 libxcb-shm0-dev amd64 1.15-1ubuntu2 [8246 B]
2025-11-12T20:18:12.1372932Z Get:123 http://azure.archive.ubuntu.com/ubuntu noble/main amd64 libxrender-dev amd64 1:0.9.10-1.1build1 [26.3 kB]
2025-11-12T20:18:12.1647903Z Get:124 http://azure.archive.ubuntu.com/ubuntu noble/main amd64 libcairo2-dev amd64 1.18.0-3build1 [41.1 kB]
2025-11-12T20:18:12.1959735Z Get:125 http://azure.archive.ubuntu.com/ubuntu noble/main amd64 libglx-dev amd64 1.7.0-1build1 [14.2 kB]
2025-11-12T20:18:12.2232006Z Get:126 http://azure.archive.ubuntu.com/ubuntu noble/main amd64 libgl-dev amd64 1.7.0-1build1 [102 kB]
2025-11-12T20:18:12.2552068Z Get:127 http://azure.archive.ubuntu.com/ubuntu noble/main amd64 libegl-dev amd64 1.7.0-1build1 [18.2 kB]
2025-11-12T20:18:12.2795227Z Get:128 http://azure.archive.ubuntu.com/ubuntu noble/main amd64 libglvnd-core-dev amd64 1.7.0-1build1 [13.6 kB]
2025-11-12T20:18:12.3022626Z Get:129 http://azure.archive.ubuntu.com/ubuntu noble/main amd64 libgles1 amd64 1.7.0-1build1 [11.6 kB]
2025-11-12T20:18:12.3290206Z Get:130 http://azure.archive.ubuntu.com/ubuntu noble/main amd64 libgles-dev amd64 1.7.0-1build1 [50.5 kB]
2025-11-12T20:18:12.3561262Z Get:131 http://azure.archive.ubuntu.com/ubuntu noble/main amd64 libopengl0 amd64 1.7.0-1build1 [32.8 kB]
2025-11-12T20:18:12.3785171Z Get:132 http://azure.archive.ubuntu.com/ubuntu noble/main amd64 libopengl-dev amd64 1.7.0-1build1 [3454 B]
2025-11-12T20:18:12.4031706Z Get:133 http://azure.archive.ubuntu.com/ubuntu noble/main amd64 libglvnd-dev amd64 1.7.0-1build1 [3198 B]
2025-11-12T20:18:12.4250459Z Get:134 http://azure.archive.ubuntu.com/ubuntu noble-updates/main amd64 libegl1-mesa-dev amd64 25.0.7-0ubuntu0.24.04.2 [25.0 kB]
2025-11-12T20:18:12.4485479Z Get:135 http://azure.archive.ubuntu.com/ubuntu noble/main amd64 libepoxy-dev amd64 1.5.10-1build1 [132 kB]
2025-11-12T20:18:12.4808496Z Get:136 http://azure.archive.ubuntu.com/ubuntu noble/main amd64 libfribidi-dev amd64 1.0.13-3build1 [64.8 kB]
2025-11-12T20:18:12.5053605Z Get:137 http://azure.archive.ubuntu.com/ubuntu noble-updates/main amd64 libgdk-pixbuf2.0-bin amd64 2.42.10+dfsg-3ubuntu3.2 [13.9 kB]
2025-11-12T20:18:12.5280402Z Get:138 http://azure.archive.ubuntu.com/ubuntu noble/main amd64 libjpeg-turbo8-dev amd64 2.1.5-2ubuntu2 [295 kB]
2025-11-12T20:18:12.5587501Z Get:139 http://azure.archive.ubuntu.com/ubuntu noble/main amd64 libjpeg8-dev amd64 8c-2ubuntu11 [1484 B]
2025-11-12T20:18:12.6294672Z Get:140 http://azure.archive.ubuntu.com/ubuntu noble/main amd64 libjpeg-dev amd64 8c-2ubuntu11 [1482 B]
2025-11-12T20:18:12.6559855Z Get:141 http://azure.archive.ubuntu.com/ubuntu noble/main amd64 libjbig-dev amd64 2.1-6.1ubuntu2 [27.9 kB]
2025-11-12T20:18:12.6849471Z Get:142 http://azure.archive.ubuntu.com/ubuntu noble-updates/main amd64 liblzma-dev amd64 5.6.1+really5.4.5-1ubuntu0.2 [176 kB]
2025-11-12T20:18:12.7142675Z Get:143 http://azure.archive.ubuntu.com/ubuntu noble/main amd64 libwebpdecoder3 amd64 1.3.2-0.4build3 [114 kB]
2025-11-12T20:18:12.7389407Z Get:144 http://azure.archive.ubuntu.com/ubuntu noble/main amd64 libsharpyuv-dev amd64 1.3.2-0.4build3 [16.0 kB]
2025-11-12T20:18:12.7623543Z Get:145 http://azure.archive.ubuntu.com/ubuntu noble/main amd64 libwebp-dev amd64 1.3.2-0.4build3 [367 kB]
2025-11-12T20:18:12.7970912Z Get:146 http://azure.archive.ubuntu.com/ubuntu noble-updates/main amd64 libtiffxx6 amd64 4.5.1+git230720-4ubuntu2.4 [5648 B]
2025-11-12T20:18:12.8246589Z Get:147 http://azure.archive.ubuntu.com/ubuntu noble-updates/main amd64 libdeflate-dev amd64 1.19-1build1.1 [50.9 kB]
2025-11-12T20:18:12.8516019Z Get:148 http://azure.archive.ubuntu.com/ubuntu noble/main amd64 liblerc-dev amd64 4.0.0+ds-4ubuntu2 [182 kB]
2025-11-12T20:18:12.8804782Z Get:149 http://azure.archive.ubuntu.com/ubuntu noble-updates/main amd64 libtiff-dev amd64 4.5.1+git230720-4ubuntu2.4 [338 kB]
2025-11-12T20:18:12.9098027Z Get:150 http://azure.archive.ubuntu.com/ubuntu noble-updates/main amd64 libgdk-pixbuf-2.0-dev amd64 2.42.10+dfsg-3ubuntu3.2 [48.0 kB]
2025-11-12T20:18:12.9324910Z Get:151 http://azure.archive.ubuntu.com/ubuntu noble/main amd64 libharfbuzz-subset0 amd64 8.3.0-2build2 [448 kB]
2025-11-12T20:18:12.9653941Z Get:152 http://azure.archive.ubuntu.com/ubuntu noble/main amd64 libharfbuzz-cairo0 amd64 8.3.0-2build2 [26.2 kB]
2025-11-12T20:18:12.9893838Z Get:153 http://azure.archive.ubuntu.com/ubuntu noble/main amd64 libgraphite2-dev amd64 1.3.14-2build1 [14.7 kB]
2025-11-12T20:18:13.0128195Z Get:154 http://azure.archive.ubuntu.com/ubuntu noble/main amd64 libharfbuzz-dev amd64 8.3.0-2build2 [142 kB]
2025-11-12T20:18:13.0413870Z Get:155 http://azure.archive.ubuntu.com/ubuntu noble/main amd64 libdatrie-dev amd64 0.2.13-3build1 [19.4 kB]
2025-11-12T20:18:13.0696422Z Get:156 http://azure.archive.ubuntu.com/ubuntu noble/main amd64 libthai-dev amd64 0.1.29-2build1 [26.6 kB]
2025-11-12T20:18:13.0926856Z Get:157 http://azure.archive.ubuntu.com/ubuntu noble/main amd64 libxft-dev amd64 2.3.6-1build1 [64.3 kB]
2025-11-12T20:18:13.1212648Z Get:158 http://azure.archive.ubuntu.com/ubuntu noble/main amd64 pango1.0-tools amd64 1.52.1+ds-1build1 [36.7 kB]
2025-11-12T20:18:13.1927813Z Get:159 http://azure.archive.ubuntu.com/ubuntu noble/main amd64 libpango1.0-dev amd64 1.52.1+ds-1build1 [147 kB]
2025-11-12T20:18:13.2207230Z Get:160 http://azure.archive.ubuntu.com/ubuntu noble/main amd64 libwayland-bin amd64 1.22.0-2.1build1 [20.6 kB]
2025-11-12T20:18:13.2469258Z Get:161 http://azure.archive.ubuntu.com/ubuntu noble/main amd64 libwayland-dev amd64 1.22.0-2.1build1 [71.3 kB]
2025-11-12T20:18:13.2746374Z Get:162 http://azure.archive.ubuntu.com/ubuntu noble/main amd64 libxcomposite-dev amd64 1:0.4.5-1build3 [9374 B]
2025-11-12T20:18:13.3010190Z Get:163 http://azure.archive.ubuntu.com/ubuntu noble/main amd64 libxcursor-dev amd64 1:1.2.1-1build1 [31.8 kB]
2025-11-12T20:18:13.3273458Z Get:164 http://azure.archive.ubuntu.com/ubuntu noble/main amd64 libxdamage-dev amd64 1:1.1.6-1build1 [5270 B]
2025-11-12T20:18:13.3702867Z Get:165 http://azure.archive.ubuntu.com/ubuntu noble/main amd64 libxinerama-dev amd64 2:1.1.4-3build1 [7988 B]
2025-11-12T20:18:13.3931371Z Get:166 http://azure.archive.ubuntu.com/ubuntu noble/main amd64 libxkbcommon-dev amd64 1.6.0-1build1 [56.3 kB]
2025-11-12T20:18:13.4488886Z Get:167 http://azure.archive.ubuntu.com/ubuntu noble/main amd64 libxrandr-dev amd64 2:1.5.2-2build1 [26.4 kB]
2025-11-12T20:18:13.4718152Z Get:168 http://azure.archive.ubuntu.com/ubuntu noble-updates/main amd64 wayland-protocols all 1.38-1~ubuntu0.24.04.1 [93.0 kB]
2025-11-12T20:18:13.4959093Z Get:169 http://azure.archive.ubuntu.com/ubuntu noble-updates/main amd64 libgtk-3-dev amd64 3.24.41-4ubuntu1.3 [1096 kB]
2025-11-12T20:18:13.6141007Z Get:170 http://azure.archive.ubuntu.com/ubuntu noble/main amd64 libayatana-ido3-dev amd64 0.10.1-1build2 [14.2 kB]
2025-11-12T20:18:13.6374554Z Get:171 http://azure.archive.ubuntu.com/ubuntu noble/main amd64 libayatana-indicator3-dev amd64 0.9.4-1build1 [6956 B]
2025-11-12T20:18:13.6595533Z Get:172 http://azure.archive.ubuntu.com/ubuntu noble/main amd64 libdbusmenu-glib-dev amd64 18.10.20180917~bzr492+repack1-3.1ubuntu5 [70.6 kB]
2025-11-12T20:18:13.6831329Z Get:173 http://azure.archive.ubuntu.com/ubuntu noble/main amd64 libayatana-appindicator3-dev amd64 0.5.93-1build3 [14.9 kB]
2025-11-12T20:18:13.7071789Z Get:174 http://azure.archive.ubuntu.com/ubuntu noble/main amd64 libgirepository-1.0-dev amd64 1.80.1-1 [28.5 kB]
2025-11-12T20:18:13.7353333Z Get:175 http://azure.archive.ubuntu.com/ubuntu noble/main amd64 libgirepository1.0-dev amd64 1.80.1-1 [17.0 kB]
2025-11-12T20:18:13.8049905Z Get:176 http://azure.archive.ubuntu.com/ubuntu noble-updates/universe amd64 libjavascriptcoregtk-4.1-dev amd64 2.48.7-0ubuntu0.24.04.2 [69.6 kB]
2025-11-12T20:18:13.8485870Z Get:177 http://azure.archive.ubuntu.com/ubuntu noble-updates/main amd64 libnghttp2-dev amd64 1.59.0-1ubuntu0.2 [116 kB]
2025-11-12T20:18:13.8928742Z Get:178 http://azure.archive.ubuntu.com/ubuntu noble/main amd64 libwebrtc-audio-processing1 amd64 0.3.1-0ubuntu6 [290 kB]
2025-11-12T20:18:13.9469470Z Get:179 http://azure.archive.ubuntu.com/ubuntu noble-updates/main amd64 libspa-0.2-modules amd64 1.0.5-1ubuntu3.1 [626 kB]
2025-11-12T20:18:14.0085193Z Get:180 http://azure.archive.ubuntu.com/ubuntu noble-updates/main amd64 libpipewire-0.3-0t64 amd64 1.0.5-1ubuntu3.1 [252 kB]
2025-11-12T20:18:14.0369833Z Get:181 http://azure.archive.ubuntu.com/ubuntu noble-updates/main amd64 libpipewire-0.3-common all 1.0.5-1ubuntu3.1 [18.9 kB]
2025-11-12T20:18:14.0670745Z Get:182 http://azure.archive.ubuntu.com/ubuntu noble/main amd64 libpng-tools amd64 1.6.43-5build1 [28.5 kB]
2025-11-12T20:18:14.0955761Z Get:183 http://azure.archive.ubuntu.com/ubuntu noble/main amd64 libpsl-dev amd64 0.21.2-1.1build1 [76.4 kB]
2025-11-12T20:18:14.1224587Z Get:184 http://azure.archive.ubuntu.com/ubuntu noble/main amd64 librsvg2-common amd64 2.58.0+dfsg-1build1 [11.8 kB]
2025-11-12T20:18:14.1472700Z Get:185 http://azure.archive.ubuntu.com/ubuntu noble/universe amd64 librsvg2-dev amd64 2.58.0+dfsg-1build1 [38.0 kB]
2025-11-12T20:18:14.1750449Z Get:186 http://azure.archive.ubuntu.com/ubuntu noble/universe amd64 libsysprof-capture-4-dev amd64 46.0-1build1 [51.0 kB]
2025-11-12T20:18:14.1991267Z Get:187 http://azure.archive.ubuntu.com/ubuntu noble-updates/universe amd64 libsoup-3.0-dev amd64 3.4.4-5ubuntu0.5 [105 kB]
2025-11-12T20:18:14.2229284Z Get:188 http://azure.archive.ubuntu.com/ubuntu noble-updates/universe amd64 libwebkit2gtk-4.1-dev amd64 2.48.7-0ubuntu0.24.04.2 [289 kB]
2025-11-12T20:18:14.2504085Z Get:189 http://azure.archive.ubuntu.com/ubuntu noble-updates/main amd64 xdg-desktop-portal amd64 1.18.4-1ubuntu2.24.04.1 [298 kB]
2025-11-12T20:18:14.2759472Z Get:190 http://azure.archive.ubuntu.com/ubuntu noble/main amd64 xdg-desktop-portal-gtk amd64 1.15.1-1build2 [80.3 kB]
2025-11-12T20:18:14.7093853Z Fetched 63.9 MB in 11s (5891 kB/s)
2025-11-12T20:18:14.7371959Z Selecting previously unselected package bubblewrap.
2025-11-12T20:18:14.7644570Z (Reading database ... 
2025-11-12T20:18:14.7645081Z (Reading database ... 5%
2025-11-12T20:18:14.7645598Z (Reading database ... 10%
2025-11-12T20:18:14.7645971Z (Reading database ... 15%
2025-11-12T20:18:14.7646391Z (Reading database ... 20%
2025-11-12T20:18:14.7646657Z (Reading database ... 25%
2025-11-12T20:18:14.7646890Z (Reading database ... 30%
2025-11-12T20:18:14.7647126Z (Reading database ... 35%
2025-11-12T20:18:14.7647361Z (Reading database ... 40%
2025-11-12T20:18:14.7647606Z (Reading database ... 45%
2025-11-12T20:18:14.7647843Z (Reading database ... 50%
2025-11-12T20:18:14.7741997Z (Reading database ... 55%
2025-11-12T20:18:14.8925649Z (Reading database ... 60%
2025-11-12T20:18:15.0102131Z (Reading database ... 65%
2025-11-12T20:18:15.0653807Z (Reading database ... 70%
2025-11-12T20:18:15.1637544Z (Reading database ... 75%
2025-11-12T20:18:15.2908120Z (Reading database ... 80%
2025-11-12T20:18:15.3941839Z (Reading database ... 85%
2025-11-12T20:18:15.5198538Z (Reading database ... 90%
2025-11-12T20:18:15.6738013Z (Reading database ... 95%
2025-11-12T20:18:15.6738638Z (Reading database ... 100%
2025-11-12T20:18:15.6739489Z (Reading database ... 215802 files and directories currently installed.)
2025-11-12T20:18:15.6782990Z Preparing to unpack .../000-bubblewrap_0.9.0-1ubuntu0.1_amd64.deb ...
2025-11-12T20:18:15.6811532Z Unpacking bubblewrap (0.9.0-1ubuntu0.1) ...
2025-11-12T20:18:15.7096951Z Selecting previously unselected package build-essential.
2025-11-12T20:18:15.7227725Z Preparing to unpack .../001-build-essential_12.10ubuntu1_amd64.deb ...
2025-11-12T20:18:15.7237232Z Unpacking build-essential (12.10ubuntu1) ...
2025-11-12T20:18:15.7451894Z Selecting previously unselected package bzip2-doc.
2025-11-12T20:18:15.7581533Z Preparing to unpack .../002-bzip2-doc_1.0.8-5.1build0.1_all.deb ...
2025-11-12T20:18:15.7592511Z Unpacking bzip2-doc (1.0.8-5.1build0.1) ...
2025-11-12T20:18:15.7848070Z Selecting previously unselected package gir1.2-atk-1.0:amd64.
2025-11-12T20:18:15.7982843Z Preparing to unpack .../003-gir1.2-atk-1.0_2.52.0-1build1_amd64.deb ...
2025-11-12T20:18:15.7995947Z Unpacking gir1.2-atk-1.0:amd64 (2.52.0-1build1) ...
2025-11-12T20:18:15.8217519Z Selecting previously unselected package gir1.2-freedesktop:amd64.
2025-11-12T20:18:15.8352036Z Preparing to unpack .../004-gir1.2-freedesktop_1.80.1-1_amd64.deb ...
2025-11-12T20:18:15.8363090Z Unpacking gir1.2-freedesktop:amd64 (1.80.1-1) ...
2025-11-12T20:18:15.8598379Z Selecting previously unselected package gir1.2-atspi-2.0:amd64.
2025-11-12T20:18:15.8733068Z Preparing to unpack .../005-gir1.2-atspi-2.0_2.52.0-1build1_amd64.deb ...
2025-11-12T20:18:15.8743236Z Unpacking gir1.2-atspi-2.0:amd64 (2.52.0-1build1) ...
2025-11-12T20:18:15.8956240Z Selecting previously unselected package gir1.2-gdkpixbuf-2.0:amd64.
2025-11-12T20:18:15.9088998Z Preparing to unpack .../006-gir1.2-gdkpixbuf-2.0_2.42.10+dfsg-3ubuntu3.2_amd64.deb ...
2025-11-12T20:18:15.9098153Z Unpacking gir1.2-gdkpixbuf-2.0:amd64 (2.42.10+dfsg-3ubuntu3.2) ...
2025-11-12T20:18:15.9327369Z Selecting previously unselected package libharfbuzz-gobject0:amd64.
2025-11-12T20:18:15.9458813Z Preparing to unpack .../007-libharfbuzz-gobject0_8.3.0-2build2_amd64.deb ...
2025-11-12T20:18:15.9480097Z Unpacking libharfbuzz-gobject0:amd64 (8.3.0-2build2) ...
2025-11-12T20:18:15.9694225Z Selecting previously unselected package gir1.2-harfbuzz-0.0:amd64.
2025-11-12T20:18:15.9823925Z Preparing to unpack .../008-gir1.2-harfbuzz-0.0_8.3.0-2build2_amd64.deb ...
2025-11-12T20:18:15.9832788Z Unpacking gir1.2-harfbuzz-0.0:amd64 (8.3.0-2build2) ...
2025-11-12T20:18:16.0062933Z Selecting previously unselected package libpangoxft-1.0-0:amd64.
2025-11-12T20:18:16.0191933Z Preparing to unpack .../009-libpangoxft-1.0-0_1.52.1+ds-1build1_amd64.deb ...
2025-11-12T20:18:16.0207427Z Unpacking libpangoxft-1.0-0:amd64 (1.52.1+ds-1build1) ...
2025-11-12T20:18:16.0407857Z Selecting previously unselected package gir1.2-pango-1.0:amd64.
2025-11-12T20:18:16.0537700Z Preparing to unpack .../010-gir1.2-pango-1.0_1.52.1+ds-1build1_amd64.deb ...
2025-11-12T20:18:16.0554837Z Unpacking gir1.2-pango-1.0:amd64 (1.52.1+ds-1build1) ...
2025-11-12T20:18:16.0765703Z Selecting previously unselected package gir1.2-gtk-3.0:amd64.
2025-11-12T20:18:16.0894139Z Preparing to unpack .../011-gir1.2-gtk-3.0_3.24.41-4ubuntu1.3_amd64.deb ...
2025-11-12T20:18:16.0904122Z Unpacking gir1.2-gtk-3.0:amd64 (3.24.41-4ubuntu1.3) ...
2025-11-12T20:18:16.1166228Z Selecting previously unselected package libayatana-ido3-0.4-0:amd64.
2025-11-12T20:18:16.1293537Z Preparing to unpack .../012-libayatana-ido3-0.4-0_0.10.1-1build2_amd64.deb ...
2025-11-12T20:18:16.1305836Z Unpacking libayatana-ido3-0.4-0:amd64 (0.10.1-1build2) ...
2025-11-12T20:18:16.1554477Z Selecting previously unselected package libayatana-indicator3-7:amd64.
2025-11-12T20:18:16.1681662Z Preparing to unpack .../013-libayatana-indicator3-7_0.9.4-1build1_amd64.deb ...
2025-11-12T20:18:16.1699304Z Unpacking libayatana-indicator3-7:amd64 (0.9.4-1build1) ...
2025-11-12T20:18:16.1934342Z Selecting previously unselected package libayatana-appindicator3-1.
2025-11-12T20:18:16.2060702Z Preparing to unpack .../014-libayatana-appindicator3-1_0.5.93-1build3_amd64.deb ...
2025-11-12T20:18:16.2071775Z Unpacking libayatana-appindicator3-1 (0.5.93-1build3) ...
2025-11-12T20:18:16.2275282Z Selecting previously unselected package gir1.2-ayatanaappindicator3-0.1.
2025-11-12T20:18:16.2401394Z Preparing to unpack .../015-gir1.2-ayatanaappindicator3-0.1_0.5.93-1build3_amd64.deb ...
2025-11-12T20:18:16.2412486Z Unpacking gir1.2-ayatanaappindicator3-0.1 (0.5.93-1build3) ...
2025-11-12T20:18:16.2611949Z Selecting previously unselected package gir1.2-ayatanaido3-0.4:amd64.
2025-11-12T20:18:16.2739708Z Preparing to unpack .../016-gir1.2-ayatanaido3-0.4_0.10.1-1build2_amd64.deb ...
2025-11-12T20:18:16.2751335Z Unpacking gir1.2-ayatanaido3-0.4:amd64 (0.10.1-1build2) ...
2025-11-12T20:18:16.2956126Z Selecting previously unselected package gir1.2-dbusmenu-glib-0.4:amd64.
2025-11-12T20:18:16.3083836Z Preparing to unpack .../017-gir1.2-dbusmenu-glib-0.4_18.10.20180917~bzr492+repack1-3.1ubuntu5_amd64.deb ...
2025-11-12T20:18:16.3094950Z Unpacking gir1.2-dbusmenu-glib-0.4:amd64 (18.10.20180917~bzr492+repack1-3.1ubuntu5) ...
2025-11-12T20:18:16.3293223Z Selecting previously unselected package gir1.2-glib-2.0-dev:amd64.
2025-11-12T20:18:16.3420478Z Preparing to unpack .../018-gir1.2-glib-2.0-dev_2.80.0-6ubuntu3.4_amd64.deb ...
2025-11-12T20:18:16.3429986Z Unpacking gir1.2-glib-2.0-dev:amd64 (2.80.0-6ubuntu3.4) ...
2025-11-12T20:18:16.4017454Z Selecting previously unselected package gir1.2-freedesktop-dev:amd64.
2025-11-12T20:18:16.4150150Z Preparing to unpack .../019-gir1.2-freedesktop-dev_1.80.1-1_amd64.deb ...
2025-11-12T20:18:16.4163903Z Unpacking gir1.2-freedesktop-dev:amd64 (1.80.1-1) ...
2025-11-12T20:18:16.4389699Z Selecting previously unselected package gir1.2-girepository-2.0-dev:amd64.
2025-11-12T20:18:16.4521351Z Preparing to unpack .../020-gir1.2-girepository-2.0-dev_1.80.1-1_amd64.deb ...
2025-11-12T20:18:16.4534724Z Unpacking gir1.2-girepository-2.0-dev:amd64 (1.80.1-1) ...
2025-11-12T20:18:16.4766027Z Selecting previously unselected package libjavascriptcoregtk-4.1-0:amd64.
2025-11-12T20:18:16.4897120Z Preparing to unpack .../021-libjavascriptcoregtk-4.1-0_2.48.7-0ubuntu0.24.04.2_amd64.deb ...
2025-11-12T20:18:16.4909925Z Unpacking libjavascriptcoregtk-4.1-0:amd64 (2.48.7-0ubuntu0.24.04.2) ...
2025-11-12T20:18:16.6235867Z Selecting previously unselected package gir1.2-javascriptcoregtk-4.1:amd64.
2025-11-12T20:18:16.6369725Z Preparing to unpack .../022-gir1.2-javascriptcoregtk-4.1_2.48.7-0ubuntu0.24.04.2_amd64.deb ...
2025-11-12T20:18:16.6381842Z Unpacking gir1.2-javascriptcoregtk-4.1:amd64 (2.48.7-0ubuntu0.24.04.2) ...
2025-11-12T20:18:16.6617775Z Selecting previously unselected package librsvg2-2:amd64.
2025-11-12T20:18:16.6750347Z Preparing to unpack .../023-librsvg2-2_2.58.0+dfsg-1build1_amd64.deb ...
2025-11-12T20:18:16.6760854Z Unpacking librsvg2-2:amd64 (2.58.0+dfsg-1build1) ...
2025-11-12T20:18:16.7245623Z Selecting previously unselected package gir1.2-rsvg-2.0:amd64.
2025-11-12T20:18:16.7379490Z Preparing to unpack .../024-gir1.2-rsvg-2.0_2.58.0+dfsg-1build1_amd64.deb ...
2025-11-12T20:18:16.7391005Z Unpacking gir1.2-rsvg-2.0:amd64 (2.58.0+dfsg-1build1) ...
2025-11-12T20:18:16.7611761Z Selecting previously unselected package libproxy1v5:amd64.
2025-11-12T20:18:16.7744161Z Preparing to unpack .../025-libproxy1v5_0.5.4-4build1_amd64.deb ...
2025-11-12T20:18:16.7757250Z Unpacking libproxy1v5:amd64 (0.5.4-4build1) ...
2025-11-12T20:18:16.7980091Z Selecting previously unselected package glib-networking-common.
2025-11-12T20:18:16.8111694Z Preparing to unpack .../026-glib-networking-common_2.80.0-1build1_all.deb ...
2025-11-12T20:18:16.8121884Z Unpacking glib-networking-common (2.80.0-1build1) ...
2025-11-12T20:18:16.8315852Z Selecting previously unselected package glib-networking-services.
2025-11-12T20:18:16.8445470Z Preparing to unpack .../027-glib-networking-services_2.80.0-1build1_amd64.deb ...
2025-11-12T20:18:16.8458041Z Unpacking glib-networking-services (2.80.0-1build1) ...
2025-11-12T20:18:16.8674330Z Selecting previously unselected package session-migration.
2025-11-12T20:18:16.8804218Z Preparing to unpack .../028-session-migration_0.3.9build1_amd64.deb ...
2025-11-12T20:18:16.8815869Z Unpacking session-migration (0.3.9build1) ...
2025-11-12T20:18:16.9059906Z Selecting previously unselected package gsettings-desktop-schemas.
2025-11-12T20:18:16.9190578Z Preparing to unpack .../029-gsettings-desktop-schemas_46.1-0ubuntu1_all.deb ...
2025-11-12T20:18:16.9204904Z Unpacking gsettings-desktop-schemas (46.1-0ubuntu1) ...
2025-11-12T20:18:16.9508841Z Selecting previously unselected package glib-networking:amd64.
2025-11-12T20:18:16.9638592Z Preparing to unpack .../030-glib-networking_2.80.0-1build1_amd64.deb ...
2025-11-12T20:18:16.9648639Z Unpacking glib-networking:amd64 (2.80.0-1build1) ...
2025-11-12T20:18:16.9877093Z Selecting previously unselected package libsoup-3.0-common.
2025-11-12T20:18:17.0005143Z Preparing to unpack .../031-libsoup-3.0-common_3.4.4-5ubuntu0.5_all.deb ...
2025-11-12T20:18:17.0019757Z Unpacking libsoup-3.0-common (3.4.4-5ubuntu0.5) ...
2025-11-12T20:18:17.0230966Z Selecting previously unselected package libsoup-3.0-0:amd64.
2025-11-12T20:18:17.0358114Z Preparing to unpack .../032-libsoup-3.0-0_3.4.4-5ubuntu0.5_amd64.deb ...
2025-11-12T20:18:17.0367834Z Unpacking libsoup-3.0-0:amd64 (3.4.4-5ubuntu0.5) ...
2025-11-12T20:18:17.0715614Z Selecting previously unselected package gir1.2-soup-3.0:amd64.
2025-11-12T20:18:17.0843058Z Preparing to unpack .../033-gir1.2-soup-3.0_3.4.4-5ubuntu0.5_amd64.deb ...
2025-11-12T20:18:17.0854986Z Unpacking gir1.2-soup-3.0:amd64 (3.4.4-5ubuntu0.5) ...
2025-11-12T20:18:17.1063291Z Selecting previously unselected package libcdparanoia0:amd64.
2025-11-12T20:18:17.1193031Z Preparing to unpack .../034-libcdparanoia0_3.10.2+debian-14build3_amd64.deb ...
2025-11-12T20:18:17.1205264Z Unpacking libcdparanoia0:amd64 (3.10.2+debian-14build3) ...
2025-11-12T20:18:17.1469796Z Selecting previously unselected package liborc-0.4-0t64:amd64.
2025-11-12T20:18:17.1600087Z Preparing to unpack .../035-liborc-0.4-0t64_1%3a0.4.38-1ubuntu0.1_amd64.deb ...
2025-11-12T20:18:17.1611005Z Unpacking liborc-0.4-0t64:amd64 (1:0.4.38-1ubuntu0.1) ...
2025-11-12T20:18:17.1879120Z Selecting previously unselected package libgstreamer-plugins-base1.0-0:amd64.
2025-11-12T20:18:17.2009513Z Preparing to unpack .../036-libgstreamer-plugins-base1.0-0_1.24.2-1ubuntu0.3_amd64.deb ...
2025-11-12T20:18:17.2022191Z Unpacking libgstreamer-plugins-base1.0-0:amd64 (1.24.2-1ubuntu0.3) ...
2025-11-12T20:18:17.2374608Z Selecting previously unselected package libopus0:amd64.
2025-11-12T20:18:17.2504318Z Preparing to unpack .../037-libopus0_1.4-1build1_amd64.deb ...
2025-11-12T20:18:17.2514981Z Unpacking libopus0:amd64 (1.4-1build1) ...
2025-11-12T20:18:17.2762438Z Selecting previously unselected package libtheora0:amd64.
2025-11-12T20:18:17.2891842Z Preparing to unpack .../038-libtheora0_1.1.1+dfsg.1-16.1build3_amd64.deb ...
2025-11-12T20:18:17.2903559Z Unpacking libtheora0:amd64 (1.1.1+dfsg.1-16.1build3) ...
2025-11-12T20:18:17.3165499Z Selecting previously unselected package libvisual-0.4-0:amd64.
2025-11-12T20:18:17.3294905Z Preparing to unpack .../039-libvisual-0.4-0_0.4.2-2build1_amd64.deb ...
2025-11-12T20:18:17.3307254Z Unpacking libvisual-0.4-0:amd64 (0.4.2-2build1) ...
2025-11-12T20:18:17.3567395Z Selecting previously unselected package libvorbisenc2:amd64.
2025-11-12T20:18:17.3695230Z Preparing to unpack .../040-libvorbisenc2_1.3.7-1build3_amd64.deb ...
2025-11-12T20:18:17.3706386Z Unpacking libvorbisenc2:amd64 (1.3.7-1build3) ...
2025-11-12T20:18:17.3944567Z Selecting previously unselected package gstreamer1.0-plugins-base:amd64.
2025-11-12T20:18:17.4072641Z Preparing to unpack .../041-gstreamer1.0-plugins-base_1.24.2-1ubuntu0.3_amd64.deb ...
2025-11-12T20:18:17.4081902Z Unpacking gstreamer1.0-plugins-base:amd64 (1.24.2-1ubuntu0.3) ...
2025-11-12T20:18:17.4447562Z Selecting previously unselected package libaa1:amd64.
2025-11-12T20:18:17.4579497Z Preparing to unpack .../042-libaa1_1.4p5-51.1_amd64.deb ...
2025-11-12T20:18:17.4591158Z Unpacking libaa1:amd64 (1.4p5-51.1) ...
2025-11-12T20:18:17.4822171Z Selecting previously unselected package libraw1394-11:amd64.
2025-11-12T20:18:17.4951726Z Preparing to unpack .../043-libraw1394-11_2.1.2-2build3_amd64.deb ...
2025-11-12T20:18:17.4961649Z Unpacking libraw1394-11:amd64 (2.1.2-2build3) ...
2025-11-12T20:18:17.5192474Z Selecting previously unselected package libavc1394-0:amd64.
2025-11-12T20:18:17.5321048Z Preparing to unpack .../044-libavc1394-0_0.5.4-5build3_amd64.deb ...
2025-11-12T20:18:17.5333071Z Unpacking libavc1394-0:amd64 (0.5.4-5build3) ...
2025-11-12T20:18:17.5548377Z Selecting previously unselected package libcaca0:amd64.
2025-11-12T20:18:17.5693735Z Preparing to unpack .../045-libcaca0_0.99.beta20-4build2_amd64.deb ...
2025-11-12T20:18:17.5703922Z Unpacking libcaca0:amd64 (0.99.beta20-4build2) ...
2025-11-12T20:18:17.5960199Z Selecting previously unselected package libdv4t64:amd64.
2025-11-12T20:18:17.6088217Z Preparing to unpack .../046-libdv4t64_1.0.0-17.1build1_amd64.deb ...
2025-11-12T20:18:17.6197420Z Unpacking libdv4t64:amd64 (1.0.0-17.1build1) ...
2025-11-12T20:18:17.6431156Z Selecting previously unselected package libflac12t64:amd64.
2025-11-12T20:18:17.6559968Z Preparing to unpack .../047-libflac12t64_1.4.3+ds-2.1ubuntu2_amd64.deb ...
2025-11-12T20:18:17.6571627Z Unpacking libflac12t64:amd64 (1.4.3+ds-2.1ubuntu2) ...
2025-11-12T20:18:17.6812382Z Selecting previously unselected package libgstreamer-plugins-good1.0-0:amd64.
2025-11-12T20:18:17.6940093Z Preparing to unpack .../048-libgstreamer-plugins-good1.0-0_1.24.2-1ubuntu1.2_amd64.deb ...
2025-11-12T20:18:17.6950153Z Unpacking libgstreamer-plugins-good1.0-0:amd64 (1.24.2-1ubuntu1.2) ...
2025-11-12T20:18:17.7166865Z Selecting previously unselected package libiec61883-0:amd64.
2025-11-12T20:18:17.7292749Z Preparing to unpack .../049-libiec61883-0_1.2.0-6build1_amd64.deb ...
2025-11-12T20:18:17.7304163Z Unpacking libiec61883-0:amd64 (1.2.0-6build1) ...
2025-11-12T20:18:17.7524622Z Selecting previously unselected package libmp3lame0:amd64.
2025-11-12T20:18:17.7650032Z Preparing to unpack .../050-libmp3lame0_3.100-6build1_amd64.deb ...
2025-11-12T20:18:17.7660338Z Unpacking libmp3lame0:amd64 (3.100-6build1) ...
2025-11-12T20:18:17.7904633Z Selecting previously unselected package libmpg123-0t64:amd64.
2025-11-12T20:18:17.8041119Z Preparing to unpack .../051-libmpg123-0t64_1.32.5-1ubuntu1.1_amd64.deb ...
2025-11-12T20:18:17.8052250Z Unpacking libmpg123-0t64:amd64 (1.32.5-1ubuntu1.1) ...
2025-11-12T20:18:17.8309753Z Selecting previously unselected package libasyncns0:amd64.
2025-11-12T20:18:17.8442896Z Preparing to unpack .../052-libasyncns0_0.8-6build4_amd64.deb ...
2025-11-12T20:18:17.8457148Z Unpacking libasyncns0:amd64 (0.8-6build4) ...
2025-11-12T20:18:17.8692146Z Selecting previously unselected package libsndfile1:amd64.
2025-11-12T20:18:17.8824059Z Preparing to unpack .../053-libsndfile1_1.2.2-1ubuntu5.24.04.1_amd64.deb ...
2025-11-12T20:18:17.8833573Z Unpacking libsndfile1:amd64 (1.2.2-1ubuntu5.24.04.1) ...
2025-11-12T20:18:17.9111034Z Selecting previously unselected package libpulse0:amd64.
2025-11-12T20:18:17.9242029Z Preparing to unpack .../054-libpulse0_1%3a16.1+dfsg1-2ubuntu10.1_amd64.deb ...
2025-11-12T20:18:17.9307265Z Unpacking libpulse0:amd64 (1:16.1+dfsg1-2ubuntu10.1) ...
2025-11-12T20:18:17.9580839Z Selecting previously unselected package libspeex1:amd64.
2025-11-12T20:18:17.9711150Z Preparing to unpack .../055-libspeex1_1.2.1-2ubuntu2.24.04.1_amd64.deb ...
2025-11-12T20:18:17.9722350Z Unpacking libspeex1:amd64 (1.2.1-2ubuntu2.24.04.1) ...
2025-11-12T20:18:17.9951686Z Selecting previously unselected package libshout3:amd64.
2025-11-12T20:18:18.0080724Z Preparing to unpack .../056-libshout3_2.4.6-1build2_amd64.deb ...
2025-11-12T20:18:18.0092007Z Unpacking libshout3:amd64 (2.4.6-1build2) ...
2025-11-12T20:18:18.0324099Z Selecting previously unselected package libtag1v5-vanilla:amd64.
2025-11-12T20:18:18.0452657Z Preparing to unpack .../057-libtag1v5-vanilla_1.13.1-1build1_amd64.deb ...
2025-11-12T20:18:18.0463544Z Unpacking libtag1v5-vanilla:amd64 (1.13.1-1build1) ...
2025-11-12T20:18:18.0733398Z Selecting previously unselected package libtag1v5:amd64.
2025-11-12T20:18:18.0867033Z Preparing to unpack .../058-libtag1v5_1.13.1-1build1_amd64.deb ...
2025-11-12T20:18:18.0879252Z Unpacking libtag1v5:amd64 (1.13.1-1build1) ...
2025-11-12T20:18:18.1100678Z Selecting previously unselected package libtwolame0:amd64.
2025-11-12T20:18:18.1232751Z Preparing to unpack .../059-libtwolame0_0.4.0-2build3_amd64.deb ...
2025-11-12T20:18:18.1243894Z Unpacking libtwolame0:amd64 (0.4.0-2build3) ...
2025-11-12T20:18:18.1475463Z Selecting previously unselected package libv4lconvert0t64:amd64.
2025-11-12T20:18:18.1606583Z Preparing to unpack .../060-libv4lconvert0t64_1.26.1-4build3_amd64.deb ...
2025-11-12T20:18:18.1617968Z Unpacking libv4lconvert0t64:amd64 (1.26.1-4build3) ...
2025-11-12T20:18:18.1857230Z Selecting previously unselected package libv4l-0t64:amd64.
2025-11-12T20:18:18.1986646Z Preparing to unpack .../061-libv4l-0t64_1.26.1-4build3_amd64.deb ...
2025-11-12T20:18:18.1996078Z Unpacking libv4l-0t64:amd64 (1.26.1-4build3) ...
2025-11-12T20:18:18.2260424Z Selecting previously unselected package libvpx9:amd64.
2025-11-12T20:18:18.2389763Z Preparing to unpack .../062-libvpx9_1.14.0-1ubuntu2.2_amd64.deb ...
2025-11-12T20:18:18.2403223Z Unpacking libvpx9:amd64 (1.14.0-1ubuntu2.2) ...
2025-11-12T20:18:18.2788117Z Selecting previously unselected package libwavpack1:amd64.
2025-11-12T20:18:18.2918307Z Preparing to unpack .../063-libwavpack1_5.6.0-1build1_amd64.deb ...
2025-11-12T20:18:18.2929510Z Unpacking libwavpack1:amd64 (5.6.0-1build1) ...
2025-11-12T20:18:18.3145259Z Selecting previously unselected package gstreamer1.0-plugins-good:amd64.
2025-11-12T20:18:18.3274478Z Preparing to unpack .../064-gstreamer1.0-plugins-good_1.24.2-1ubuntu1.2_amd64.deb ...
2025-11-12T20:18:18.3282808Z Unpacking gstreamer1.0-plugins-good:amd64 (1.24.2-1ubuntu1.2) ...
2025-11-12T20:18:18.3864234Z Selecting previously unselected package libgles2:amd64.
2025-11-12T20:18:18.3995568Z Preparing to unpack .../065-libgles2_1.7.0-1build1_amd64.deb ...
2025-11-12T20:18:18.4004696Z Unpacking libgles2:amd64 (1.7.0-1build1) ...
2025-11-12T20:18:18.4203543Z Selecting previously unselected package xdg-dbus-proxy.
2025-11-12T20:18:18.4334379Z Preparing to unpack .../066-xdg-dbus-proxy_0.1.5-1build2_amd64.deb ...
2025-11-12T20:18:18.4341873Z Unpacking xdg-dbus-proxy (0.1.5-1build2) ...
2025-11-12T20:18:18.4556713Z Selecting previously unselected package libegl-mesa0:amd64.
2025-11-12T20:18:18.4686561Z Preparing to unpack .../067-libegl-mesa0_25.0.7-0ubuntu0.24.04.2_amd64.deb ...
2025-11-12T20:18:18.4696137Z Unpacking libegl-mesa0:amd64 (25.0.7-0ubuntu0.24.04.2) ...
2025-11-12T20:18:18.4934505Z Selecting previously unselected package libegl1:amd64.
2025-11-12T20:18:18.5063486Z Preparing to unpack .../068-libegl1_1.7.0-1build1_amd64.deb ...
2025-11-12T20:18:18.5081641Z Unpacking libegl1:amd64 (1.7.0-1build1) ...
2025-11-12T20:18:18.5302205Z Selecting previously unselected package libgstreamer-gl1.0-0:amd64.
2025-11-12T20:18:18.5431372Z Preparing to unpack .../069-libgstreamer-gl1.0-0_1.24.2-1ubuntu0.3_amd64.deb ...
2025-11-12T20:18:18.5440254Z Unpacking libgstreamer-gl1.0-0:amd64 (1.24.2-1ubuntu0.3) ...
2025-11-12T20:18:18.5682915Z Selecting previously unselected package libharfbuzz-icu0:amd64.
2025-11-12T20:18:18.5813375Z Preparing to unpack .../070-libharfbuzz-icu0_8.3.0-2build2_amd64.deb ...
2025-11-12T20:18:18.5821664Z Unpacking libharfbuzz-icu0:amd64 (8.3.0-2build2) ...
2025-11-12T20:18:18.6035482Z Selecting previously unselected package libhyphen0:amd64.
2025-11-12T20:18:18.6161361Z Preparing to unpack .../071-libhyphen0_2.8.8-7build3_amd64.deb ...
2025-11-12T20:18:18.6172785Z Unpacking libhyphen0:amd64 (2.8.8-7build3) ...
2025-11-12T20:18:18.6383987Z Selecting previously unselected package libmanette-0.2-0:amd64.
2025-11-12T20:18:18.6517343Z Preparing to unpack .../072-libmanette-0.2-0_0.2.7-1build2_amd64.deb ...
2025-11-12T20:18:18.6525962Z Unpacking libmanette-0.2-0:amd64 (0.2.7-1build2) ...
2025-11-12T20:18:18.6782934Z Selecting previously unselected package libsecret-common.
2025-11-12T20:18:18.6915411Z Preparing to unpack .../073-libsecret-common_0.21.4-1build3_all.deb ...
2025-11-12T20:18:18.6922712Z Unpacking libsecret-common (0.21.4-1build3) ...
2025-11-12T20:18:18.7146635Z Selecting previously unselected package libsecret-1-0:amd64.
2025-11-12T20:18:18.7277144Z Preparing to unpack .../074-libsecret-1-0_0.21.4-1build3_amd64.deb ...
2025-11-12T20:18:18.7288629Z Unpacking libsecret-1-0:amd64 (0.21.4-1build3) ...
2025-11-12T20:18:18.7512698Z Selecting previously unselected package libwoff1:amd64.
2025-11-12T20:18:18.7643751Z Preparing to unpack .../075-libwoff1_1.0.2-2build1_amd64.deb ...
2025-11-12T20:18:18.7653267Z Unpacking libwoff1:amd64 (1.0.2-2build1) ...
2025-11-12T20:18:18.7870873Z Selecting previously unselected package libwebkit2gtk-4.1-0:amd64.
2025-11-12T20:18:18.8002195Z Preparing to unpack .../076-libwebkit2gtk-4.1-0_2.48.7-0ubuntu0.24.04.2_amd64.deb ...
2025-11-12T20:18:18.8011612Z Unpacking libwebkit2gtk-4.1-0:amd64 (2.48.7-0ubuntu0.24.04.2) ...
2025-11-12T20:18:19.1273376Z Selecting previously unselected package gir1.2-webkit2-4.1:amd64.
2025-11-12T20:18:19.1407202Z Preparing to unpack .../077-gir1.2-webkit2-4.1_2.48.7-0ubuntu0.24.04.2_amd64.deb ...
2025-11-12T20:18:19.1415442Z Unpacking gir1.2-webkit2-4.1:amd64 (2.48.7-0ubuntu0.24.04.2) ...
2025-11-12T20:18:19.1652715Z Selecting previously unselected package python3-mako.
2025-11-12T20:18:19.1784680Z Preparing to unpack .../078-python3-mako_1.3.2-1_all.deb ...
2025-11-12T20:18:19.1794070Z Unpacking python3-mako (1.3.2-1) ...
2025-11-12T20:18:19.2110606Z Selecting previously unselected package python3-markdown.
2025-11-12T20:18:19.2242630Z Preparing to unpack .../079-python3-markdown_3.5.2-1_all.deb ...
2025-11-12T20:18:19.2250420Z Unpacking python3-markdown (3.5.2-1) ...
2025-11-12T20:18:19.2529831Z Selecting previously unselected package gobject-introspection-bin.
2025-11-12T20:18:19.2659086Z Preparing to unpack .../080-gobject-introspection-bin_1.80.1-1_amd64.deb ...
2025-11-12T20:18:19.2667086Z Unpacking gobject-introspection-bin (1.80.1-1) ...
2025-11-12T20:18:19.3159959Z Selecting previously unselected package libglib2.0-dev-bin.
2025-11-12T20:18:19.3291225Z Preparing to unpack .../081-libglib2.0-dev-bin_2.80.0-6ubuntu3.4_amd64.deb ...
2025-11-12T20:18:19.3298297Z Unpacking libglib2.0-dev-bin (2.80.0-6ubuntu3.4) ...
2025-11-12T20:18:19.3788802Z Selecting previously unselected package uuid-dev:amd64.
2025-11-12T20:18:19.3920189Z Preparing to unpack .../082-uuid-dev_2.39.3-9ubuntu6.3_amd64.deb ...
2025-11-12T20:18:19.3945579Z Unpacking uuid-dev:amd64 (2.39.3-9ubuntu6.3) ...
2025-11-12T20:18:19.4292160Z Selecting previously unselected package libblkid-dev:amd64.
2025-11-12T20:18:19.4422673Z Preparing to unpack .../083-libblkid-dev_2.39.3-9ubuntu6.3_amd64.deb ...
2025-11-12T20:18:19.4432586Z Unpacking libblkid-dev:amd64 (2.39.3-9ubuntu6.3) ...
2025-11-12T20:18:19.4675333Z Selecting previously unselected package libsepol-dev:amd64.
2025-11-12T20:18:19.4807791Z Preparing to unpack .../084-libsepol-dev_3.5-2build1_amd64.deb ...
2025-11-12T20:18:19.4816482Z Unpacking libsepol-dev:amd64 (3.5-2build1) ...
2025-11-12T20:18:19.5145498Z Selecting previously unselected package libselinux1-dev:amd64.
2025-11-12T20:18:19.5277972Z Preparing to unpack .../085-libselinux1-dev_3.5-2ubuntu2.1_amd64.deb ...
2025-11-12T20:18:19.5286267Z Unpacking libselinux1-dev:amd64 (3.5-2ubuntu2.1) ...
2025-11-12T20:18:19.5734910Z Selecting previously unselected package libmount-dev:amd64.
2025-11-12T20:18:19.5868131Z Preparing to unpack .../086-libmount-dev_2.39.3-9ubuntu6.3_amd64.deb ...
2025-11-12T20:18:19.5877052Z Unpacking libmount-dev:amd64 (2.39.3-9ubuntu6.3) ...
2025-11-12T20:18:19.6086043Z Selecting previously unselected package libgirepository-2.0-0:amd64.
2025-11-12T20:18:19.6217952Z Preparing to unpack .../087-libgirepository-2.0-0_2.80.0-6ubuntu3.4_amd64.deb ...
2025-11-12T20:18:19.6231209Z Unpacking libgirepository-2.0-0:amd64 (2.80.0-6ubuntu3.4) ...
2025-11-12T20:18:19.6435174Z Selecting previously unselected package libglib2.0-dev:amd64.
2025-11-12T20:18:19.6564536Z Preparing to unpack .../088-libglib2.0-dev_2.80.0-6ubuntu3.4_amd64.deb ...
2025-11-12T20:18:19.6574114Z Unpacking libglib2.0-dev:amd64 (2.80.0-6ubuntu3.4) ...
2025-11-12T20:18:19.7674226Z Selecting previously unselected package gobject-introspection:amd64.
2025-11-12T20:18:19.7809801Z Preparing to unpack .../089-gobject-introspection_1.80.1-1_amd64.deb ...
2025-11-12T20:18:19.7820173Z Unpacking gobject-introspection:amd64 (1.80.1-1) ...
2025-11-12T20:18:19.8122042Z Selecting previously unselected package libgraphene-1.0-0:amd64.
2025-11-12T20:18:19.8256208Z Preparing to unpack .../090-libgraphene-1.0-0_1.10.8-3build2_amd64.deb ...
2025-11-12T20:18:19.8264962Z Unpacking libgraphene-1.0-0:amd64 (1.10.8-3build2) ...
2025-11-12T20:18:19.8483472Z Selecting previously unselected package gstreamer1.0-gl:amd64.
2025-11-12T20:18:19.8614530Z Preparing to unpack .../091-gstreamer1.0-gl_1.24.2-1ubuntu0.3_amd64.deb ...
2025-11-12T20:18:19.8621949Z Unpacking gstreamer1.0-gl:amd64 (1.24.2-1ubuntu0.3) ...
2025-11-12T20:18:19.8837626Z Selecting previously unselected package libxv1:amd64.
2025-11-12T20:18:19.8967744Z Preparing to unpack .../092-libxv1_2%3a1.0.11-1.1build1_amd64.deb ...
2025-11-12T20:18:19.8975537Z Unpacking libxv1:amd64 (2:1.0.11-1.1build1) ...
2025-11-12T20:18:19.9168563Z Selecting previously unselected package gstreamer1.0-x:amd64.
2025-11-12T20:18:19.9298231Z Preparing to unpack .../093-gstreamer1.0-x_1.24.2-1ubuntu0.3_amd64.deb ...
2025-11-12T20:18:19.9305321Z Unpacking gstreamer1.0-x:amd64 (1.24.2-1ubuntu0.3) ...
2025-11-12T20:18:19.9514991Z Selecting previously unselected package libatk1.0-dev:amd64.
2025-11-12T20:18:19.9643739Z Preparing to unpack .../094-libatk1.0-dev_2.52.0-1build1_amd64.deb ...
2025-11-12T20:18:19.9652865Z Unpacking libatk1.0-dev:amd64 (2.52.0-1build1) ...
2025-11-12T20:18:19.9954795Z Selecting previously unselected package libdbus-1-dev:amd64.
2025-11-12T20:18:20.0082428Z Preparing to unpack .../095-libdbus-1-dev_1.14.10-4ubuntu4.1_amd64.deb ...
2025-11-12T20:18:20.0089432Z Unpacking libdbus-1-dev:amd64 (1.14.10-4ubuntu4.1) ...
2025-11-12T20:18:20.0388745Z Selecting previously unselected package xorg-sgml-doctools.
2025-11-12T20:18:20.0518737Z Preparing to unpack .../096-xorg-sgml-doctools_1%3a1.11-1.1_all.deb ...
2025-11-12T20:18:20.0526492Z Unpacking xorg-sgml-doctools (1:1.11-1.1) ...
2025-11-12T20:18:20.0793525Z Selecting previously unselected package x11proto-dev.
2025-11-12T20:18:20.0924991Z Preparing to unpack .../097-x11proto-dev_2023.2-1_all.deb ...
2025-11-12T20:18:20.0934585Z Unpacking x11proto-dev (2023.2-1) ...
2025-11-12T20:18:20.1439755Z Selecting previously unselected package libxau-dev:amd64.
2025-11-12T20:18:20.1572880Z Preparing to unpack .../098-libxau-dev_1%3a1.0.9-1build6_amd64.deb ...
2025-11-12T20:18:20.1581850Z Unpacking libxau-dev:amd64 (1:1.0.9-1build6) ...
2025-11-12T20:18:20.1786660Z Selecting previously unselected package libxdmcp-dev:amd64.
2025-11-12T20:18:20.1915072Z Preparing to unpack .../099-libxdmcp-dev_1%3a1.1.3-0ubuntu6_amd64.deb ...
2025-11-12T20:18:20.1923967Z Unpacking libxdmcp-dev:amd64 (1:1.1.3-0ubuntu6) ...
2025-11-12T20:18:20.2119698Z Selecting previously unselected package xtrans-dev.
2025-11-12T20:18:20.2248543Z Preparing to unpack .../100-xtrans-dev_1.4.0-1_all.deb ...
2025-11-12T20:18:20.2256437Z Unpacking xtrans-dev (1.4.0-1) ...
2025-11-12T20:18:20.2500350Z Selecting previously unselected package libpthread-stubs0-dev:amd64.
2025-11-12T20:18:20.2630259Z Preparing to unpack .../101-libpthread-stubs0-dev_0.4-1build3_amd64.deb ...
2025-11-12T20:18:20.2638501Z Unpacking libpthread-stubs0-dev:amd64 (0.4-1build3) ...
2025-11-12T20:18:20.2833986Z Selecting previously unselected package libxcb1-dev:amd64.
2025-11-12T20:18:20.2963183Z Preparing to unpack .../102-libxcb1-dev_1.15-1ubuntu2_amd64.deb ...
2025-11-12T20:18:20.2974638Z Unpacking libxcb1-dev:amd64 (1.15-1ubuntu2) ...
2025-11-12T20:18:20.3204611Z Selecting previously unselected package libx11-dev:amd64.
2025-11-12T20:18:20.3335310Z Preparing to unpack .../103-libx11-dev_2%3a1.8.7-1build1_amd64.deb ...
2025-11-12T20:18:20.3352280Z Unpacking libx11-dev:amd64 (2:1.8.7-1build1) ...
2025-11-12T20:18:20.3674668Z Selecting previously unselected package libxext-dev:amd64.
2025-11-12T20:18:20.3821679Z Preparing to unpack .../104-libxext-dev_2%3a1.3.4-1build2_amd64.deb ...
2025-11-12T20:18:20.3822518Z Unpacking libxext-dev:amd64 (2:1.3.4-1build2) ...
2025-11-12T20:18:20.4136947Z Selecting previously unselected package libxfixes-dev:amd64.
2025-11-12T20:18:20.4268470Z Preparing to unpack .../105-libxfixes-dev_1%3a6.0.0-2build1_amd64.deb ...
2025-11-12T20:18:20.4276318Z Unpacking libxfixes-dev:amd64 (1:6.0.0-2build1) ...
2025-11-12T20:18:20.4470043Z Selecting previously unselected package libxi-dev:amd64.
2025-11-12T20:18:20.4601072Z Preparing to unpack .../106-libxi-dev_2%3a1.8.1-1build1_amd64.deb ...
2025-11-12T20:18:20.4609268Z Unpacking libxi-dev:amd64 (2:1.8.1-1build1) ...
2025-11-12T20:18:20.4933328Z Selecting previously unselected package libxtst-dev:amd64.
2025-11-12T20:18:20.5064634Z Preparing to unpack .../107-libxtst-dev_2%3a1.2.3-1.1build1_amd64.deb ...
2025-11-12T20:18:20.5073531Z Unpacking libxtst-dev:amd64 (2:1.2.3-1.1build1) ...
2025-11-12T20:18:20.5294231Z Selecting previously unselected package libatspi2.0-dev:amd64.
2025-11-12T20:18:20.5424255Z Preparing to unpack .../108-libatspi2.0-dev_2.52.0-1build1_amd64.deb ...
2025-11-12T20:18:20.5432179Z Unpacking libatspi2.0-dev:amd64 (2.52.0-1build1) ...
2025-11-12T20:18:20.5704686Z Selecting previously unselected package libatk-bridge2.0-dev:amd64.
2025-11-12T20:18:20.5836612Z Preparing to unpack .../109-libatk-bridge2.0-dev_2.52.0-1build1_amd64.deb ...
2025-11-12T20:18:20.5844300Z Unpacking libatk-bridge2.0-dev:amd64 (2.52.0-1build1) ...
2025-11-12T20:18:20.6052976Z Selecting previously unselected package libcairo-script-interpreter2:amd64.
2025-11-12T20:18:20.6183198Z Preparing to unpack .../110-libcairo-script-interpreter2_1.18.0-3build1_amd64.deb ...
2025-11-12T20:18:20.6191500Z Unpacking libcairo-script-interpreter2:amd64 (1.18.0-3build1) ...
2025-11-12T20:18:20.6393732Z Selecting previously unselected package libbrotli-dev:amd64.
2025-11-12T20:18:20.6526474Z Preparing to unpack .../111-libbrotli-dev_1.1.0-2build2_amd64.deb ...
2025-11-12T20:18:20.6534168Z Unpacking libbrotli-dev:amd64 (1.1.0-2build2) ...
2025-11-12T20:18:20.6782989Z Selecting previously unselected package libbz2-dev:amd64.
2025-11-12T20:18:20.6912922Z Preparing to unpack .../112-libbz2-dev_1.0.8-5.1build0.1_amd64.deb ...
2025-11-12T20:18:20.6920683Z Unpacking libbz2-dev:amd64 (1.0.8-5.1build0.1) ...
2025-11-12T20:18:20.7120397Z Selecting previously unselected package libpng-dev:amd64.
2025-11-12T20:18:20.7249302Z Preparing to unpack .../113-libpng-dev_1.6.43-5build1_amd64.deb ...
2025-11-12T20:18:20.7257341Z Unpacking libpng-dev:amd64 (1.6.43-5build1) ...
2025-11-12T20:18:20.7586503Z Selecting previously unselected package libfreetype-dev:amd64.
2025-11-12T20:18:20.7717393Z Preparing to unpack .../114-libfreetype-dev_2.13.2+dfsg-1build3_amd64.deb ...
2025-11-12T20:18:20.7725150Z Unpacking libfreetype-dev:amd64 (2.13.2+dfsg-1build3) ...
2025-11-12T20:18:20.8064988Z Selecting previously unselected package libfontconfig-dev:amd64.
2025-11-12T20:18:20.8195398Z Preparing to unpack .../115-libfontconfig-dev_2.15.0-1.1ubuntu2_amd64.deb ...
2025-11-12T20:18:20.8204713Z Unpacking libfontconfig-dev:amd64 (2.15.0-1.1ubuntu2) ...
2025-11-12T20:18:20.8446884Z Selecting previously unselected package libpixman-1-dev:amd64.
2025-11-12T20:18:20.8576592Z Preparing to unpack .../116-libpixman-1-dev_0.42.2-1build1_amd64.deb ...
2025-11-12T20:18:20.8585828Z Unpacking libpixman-1-dev:amd64 (0.42.2-1build1) ...
2025-11-12T20:18:20.8833177Z Selecting previously unselected package libice-dev:amd64.
2025-11-12T20:18:20.8963497Z Preparing to unpack .../117-libice-dev_2%3a1.0.10-1build3_amd64.deb ...
2025-11-12T20:18:20.8972427Z Unpacking libice-dev:amd64 (2:1.0.10-1build3) ...
2025-11-12T20:18:20.9194922Z Selecting previously unselected package libsm-dev:amd64.
2025-11-12T20:18:20.9324325Z Preparing to unpack .../118-libsm-dev_2%3a1.2.3-1build3_amd64.deb ...
2025-11-12T20:18:20.9335213Z Unpacking libsm-dev:amd64 (2:1.2.3-1build3) ...
2025-11-12T20:18:20.9543834Z Selecting previously unselected package libxcb-render0-dev:amd64.
2025-11-12T20:18:20.9672319Z Preparing to unpack .../119-libxcb-render0-dev_1.15-1ubuntu2_amd64.deb ...
2025-11-12T20:18:20.9680479Z Unpacking libxcb-render0-dev:amd64 (1.15-1ubuntu2) ...
2025-11-12T20:18:20.9896803Z Selecting previously unselected package libxcb-shm0-dev:amd64.
2025-11-12T20:18:21.0023968Z Preparing to unpack .../120-libxcb-shm0-dev_1.15-1ubuntu2_amd64.deb ...
2025-11-12T20:18:21.0032104Z Unpacking libxcb-shm0-dev:amd64 (1.15-1ubuntu2) ...
2025-11-12T20:18:21.0233578Z Selecting previously unselected package libxrender-dev:amd64.
2025-11-12T20:18:21.0359417Z Preparing to unpack .../121-libxrender-dev_1%3a0.9.10-1.1build1_amd64.deb ...
2025-11-12T20:18:21.0368802Z Unpacking libxrender-dev:amd64 (1:0.9.10-1.1build1) ...
2025-11-12T20:18:21.0569244Z Selecting previously unselected package libcairo2-dev:amd64.
2025-11-12T20:18:21.0697144Z Preparing to unpack .../122-libcairo2-dev_1.18.0-3build1_amd64.deb ...
2025-11-12T20:18:21.0708186Z Unpacking libcairo2-dev:amd64 (1.18.0-3build1) ...
2025-11-12T20:18:21.0955474Z Selecting previously unselected package libglx-dev:amd64.
2025-11-12T20:18:21.1083332Z Preparing to unpack .../123-libglx-dev_1.7.0-1build1_amd64.deb ...
2025-11-12T20:18:21.1092419Z Unpacking libglx-dev:amd64 (1.7.0-1build1) ...
2025-11-12T20:18:21.1305940Z Selecting previously unselected package libgl-dev:amd64.
2025-11-12T20:18:21.1433223Z Preparing to unpack .../124-libgl-dev_1.7.0-1build1_amd64.deb ...
2025-11-12T20:18:21.1442260Z Unpacking libgl-dev:amd64 (1.7.0-1build1) ...
2025-11-12T20:18:21.1702608Z Selecting previously unselected package libegl-dev:amd64.
2025-11-12T20:18:21.1834661Z Preparing to unpack .../125-libegl-dev_1.7.0-1build1_amd64.deb ...
2025-11-12T20:18:21.1844581Z Unpacking libegl-dev:amd64 (1.7.0-1build1) ...
2025-11-12T20:18:21.2052609Z Selecting previously unselected package libglvnd-core-dev:amd64.
2025-11-12T20:18:21.2180988Z Preparing to unpack .../126-libglvnd-core-dev_1.7.0-1build1_amd64.deb ...
2025-11-12T20:18:21.2188913Z Unpacking libglvnd-core-dev:amd64 (1.7.0-1build1) ...
2025-11-12T20:18:21.2398317Z Selecting previously unselected package libgles1:amd64.
2025-11-12T20:18:21.2526078Z Preparing to unpack .../127-libgles1_1.7.0-1build1_amd64.deb ...
2025-11-12T20:18:21.2534289Z Unpacking libgles1:amd64 (1.7.0-1build1) ...
2025-11-12T20:18:21.2725422Z Selecting previously unselected package libgles-dev:amd64.
2025-11-12T20:18:21.2853192Z Preparing to unpack .../128-libgles-dev_1.7.0-1build1_amd64.deb ...
2025-11-12T20:18:21.2864069Z Unpacking libgles-dev:amd64 (1.7.0-1build1) ...
2025-11-12T20:18:21.3113915Z Selecting previously unselected package libopengl0:amd64.
2025-11-12T20:18:21.3242195Z Preparing to unpack .../129-libopengl0_1.7.0-1build1_amd64.deb ...
2025-11-12T20:18:21.3252738Z Unpacking libopengl0:amd64 (1.7.0-1build1) ...
2025-11-12T20:18:21.3455400Z Selecting previously unselected package libopengl-dev:amd64.
2025-11-12T20:18:21.3582003Z Preparing to unpack .../130-libopengl-dev_1.7.0-1build1_amd64.deb ...
2025-11-12T20:18:21.3590729Z Unpacking libopengl-dev:amd64 (1.7.0-1build1) ...
2025-11-12T20:18:21.3783537Z Selecting previously unselected package libglvnd-dev:amd64.
2025-11-12T20:18:21.3910819Z Preparing to unpack .../131-libglvnd-dev_1.7.0-1build1_amd64.deb ...
2025-11-12T20:18:21.3919292Z Unpacking libglvnd-dev:amd64 (1.7.0-1build1) ...
2025-11-12T20:18:21.4124365Z Selecting previously unselected package libegl1-mesa-dev:amd64.
2025-11-12T20:18:21.4254567Z Preparing to unpack .../132-libegl1-mesa-dev_25.0.7-0ubuntu0.24.04.2_amd64.deb ...
2025-11-12T20:18:21.4262648Z Unpacking libegl1-mesa-dev:amd64 (25.0.7-0ubuntu0.24.04.2) ...
2025-11-12T20:18:21.4467840Z Selecting previously unselected package libepoxy-dev:amd64.
2025-11-12T20:18:21.4597115Z Preparing to unpack .../133-libepoxy-dev_1.5.10-1build1_amd64.deb ...
2025-11-12T20:18:21.4605601Z Unpacking libepoxy-dev:amd64 (1.5.10-1build1) ...
2025-11-12T20:18:21.4875679Z Selecting previously unselected package libfribidi-dev:amd64.
2025-11-12T20:18:21.5009180Z Preparing to unpack .../134-libfribidi-dev_1.0.13-3build1_amd64.deb ...
2025-11-12T20:18:21.5019719Z Unpacking libfribidi-dev:amd64 (1.0.13-3build1) ...
2025-11-12T20:18:21.5303672Z Selecting previously unselected package libgdk-pixbuf2.0-bin.
2025-11-12T20:18:21.5437235Z Preparing to unpack .../135-libgdk-pixbuf2.0-bin_2.42.10+dfsg-3ubuntu3.2_amd64.deb ...
2025-11-12T20:18:21.5446178Z Unpacking libgdk-pixbuf2.0-bin (2.42.10+dfsg-3ubuntu3.2) ...
2025-11-12T20:18:21.5692819Z Selecting previously unselected package libjpeg-turbo8-dev:amd64.
2025-11-12T20:18:21.5827067Z Preparing to unpack .../136-libjpeg-turbo8-dev_2.1.5-2ubuntu2_amd64.deb ...
2025-11-12T20:18:21.5839813Z Unpacking libjpeg-turbo8-dev:amd64 (2.1.5-2ubuntu2) ...
2025-11-12T20:18:21.6100652Z Selecting previously unselected package libjpeg8-dev:amd64.
2025-11-12T20:18:21.6233618Z Preparing to unpack .../137-libjpeg8-dev_8c-2ubuntu11_amd64.deb ...
2025-11-12T20:18:21.6241724Z Unpacking libjpeg8-dev:amd64 (8c-2ubuntu11) ...
2025-11-12T20:18:21.6433668Z Selecting previously unselected package libjpeg-dev:amd64.
2025-11-12T20:18:21.6568623Z Preparing to unpack .../138-libjpeg-dev_8c-2ubuntu11_amd64.deb ...
2025-11-12T20:18:21.6577035Z Unpacking libjpeg-dev:amd64 (8c-2ubuntu11) ...
2025-11-12T20:18:21.6771473Z Selecting previously unselected package libjbig-dev:amd64.
2025-11-12T20:18:21.6904766Z Preparing to unpack .../139-libjbig-dev_2.1-6.1ubuntu2_amd64.deb ...
2025-11-12T20:18:21.6912612Z Unpacking libjbig-dev:amd64 (2.1-6.1ubuntu2) ...
2025-11-12T20:18:21.7118929Z Selecting previously unselected package liblzma-dev:amd64.
2025-11-12T20:18:21.7250954Z Preparing to unpack .../140-liblzma-dev_5.6.1+really5.4.5-1ubuntu0.2_amd64.deb ...
2025-11-12T20:18:21.7257994Z Unpacking liblzma-dev:amd64 (5.6.1+really5.4.5-1ubuntu0.2) ...
2025-11-12T20:18:21.7528109Z Selecting previously unselected package libwebpdecoder3:amd64.
2025-11-12T20:18:21.7660709Z Preparing to unpack .../141-libwebpdecoder3_1.3.2-0.4build3_amd64.deb ...
2025-11-12T20:18:21.7671023Z Unpacking libwebpdecoder3:amd64 (1.3.2-0.4build3) ...
2025-11-12T20:18:21.7891202Z Selecting previously unselected package libsharpyuv-dev:amd64.
2025-11-12T20:18:21.8024282Z Preparing to unpack .../142-libsharpyuv-dev_1.3.2-0.4build3_amd64.deb ...
2025-11-12T20:18:21.8032753Z Unpacking libsharpyuv-dev:amd64 (1.3.2-0.4build3) ...
2025-11-12T20:18:21.8243334Z Selecting previously unselected package libwebp-dev:amd64.
2025-11-12T20:18:21.8377231Z Preparing to unpack .../143-libwebp-dev_1.3.2-0.4build3_amd64.deb ...
2025-11-12T20:18:21.8384909Z Unpacking libwebp-dev:amd64 (1.3.2-0.4build3) ...
2025-11-12T20:18:21.8710223Z Selecting previously unselected package libtiffxx6:amd64.
2025-11-12T20:18:21.8843501Z Preparing to unpack .../144-libtiffxx6_4.5.1+git230720-4ubuntu2.4_amd64.deb ...
2025-11-12T20:18:21.8851855Z Unpacking libtiffxx6:amd64 (4.5.1+git230720-4ubuntu2.4) ...
2025-11-12T20:18:21.9049892Z Selecting previously unselected package libdeflate-dev:amd64.
2025-11-12T20:18:21.9182155Z Preparing to unpack .../145-libdeflate-dev_1.19-1build1.1_amd64.deb ...
2025-11-12T20:18:21.9190801Z Unpacking libdeflate-dev:amd64 (1.19-1build1.1) ...
2025-11-12T20:18:21.9415779Z Selecting previously unselected package liblerc-dev:amd64.
2025-11-12T20:18:21.9546507Z Preparing to unpack .../146-liblerc-dev_4.0.0+ds-4ubuntu2_amd64.deb ...
2025-11-12T20:18:21.9555609Z Unpacking liblerc-dev:amd64 (4.0.0+ds-4ubuntu2) ...
2025-11-12T20:18:21.9792926Z Selecting previously unselected package libtiff-dev:amd64.
2025-11-12T20:18:21.9923402Z Preparing to unpack .../147-libtiff-dev_4.5.1+git230720-4ubuntu2.4_amd64.deb ...
2025-11-12T20:18:21.9932436Z Unpacking libtiff-dev:amd64 (4.5.1+git230720-4ubuntu2.4) ...
2025-11-12T20:18:22.0265693Z Selecting previously unselected package libgdk-pixbuf-2.0-dev:amd64.
2025-11-12T20:18:22.0396930Z Preparing to unpack .../148-libgdk-pixbuf-2.0-dev_2.42.10+dfsg-3ubuntu3.2_amd64.deb ...
2025-11-12T20:18:22.0404433Z Unpacking libgdk-pixbuf-2.0-dev:amd64 (2.42.10+dfsg-3ubuntu3.2) ...
2025-11-12T20:18:22.0801451Z Selecting previously unselected package libharfbuzz-subset0:amd64.
2025-11-12T20:18:22.0931914Z Preparing to unpack .../149-libharfbuzz-subset0_8.3.0-2build2_amd64.deb ...
2025-11-12T20:18:22.0940718Z Unpacking libharfbuzz-subset0:amd64 (8.3.0-2build2) ...
2025-11-12T20:18:22.1202718Z Selecting previously unselected package libharfbuzz-cairo0:amd64.
2025-11-12T20:18:22.1333036Z Preparing to unpack .../150-libharfbuzz-cairo0_8.3.0-2build2_amd64.deb ...
2025-11-12T20:18:22.1341777Z Unpacking libharfbuzz-cairo0:amd64 (8.3.0-2build2) ...
2025-11-12T20:18:22.1542815Z Selecting previously unselected package libgraphite2-dev:amd64.
2025-11-12T20:18:22.1672438Z Preparing to unpack .../151-libgraphite2-dev_1.3.14-2build1_amd64.deb ...
2025-11-12T20:18:22.1680999Z Unpacking libgraphite2-dev:amd64 (1.3.14-2build1) ...
2025-11-12T20:18:22.1892593Z Selecting previously unselected package libharfbuzz-dev:amd64.
2025-11-12T20:18:22.2020361Z Preparing to unpack .../152-libharfbuzz-dev_8.3.0-2build2_amd64.deb ...
2025-11-12T20:18:22.2036168Z Unpacking libharfbuzz-dev:amd64 (8.3.0-2build2) ...
2025-11-12T20:18:22.2361772Z Selecting previously unselected package libdatrie-dev:amd64.
2025-11-12T20:18:22.2493620Z Preparing to unpack .../153-libdatrie-dev_0.2.13-3build1_amd64.deb ...
2025-11-12T20:18:22.2505848Z Unpacking libdatrie-dev:amd64 (0.2.13-3build1) ...
2025-11-12T20:18:22.2705884Z Selecting previously unselected package libthai-dev:amd64.
2025-11-12T20:18:22.2834954Z Preparing to unpack .../154-libthai-dev_0.1.29-2build1_amd64.deb ...
2025-11-12T20:18:22.2842202Z Unpacking libthai-dev:amd64 (0.1.29-2build1) ...
2025-11-12T20:18:22.3064512Z Selecting previously unselected package libxft-dev:amd64.
2025-11-12T20:18:22.3194716Z Preparing to unpack .../155-libxft-dev_2.3.6-1build1_amd64.deb ...
2025-11-12T20:18:22.3204202Z Unpacking libxft-dev:amd64 (2.3.6-1build1) ...
2025-11-12T20:18:22.3483888Z Selecting previously unselected package pango1.0-tools.
2025-11-12T20:18:22.3613216Z Preparing to unpack .../156-pango1.0-tools_1.52.1+ds-1build1_amd64.deb ...
2025-11-12T20:18:22.3621831Z Unpacking pango1.0-tools (1.52.1+ds-1build1) ...
2025-11-12T20:18:22.3838054Z Selecting previously unselected package libpango1.0-dev:amd64.
2025-11-12T20:18:22.3965845Z Preparing to unpack .../157-libpango1.0-dev_1.52.1+ds-1build1_amd64.deb ...
2025-11-12T20:18:22.3975880Z Unpacking libpango1.0-dev:amd64 (1.52.1+ds-1build1) ...
2025-11-12T20:18:22.4306980Z Selecting previously unselected package libwayland-bin.
2025-11-12T20:18:22.4439461Z Preparing to unpack .../158-libwayland-bin_1.22.0-2.1build1_amd64.deb ...
2025-11-12T20:18:22.4447189Z Unpacking libwayland-bin (1.22.0-2.1build1) ...
2025-11-12T20:18:22.4650681Z Selecting previously unselected package libwayland-dev:amd64.
2025-11-12T20:18:22.4781679Z Preparing to unpack .../159-libwayland-dev_1.22.0-2.1build1_amd64.deb ...
2025-11-12T20:18:22.4792253Z Unpacking libwayland-dev:amd64 (1.22.0-2.1build1) ...
2025-11-12T20:18:22.5036275Z Selecting previously unselected package libxcomposite-dev:amd64.
2025-11-12T20:18:22.5167063Z Preparing to unpack .../160-libxcomposite-dev_1%3a0.4.5-1build3_amd64.deb ...
2025-11-12T20:18:22.5175156Z Unpacking libxcomposite-dev:amd64 (1:0.4.5-1build3) ...
2025-11-12T20:18:22.5400551Z Selecting previously unselected package libxcursor-dev:amd64.
2025-11-12T20:18:22.5530321Z Preparing to unpack .../161-libxcursor-dev_1%3a1.2.1-1build1_amd64.deb ...
2025-11-12T20:18:22.5541793Z Unpacking libxcursor-dev:amd64 (1:1.2.1-1build1) ...
2025-11-12T20:18:22.5804332Z Selecting previously unselected package libxdamage-dev:amd64.
2025-11-12T20:18:22.5932706Z Preparing to unpack .../162-libxdamage-dev_1%3a1.1.6-1build1_amd64.deb ...
2025-11-12T20:18:22.5940172Z Unpacking libxdamage-dev:amd64 (1:1.1.6-1build1) ...
2025-11-12T20:18:22.6142006Z Selecting previously unselected package libxinerama-dev:amd64.
2025-11-12T20:18:22.6269057Z Preparing to unpack .../163-libxinerama-dev_2%3a1.1.4-3build1_amd64.deb ...
2025-11-12T20:18:22.6277303Z Unpacking libxinerama-dev:amd64 (2:1.1.4-3build1) ...
2025-11-12T20:18:22.6614507Z Selecting previously unselected package libxkbcommon-dev:amd64.
2025-11-12T20:18:22.6743574Z Preparing to unpack .../164-libxkbcommon-dev_1.6.0-1build1_amd64.deb ...
2025-11-12T20:18:22.6751727Z Unpacking libxkbcommon-dev:amd64 (1.6.0-1build1) ...
2025-11-12T20:18:22.6967969Z Selecting previously unselected package libxrandr-dev:amd64.
2025-11-12T20:18:22.7096786Z Preparing to unpack .../165-libxrandr-dev_2%3a1.5.2-2build1_amd64.deb ...
2025-11-12T20:18:22.7104983Z Unpacking libxrandr-dev:amd64 (2:1.5.2-2build1) ...
2025-11-12T20:18:22.7323123Z Selecting previously unselected package wayland-protocols.
2025-11-12T20:18:22.7451419Z Preparing to unpack .../166-wayland-protocols_1.38-1~ubuntu0.24.04.1_all.deb ...
2025-11-12T20:18:22.7467180Z Unpacking wayland-protocols (1.38-1~ubuntu0.24.04.1) ...
2025-11-12T20:18:22.7829055Z Selecting previously unselected package libgtk-3-dev:amd64.
2025-11-12T20:18:22.7963578Z Preparing to unpack .../167-libgtk-3-dev_3.24.41-4ubuntu1.3_amd64.deb ...
2025-11-12T20:18:22.7971003Z Unpacking libgtk-3-dev:amd64 (3.24.41-4ubuntu1.3) ...
2025-11-12T20:18:22.9226828Z Selecting previously unselected package libayatana-ido3-dev.
2025-11-12T20:18:22.9363119Z Preparing to unpack .../168-libayatana-ido3-dev_0.10.1-1build2_amd64.deb ...
2025-11-12T20:18:22.9372617Z Unpacking libayatana-ido3-dev (0.10.1-1build2) ...
2025-11-12T20:18:22.9596506Z Selecting previously unselected package libayatana-indicator3-dev.
2025-11-12T20:18:22.9730668Z Preparing to unpack .../169-libayatana-indicator3-dev_0.9.4-1build1_amd64.deb ...
2025-11-12T20:18:22.9742662Z Unpacking libayatana-indicator3-dev (0.9.4-1build1) ...
2025-11-12T20:18:22.9954207Z Selecting previously unselected package libdbusmenu-glib-dev:amd64.
2025-11-12T20:18:23.0086429Z Preparing to unpack .../170-libdbusmenu-glib-dev_18.10.20180917~bzr492+repack1-3.1ubuntu5_amd64.deb ...
2025-11-12T20:18:23.0094281Z Unpacking libdbusmenu-glib-dev:amd64 (18.10.20180917~bzr492+repack1-3.1ubuntu5) ...
2025-11-12T20:18:23.0330782Z Selecting previously unselected package libayatana-appindicator3-dev.
2025-11-12T20:18:23.0461385Z Preparing to unpack .../171-libayatana-appindicator3-dev_0.5.93-1build3_amd64.deb ...
2025-11-12T20:18:23.0468865Z Unpacking libayatana-appindicator3-dev (0.5.93-1build3) ...
2025-11-12T20:18:23.0702107Z Selecting previously unselected package libgirepository-1.0-dev:amd64.
2025-11-12T20:18:23.0833052Z Preparing to unpack .../172-libgirepository-1.0-dev_1.80.1-1_amd64.deb ...
2025-11-12T20:18:23.0841155Z Unpacking libgirepository-1.0-dev:amd64 (1.80.1-1) ...
2025-11-12T20:18:23.1072213Z Selecting previously unselected package libgirepository1.0-dev.
2025-11-12T20:18:23.1200759Z Preparing to unpack .../173-libgirepository1.0-dev_1.80.1-1_amd64.deb ...
2025-11-12T20:18:23.1208080Z Unpacking libgirepository1.0-dev (1.80.1-1) ...
2025-11-12T20:18:23.1409470Z Selecting previously unselected package libjavascriptcoregtk-4.1-dev:amd64.
2025-11-12T20:18:23.1538512Z Preparing to unpack .../174-libjavascriptcoregtk-4.1-dev_2.48.7-0ubuntu0.24.04.2_amd64.deb ...
2025-11-12T20:18:23.1546536Z Unpacking libjavascriptcoregtk-4.1-dev:amd64 (2.48.7-0ubuntu0.24.04.2) ...
2025-11-12T20:18:23.1793308Z Selecting previously unselected package libnghttp2-dev:amd64.
2025-11-12T20:18:23.1922236Z Preparing to unpack .../175-libnghttp2-dev_1.59.0-1ubuntu0.2_amd64.deb ...
2025-11-12T20:18:23.1929895Z Unpacking libnghttp2-dev:amd64 (1.59.0-1ubuntu0.2) ...
2025-11-12T20:18:23.2173188Z Selecting previously unselected package libwebrtc-audio-processing1:amd64.
2025-11-12T20:18:23.2301476Z Preparing to unpack .../176-libwebrtc-audio-processing1_0.3.1-0ubuntu6_amd64.deb ...
2025-11-12T20:18:23.2310125Z Unpacking libwebrtc-audio-processing1:amd64 (0.3.1-0ubuntu6) ...
2025-11-12T20:18:23.2544710Z Selecting previously unselected package libspa-0.2-modules:amd64.
2025-11-12T20:18:23.2675145Z Preparing to unpack .../177-libspa-0.2-modules_1.0.5-1ubuntu3.1_amd64.deb ...
2025-11-12T20:18:23.2683351Z Unpacking libspa-0.2-modules:amd64 (1.0.5-1ubuntu3.1) ...
2025-11-12T20:18:23.3032910Z Selecting previously unselected package libpipewire-0.3-0t64:amd64.
2025-11-12T20:18:23.3164757Z Preparing to unpack .../178-libpipewire-0.3-0t64_1.0.5-1ubuntu3.1_amd64.deb ...
2025-11-12T20:18:23.3174031Z Unpacking libpipewire-0.3-0t64:amd64 (1.0.5-1ubuntu3.1) ...
2025-11-12T20:18:23.3416289Z Selecting previously unselected package libpipewire-0.3-common.
2025-11-12T20:18:23.3547099Z Preparing to unpack .../179-libpipewire-0.3-common_1.0.5-1ubuntu3.1_all.deb ...
2025-11-12T20:18:23.3555103Z Unpacking libpipewire-0.3-common (1.0.5-1ubuntu3.1) ...
2025-11-12T20:18:23.3759153Z Selecting previously unselected package libpng-tools.
2025-11-12T20:18:23.3890251Z Preparing to unpack .../180-libpng-tools_1.6.43-5build1_amd64.deb ...
2025-11-12T20:18:23.3896774Z Unpacking libpng-tools (1.6.43-5build1) ...
2025-11-12T20:18:23.4106727Z Selecting previously unselected package libpsl-dev:amd64.
2025-11-12T20:18:23.4238580Z Preparing to unpack .../181-libpsl-dev_0.21.2-1.1build1_amd64.deb ...
2025-11-12T20:18:23.4246406Z Unpacking libpsl-dev:amd64 (0.21.2-1.1build1) ...
2025-11-12T20:18:23.4499941Z Selecting previously unselected package librsvg2-common:amd64.
2025-11-12T20:18:23.4629883Z Preparing to unpack .../182-librsvg2-common_2.58.0+dfsg-1build1_amd64.deb ...
2025-11-12T20:18:23.4638885Z Unpacking librsvg2-common:amd64 (2.58.0+dfsg-1build1) ...
2025-11-12T20:18:23.4854219Z Selecting previously unselected package librsvg2-dev:amd64.
2025-11-12T20:18:23.4982431Z Preparing to unpack .../183-librsvg2-dev_2.58.0+dfsg-1build1_amd64.deb ...
2025-11-12T20:18:23.5001875Z Unpacking librsvg2-dev:amd64 (2.58.0+dfsg-1build1) ...
2025-11-12T20:18:23.5213676Z Selecting previously unselected package libsysprof-capture-4-dev:amd64.
2025-11-12T20:18:23.5343299Z Preparing to unpack .../184-libsysprof-capture-4-dev_46.0-1build1_amd64.deb ...
2025-11-12T20:18:23.5359384Z Unpacking libsysprof-capture-4-dev:amd64 (46.0-1build1) ...
2025-11-12T20:18:23.5591386Z Selecting previously unselected package libsoup-3.0-dev:amd64.
2025-11-12T20:18:23.5721348Z Preparing to unpack .../185-libsoup-3.0-dev_3.4.4-5ubuntu0.5_amd64.deb ...
2025-11-12T20:18:23.5730764Z Unpacking libsoup-3.0-dev:amd64 (3.4.4-5ubuntu0.5) ...
2025-11-12T20:18:23.6033135Z Selecting previously unselected package libwebkit2gtk-4.1-dev.
2025-11-12T20:18:23.6163062Z Preparing to unpack .../186-libwebkit2gtk-4.1-dev_2.48.7-0ubuntu0.24.04.2_amd64.deb ...
2025-11-12T20:18:23.6171677Z Unpacking libwebkit2gtk-4.1-dev (2.48.7-0ubuntu0.24.04.2) ...
2025-11-12T20:18:23.6855577Z Selecting previously unselected package xdg-desktop-portal.
2025-11-12T20:18:23.6992313Z Preparing to unpack .../187-xdg-desktop-portal_1.18.4-1ubuntu2.24.04.1_amd64.deb ...
2025-11-12T20:18:23.7003325Z Unpacking xdg-desktop-portal (1.18.4-1ubuntu2.24.04.1) ...
2025-11-12T20:18:23.7294219Z Selecting previously unselected package xdg-desktop-portal-gtk.
2025-11-12T20:18:23.7429175Z Preparing to unpack .../188-xdg-desktop-portal-gtk_1.15.1-1build2_amd64.deb ...
2025-11-12T20:18:23.7437721Z Unpacking xdg-desktop-portal-gtk (1.15.1-1build2) ...
2025-11-12T20:18:23.7924053Z Setting up libpipewire-0.3-common (1.0.5-1ubuntu3.1) ...
2025-11-12T20:18:23.7954946Z Setting up bubblewrap (0.9.0-1ubuntu0.1) ...
2025-11-12T20:18:23.8000427Z Setting up libcairo-script-interpreter2:amd64 (1.18.0-3build1) ...
2025-11-12T20:18:23.8024997Z Setting up libglib2.0-dev-bin (2.80.0-6ubuntu3.4) ...
2025-11-12T20:18:23.9805463Z Setting up libcdparanoia0:amd64 (3.10.2+debian-14build3) ...
2025-11-12T20:18:23.9832257Z Setting up bzip2-doc (1.0.8-5.1build0.1) ...
2025-11-12T20:18:23.9862674Z Setting up libnghttp2-dev:amd64 (1.59.0-1ubuntu0.2) ...
2025-11-12T20:18:23.9885372Z Setting up session-migration (0.3.9build1) ...
2025-11-12T20:18:24.1002133Z Created symlink /etc/systemd/user/graphical-session-pre.target.wants/session-migration.service → /usr/lib/systemd/user/session-migration.service.
2025-11-12T20:18:24.1002705Z 
2025-11-12T20:18:24.1035469Z Setting up libjpeg-turbo8-dev:amd64 (2.1.5-2ubuntu2) ...
2025-11-12T20:18:24.1061817Z Setting up libraw1394-11:amd64 (2.1.2-2build3) ...
2025-11-12T20:18:24.1084700Z Setting up libproxy1v5:amd64 (0.5.4-4build1) ...
2025-11-12T20:18:24.1105387Z Setting up gir1.2-freedesktop:amd64 (1.80.1-1) ...
2025-11-12T20:18:24.1125831Z Setting up libtag1v5-vanilla:amd64 (1.13.1-1build1) ...
2025-11-12T20:18:24.1149715Z Setting up libharfbuzz-icu0:amd64 (8.3.0-2build2) ...
2025-11-12T20:18:24.1173356Z Setting up libpixman-1-dev:amd64 (0.42.2-1build1) ...
2025-11-12T20:18:24.1192747Z Setting up libspeex1:amd64 (1.2.1-2ubuntu2.24.04.1) ...
2025-11-12T20:18:24.1214391Z Setting up libcaca0:amd64 (0.99.beta20-4build2) ...
2025-11-12T20:18:24.1236498Z Setting up libv4lconvert0t64:amd64 (1.26.1-4build3) ...
2025-11-12T20:18:24.1260065Z Setting up libpangoxft-1.0-0:amd64 (1.52.1+ds-1build1) ...
2025-11-12T20:18:24.1281826Z Setting up gir1.2-dbusmenu-glib-0.4:amd64 (18.10.20180917~bzr492+repack1-3.1ubuntu5) ...
2025-11-12T20:18:24.1301622Z Setting up libglvnd-core-dev:amd64 (1.7.0-1build1) ...
2025-11-12T20:18:24.1321951Z Setting up libtwolame0:amd64 (0.4.0-2build3) ...
2025-11-12T20:18:24.1352600Z Setting up libwoff1:amd64 (1.0.2-2build1) ...
2025-11-12T20:18:24.1372819Z Setting up gir1.2-gdkpixbuf-2.0:amd64 (2.42.10+dfsg-3ubuntu3.2) ...
2025-11-12T20:18:24.1398605Z Setting up libhyphen0:amd64 (2.8.8-7build3) ...
2025-11-12T20:18:24.1417618Z Setting up libpng-tools (1.6.43-5build1) ...
2025-11-12T20:18:24.1438658Z Setting up libgirepository-2.0-0:amd64 (2.80.0-6ubuntu3.4) ...
2025-11-12T20:18:24.1462477Z Setting up libvisual-0.4-0:amd64 (0.4.2-2build1) ...
2025-11-12T20:18:24.1482146Z Setting up gir1.2-atk-1.0:amd64 (2.52.0-1build1) ...
2025-11-12T20:18:24.1502132Z Setting up libfribidi-dev:amd64 (1.0.13-3build1) ...
2025-11-12T20:18:24.1528475Z Setting up libmanette-0.2-0:amd64 (0.2.7-1build2) ...
2025-11-12T20:18:24.1547794Z Setting up libxkbcommon-dev:amd64 (1.6.0-1build1) ...
2025-11-12T20:18:24.1574343Z Setting up libpng-dev:amd64 (1.6.43-5build1) ...
2025-11-12T20:18:24.1593487Z Setting up pango1.0-tools (1.52.1+ds-1build1) ...
2025-11-12T20:18:24.1615329Z Setting up libjbig-dev:amd64 (2.1-6.1ubuntu2) ...
2025-11-12T20:18:24.1642659Z Setting up libwebrtc-audio-processing1:amd64 (0.3.1-0ubuntu6) ...
2025-11-12T20:18:24.1668195Z Setting up libwebpdecoder3:amd64 (1.3.2-0.4build3) ...
2025-11-12T20:18:24.1692431Z Setting up libharfbuzz-gobject0:amd64 (8.3.0-2build2) ...
2025-11-12T20:18:24.1716870Z Setting up gir1.2-atspi-2.0:amd64 (2.52.0-1build1) ...
2025-11-12T20:18:24.1742152Z Setting up libsoup-3.0-common (3.4.4-5ubuntu0.5) ...
2025-11-12T20:18:24.1766570Z Setting up libmpg123-0t64:amd64 (1.32.5-1ubuntu1.1) ...
2025-11-12T20:18:24.1788225Z Setting up libayatana-ido3-0.4-0:amd64 (0.10.1-1build2) ...
2025-11-12T20:18:24.1809913Z Setting up gir1.2-harfbuzz-0.0:amd64 (8.3.0-2build2) ...
2025-11-12T20:18:24.1831761Z Setting up libpthread-stubs0-dev:amd64 (0.4-1build3) ...
2025-11-12T20:18:24.1856384Z Setting up libopengl0:amd64 (1.7.0-1build1) ...
2025-11-12T20:18:24.1875973Z Setting up libpsl-dev:amd64 (0.21.2-1.1build1) ...
2025-11-12T20:18:24.1899302Z Setting up liborc-0.4-0t64:amd64 (1:0.4.38-1ubuntu0.1) ...
2025-11-12T20:18:24.1919361Z Setting up librsvg2-2:amd64 (2.58.0+dfsg-1build1) ...
2025-11-12T20:18:24.1940536Z Setting up libsysprof-capture-4-dev:amd64 (46.0-1build1) ...
2025-11-12T20:18:24.1963986Z Setting up xtrans-dev (1.4.0-1) ...
2025-11-12T20:18:24.1986276Z Setting up libwayland-bin (1.22.0-2.1build1) ...
2025-11-12T20:18:24.2021651Z Setting up libgraphite2-dev:amd64 (1.3.14-2build1) ...
2025-11-12T20:18:24.2041053Z Setting up gir1.2-pango-1.0:amd64 (1.52.1+ds-1build1) ...
2025-11-12T20:18:24.2060736Z Setting up libegl-mesa0:amd64 (25.0.7-0ubuntu0.24.04.2) ...
2025-11-12T20:18:24.2082600Z Setting up libjavascriptcoregtk-4.1-0:amd64 (2.48.7-0ubuntu0.24.04.2) ...
2025-11-12T20:18:24.2121859Z Setting up libgles2:amd64 (1.7.0-1build1) ...
2025-11-12T20:18:24.2156908Z Setting up libharfbuzz-cairo0:amd64 (8.3.0-2build2) ...
2025-11-12T20:18:24.2181343Z Setting up libdbus-1-dev:amd64 (1.14.10-4ubuntu4.1) ...
2025-11-12T20:18:24.3820910Z Setting up libspa-0.2-modules:amd64 (1.0.5-1ubuntu3.1) ...
2025-11-12T20:18:24.3841513Z Setting up uuid-dev:amd64 (2.39.3-9ubuntu6.3) ...
2025-11-12T20:18:24.3861209Z Setting up libgles1:amd64 (1.7.0-1build1) ...
2025-11-12T20:18:24.3886666Z Setting up libopus0:amd64 (1.4-1build1) ...
2025-11-12T20:18:24.3911973Z Setting up libxv1:amd64 (2:1.0.11-1.1build1) ...
2025-11-12T20:18:24.3952719Z Setting up python3-markdown (3.5.2-1) ...
2025-11-12T20:18:24.5395658Z Setting up libdv4t64:amd64 (1.0.0-17.1build1) ...
2025-11-12T20:18:24.5421309Z Setting up libsepol-dev:amd64 (3.5-2build1) ...
2025-11-12T20:18:24.5457557Z Setting up liblerc-dev:amd64 (4.0.0+ds-4ubuntu2) ...
2025-11-12T20:18:24.5499189Z Setting up librsvg2-common:amd64 (2.58.0+dfsg-1build1) ...
2025-11-12T20:18:24.5669279Z Setting up libdbusmenu-glib-dev:amd64 (18.10.20180917~bzr492+repack1-3.1ubuntu5) ...
2025-11-12T20:18:24.5696947Z Setting up libv4l-0t64:amd64 (1.26.1-4build3) ...
2025-11-12T20:18:24.5721831Z Setting up liblzma-dev:amd64 (5.6.1+really5.4.5-1ubuntu0.2) ...
2025-11-12T20:18:24.5760914Z Setting up gir1.2-ayatanaido3-0.4:amd64 (0.10.1-1build2) ...
2025-11-12T20:18:24.5784223Z Setting up xdg-dbus-proxy (0.1.5-1build2) ...
2025-11-12T20:18:24.5812218Z Setting up libvpx9:amd64 (1.14.0-1ubuntu2.2) ...
2025-11-12T20:18:24.5839466Z Setting up wayland-protocols (1.38-1~ubuntu0.24.04.1) ...
2025-11-12T20:18:24.5871061Z Setting up libtag1v5:amd64 (1.13.1-1build1) ...
2025-11-12T20:18:24.5907214Z Setting up libdatrie-dev:amd64 (0.2.13-3build1) ...
2025-11-12T20:18:24.5945155Z Setting up gir1.2-glib-2.0-dev:amd64 (2.80.0-6ubuntu3.4) ...
2025-11-12T20:18:24.5965921Z Setting up libasyncns0:amd64 (0.8-6build4) ...
2025-11-12T20:18:24.5992648Z Setting up libgdk-pixbuf2.0-bin (2.42.10+dfsg-3ubuntu3.2) ...
2025-11-12T20:18:24.6017900Z Setting up libwavpack1:amd64 (5.6.0-1build1) ...
2025-11-12T20:18:24.6063942Z Setting up libtheora0:amd64 (1.1.1+dfsg.1-16.1build3) ...
2025-11-12T20:18:24.6091972Z Setting up libegl1:amd64 (1.7.0-1build1) ...
2025-11-12T20:18:24.6122211Z Setting up libharfbuzz-subset0:amd64 (8.3.0-2build2) ...
2025-11-12T20:18:24.6275164Z Setting up build-essential (12.10ubuntu1) ...
2025-11-12T20:18:24.6294835Z Setting up xorg-sgml-doctools (1:1.11-1.1) ...
2025-11-12T20:18:24.6326600Z Setting up libflac12t64:amd64 (1.4.3+ds-2.1ubuntu2) ...
2025-11-12T20:18:24.6352161Z Setting up libopengl-dev:amd64 (1.7.0-1build1) ...
2025-11-12T20:18:24.6383273Z Setting up glib-networking-common (2.80.0-1build1) ...
2025-11-12T20:18:24.6404117Z Setting up libjpeg8-dev:amd64 (8c-2ubuntu11) ...
2025-11-12T20:18:24.6427837Z Setting up gir1.2-rsvg-2.0:amd64 (2.58.0+dfsg-1build1) ...
2025-11-12T20:18:24.6455025Z Setting up libsharpyuv-dev:amd64 (1.3.2-0.4build3) ...
2025-11-12T20:18:24.6478582Z Setting up libayatana-indicator3-7:amd64 (0.9.4-1build1) ...
2025-11-12T20:18:24.6505060Z Setting up libtiffxx6:amd64 (4.5.1+git230720-4ubuntu2.4) ...
2025-11-12T20:18:24.6535334Z Setting up libdeflate-dev:amd64 (1.19-1build1.1) ...
2025-11-12T20:18:24.6564620Z Setting up libpipewire-0.3-0t64:amd64 (1.0.5-1ubuntu3.1) ...
2025-11-12T20:18:24.6591193Z Setting up libbrotli-dev:amd64 (1.1.0-2build2) ...
2025-11-12T20:18:24.6619437Z Setting up libsecret-common (0.21.4-1build3) ...
2025-11-12T20:18:24.6651661Z Setting up libmp3lame0:amd64 (3.100-6build1) ...
2025-11-12T20:18:24.6682052Z Setting up libgraphene-1.0-0:amd64 (1.10.8-3build2) ...
2025-11-12T20:18:24.6706485Z Setting up python3-mako (1.3.2-1) ...
2025-11-12T20:18:24.8115558Z Setting up libvorbisenc2:amd64 (1.3.7-1build3) ...
2025-11-12T20:18:24.8137706Z Setting up libaa1:amd64 (1.4p5-51.1) ...
2025-11-12T20:18:24.8161038Z Setting up libiec61883-0:amd64 (1.2.0-6build1) ...
2025-11-12T20:18:24.8181655Z Setting up libbz2-dev:amd64 (1.0.8-5.1build0.1) ...
2025-11-12T20:18:24.8208179Z Setting up libavc1394-0:amd64 (0.5.4-5build3) ...
2025-11-12T20:18:24.8232027Z Setting up gsettings-desktop-schemas (46.1-0ubuntu1) ...
2025-11-12T20:18:24.8256114Z Setting up glib-networking-services (2.80.0-1build1) ...
2025-11-12T20:18:24.8281633Z Setting up libblkid-dev:amd64 (2.39.3-9ubuntu6.3) ...
2025-11-12T20:18:24.8305113Z Setting up xdg-desktop-portal (1.18.4-1ubuntu2.24.04.1) ...
2025-11-12T20:18:24.9316696Z Created symlink /etc/systemd/user/graphical-session-pre.target.wants/xdg-desktop-portal-rewrite-launchers.service → /usr/lib/systemd/user/xdg-desktop-portal-rewrite-launchers.service.
2025-11-12T20:18:24.9317435Z 
2025-11-12T20:18:24.9351255Z Setting up libselinux1-dev:amd64 (3.5-2ubuntu2.1) ...
2025-11-12T20:18:24.9378184Z Setting up gobject-introspection-bin (1.80.1-1) ...
2025-11-12T20:18:25.1132287Z Setting up gir1.2-gtk-3.0:amd64 (3.24.41-4ubuntu1.3) ...
2025-11-12T20:18:25.1159932Z Setting up libjpeg-dev:amd64 (8c-2ubuntu11) ...
2025-11-12T20:18:25.1195357Z Setting up libgstreamer-plugins-base1.0-0:amd64 (1.24.2-1ubuntu0.3) ...
2025-11-12T20:18:25.1228102Z Setting up gir1.2-girepository-2.0-dev:amd64 (1.80.1-1) ...
2025-11-12T20:18:25.1259970Z Setting up libwayland-dev:amd64 (1.22.0-2.1build1) ...
2025-11-12T20:18:25.1298433Z Setting up gir1.2-javascriptcoregtk-4.1:amd64 (2.48.7-0ubuntu0.24.04.2) ...
2025-11-12T20:18:25.1323191Z Setting up libfreetype-dev:amd64 (2.13.2+dfsg-1build3) ...
2025-11-12T20:18:25.1357870Z Setting up libsecret-1-0:amd64 (0.21.4-1build3) ...
2025-11-12T20:18:25.1381187Z Setting up libgstreamer-plugins-good1.0-0:amd64 (1.24.2-1ubuntu1.2) ...
2025-11-12T20:18:25.1406894Z Setting up libwebp-dev:amd64 (1.3.2-0.4build3) ...
2025-11-12T20:18:25.1439143Z Setting up libgstreamer-gl1.0-0:amd64 (1.24.2-1ubuntu0.3) ...
2025-11-12T20:18:25.1470424Z Setting up gstreamer1.0-plugins-base:amd64 (1.24.2-1ubuntu0.3) ...
2025-11-12T20:18:25.1512876Z Setting up libtiff-dev:amd64 (4.5.1+git230720-4ubuntu2.4) ...
2025-11-12T20:18:25.1541944Z Setting up libayatana-appindicator3-1 (0.5.93-1build3) ...
2025-11-12T20:18:25.1568937Z Setting up gir1.2-freedesktop-dev:amd64 (1.80.1-1) ...
2025-11-12T20:18:25.1595729Z Setting up libshout3:amd64 (2.4.6-1build2) ...
2025-11-12T20:18:25.1623806Z Setting up libthai-dev:amd64 (0.1.29-2build1) ...
2025-11-12T20:18:25.1646566Z Setting up libsndfile1:amd64 (1.2.2-1ubuntu5.24.04.1) ...
2025-11-12T20:18:25.1669903Z Setting up gir1.2-ayatanaappindicator3-0.1 (0.5.93-1build3) ...
2025-11-12T20:18:25.1700591Z Setting up libmount-dev:amd64 (2.39.3-9ubuntu6.3) ...
2025-11-12T20:18:25.1729379Z Setting up gstreamer1.0-gl:amd64 (1.24.2-1ubuntu0.3) ...
2025-11-12T20:18:25.1749038Z Setting up gstreamer1.0-x:amd64 (1.24.2-1ubuntu0.3) ...
2025-11-12T20:18:25.1777515Z Setting up libpulse0:amd64 (1:16.1+dfsg1-2ubuntu10.1) ...
2025-11-12T20:18:25.1858758Z Setting up libfontconfig-dev:amd64 (2.15.0-1.1ubuntu2) ...
2025-11-12T20:18:25.1882240Z Setting up libglib2.0-dev:amd64 (2.80.0-6ubuntu3.4) ...
2025-11-12T20:18:25.2493977Z Processing triggers for libgdk-pixbuf-2.0-0:amd64 (2.42.10+dfsg-3ubuntu3.2) ...
2025-11-12T20:18:25.3325290Z Processing triggers for sgml-base (1.31) ...
2025-11-12T20:18:25.3514637Z Processing triggers for install-info (7.1-3build2) ...
2025-11-12T20:18:25.6177221Z Setting up x11proto-dev (2023.2-1) ...
2025-11-12T20:18:25.6273977Z Setting up libxau-dev:amd64 (1:1.0.9-1build6) ...
2025-11-12T20:18:25.6315457Z Setting up libice-dev:amd64 (2:1.0.10-1build3) ...
2025-11-12T20:18:25.6342971Z Setting up libsm-dev:amd64 (2:1.2.3-1build3) ...
2025-11-12T20:18:25.6398836Z Processing triggers for libc-bin (2.39-0ubuntu8.6) ...
2025-11-12T20:18:25.6842218Z Processing triggers for man-db (2.12.0-4build2) ...
2025-11-12T20:18:36.9545407Z Setting up libxdmcp-dev:amd64 (1:1.1.3-0ubuntu6) ...
2025-11-12T20:18:36.9585536Z Processing triggers for libglib2.0-0t64:amd64 (2.80.0-6ubuntu3.4) ...
2025-11-12T20:18:36.9897452Z Setting up glib-networking:amd64 (2.80.0-1build1) ...
2025-11-12T20:18:36.9937154Z Setting up libjavascriptcoregtk-4.1-dev:amd64 (2.48.7-0ubuntu0.24.04.2) ...
2025-11-12T20:18:36.9976981Z Setting up libatk1.0-dev:amd64 (2.52.0-1build1) ...
2025-11-12T20:18:37.0017868Z Setting up libgdk-pixbuf-2.0-dev:amd64 (2.42.10+dfsg-3ubuntu3.2) ...
2025-11-12T20:18:37.0065488Z Setting up xdg-desktop-portal-gtk (1.15.1-1build2) ...
2025-11-12T20:18:37.0157886Z Setting up libharfbuzz-dev:amd64 (8.3.0-2build2) ...
2025-11-12T20:18:37.0204295Z Setting up libxcb1-dev:amd64 (1.15-1ubuntu2) ...
2025-11-12T20:18:37.0290841Z Setting up libsoup-3.0-0:amd64 (3.4.4-5ubuntu0.5) ...
2025-11-12T20:18:37.0326388Z Setting up libx11-dev:amd64 (2:1.8.7-1build1) ...
2025-11-12T20:18:37.0359843Z Setting up gobject-introspection:amd64 (1.80.1-1) ...
2025-11-12T20:18:37.0399170Z Setting up libxfixes-dev:amd64 (1:6.0.0-2build1) ...
2025-11-12T20:18:37.0430354Z Setting up libxcb-shm0-dev:amd64 (1.15-1ubuntu2) ...
2025-11-12T20:18:37.0511116Z Setting up libgirepository-1.0-dev:amd64 (1.80.1-1) ...
2025-11-12T20:18:37.0542540Z Setting up libxcb-render0-dev:amd64 (1.15-1ubuntu2) ...
2025-11-12T20:18:37.0591830Z Setting up libxext-dev:amd64 (2:1.3.4-1build2) ...
2025-11-12T20:18:37.0627366Z Setting up gir1.2-soup-3.0:amd64 (3.4.4-5ubuntu0.5) ...
2025-11-12T20:18:37.0679959Z Setting up libglx-dev:amd64 (1.7.0-1build1) ...
2025-11-12T20:18:37.0722243Z Setting up libxi-dev:amd64 (2:1.8.1-1build1) ...
2025-11-12T20:18:37.0760597Z Setting up libxrender-dev:amd64 (1:0.9.10-1.1build1) ...
2025-11-12T20:18:37.0794809Z Setting up libgl-dev:amd64 (1.7.0-1build1) ...
2025-11-12T20:18:37.0940233Z Setting up libxft-dev:amd64 (2.3.6-1build1) ...
2025-11-12T20:18:37.0967036Z Setting up libxtst-dev:amd64 (2:1.2.3-1.1build1) ...
2025-11-12T20:18:37.0997118Z Setting up libxdamage-dev:amd64 (1:1.1.6-1build1) ...
2025-11-12T20:18:37.1027381Z Setting up libatspi2.0-dev:amd64 (2.52.0-1build1) ...
2025-11-12T20:18:37.1107583Z Setting up libegl-dev:amd64 (1.7.0-1build1) ...
2025-11-12T20:18:37.1135518Z Setting up libxcomposite-dev:amd64 (1:0.4.5-1build3) ...
2025-11-12T20:18:37.1164817Z Setting up libxcursor-dev:amd64 (1:1.2.1-1build1) ...
2025-11-12T20:18:37.1202312Z Setting up gstreamer1.0-plugins-good:amd64 (1.24.2-1ubuntu1.2) ...
2025-11-12T20:18:37.1252066Z Setting up libepoxy-dev:amd64 (1.5.10-1build1) ...
2025-11-12T20:18:37.1288146Z Setting up libatk-bridge2.0-dev:amd64 (2.52.0-1build1) ...
2025-11-12T20:18:37.1326059Z Setting up libxrandr-dev:amd64 (2:1.5.2-2build1) ...
2025-11-12T20:18:37.1358728Z Setting up libsoup-3.0-dev:amd64 (3.4.4-5ubuntu0.5) ...
2025-11-12T20:18:37.1394764Z Setting up libgirepository1.0-dev (1.80.1-1) ...
2025-11-12T20:18:37.1446562Z Setting up libxinerama-dev:amd64 (2:1.1.4-3build1) ...
2025-11-12T20:18:37.1484886Z Setting up libcairo2-dev:amd64 (1.18.0-3build1) ...
2025-11-12T20:18:37.1512237Z Setting up libgles-dev:amd64 (1.7.0-1build1) ...
2025-11-12T20:18:37.1573031Z Setting up libwebkit2gtk-4.1-0:amd64 (2.48.7-0ubuntu0.24.04.2) ...
2025-11-12T20:18:37.1628267Z Setting up gir1.2-webkit2-4.1:amd64 (2.48.7-0ubuntu0.24.04.2) ...
2025-11-12T20:18:37.1678448Z Setting up libglvnd-dev:amd64 (1.7.0-1build1) ...
2025-11-12T20:18:37.1721777Z Setting up libpango1.0-dev:amd64 (1.52.1+ds-1build1) ...
2025-11-12T20:18:37.1773446Z Setting up librsvg2-dev:amd64 (2.58.0+dfsg-1build1) ...
2025-11-12T20:18:37.1804880Z Setting up libegl1-mesa-dev:amd64 (25.0.7-0ubuntu0.24.04.2) ...
2025-11-12T20:18:37.1841054Z Setting up libgtk-3-dev:amd64 (3.24.41-4ubuntu1.3) ...
2025-11-12T20:18:37.1892024Z Setting up libayatana-ido3-dev (0.10.1-1build2) ...
2025-11-12T20:18:37.1932913Z Setting up libayatana-indicator3-dev (0.9.4-1build1) ...
2025-11-12T20:18:37.1976913Z Setting up libwebkit2gtk-4.1-dev (2.48.7-0ubuntu0.24.04.2) ...
2025-11-12T20:18:37.2015162Z Setting up libayatana-appindicator3-dev (0.5.93-1build3) ...
2025-11-12T20:18:37.2049443Z Processing triggers for libc-bin (2.39-0ubuntu8.6) ...
2025-11-12T20:18:37.8457985Z 
2025-11-12T20:18:37.8458507Z Running kernel seems to be up-to-date.
2025-11-12T20:18:37.8458866Z 
2025-11-12T20:18:37.8459120Z No services need to be restarted.
2025-11-12T20:18:37.8459317Z 
2025-11-12T20:18:37.8461182Z No containers need to be restarted.
2025-11-12T20:18:37.8461416Z 
2025-11-12T20:18:37.8461606Z No user sessions are running outdated binaries.
2025-11-12T20:18:37.8461853Z 
2025-11-12T20:18:37.8462342Z No VM guests are running outdated hypervisor (qemu) binaries on this host.
2025-11-12T20:18:38.7135041Z ##[group]Run npm ci
2025-11-12T20:18:38.7135278Z [36;1mnpm ci[0m
2025-11-12T20:18:38.7170457Z shell: /usr/bin/bash -e {0}
2025-11-12T20:18:38.7170679Z env:
2025-11-12T20:18:38.7170830Z   CI: true
2025-11-12T20:18:38.7170991Z ##[endgroup]
2025-11-12T20:18:39.7708983Z npm error code EUSAGE
2025-11-12T20:18:39.7709901Z npm error
2025-11-12T20:18:39.7710902Z npm error `npm ci` can only install packages when your package.json and package-lock.json or npm-shrinkwrap.json are in sync. Please update your lock file with `npm install` before continuing.
2025-11-12T20:18:39.7711621Z npm error
2025-11-12T20:18:39.7712002Z npm error Invalid: lock file's nanoid@3.3.11 does not satisfy nanoid@5.1.6
2025-11-12T20:18:39.7712443Z npm error Missing: nanoid@3.3.11 from lock file
2025-11-12T20:18:39.7712715Z npm error
2025-11-12T20:18:39.7712945Z npm error Clean install a project
2025-11-12T20:18:39.7713182Z npm error
2025-11-12T20:18:39.7713359Z npm error Usage:
2025-11-12T20:18:39.7713612Z npm error npm ci
2025-11-12T20:18:39.7713791Z npm error
2025-11-12T20:18:39.7713979Z npm error Options:
2025-11-12T20:18:39.7714421Z npm error [--install-strategy <hoisted|nested|shallow|linked>] [--legacy-bundling]
2025-11-12T20:18:39.7715047Z npm error [--global-style] [--omit <dev|optional|peer> [--omit <dev|optional|peer> ...]]
2025-11-12T20:18:39.7715680Z npm error [--include <prod|dev|optional|peer> [--include <prod|dev|optional|peer> ...]]
2025-11-12T20:18:39.7716312Z npm error [--strict-peer-deps] [--foreground-scripts] [--ignore-scripts] [--no-audit]
2025-11-12T20:18:39.7716790Z npm error [--no-bin-links] [--no-fund] [--dry-run]
2025-11-12T20:18:39.7717286Z npm error [-w|--workspace <workspace-name> [-w|--workspace <workspace-name> ...]]
2025-11-12T20:18:39.7717839Z npm error [-ws|--workspaces] [--include-workspace-root] [--install-links]
2025-11-12T20:18:39.7718373Z npm error
2025-11-12T20:18:39.7718946Z npm error aliases: clean-install, ic, install-clean, isntall-clean
2025-11-12T20:18:39.7719453Z npm error
2025-11-12T20:18:39.7719927Z npm error Run "npm help ci" for more info
2025-11-12T20:18:39.7720538Z npm error A complete log of this run can be found in: /home/runner/.npm/_logs/2025-11-12T20_18_38_768Z-debug-0.log
2025-11-12T20:18:39.8143863Z ##[error]Process completed with exit code 1.
2025-11-12T20:18:39.8255449Z Post job cleanup.
2025-11-12T20:18:39.9240341Z [command]/usr/bin/git version
2025-11-12T20:18:39.9275561Z git version 2.51.2
2025-11-12T20:18:39.9323500Z Temporarily overriding HOME='/home/runner/work/_temp/b36fd4a4-87f8-4107-b7a6-fdfa1b75dcd2' before making global git config changes
2025-11-12T20:18:39.9324838Z Adding repository directory to the temporary git global config as a safe directory
2025-11-12T20:18:39.9328368Z [command]/usr/bin/git config --global --add safe.directory /home/runner/work/AtlasPieVersion3/AtlasPieVersion3
2025-11-12T20:18:39.9360437Z [command]/usr/bin/git config --local --name-only --get-regexp core\.sshCommand
2025-11-12T20:18:39.9391395Z [command]/usr/bin/git submodule foreach --recursive sh -c "git config --local --name-only --get-regexp 'core\.sshCommand' && git config --local --unset-all 'core.sshCommand' || :"
2025-11-12T20:18:39.9616108Z [command]/usr/bin/git config --local --name-only --get-regexp http\.https\:\/\/github\.com\/\.extraheader
2025-11-12T20:18:39.9635906Z http.https://github.com/.extraheader
2025-11-12T20:18:39.9648796Z [command]/usr/bin/git config --local --unset-all http.https://github.com/.extraheader
2025-11-12T20:18:39.9679048Z [command]/usr/bin/git submodule foreach --recursive sh -c "git config --local --name-only --get-regexp 'http\.https\:\/\/github\.com\/\.extraheader' && git config --local --unset-all 'http.https://github.com/.extraheader' || :"
2025-11-12T20:18:40.0031032Z Cleaning up orphan processes
