2025-11-02T22:54:10.7952461Z Current runner version: '2.329.0'
2025-11-02T22:54:10.7975810Z ##[group]Runner Image Provisioner
2025-11-02T22:54:10.7976494Z Hosted Compute Agent
2025-11-02T22:54:10.7977016Z Version: 20251016.436
2025-11-02T22:54:10.7977518Z Commit: 8ab8ac8bfd662a3739dab9fe09456aba92132568
2025-11-02T22:54:10.7978217Z Build Date: 2025-10-15T20:44:12Z
2025-11-02T22:54:10.7978753Z ##[endgroup]
2025-11-02T22:54:10.7979176Z ##[group]Operating System
2025-11-02T22:54:10.7979688Z Microsoft Windows Server 2025
2025-11-02T22:54:10.7980183Z 10.0.26100
2025-11-02T22:54:10.7980635Z Datacenter
2025-11-02T22:54:10.7981014Z ##[endgroup]
2025-11-02T22:54:10.7981444Z ##[group]Runner Image
2025-11-02T22:54:10.7981872Z Image: windows-2025
2025-11-02T22:54:10.7982333Z Version: 20251021.67.1
2025-11-02T22:54:10.7983234Z Included Software: https://github.com/actions/runner-images/blob/win25/20251021.67/images/windows/Windows2025-Readme.md
2025-11-02T22:54:10.7984823Z Image Release: https://github.com/actions/runner-images/releases/tag/win25%2F20251021.67
2025-11-02T22:54:10.7986052Z ##[endgroup]
2025-11-02T22:54:10.7987029Z ##[group]GITHUB_TOKEN Permissions
2025-11-02T22:54:10.7989033Z Contents: read
2025-11-02T22:54:10.7989505Z Metadata: read
2025-11-02T22:54:10.7989935Z Packages: read
2025-11-02T22:54:10.7990349Z ##[endgroup]
2025-11-02T22:54:10.7992278Z Secret source: Actions
2025-11-02T22:54:10.7992850Z Prepare workflow directory
2025-11-02T22:54:10.8379330Z Prepare all required actions
2025-11-02T22:54:10.8434612Z Getting action download info
2025-11-02T22:54:11.1697193Z Download action repository 'actions/checkout@v4' (SHA:08eba0b27e820071cde6df949e0beb9ba4906955)
2025-11-02T22:54:11.2854456Z Download action repository 'actions/setup-node@v4' (SHA:49933ea5288caeca8642d1e84afbd3f7d6820020)
2025-11-02T22:54:11.5439525Z Complete job name: Windows checks
2025-11-02T22:54:11.6732286Z ##[group]Run actions/checkout@v4
2025-11-02T22:54:11.6733509Z with:
2025-11-02T22:54:11.6734000Z   repository: ApoIlyon/AtlasPieVersion3
2025-11-02T22:54:11.6734884Z   token: ***
2025-11-02T22:54:11.6735292Z   ssh-strict: true
2025-11-02T22:54:11.6735740Z   ssh-user: git
2025-11-02T22:54:11.6736155Z   persist-credentials: true
2025-11-02T22:54:11.6736712Z   clean: true
2025-11-02T22:54:11.6737121Z   sparse-checkout-cone-mode: true
2025-11-02T22:54:11.6737644Z   fetch-depth: 1
2025-11-02T22:54:11.6738093Z   fetch-tags: false
2025-11-02T22:54:11.6738602Z   show-progress: true
2025-11-02T22:54:11.6739007Z   lfs: false
2025-11-02T22:54:11.6739499Z   submodules: false
2025-11-02T22:54:11.6739964Z   set-safe-directory: true
2025-11-02T22:54:11.6740687Z env:
2025-11-02T22:54:11.6741130Z   CI: true
2025-11-02T22:54:11.6741507Z ##[endgroup]
2025-11-02T22:54:11.8599026Z Syncing repository: ApoIlyon/AtlasPieVersion3
2025-11-02T22:54:11.8602442Z ##[group]Getting Git version info
2025-11-02T22:54:11.8604055Z Working directory is 'D:\a\AtlasPieVersion3\AtlasPieVersion3'
2025-11-02T22:54:11.9480993Z [command]"C:\Program Files\Git\bin\git.exe" version
2025-11-02T22:54:12.1483515Z git version 2.51.1.windows.1
2025-11-02T22:54:12.1538902Z ##[endgroup]
2025-11-02T22:54:12.1564138Z Temporarily overriding HOME='D:\a\_temp\0d1ec99a-0b0a-486d-bdb7-be4f7e5b9f18' before making global git config changes
2025-11-02T22:54:12.1566583Z Adding repository directory to the temporary git global config as a safe directory
2025-11-02T22:54:12.1575946Z [command]"C:\Program Files\Git\bin\git.exe" config --global --add safe.directory D:\a\AtlasPieVersion3\AtlasPieVersion3
2025-11-02T22:54:12.1897748Z Deleting the contents of 'D:\a\AtlasPieVersion3\AtlasPieVersion3'
2025-11-02T22:54:12.1906285Z ##[group]Initializing the repository
2025-11-02T22:54:12.1921722Z [command]"C:\Program Files\Git\bin\git.exe" init D:\a\AtlasPieVersion3\AtlasPieVersion3
2025-11-02T22:54:12.2547355Z Initialized empty Git repository in D:/a/AtlasPieVersion3/AtlasPieVersion3/.git/
2025-11-02T22:54:12.2609772Z [command]"C:\Program Files\Git\bin\git.exe" remote add origin https://github.com/ApoIlyon/AtlasPieVersion3
2025-11-02T22:54:12.2953507Z ##[endgroup]
2025-11-02T22:54:12.2954888Z ##[group]Disabling automatic garbage collection
2025-11-02T22:54:12.2965361Z [command]"C:\Program Files\Git\bin\git.exe" config --local gc.auto 0
2025-11-02T22:54:12.3311990Z ##[endgroup]
2025-11-02T22:54:12.3313166Z ##[group]Setting up auth
2025-11-02T22:54:12.3325905Z [command]"C:\Program Files\Git\bin\git.exe" config --local --name-only --get-regexp core\.sshCommand
2025-11-02T22:54:12.3718316Z [command]"C:\Program Files\Git\bin\git.exe" submodule foreach --recursive "sh -c \"git config --local --name-only --get-regexp 'core\.sshCommand' && git config --local --unset-all 'core.sshCommand' || :\""
2025-11-02T22:54:13.4448635Z [command]"C:\Program Files\Git\bin\git.exe" config --local --name-only --get-regexp http\.https\:\/\/github\.com\/\.extraheader
2025-11-02T22:54:13.4759509Z [command]"C:\Program Files\Git\bin\git.exe" submodule foreach --recursive "sh -c \"git config --local --name-only --get-regexp 'http\.https\:\/\/github\.com\/\.extraheader' && git config --local --unset-all 'http.https://github.com/.extraheader' || :\""
2025-11-02T22:54:14.0177160Z [command]"C:\Program Files\Git\bin\git.exe" config --local http.https://github.com/.extraheader "AUTHORIZATION: basic ***"
2025-11-02T22:54:14.0476966Z ##[endgroup]
2025-11-02T22:54:14.0477524Z ##[group]Fetching the repository
2025-11-02T22:54:14.0489940Z [command]"C:\Program Files\Git\bin\git.exe" -c protocol.version=2 fetch --no-tags --prune --no-recurse-submodules --depth=1 origin +7b25fe387df77184e1e07b36225cf9fb27effefd:refs/remotes/pull/60/merge
2025-11-02T22:54:16.4352439Z From https://github.com/ApoIlyon/AtlasPieVersion3
2025-11-02T22:54:16.4353034Z  * [new ref]         7b25fe387df77184e1e07b36225cf9fb27effefd -> pull/60/merge
2025-11-02T22:54:16.4539833Z ##[endgroup]
2025-11-02T22:54:16.4543429Z ##[group]Determining the checkout info
2025-11-02T22:54:16.4544746Z ##[endgroup]
2025-11-02T22:54:16.4556045Z [command]"C:\Program Files\Git\bin\git.exe" sparse-checkout disable
2025-11-02T22:54:16.4901862Z [command]"C:\Program Files\Git\bin\git.exe" config --local --unset-all extensions.worktreeConfig
2025-11-02T22:54:16.5216690Z ##[group]Checking out the ref
2025-11-02T22:54:16.5229519Z [command]"C:\Program Files\Git\bin\git.exe" checkout --progress --force refs/remotes/pull/60/merge
2025-11-02T22:54:17.3576314Z Note: switching to 'refs/remotes/pull/60/merge'.
2025-11-02T22:54:17.3577168Z 
2025-11-02T22:54:17.3577447Z You are in 'detached HEAD' state. You can look around, make experimental
2025-11-02T22:54:17.3579194Z changes and commit them, and you can discard any commits you make in this
2025-11-02T22:54:17.3580167Z state without impacting any branches by switching back to a branch.
2025-11-02T22:54:17.3580692Z 
2025-11-02T22:54:17.3581104Z If you want to create a new branch to retain commits you create, you may
2025-11-02T22:54:17.3581920Z do so (now or later) by using -c with the switch command. Example:
2025-11-02T22:54:17.3582400Z 
2025-11-02T22:54:17.3582645Z   git switch -c <new-branch-name>
2025-11-02T22:54:17.3582978Z 
2025-11-02T22:54:17.3583156Z Or undo this operation with:
2025-11-02T22:54:17.3583457Z 
2025-11-02T22:54:17.3583600Z   git switch -
2025-11-02T22:54:17.3583892Z 
2025-11-02T22:54:17.3584330Z Turn off this advice by setting config variable advice.detachedHead to false
2025-11-02T22:54:17.3584908Z 
2025-11-02T22:54:17.3585543Z HEAD is now at 7b25fe3 Merge 7a5a0f09825f972e41e208c90e5639717741b41b into fcf751ecaa822e1addfbf065143031aad87d7305
2025-11-02T22:54:17.3687170Z ##[endgroup]
2025-11-02T22:54:17.4039400Z [command]"C:\Program Files\Git\bin\git.exe" log -1 --format=%H
2025-11-02T22:54:17.4304435Z 7b25fe387df77184e1e07b36225cf9fb27effefd
2025-11-02T22:54:17.4741925Z ##[group]Run actions/setup-node@v4
2025-11-02T22:54:17.4742228Z with:
2025-11-02T22:54:17.4742385Z   node-version: 22
2025-11-02T22:54:17.4742548Z   cache: npm
2025-11-02T22:54:17.4742788Z   cache-dependency-path: autohotpie-tauri/package-lock.json
2025-11-02T22:54:17.4743790Z   always-auth: false
2025-11-02T22:54:17.4743971Z   check-latest: false
2025-11-02T22:54:17.4744305Z   token: ***
2025-11-02T22:54:17.4744459Z env:
2025-11-02T22:54:17.4744600Z   CI: true
2025-11-02T22:54:17.4744750Z ##[endgroup]
2025-11-02T22:54:17.7200633Z Found in cache @ C:\hostedtoolcache\windows\node\22.21.0\x64
2025-11-02T22:54:17.7209740Z ##[group]Environment details
2025-11-02T22:54:24.6659979Z node: v22.21.0
2025-11-02T22:54:24.6663119Z npm: 10.9.4
2025-11-02T22:54:24.6663410Z yarn: 1.22.22
2025-11-02T22:54:24.6664593Z ##[endgroup]
2025-11-02T22:54:24.7316729Z [command]C:\Windows\system32\cmd.exe /D /S /C "C:\hostedtoolcache\windows\node\22.21.0\x64\npm.cmd config get cache"
2025-11-02T22:54:25.3345847Z C:\npm\cache
2025-11-02T22:54:25.7680292Z npm cache is not found
2025-11-02T22:54:25.7973368Z ##[group]Run npm ci
2025-11-02T22:54:25.7973659Z [36;1mnpm ci[0m
2025-11-02T22:54:25.8105559Z shell: C:\Program Files\PowerShell\7\pwsh.EXE -command ". '{0}'"
2025-11-02T22:54:25.8105897Z env:
2025-11-02T22:54:25.8106042Z   CI: true
2025-11-02T22:54:25.8106204Z ##[endgroup]
2025-11-02T22:54:42.9127657Z 
2025-11-02T22:54:42.9136308Z added 371 packages, and audited 372 packages in 10s
2025-11-02T22:54:42.9136886Z 
2025-11-02T22:54:42.9137176Z 106 packages are looking for funding
2025-11-02T22:54:42.9137642Z   run `npm fund` for details
2025-11-02T22:54:42.9143880Z 
2025-11-02T22:54:42.9144284Z found 0 vulnerabilities
2025-11-02T22:54:44.1861556Z ##[group]Run rustup update stable --no-self-update
2025-11-02T22:54:44.1861934Z [36;1mrustup update stable --no-self-update[0m
2025-11-02T22:54:44.1862185Z [36;1mrustup default stable[0m
2025-11-02T22:54:44.1862390Z [36;1mrustup component add clippy[0m
2025-11-02T22:54:44.1921386Z shell: C:\Windows\System32\WindowsPowerShell\v1.0\powershell.EXE -command ". '{0}'"
2025-11-02T22:54:44.1921728Z env:
2025-11-02T22:54:44.1921866Z   CI: true
2025-11-02T22:54:44.1922008Z ##[endgroup]
2025-11-02T22:54:48.9127966Z info: syncing channel updates for 'stable-x86_64-pc-windows-msvc'
2025-11-02T22:54:49.5660625Z info: latest update on 2025-10-30, rust version 1.91.0 (f8297e351 2025-10-28)
2025-11-02T22:54:49.6246932Z info: downloading component 'clippy'
2025-11-02T22:54:49.7555262Z info: downloading component 'rustfmt'
2025-11-02T22:54:49.8627234Z info: downloading component 'rust-std' for 'x86_64-pc-windows-gnu'
2025-11-02T22:54:50.2865035Z info: downloading component 'rust-std' for 'i686-pc-windows-msvc'
2025-11-02T22:54:50.7695451Z info: downloading component 'cargo'
2025-11-02T22:54:50.9903784Z info: downloading component 'rust-std'
2025-11-02T22:54:51.3573389Z info: downloading component 'rustc'
2025-11-02T22:54:52.4873272Z info: removing previous version of component 'clippy'
2025-11-02T22:54:52.5119161Z info: removing previous version of component 'rustfmt'
2025-11-02T22:54:52.5240207Z info: removing previous version of component 'rust-std' for 'x86_64-pc-windows-gnu'
2025-11-02T22:54:52.5725415Z info: removing previous version of component 'rust-std' for 'i686-pc-windows-msvc'
2025-11-02T22:54:52.6080292Z info: removing previous version of component 'cargo'
2025-11-02T22:54:52.6582122Z info: removing previous version of component 'rust-std'
2025-11-02T22:54:52.6855586Z info: removing previous version of component 'rustc'
2025-11-02T22:54:52.7526321Z info: installing component 'clippy'
2025-11-02T22:54:53.1850762Z info: installing component 'rustfmt'
2025-11-02T22:54:53.4866420Z info: installing component 'rust-std' for 'x86_64-pc-windows-gnu'
2025-11-02T22:54:55.5900887Z info: installing component 'rust-std' for 'i686-pc-windows-msvc'
2025-11-02T22:54:57.1702643Z info: installing component 'cargo'
2025-11-02T22:54:58.2037135Z info: installing component 'rust-std'
2025-11-02T22:54:59.8066240Z info: installing component 'rustc'
2025-11-02T22:55:05.4208689Z 
2025-11-02T22:55:05.4541685Z   stable-x86_64-pc-windows-msvc updated - rustc 1.91.0 (f8297e351 2025-10-28) (from rustc 1.90.0 (1159e78c4 2025-09-14))
2025-11-02T22:55:05.4542792Z 
2025-11-02T22:55:05.4812068Z info: using existing install for 'stable-x86_64-pc-windows-msvc'
2025-11-02T22:55:05.5450266Z info: default toolchain set to 'stable-x86_64-pc-windows-msvc'
2025-11-02T22:55:05.5450598Z 
2025-11-02T22:55:05.5672622Z   stable-x86_64-pc-windows-msvc unchanged - rustc 1.91.0 (f8297e351 2025-10-28)
2025-11-02T22:55:05.5673125Z 
2025-11-02T22:55:05.8101330Z info: component 'clippy' for target 'x86_64-pc-windows-msvc' is up to date
2025-11-02T22:55:05.9394983Z ##[group]Run npm run test:unit
2025-11-02T22:55:05.9395488Z [36;1mnpm run test:unit[0m
2025-11-02T22:55:05.9456130Z shell: C:\Program Files\PowerShell\7\pwsh.EXE -command ". '{0}'"
2025-11-02T22:55:05.9456435Z env:
2025-11-02T22:55:05.9456586Z   CI: true
2025-11-02T22:55:05.9456746Z ##[endgroup]
2025-11-02T22:55:06.6401654Z 
2025-11-02T22:55:06.6402214Z > autohotpie-tauri@0.1.2 test:unit
2025-11-02T22:55:06.6402752Z > vitest run
2025-11-02T22:55:06.6402963Z 
2025-11-02T22:55:07.9265734Z 
2025-11-02T22:55:07.9270154Z [1m[46m RUN [49m[22m [36mv3.2.4 [39m[90mD:/a/AtlasPieVersion3/AtlasPieVersion3/autohotpie-tauri[39m
2025-11-02T22:55:07.9270526Z 
2025-11-02T22:55:09.8828499Z  [32m✓[39m src/state/__tests__/logStore.test.ts [2m([22m[2m3 tests[22m[2m)[22m[32m 11[2mms[22m[39m
2025-11-02T22:55:09.9315695Z  [32m✓[39m src/state/__tests__/updateStore.test.ts [2m([22m[2m3 tests[22m[2m)[22m[32m 10[2mms[22m[39m
2025-11-02T22:55:10.9570119Z  [32m✓[39m src/components/hotkeys/__tests__/HotkeyConflictDialog.test.tsx [2m([22m[2m3 tests[22m[2m)[22m[33m 559[2mms[22m[39m
2025-11-02T22:55:10.9575166Z    [33m[2m✓[22m[39m HotkeyConflictDialog[2m > [22mrenders conflict messages and disables retry when blocking conflicts are present [33m 393[2mms[22m[39m
2025-11-02T22:55:11.6618936Z  [32m✓[39m src/state/__tests__/profileStore.recovery.test.ts [2m([22m[2m3 tests[22m[2m)[22m[32m 12[2mms[22m[39m
2025-11-02T22:55:12.1046230Z  [32m✓[39m src/hooks/__tests__/usePieMenuHotkey.test.ts [2m([22m[2m2 tests[22m[2m)[22m[32m 25[2mms[22m[39m
2025-11-02T22:55:13.4376668Z  [32m✓[39m src/__tests__/AppShell.spec.tsx [2m([22m[2m1 test[22m[2m)[22m[32m 123[2mms[22m[39m
2025-11-02T22:55:13.4656463Z 
2025-11-02T22:55:13.4661412Z [2m Test Files [22m [1m[32m6 passed[39m[22m[90m (6)[39m
2025-11-02T22:55:13.4663012Z [2m      Tests [22m [1m[32m15 passed[39m[22m[90m (15)[39m
2025-11-02T22:55:13.4664099Z [2m   Start at [22m 22:55:07
2025-11-02T22:55:13.4665004Z [2m   Duration [22m 5.54s[2m (transform 794ms, setup 921ms, collect 2.30s, tests 740ms, environment 6.41s, prepare 1.56s)[22m
2025-11-02T22:55:13.4665563Z 
2025-11-02T22:55:13.7015752Z ##[group]Run cargo test
2025-11-02T22:55:13.7016049Z [36;1mcargo test[0m
2025-11-02T22:55:13.7073714Z shell: C:\Program Files\PowerShell\7\pwsh.EXE -command ". '{0}'"
2025-11-02T22:55:13.7074050Z env:
2025-11-02T22:55:13.7074202Z   CI: true
2025-11-02T22:55:13.7074386Z ##[endgroup]
2025-11-02T22:55:14.8289204Z     Updating crates.io index
2025-11-02T22:55:16.6229560Z  Downloading crates ...
2025-11-02T22:55:16.8640100Z   Downloaded crypto-common v0.1.6
2025-11-02T22:55:16.8754741Z   Downloaded phf_shared v0.8.0
2025-11-02T22:55:16.8834622Z   Downloaded ptr_meta_derive v0.1.4
2025-11-02T22:55:16.8941571Z   Downloaded serde-untagged v0.1.9
2025-11-02T22:55:16.9120099Z   Downloaded rust_decimal v1.39.0
2025-11-02T22:55:16.9682639Z   Downloaded schemars v0.8.22
2025-11-02T22:55:17.0856540Z   Downloaded scopeguard v1.2.0
2025-11-02T22:55:17.1019675Z   Downloaded string_cache v0.8.9
2025-11-02T22:55:17.1200536Z   Downloaded tauri-plugin-opener v2.5.2
2025-11-02T22:55:17.1568401Z   Downloaded writeable v0.6.1
2025-11-02T22:55:17.1759568Z   Downloaded vswhom v0.1.0
2025-11-02T22:55:17.1879119Z   Downloaded yoke v0.8.0
2025-11-02T22:55:17.2026049Z   Downloaded zerovec-derive v0.11.1
2025-11-02T22:55:17.2143723Z   Downloaded zerofrom v0.1.6
2025-11-02T22:55:17.2215195Z   Downloaded windows-strings v0.4.2
2025-11-02T22:55:17.2357942Z   Downloaded time v0.3.44
2025-11-02T22:55:17.2925359Z   Downloaded tauri-runtime-wry v2.9.0
2025-11-02T22:55:17.3095524Z   Downloaded tauri-plugin-window-state v2.4.1
2025-11-02T22:55:17.3272783Z   Downloaded tauri-plugin-store v2.4.1
2025-11-02T22:55:17.3581677Z   Downloaded windows-link v0.2.1
2025-11-02T22:55:17.3646748Z   Downloaded windows-interface v0.59.3
2025-11-02T22:55:17.3708334Z   Downloaded windows-implement v0.60.2
2025-11-02T22:55:17.3777999Z   Downloaded windows-core v0.61.2
2025-11-02T22:55:17.4006630Z   Downloaded tauri-utils v2.8.0
2025-11-02T22:55:17.4247413Z   Downloaded winapi v0.3.9
2025-11-02T22:55:18.1474811Z   Downloaded tauri-plugin-single-instance v2.3.6
2025-11-02T22:55:18.1594712Z   Downloaded windows-sys v0.60.2
2025-11-02T22:55:18.9339046Z   Downloaded yoke-derive v0.8.0
2025-11-02T22:55:18.9410051Z   Downloaded wyz v0.5.1
2025-11-02T22:55:18.9511912Z   Downloaded winreg v0.50.0
2025-11-02T22:55:19.2882820Z   Downloaded windows-link v0.1.3
2025-11-02T22:55:19.2941502Z   Downloaded windows-collections v0.2.0
2025-11-02T22:55:19.3021898Z   Downloaded webview2-com-macros v0.8.0
2025-11-02T22:55:19.3072660Z   Downloaded walkdir v2.5.0
2025-11-02T22:55:19.3203752Z   Downloaded uuid v1.18.1
2025-11-02T22:55:19.3397570Z   Downloaded zerofrom-derive v0.1.6
2025-11-02T22:55:19.3464880Z   Downloaded windows-version v0.1.7
2025-11-02T22:55:19.3538783Z   Downloaded windows-threading v0.1.0
2025-11-02T22:55:19.3613254Z   Downloaded windows-targets v0.52.6
2025-11-02T22:55:19.3681964Z   Downloaded windows-targets v0.48.5
2025-11-02T22:55:19.3738252Z   Downloaded windows-result v0.3.4
2025-11-02T22:55:19.3844799Z   Downloaded windows-result v0.1.2
2025-11-02T22:55:19.3948972Z   Downloaded windows-numerics v0.2.0
2025-11-02T22:55:19.4075647Z   Downloaded windows-interface v0.57.0
2025-11-02T22:55:19.4131204Z   Downloaded windows-implement v0.57.0
2025-11-02T22:55:19.4199792Z   Downloaded windows-future v0.2.1
2025-11-02T22:55:19.4298172Z   Downloaded windows-core v0.57.0
2025-11-02T22:55:19.4576027Z   Downloaded winapi-util v0.1.11
2025-11-02T22:55:19.4673928Z   Downloaded webview2-com v0.38.0
2025-11-02T22:55:19.4758794Z   Downloaded windows_x86_64_msvc v0.48.5
2025-11-02T22:55:19.4942309Z   Downloaded want v0.3.1
2025-11-02T22:55:19.5012888Z   Downloaded vswhom-sys v0.1.3
2025-11-02T22:55:19.5119884Z   Downloaded version_check v0.9.5
2025-11-02T22:55:19.5204419Z   Downloaded value-bag v1.11.1
2025-11-02T22:55:19.5390871Z   Downloaded utf8_iter v1.0.4
2025-11-02T22:55:19.5463653Z   Downloaded utf8-width v0.1.7
2025-11-02T22:55:19.5534423Z   Downloaded utf-8 v0.7.6
2025-11-02T22:55:19.5639249Z   Downloaded urlpattern v0.3.0
2025-11-02T22:55:19.5761942Z   Downloaded tokio v1.48.0
2025-11-02T22:55:19.8575875Z   Downloaded tao v0.34.5
2025-11-02T22:55:19.9239103Z   Downloaded syn v2.0.108
2025-11-02T22:55:19.9837076Z   Downloaded syn v1.0.109
2025-11-02T22:55:20.0382448Z   Downloaded winreg v0.55.0
2025-11-02T22:55:20.0592465Z   Downloaded windows-targets v0.53.5
2025-11-02T22:55:20.0663951Z   Downloaded url v2.5.7
2025-11-02T22:55:20.0830448Z   Downloaded unicode-segmentation v1.12.0
2025-11-02T22:55:20.0967452Z   Downloaded typenum v1.19.0
2025-11-02T22:55:20.1148964Z   Downloaded tracing v0.1.41
2025-11-02T22:55:20.1402795Z   Downloaded toml_edit v0.23.7
2025-11-02T22:55:20.1666563Z   Downloaded tokio-util v0.7.16
2025-11-02T22:55:20.2173032Z   Downloaded tauri-plugin-shell v2.3.3
2025-11-02T22:55:20.2466449Z   Downloaded serde_with v3.15.1
2025-11-02T22:55:20.3408720Z   Downloaded serde v1.0.228
2025-11-02T22:55:20.3616994Z   Downloaded winnow v0.7.13
2025-11-02T22:55:21.0437156Z   Downloaded ico v0.4.0
2025-11-02T22:55:21.2012156Z   Downloaded hyper v0.14.32
2025-11-02T22:55:21.2480335Z   Downloaded wry v0.53.5
2025-11-02T22:55:21.2989911Z   Downloaded webview2-com-sys v0.38.0
2025-11-02T22:55:21.4010445Z   Downloaded html5ever v0.29.1
2025-11-02T22:55:21.4310449Z   Downloaded flate2 v1.1.5
2025-11-02T22:55:21.4666785Z   Downloaded webpki-roots v0.25.4
2025-11-02T22:55:21.4795311Z   Downloaded fern v0.7.1
2025-11-02T22:55:21.5039850Z   Downloaded toml_datetime v0.7.3
2025-11-02T22:55:21.5120647Z   Downloaded zerotrie v0.2.2
2025-11-02T22:55:21.5388467Z   Downloaded tinyvec v1.10.0
2025-11-02T22:55:21.5568247Z   Downloaded thiserror-impl v2.0.17
2025-11-02T22:55:21.5695552Z   Downloaded thiserror-impl v1.0.69
2025-11-02T22:55:21.5802847Z   Downloaded windows-sys v0.59.0
2025-11-02T22:55:22.8784436Z   Downloaded thiserror v1.0.69
2025-11-02T22:55:22.9279847Z   Downloaded tempfile v3.23.0
2025-11-02T22:55:22.9459182Z   Downloaded tauri-winres v0.3.3
2025-11-02T22:55:22.9589969Z   Downloaded tauri-runtime v2.9.1
2025-11-02T22:55:22.9682279Z   Downloaded tauri-plugin-log v2.7.1
2025-11-02T22:55:22.9872848Z   Downloaded tauri-plugin-global-shortcut v2.3.1
2025-11-02T22:55:23.0050939Z   Downloaded tauri-plugin-fs v2.4.4
2025-11-02T22:55:23.0616074Z   Downloaded tauri-plugin-dialog v2.4.2
2025-11-02T22:55:23.0936834Z   Downloaded tauri-plugin-autostart v2.5.1
2025-11-02T22:55:23.1077148Z   Downloaded tauri v2.9.0
2025-11-02T22:55:23.4575177Z   Downloaded serde_json v1.0.145
2025-11-02T22:55:23.5100418Z   Downloaded icu_normalizer_data v2.0.0
2025-11-02T22:55:23.5215129Z   Downloaded hashbrown v0.12.3
2025-11-02T22:55:23.5429799Z   Downloaded window-vibrancy v0.6.0
2025-11-02T22:55:23.5700851Z   Downloaded encoding_rs v0.8.35
2025-11-02T22:55:23.6405037Z   Downloaded winreg v0.10.1
2025-11-02T22:55:23.6585703Z   Downloaded untrusted v0.9.0
2025-11-02T22:55:23.6702044Z   Downloaded zerovec v0.11.4
2025-11-02T22:55:23.7105269Z   Downloaded unicode-ident v1.0.20
2025-11-02T22:55:23.7295370Z   Downloaded windows_x86_64_msvc v0.53.1
2025-11-02T22:55:23.7510937Z   Downloaded zerocopy v0.8.27
2025-11-02T22:55:23.9638759Z   Downloaded windows_x86_64_msvc v0.52.6
2025-11-02T22:55:23.9841944Z   Downloaded unic-ucd-version v0.9.0
2025-11-02T22:55:23.9907771Z   Downloaded unic-ucd-ident v0.9.0
2025-11-02T22:55:24.0021954Z   Downloaded unic-common v0.9.0
2025-11-02T22:55:24.0075681Z   Downloaded unic-char-range v0.9.0
2025-11-02T22:55:24.0183659Z   Downloaded unic-char-property v0.9.0
2025-11-02T22:55:24.0308886Z   Downloaded typeid v1.0.3
2025-11-02T22:55:24.0391619Z   Downloaded try-lock v0.2.5
2025-11-02T22:55:24.0468723Z   Downloaded tray-icon v0.21.2
2025-11-02T22:55:24.0617962Z   Downloaded tracing-core v0.1.34
2025-11-02T22:55:24.0805444Z   Downloaded tracing-attributes v0.1.30
2025-11-02T22:55:24.0999661Z   Downloaded tower-service v0.3.3
2025-11-02T22:55:24.1055364Z   Downloaded windows-sys v0.61.2
2025-11-02T22:55:24.3489607Z   Downloaded toml_writer v1.0.4
2025-11-02T22:55:24.3579797Z   Downloaded toml_parser v1.0.4
2025-11-02T22:55:24.3724538Z   Downloaded toml v0.9.8
2025-11-02T22:55:24.4011237Z   Downloaded tokio-rustls v0.24.1
2025-11-02T22:55:24.4177457Z   Downloaded tokio-macros v2.6.0
2025-11-02T22:55:24.4247059Z   Downloaded tinyvec_macros v0.1.1
2025-11-02T22:55:24.4303326Z   Downloaded tinystr v0.8.1
2025-11-02T22:55:24.4435382Z   Downloaded time-macros v0.2.24
2025-11-02T22:55:24.4600886Z   Downloaded time-core v0.1.6
2025-11-02T22:55:24.4679811Z   Downloaded thiserror v2.0.17
2025-11-02T22:55:24.5248489Z   Downloaded tendril v0.4.3
2025-11-02T22:55:24.5371494Z   Downloaded strsim v0.11.1
2025-11-02T22:55:24.5457701Z   Downloaded softbuffer v0.4.6
2025-11-02T22:55:25.3016554Z   Downloaded serde_with_macros v3.15.1
2025-11-02T22:55:25.3142773Z   Downloaded schemars v1.0.4
2025-11-02T22:55:25.4429498Z   Downloaded schemars v0.9.0
2025-11-02T22:55:25.5576153Z   Downloaded rustls v0.21.12
2025-11-02T22:55:25.6345241Z   Downloaded rkyv v0.7.45
2025-11-02T22:55:25.6942712Z   Downloaded regex-syntax v0.8.8
2025-11-02T22:55:25.7255927Z   Downloaded regex-automata v0.4.13
2025-11-02T22:55:25.8062969Z   Downloaded rand v0.7.3
2025-11-02T22:55:25.8370362Z   Downloaded tauri-plugin v2.5.1
2025-11-02T22:55:25.8457888Z   Downloaded tauri-macros v2.5.0
2025-11-02T22:55:25.8575997Z   Downloaded tauri-codegen v2.5.0
2025-11-02T22:55:25.8662408Z   Downloaded tauri-build v2.5.1
2025-11-02T22:55:25.8768613Z   Downloaded tap v1.0.1
2025-11-02T22:55:25.8830188Z   Downloaded synstructure v0.13.2
2025-11-02T22:55:25.8902873Z   Downloaded sync_wrapper v0.1.2
2025-11-02T22:55:25.8958956Z   Downloaded string_cache_codegen v0.5.4
2025-11-02T22:55:25.9016096Z   Downloaded stable_deref_trait v1.2.1
2025-11-02T22:55:25.9105260Z   Downloaded socket2 v0.6.1
2025-11-02T22:55:25.9208686Z   Downloaded socket2 v0.5.10
2025-11-02T22:55:25.9943836Z   Downloaded simdutf8 v0.1.5
2025-11-02T22:55:26.3113853Z   Downloaded shlex v1.3.0
2025-11-02T22:55:26.3195901Z   Downloaded serialize-to-javascript v0.1.2
2025-11-02T22:55:26.3281116Z   Downloaded serde_repr v0.1.20
2025-11-02T22:55:26.3432723Z   Downloaded rustls-webpki v0.101.7
2025-11-02T22:55:26.4915662Z   Downloaded ring v0.17.14
2025-11-02T22:55:26.7363279Z   Downloaded regex v1.12.2
2025-11-02T22:55:26.7784855Z   Downloaded rand v0.8.5
2025-11-02T22:55:26.8006023Z   Downloaded png v0.17.16
2025-11-02T22:55:27.0364244Z   Downloaded indexmap v2.12.0
2025-11-02T22:55:27.0618216Z   Downloaded icu_locale_core v2.0.0
2025-11-02T22:55:27.1157639Z   Downloaded icu_collections v2.0.0
2025-11-02T22:55:27.1655055Z   Downloaded http v1.3.1
2025-11-02T22:55:27.1879721Z   Downloaded hashbrown v0.16.0
2025-11-02T22:55:27.2142963Z   Downloaded h2 v0.3.27
2025-11-02T22:55:27.2554004Z   Downloaded global-hotkey v0.7.0
2025-11-02T22:55:27.2744158Z   Downloaded futures-util v0.3.31
2025-11-02T22:55:27.7370160Z   Downloaded darling_core v0.21.3
2025-11-02T22:55:27.7806446Z   Downloaded bytes v1.10.1
2025-11-02T22:55:27.8087475Z   Downloaded borsh v1.5.7
2025-11-02T22:55:27.8656719Z   Downloaded smallvec v1.15.1
2025-11-02T22:55:27.8785665Z   Downloaded slab v0.4.11
2025-11-02T22:55:27.8871498Z   Downloaded siphasher v1.0.1
2025-11-02T22:55:27.8967547Z   Downloaded siphasher v0.3.11
2025-11-02T22:55:27.9048086Z   Downloaded simd-adler32 v0.3.7
2025-11-02T22:55:27.9183163Z   Downloaded shared_child v1.1.1
2025-11-02T22:55:27.9271143Z   Downloaded sha2 v0.10.9
2025-11-02T22:55:27.9471823Z   Downloaded servo_arc v0.2.0
2025-11-02T22:55:27.9524285Z   Downloaded serialize-to-javascript-impl v0.1.2
2025-11-02T22:55:27.9577812Z   Downloaded serde_urlencoded v0.7.1
2025-11-02T22:55:27.9711522Z   Downloaded serde_spanned v1.0.3
2025-11-02T22:55:27.9791221Z   Downloaded serde_derive_internals v0.29.1
2025-11-02T22:55:27.9890781Z   Downloaded serde_derive v1.0.228
2025-11-02T22:55:28.0115491Z   Downloaded serde_core v1.0.228
2025-11-02T22:55:28.0313137Z   Downloaded semver v1.0.27
2025-11-02T22:55:28.0478579Z   Downloaded selectors v0.24.0
2025-11-02T22:55:28.0576055Z   Downloaded seahash v4.1.0
2025-11-02T22:55:28.0685584Z   Downloaded sct v0.7.1
2025-11-02T22:55:28.1005371Z   Downloaded mio v1.1.0
2025-11-02T22:55:28.1382028Z   Downloaded miniz_oxide v0.8.9
2025-11-02T22:55:28.1548843Z   Downloaded libc v0.2.177
2025-11-02T22:55:28.2907551Z   Downloaded getrandom v0.1.16
2025-11-02T22:55:28.3079806Z   Downloaded funty v2.0.0
2025-11-02T22:55:28.3128623Z   Downloaded form_urlencoded v1.2.2
2025-11-02T22:55:28.3184314Z   Downloaded find-msvc-tools v0.1.4
2025-11-02T22:55:28.3298689Z   Downloaded fastrand v2.3.0
2025-11-02T22:55:28.3378555Z   Downloaded erased-serde v0.4.8
2025-11-02T22:55:28.3538833Z   Downloaded equivalent v1.0.2
2025-11-02T22:55:28.3606871Z   Downloaded embed-resource v3.0.6
2025-11-02T22:55:28.3731439Z   Downloaded dyn-clone v1.0.20
2025-11-02T22:55:28.3857923Z   Downloaded windows-sys v0.48.0
2025-11-02T22:55:28.6723692Z   Downloaded dtoa v1.0.10
2025-11-02T22:55:28.6822311Z   Downloaded dirs v6.0.0
2025-11-02T22:55:28.6908289Z   Downloaded digest v0.10.7
2025-11-02T22:55:28.7038217Z   Downloaded derive_more v0.99.20
2025-11-02T22:55:28.7388285Z   Downloaded deranged v0.5.5
2025-11-02T22:55:28.7462164Z   Downloaded windows-sys v0.52.0
2025-11-02T22:55:29.6150463Z   Downloaded darling v0.21.3
2025-11-02T22:55:29.6604794Z   Downloaded ctor v0.2.9
2025-11-02T22:55:29.6683211Z   Downloaded bytecheck_derive v0.6.12
2025-11-02T22:55:29.6729943Z   Downloaded schemars_derive v0.8.22
2025-11-02T22:55:29.6837927Z   Downloaded ryu v1.0.20
2025-11-02T22:55:29.7051533Z   Downloaded rustls-pemfile v1.0.4
2025-11-02T22:55:29.7212815Z   Downloaded rustc_version v0.4.1
2025-11-02T22:55:29.7298847Z   Downloaded rkyv_derive v0.7.45
2025-11-02T22:55:29.7402328Z   Downloaded rfd v0.15.4
2025-11-02T22:55:29.7798235Z   Downloaded rend v0.4.2
2025-11-02T22:55:29.7897836Z   Downloaded ref-cast-impl v1.0.25
2025-11-02T22:55:29.7953904Z   Downloaded ref-cast v1.0.25
2025-11-02T22:55:29.8181428Z   Downloaded raw-window-handle v0.6.2
2025-11-02T22:55:29.8315348Z   Downloaded rand_pcg v0.2.1
2025-11-02T22:55:29.8402298Z   Downloaded rand_chacha v0.3.1
2025-11-02T22:55:29.8477439Z   Downloaded quote v1.0.41
2025-11-02T22:55:29.8678304Z   Downloaded ptr_meta v0.1.4
2025-11-02T22:55:29.8738794Z   Downloaded proc-macro2 v1.0.103
2025-11-02T22:55:29.8976776Z   Downloaded proc-macro-hack v0.5.20+deprecated
2025-11-02T22:55:29.9129406Z   Downloaded proc-macro-crate v3.4.0
2025-11-02T22:55:29.9220927Z   Downloaded precomputed-hash v0.1.1
2025-11-02T22:55:29.9267637Z   Downloaded potential_utf v0.1.3
2025-11-02T22:55:29.9334317Z   Downloaded pin-project-lite v0.2.16
2025-11-02T22:55:29.9819467Z   Downloaded phf_shared v0.11.3
2025-11-02T22:55:29.9879270Z   Downloaded phf_macros v0.11.3
2025-11-02T22:55:29.9948731Z   Downloaded phf_macros v0.10.0
2025-11-02T22:55:29.9991957Z   Downloaded phf_generator v0.11.3
2025-11-02T22:55:30.0065295Z   Downloaded phf_generator v0.10.0
2025-11-02T22:55:30.0125609Z   Downloaded pathdiff v0.2.3
2025-11-02T22:55:30.0188971Z   Downloaded muda v0.17.1
2025-11-02T22:55:30.0560233Z   Downloaded memchr v2.7.6
2025-11-02T22:55:30.0897321Z   Downloaded markup5ever v0.14.1
2025-11-02T22:55:30.1978822Z   Downloaded kuchikiki v0.8.8-speedreader
2025-11-02T22:55:30.5219880Z   Downloaded keyboard-types v0.7.0
2025-11-02T22:55:30.5330315Z   Downloaded json-patch v3.0.1
2025-11-02T22:55:30.5512729Z   Downloaded indexmap v1.9.3
2025-11-02T22:55:30.5703294Z   Downloaded ident_case v1.0.1
2025-11-02T22:55:30.5768542Z   Downloaded icu_normalizer v2.0.0
2025-11-02T22:55:30.5977970Z   Downloaded futures-task v0.3.31
2025-11-02T22:55:30.6065347Z   Downloaded futures-sink v0.3.31
2025-11-02T22:55:30.6118618Z   Downloaded futures-io v0.3.31
2025-11-02T22:55:30.6171834Z   Downloaded futures-core v0.3.31
2025-11-02T22:55:30.6253214Z   Downloaded futf v0.1.5
2025-11-02T22:55:30.6317617Z   Downloaded fnv v1.0.7
2025-11-02T22:55:30.6377148Z   Downloaded filetime v0.2.26
2025-11-02T22:55:30.6494088Z   Downloaded dunce v1.0.5
2025-11-02T22:55:30.6553752Z   Downloaded dpi v0.1.2
2025-11-02T22:55:30.6618364Z   Downloaded dirs-sys v0.5.0
2025-11-02T22:55:30.6715889Z   Downloaded darling_macro v0.21.3
2025-11-02T22:55:30.6763333Z   Downloaded cargo-platform v0.1.9
2025-11-02T22:55:30.6843880Z   Downloaded camino v1.2.1
2025-11-02T22:55:30.6955643Z   Downloaded byteorder v1.5.0
2025-11-02T22:55:30.7048797Z   Downloaded byte-unit v5.1.6
2025-11-02T22:55:30.7278501Z   Downloaded borsh-derive v1.5.7
2025-11-02T22:55:30.7474350Z   Downloaded block-buffer v0.10.4
2025-11-02T22:55:30.7547821Z   Downloaded rand_core v0.6.4
2025-11-02T22:55:30.7631796Z   Downloaded rand_core v0.5.1
2025-11-02T22:55:30.7715210Z   Downloaded rand_chacha v0.2.2
2025-11-02T22:55:30.7784977Z   Downloaded radium v0.7.0
2025-11-02T22:55:30.7855653Z   Downloaded powerfmt v0.2.0
2025-11-02T22:55:30.7958369Z   Downloaded pin-utils v0.1.0
2025-11-02T22:55:30.8037481Z   Downloaded phf_shared v0.10.0
2025-11-02T22:55:30.8079276Z   Downloaded phf v0.11.3
2025-11-02T22:55:30.8165443Z   Downloaded phf v0.8.0
2025-11-02T22:55:30.8214038Z   Downloaded parking_lot_core v0.9.12
2025-11-02T22:55:30.8366814Z   Downloaded os_pipe v1.2.3
2025-11-02T22:55:30.8455074Z   Downloaded once_cell v1.21.3
2025-11-02T22:55:30.8632467Z   Downloaded num-traits v0.2.19
2025-11-02T22:55:30.8807771Z   Downloaded notify v6.1.1
2025-11-02T22:55:30.8915885Z   Downloaded nodrop v0.1.14
2025-11-02T22:55:30.8969724Z   Downloaded matches v0.1.10
2025-11-02T22:55:30.9023860Z   Downloaded match_token v0.1.0
2025-11-02T22:55:30.9067954Z   Downloaded mac v0.1.1
2025-11-02T22:55:30.9176447Z   Downloaded log v0.4.28
2025-11-02T22:55:30.9334572Z   Downloaded lock_api v0.4.14
2025-11-02T22:55:30.9406624Z   Downloaded litemap v0.8.0
2025-11-02T22:55:30.9560597Z   Downloaded lazy_static v1.5.0
2025-11-02T22:55:30.9693285Z   Downloaded itoa v1.0.15
2025-11-02T22:55:30.9786309Z   Downloaded ipnet v2.11.0
2025-11-02T22:55:30.9893784Z   Downloaded infer v0.19.0
2025-11-02T22:55:31.0056644Z   Downloaded idna_adapter v1.2.1
2025-11-02T22:55:31.0120909Z   Downloaded idna v1.1.0
2025-11-02T22:55:31.0283371Z   Downloaded icu_properties_data v2.0.1
2025-11-02T22:55:31.1023381Z   Downloaded icu_properties v2.0.1
2025-11-02T22:55:31.1153573Z   Downloaded hyper-rustls v0.24.2
2025-11-02T22:55:31.1330665Z   Downloaded httpdate v1.0.3
2025-11-02T22:55:31.1409877Z   Downloaded http-body v0.4.6
2025-11-02T22:55:31.1538333Z   Downloaded hex v0.4.3
2025-11-02T22:55:31.1637126Z   Downloaded heck v0.5.0
2025-11-02T22:55:31.1739175Z   Downloaded glob v0.3.3
2025-11-02T22:55:31.1857647Z   Downloaded getrandom v0.3.4
2025-11-02T22:55:31.2106530Z   Downloaded getrandom v0.2.16
2025-11-02T22:55:31.2300352Z   Downloaded generic-array v0.14.9
2025-11-02T22:55:31.2410248Z   Downloaded fxhash v0.2.1
2025-11-02T22:55:31.2458820Z   Downloaded futures-macro v0.3.31
2025-11-02T22:55:31.2523057Z   Downloaded dtoa-short v0.3.5
2025-11-02T22:55:31.2571109Z   Downloaded cargo_toml v0.22.3
2025-11-02T22:55:31.2669846Z   Downloaded autocfg v1.5.0
2025-11-02T22:55:31.2805318Z   Downloaded anyhow v1.0.100
2025-11-02T22:55:31.3116978Z   Downloaded reqwest v0.11.27
2025-11-02T22:55:31.3575328Z   Downloaded ppv-lite86 v0.2.21
2025-11-02T22:55:31.3653240Z   Downloaded phf_codegen v0.11.3
2025-11-02T22:55:31.3712457Z   Downloaded phf_codegen v0.8.0
2025-11-02T22:55:31.3754388Z   Downloaded phf v0.10.1
2025-11-02T22:55:31.3833989Z   Downloaded percent-encoding v2.3.2
2025-11-02T22:55:31.3892906Z   Downloaded parking_lot v0.12.5
2025-11-02T22:55:31.4053343Z   Downloaded option-ext v0.2.0
2025-11-02T22:55:31.4115888Z   Downloaded num-conv v0.1.0
2025-11-02T22:55:31.4171462Z   Downloaded new_debug_unreachable v1.0.6
2025-11-02T22:55:31.4244865Z   Downloaded mime v0.3.17
2025-11-02T22:55:31.4354339Z   Downloaded icu_provider v2.0.0
2025-11-02T22:55:31.4509827Z   Downloaded cssparser-macros v0.6.1
2025-11-02T22:55:31.4554051Z   Downloaded cpufeatures v0.2.17
2025-11-02T22:55:31.4644419Z   Downloaded colored v2.2.0
2025-11-02T22:55:31.9603399Z   Downloaded cfb v0.7.3
2025-11-02T22:55:31.9848865Z   Downloaded cc v1.2.43
2025-11-02T22:55:32.0022914Z   Downloaded bytecheck v0.6.12
2025-11-02T22:55:32.0084297Z   Downloaded bitvec v1.0.1
2025-11-02T22:55:32.1335083Z   Downloaded same-file v1.0.6
2025-11-02T22:55:32.1429208Z   Downloaded open v5.3.2
2025-11-02T22:55:32.1563367Z   Downloaded cssparser v0.29.6
2025-11-02T22:55:32.1713609Z   Downloaded crossbeam-utils v0.8.21
2025-11-02T22:55:32.1928304Z   Downloaded crc32fast v1.5.0
2025-11-02T22:55:32.2036360Z   Downloaded cfg_aliases v0.2.1
2025-11-02T22:55:32.2103696Z   Downloaded bitflags v1.3.2
2025-11-02T22:55:32.2350952Z   Downloaded auto-launch v0.5.0
2025-11-02T22:55:32.2438563Z   Downloaded arrayvec v0.7.6
2025-11-02T22:55:32.2572019Z   Downloaded aho-corasick v1.1.3
2025-11-02T22:55:32.2890031Z   Downloaded ahash v0.7.8
2025-11-02T22:55:32.3049156Z   Downloaded adler2 v2.0.1
2025-11-02T22:55:32.3131497Z   Downloaded jsonptr v0.6.3
2025-11-02T22:55:32.3311872Z   Downloaded http v0.2.12
2025-11-02T22:55:32.5447394Z   Downloaded crossbeam-channel v0.5.15
2025-11-02T22:55:32.5706709Z   Downloaded convert_case v0.4.0
2025-11-02T22:55:32.5766712Z   Downloaded chrono v0.4.42
2025-11-02T22:55:32.6123786Z   Downloaded cfg-if v1.0.4
2025-11-02T22:55:32.6214853Z   Downloaded bitflags v2.10.0
2025-11-02T22:55:32.6544574Z   Downloaded base64 v0.21.7
2025-11-02T22:55:32.6770298Z   Downloaded phf_generator v0.8.0
2025-11-02T22:55:32.6832379Z   Downloaded httparse v1.10.1
2025-11-02T22:55:32.6972600Z   Downloaded futures-channel v0.3.31
2025-11-02T22:55:32.7089530Z   Downloaded fdeflate v0.3.7
2025-11-02T22:55:32.7228679Z   Downloaded displaydoc v0.2.5
2025-11-02T22:55:32.7453580Z   Downloaded cookie v0.18.1
2025-11-02T22:55:32.7602790Z   Downloaded cargo_metadata v0.19.2
2025-11-02T22:55:32.7724446Z   Downloaded base64 v0.22.1
2025-11-02T22:55:32.8061278Z   Downloaded windows v0.61.3
2025-11-02T22:55:33.9599747Z   Downloaded windows v0.57.0
2025-11-02T22:55:36.0745539Z    Compiling proc-macro2 v1.0.103
2025-11-02T22:55:36.0746461Z    Compiling quote v1.0.41
2025-11-02T22:55:36.0746925Z    Compiling unicode-ident v1.0.20
2025-11-02T22:55:36.0747292Z    Compiling cfg-if v1.0.4
2025-11-02T22:55:36.1436804Z    Compiling windows-link v0.2.1
2025-11-02T22:55:36.1974092Z    Compiling serde_core v1.0.228
2025-11-02T22:55:36.2038880Z    Compiling zerocopy v0.8.27
2025-11-02T22:55:37.9494637Z    Compiling itoa v1.0.15
2025-11-02T22:55:38.1142566Z    Compiling smallvec v1.15.1
2025-11-02T22:55:38.3809023Z    Compiling getrandom v0.2.16
2025-11-02T22:55:38.5317152Z    Compiling litemap v0.8.0
2025-11-02T22:55:39.2810089Z    Compiling syn v2.0.108
2025-11-02T22:55:39.4199515Z    Compiling writeable v0.6.1
2025-11-02T22:55:39.9055322Z    Compiling rand_core v0.6.4
2025-11-02T22:55:40.1908175Z    Compiling fnv v1.0.7
2025-11-02T22:55:40.2626384Z    Compiling icu_normalizer_data v2.0.0
2025-11-02T22:55:40.5360497Z    Compiling ppv-lite86 v0.2.21
2025-11-02T22:55:40.5464318Z    Compiling serde v1.0.228
2025-11-02T22:55:40.9050679Z    Compiling stable_deref_trait v1.2.1
2025-11-02T22:55:40.9729842Z    Compiling icu_properties_data v2.0.1
2025-11-02T22:55:41.0372357Z    Compiling rand_chacha v0.3.1
2025-11-02T22:55:41.1879786Z    Compiling memchr v2.7.6
2025-11-02T22:55:41.5979074Z    Compiling rand v0.8.5
2025-11-02T22:55:41.8251177Z    Compiling siphasher v1.0.1
2025-11-02T22:55:42.3478416Z    Compiling phf_shared v0.11.3
2025-11-02T22:55:42.5534648Z    Compiling bytes v1.10.1
2025-11-02T22:55:42.5623453Z    Compiling thiserror v2.0.17
2025-11-02T22:55:42.6570643Z    Compiling ryu v1.0.20
2025-11-02T22:55:42.9026364Z    Compiling phf_generator v0.11.3
2025-11-02T22:55:43.0919493Z    Compiling getrandom v0.3.4
2025-11-02T22:55:43.1690709Z    Compiling siphasher v0.3.11
2025-11-02T22:55:43.3981584Z    Compiling utf8_iter v1.0.4
2025-11-02T22:55:43.4977996Z    Compiling getrandom v0.1.16
2025-11-02T22:55:43.6717376Z    Compiling byteorder v1.5.0
2025-11-02T22:55:43.7093791Z    Compiling windows_x86_64_msvc v0.52.6
2025-11-02T22:55:43.9640904Z    Compiling rand_core v0.5.1
2025-11-02T22:55:43.9641417Z    Compiling parking_lot_core v0.9.12
2025-11-02T22:55:44.0857105Z    Compiling typeid v1.0.3
2025-11-02T22:55:44.1882141Z    Compiling syn v1.0.109
2025-11-02T22:55:44.2684430Z    Compiling autocfg v1.5.0
2025-11-02T22:55:44.3759708Z    Compiling strsim v0.11.1
2025-11-02T22:55:44.5894757Z    Compiling winnow v0.7.13
2025-11-02T22:55:44.8323071Z    Compiling synstructure v0.13.2
2025-11-02T22:55:44.8925125Z    Compiling ident_case v1.0.1
2025-11-02T22:55:45.0800725Z    Compiling darling_core v0.21.3
2025-11-02T22:55:45.9618707Z    Compiling toml_writer v1.0.4
2025-11-02T22:55:46.2182081Z    Compiling erased-serde v0.4.8
2025-11-02T22:55:46.5133238Z    Compiling thiserror v1.0.69
2025-11-02T22:55:46.9102874Z    Compiling toml_parser v1.0.4
2025-11-02T22:55:47.0854828Z    Compiling scopeguard v1.2.0
2025-11-02T22:55:47.1678649Z    Compiling lock_api v0.4.14
2025-11-02T22:55:47.5918681Z    Compiling windows-targets v0.52.6
2025-11-02T22:55:48.0042037Z    Compiling serde_derive v1.0.228
2025-11-02T22:55:48.1306516Z    Compiling zerofrom-derive v0.1.6
2025-11-02T22:55:48.3438592Z    Compiling yoke-derive v0.8.0
2025-11-02T22:55:49.6366856Z    Compiling zerovec-derive v0.11.1
2025-11-02T22:55:49.9534089Z    Compiling displaydoc v0.2.5
2025-11-02T22:55:50.2332125Z    Compiling zerofrom v0.1.6
2025-11-02T22:55:50.3694501Z    Compiling yoke v0.8.0
2025-11-02T22:55:50.6247164Z    Compiling thiserror-impl v2.0.17
2025-11-02T22:55:50.9066736Z    Compiling zerotrie v0.2.2
2025-11-02T22:55:51.3245010Z    Compiling zerovec v0.11.4
2025-11-02T22:55:51.3579003Z    Compiling phf_macros v0.11.3
2025-11-02T22:55:52.3180157Z    Compiling darling_macro v0.21.3
2025-11-02T22:55:52.7143275Z    Compiling thiserror-impl v1.0.69
2025-11-02T22:55:52.8403884Z    Compiling tinystr v0.8.1
2025-11-02T22:55:52.8873972Z    Compiling potential_utf v0.1.3
2025-11-02T22:55:53.0699028Z    Compiling icu_locale_core v2.0.0
2025-11-02T22:55:53.1030577Z    Compiling icu_collections v2.0.0
2025-11-02T22:55:53.8769924Z    Compiling icu_provider v2.0.0
2025-11-02T22:55:54.3133838Z    Compiling rand_chacha v0.2.2
2025-11-02T22:55:54.5826834Z    Compiling rand_pcg v0.2.1
2025-11-02T22:55:54.7140754Z    Compiling phf_shared v0.8.0
2025-11-02T22:55:54.8149689Z    Compiling aho-corasick v1.1.3
2025-11-02T22:55:54.8909859Z    Compiling unic-common v0.9.0
2025-11-02T22:55:54.9055920Z    Compiling unic-char-range v0.9.0
2025-11-02T22:55:54.9881988Z    Compiling proc-macro-hack v0.5.20+deprecated
2025-11-02T22:55:55.3359773Z    Compiling regex-syntax v0.8.8
2025-11-02T22:55:55.6501773Z    Compiling unic-char-property v0.9.0
2025-11-02T22:55:55.7542013Z    Compiling unic-ucd-version v0.9.0
2025-11-02T22:55:55.8138591Z    Compiling rand v0.7.3
2025-11-02T22:55:57.1060695Z    Compiling darling v0.21.3
2025-11-02T22:55:57.1739449Z    Compiling parking_lot v0.12.5
2025-11-02T22:55:57.9771755Z    Compiling regex-automata v0.4.13
2025-11-02T22:55:59.5386941Z    Compiling phf_shared v0.10.0
2025-11-02T22:55:59.7988545Z    Compiling hashbrown v0.16.0
2025-11-02T22:56:00.6298062Z    Compiling serde_json v1.0.145
2025-11-02T22:56:00.9779710Z    Compiling equivalent v1.0.2
2025-11-02T22:56:01.0430738Z    Compiling new_debug_unreachable v1.0.6
2025-11-02T22:56:01.0966045Z    Compiling indexmap v2.12.0
2025-11-02T22:56:01.1239253Z    Compiling regex v1.12.2
2025-11-02T22:56:01.8684625Z    Compiling phf_generator v0.10.0
2025-11-02T22:56:01.9393123Z    Compiling serde_with_macros v3.15.1
2025-11-02T22:56:01.9817353Z    Compiling phf_generator v0.8.0
2025-11-02T22:56:02.0860317Z    Compiling unic-ucd-ident v0.9.0
2025-11-02T22:56:03.0559830Z    Compiling icu_normalizer v2.0.0
2025-11-02T22:56:03.4946011Z    Compiling icu_properties v2.0.1
2025-11-02T22:56:04.2171620Z    Compiling string_cache_codegen v0.5.4
2025-11-02T22:56:04.8719967Z    Compiling phf_codegen v0.11.3
2025-11-02T22:56:04.9931043Z    Compiling windows-sys v0.61.2
2025-11-02T22:56:05.6973629Z    Compiling anyhow v1.0.100
2025-11-02T22:56:05.8668382Z    Compiling dunce v1.0.5
2025-11-02T22:56:05.9328976Z    Compiling mac v0.1.1
2025-11-02T22:56:05.9990617Z    Compiling precomputed-hash v0.1.1
2025-11-02T22:56:06.0657606Z    Compiling futf v0.1.5
2025-11-02T22:56:06.1062435Z    Compiling idna_adapter v1.2.1
2025-11-02T22:56:06.1427212Z    Compiling markup5ever v0.14.1
2025-11-02T22:56:06.1884660Z    Compiling phf_macros v0.10.0
2025-11-02T22:56:06.2387374Z    Compiling phf_codegen v0.8.0
2025-11-02T22:56:06.3468033Z    Compiling cssparser v0.29.6
2025-11-02T22:56:07.4312157Z    Compiling http v1.3.1
2025-11-02T22:56:08.5306869Z    Compiling toml_datetime v0.7.3
2025-11-02T22:56:08.6621229Z    Compiling semver v1.0.27
2025-11-02T22:56:08.7004435Z    Compiling serde_spanned v1.0.3
2025-11-02T22:56:08.8506540Z    Compiling bitflags v1.3.2
2025-11-02T22:56:08.9074950Z    Compiling dtoa v1.0.10
2025-11-02T22:56:09.0447572Z    Compiling percent-encoding v2.3.2
2025-11-02T22:56:09.0847949Z    Compiling shlex v1.3.0
2025-11-02T22:56:09.0873347Z    Compiling find-msvc-tools v0.1.4
2025-11-02T22:56:09.2570034Z    Compiling log v0.4.28
2025-11-02T22:56:09.3129130Z    Compiling utf-8 v0.7.6
2025-11-02T22:56:09.3451907Z    Compiling form_urlencoded v1.2.2
2025-11-02T22:56:09.4754786Z    Compiling tendril v0.4.3
2025-11-02T22:56:09.4788653Z    Compiling dtoa-short v0.3.5
2025-11-02T22:56:09.5239115Z    Compiling toml v0.9.8
2025-11-02T22:56:09.7950068Z    Compiling cc v1.2.43
2025-11-02T22:56:09.9513113Z    Compiling phf v0.10.1
2025-11-02T22:56:10.3399954Z    Compiling selectors v0.24.0
2025-11-02T22:56:10.6503693Z    Compiling idna v1.1.0
2025-11-02T22:56:11.6191873Z    Compiling string_cache v0.8.9
2025-11-02T22:56:11.8859778Z    Compiling uuid v1.18.1
2025-11-02T22:56:11.8863001Z    Compiling phf v0.11.3
2025-11-02T22:56:12.0602590Z    Compiling cssparser-macros v0.6.1
2025-11-02T22:56:12.2443535Z    Compiling ctor v0.2.9
2025-11-02T22:56:12.5461780Z    Compiling indexmap v1.9.3
2025-11-02T22:56:12.5913651Z    Compiling nodrop v0.1.14
2025-11-02T22:56:12.6824098Z    Compiling convert_case v0.4.0
2025-11-02T22:56:12.7346258Z    Compiling matches v0.1.10
2025-11-02T22:56:12.7875573Z    Compiling glob v0.3.3
2025-11-02T22:56:12.9284535Z    Compiling camino v1.2.1
2025-11-02T22:56:13.1952202Z    Compiling derive_more v0.99.20
2025-11-02T22:56:13.4338210Z    Compiling servo_arc v0.2.0
2025-11-02T22:56:13.6852905Z    Compiling url v2.5.7
2025-11-02T22:56:14.0535291Z    Compiling winapi-util v0.1.11
2025-11-02T22:56:14.3702247Z    Compiling phf v0.8.0
2025-11-02T22:56:14.4838089Z    Compiling match_token v0.1.0
2025-11-02T22:56:14.9896339Z    Compiling serde_derive_internals v0.29.1
2025-11-02T22:56:15.0732675Z    Compiling fxhash v0.2.1
2025-11-02T22:56:15.1865440Z    Compiling schemars v0.8.22
2025-11-02T22:56:15.3708357Z    Compiling hashbrown v0.12.3
2025-11-02T22:56:15.5143300Z    Compiling html5ever v0.29.1
2025-11-02T22:56:16.4687915Z    Compiling schemars_derive v0.8.22
2025-11-02T22:56:16.6995635Z    Compiling same-file v1.0.6
2025-11-02T22:56:16.8928906Z    Compiling cfb v0.7.3
2025-11-02T22:56:17.3405792Z    Compiling jsonptr v0.6.3
2025-11-02T22:56:18.3014239Z    Compiling cargo-platform v0.1.9
2025-11-02T22:56:18.3591898Z    Compiling dyn-clone v1.0.20
2025-11-02T22:56:18.3820340Z    Compiling kuchikiki v0.8.8-speedreader
2025-11-02T22:56:18.5022111Z    Compiling cargo_metadata v0.19.2
2025-11-02T22:56:19.0615371Z    Compiling serde-untagged v0.1.9
2025-11-02T22:56:19.1871651Z    Compiling json-patch v3.0.1
2025-11-02T22:56:19.3982267Z    Compiling infer v0.19.0
2025-11-02T22:56:20.0675916Z    Compiling walkdir v2.5.0
2025-11-02T22:56:20.1649493Z    Compiling urlpattern v0.3.0
2025-11-02T22:56:20.7363496Z    Compiling serde_with v3.15.1
2025-11-02T22:56:20.8053961Z    Compiling libc v0.2.177
2025-11-02T22:56:21.4177366Z    Compiling vswhom-sys v0.1.3
2025-11-02T22:56:22.3892526Z    Compiling option-ext v0.2.0
2025-11-02T22:56:22.4532181Z    Compiling windows-sys v0.59.0
2025-11-02T22:56:23.4150979Z    Compiling tauri-utils v2.8.0
2025-11-02T22:56:26.9778037Z    Compiling windows_x86_64_msvc v0.53.1
2025-11-02T22:56:27.5529102Z    Compiling vswhom v0.1.0
2025-11-02T22:56:27.9489957Z    Compiling winreg v0.55.0
2025-11-02T22:56:28.3926470Z    Compiling rustc_version v0.4.1
2025-11-02T22:56:28.7658212Z    Compiling embed-resource v3.0.6
2025-11-02T22:56:29.1701114Z    Compiling dirs-sys v0.5.0
2025-11-02T22:56:29.1806571Z    Compiling heck v0.5.0
2025-11-02T22:56:29.3095390Z    Compiling version_check v0.9.5
2025-11-02T22:56:29.6543611Z    Compiling dirs v6.0.0
2025-11-02T22:56:29.6693908Z    Compiling windows-targets v0.53.5
2025-11-02T22:56:29.7225811Z    Compiling tauri-winres v0.3.3
2025-11-02T22:56:29.7477292Z    Compiling cargo_toml v0.22.3
2025-11-02T22:56:29.7725506Z    Compiling windows-link v0.1.3
2025-11-02T22:56:29.8284248Z    Compiling windows-sys v0.60.2
2025-11-02T22:56:30.8070911Z    Compiling once_cell v1.21.3
2025-11-02T22:56:31.0651123Z    Compiling value-bag v1.11.1
2025-11-02T22:56:35.0948826Z    Compiling tauri-plugin v2.5.1
2025-11-02T22:56:35.2001338Z    Compiling tauri-build v2.5.1
2025-11-02T22:56:36.6939221Z    Compiling windows-strings v0.4.2
2025-11-02T22:56:37.2306794Z    Compiling windows-result v0.3.4
2025-11-02T22:56:37.2904347Z    Compiling windows-interface v0.59.3
2025-11-02T22:56:37.7275269Z    Compiling windows-implement v0.60.2
2025-11-02T22:56:38.4412265Z    Compiling pin-project-lite v0.2.16
2025-11-02T22:56:38.7381587Z    Compiling windows-core v0.61.2
2025-11-02T22:56:39.6805789Z    Compiling crossbeam-utils v0.8.21
2025-11-02T22:56:39.7960794Z    Compiling typenum v1.19.0
2025-11-02T22:56:40.3516209Z    Compiling windows-threading v0.1.0
2025-11-02T22:56:40.4810812Z    Compiling generic-array v0.14.9
2025-11-02T22:56:40.5095575Z    Compiling windows-future v0.2.1
2025-11-02T22:56:42.8699047Z    Compiling windows-numerics v0.2.0
2025-11-02T22:56:43.1021448Z    Compiling windows-collections v0.2.0
2025-11-02T22:56:43.3735465Z    Compiling socket2 v0.6.1
2025-11-02T22:56:43.4258529Z    Compiling mio v1.1.0
2025-11-02T22:56:43.6448817Z    Compiling tokio-macros v2.6.0
2025-11-02T22:56:44.6391055Z    Compiling raw-window-handle v0.6.2
2025-11-02T22:56:44.9550000Z    Compiling simd-adler32 v0.3.7
2025-11-02T22:56:44.9717851Z    Compiling crc32fast v1.5.0
2025-11-02T22:56:45.2025705Z    Compiling tokio v1.48.0
2025-11-02T22:56:45.3032055Z    Compiling windows v0.61.3
2025-11-02T22:56:50.4898797Z    Compiling tauri v2.9.0
2025-11-02T22:56:52.9337243Z    Compiling crossbeam-channel v0.5.15
2025-11-02T22:56:54.0426728Z    Compiling dpi v0.1.2
2025-11-02T22:56:54.4236555Z    Compiling bitflags v2.10.0
2025-11-02T22:56:54.8080872Z    Compiling webview2-com-sys v0.38.0
2025-11-02T22:56:54.9165979Z    Compiling unicode-segmentation v1.12.0
2025-11-02T22:56:55.5426018Z    Compiling num-conv v0.1.0
2025-11-02T22:56:55.7913365Z    Compiling adler2 v2.0.1
2025-11-02T22:56:55.8545244Z    Compiling time-core v0.1.6
2025-11-02T22:56:55.9866247Z    Compiling powerfmt v0.2.0
2025-11-02T22:56:56.2172006Z    Compiling time-macros v0.2.24
2025-11-02T22:56:56.3934803Z    Compiling deranged v0.5.5
2025-11-02T22:56:59.0868800Z    Compiling miniz_oxide v0.8.9
2025-11-02T22:56:59.6730698Z    Compiling cookie v0.18.1
2025-11-02T22:57:00.3396597Z    Compiling flate2 v1.1.5
2025-11-02T22:57:00.7443463Z    Compiling time v0.3.44
2025-11-02T22:57:02.2173755Z    Compiling crypto-common v0.1.6
2025-11-02T22:57:02.2379318Z    Compiling block-buffer v0.10.4
2025-11-02T22:57:02.4447374Z    Compiling fdeflate v0.3.7
2025-11-02T22:57:04.3696880Z    Compiling webview2-com-macros v0.8.0
2025-11-02T22:57:05.1960124Z    Compiling windows-version v0.1.7
2025-11-02T22:57:05.2929581Z    Compiling lazy_static v1.5.0
2025-11-02T22:57:05.3607353Z    Compiling cfg_aliases v0.2.1
2025-11-02T22:57:05.4804904Z    Compiling softbuffer v0.4.6
2025-11-02T22:57:07.7272872Z    Compiling png v0.17.16
2025-11-02T22:57:07.8290100Z    Compiling digest v0.10.7
2025-11-02T22:57:09.5997405Z    Compiling keyboard-types v0.7.0
2025-11-02T22:57:12.9716617Z    Compiling tauri-runtime v2.9.1
2025-11-02T22:57:13.5101535Z    Compiling wry v0.53.5
2025-11-02T22:57:13.5402710Z    Compiling cpufeatures v0.2.17
2025-11-02T22:57:13.6076201Z    Compiling sha2 v0.10.9
2025-11-02T22:57:14.3746339Z    Compiling ico v0.4.0
2025-11-02T22:57:14.4826302Z    Compiling tauri-runtime-wry v2.9.0
2025-11-02T22:57:14.9838913Z    Compiling base64 v0.22.1
2025-11-02T22:57:15.5054262Z    Compiling tauri-codegen v2.5.0
2025-11-02T22:57:17.5877626Z    Compiling muda v0.17.1
2025-11-02T22:57:18.1284657Z    Compiling serialize-to-javascript-impl v0.1.2
2025-11-02T22:57:19.0641552Z    Compiling mime v0.3.17
2025-11-02T22:57:19.8861878Z    Compiling serialize-to-javascript v0.1.2
2025-11-02T22:57:20.3315615Z    Compiling tray-icon v0.21.2
2025-11-02T22:57:21.8493781Z    Compiling tauri-macros v2.5.0
2025-11-02T22:57:21.9905851Z    Compiling window-vibrancy v0.6.0
2025-11-02T22:57:22.4324854Z    Compiling serde_repr v0.1.20
2025-11-02T22:57:23.5642869Z    Compiling ring v0.17.14
2025-11-02T22:57:26.5088813Z    Compiling tracing-core v0.1.34
2025-11-02T22:57:27.9521361Z    Compiling tracing-attributes v0.1.30
2025-11-02T22:57:30.4581874Z    Compiling untrusted v0.9.0
2025-11-02T22:57:30.7954035Z    Compiling windows_x86_64_msvc v0.48.5
2025-11-02T22:57:30.8295467Z    Compiling futures-core v0.3.31
2025-11-02T22:57:31.0917889Z    Compiling tracing v0.1.41
2025-11-02T22:57:31.7145346Z    Compiling tauri-plugin-fs v2.4.4
2025-11-02T22:57:34.9210465Z    Compiling num-traits v0.2.19
2025-11-02T22:57:35.4593873Z    Compiling http v0.2.12
2025-11-02T22:57:37.1362875Z    Compiling httparse v1.10.1
2025-11-02T22:57:37.9686420Z    Compiling futures-task v0.3.31
2025-11-02T22:57:38.0537493Z    Compiling futures-sink v0.3.31
2025-11-02T22:57:38.2064302Z    Compiling winapi v0.3.9
2025-11-02T22:57:38.2311443Z    Compiling pin-utils v0.1.0
2025-11-02T22:57:38.4962660Z    Compiling rustls v0.21.12
2025-11-02T22:57:38.9410816Z    Compiling futures-util v0.3.31
2025-11-02T22:57:39.0447399Z    Compiling tokio-util v0.7.16
2025-11-02T22:57:40.3300628Z    Compiling tao v0.34.5
2025-11-02T22:57:41.5456959Z    Compiling sct v0.7.1
2025-11-02T22:57:42.0440121Z    Compiling rustls-webpki v0.101.7
2025-11-02T22:57:44.4647703Z    Compiling windows-targets v0.48.5
2025-11-02T22:57:44.6998527Z    Compiling windows-sys v0.52.0
2025-11-02T22:57:47.3455912Z    Compiling webview2-com v0.38.0
2025-11-02T22:57:48.0513602Z    Compiling try-lock v0.2.5
2025-11-02T22:57:48.3689500Z    Compiling slab v0.4.11
2025-11-02T22:57:48.4351308Z    Compiling rust_decimal v1.39.0
2025-11-02T22:57:48.6919271Z    Compiling winreg v0.10.1
2025-11-02T22:57:49.1130269Z    Compiling h2 v0.3.27
2025-11-02T22:57:49.1181593Z    Compiling want v0.3.1
2025-11-02T22:57:49.5317446Z    Compiling socket2 v0.5.10
2025-11-02T22:57:50.9058396Z    Compiling windows-sys v0.48.0
2025-11-02T22:58:00.1262083Z    Compiling http-body v0.4.6
2025-11-02T22:58:01.8883167Z    Compiling futures-channel v0.3.31
2025-11-02T22:58:02.3711475Z    Compiling tauri-plugin-autostart v2.5.1
2025-11-02T22:58:02.9070011Z    Compiling tauri-plugin-opener v2.5.2
2025-11-02T22:58:04.7861476Z    Compiling tauri-plugin-global-shortcut v2.3.1
2025-11-02T22:58:05.5452178Z    Compiling tauri-plugin-window-state v2.4.1
2025-11-02T22:58:06.8749773Z    Compiling tauri-plugin-dialog v2.4.2
2025-11-02T22:58:07.6172561Z    Compiling tauri-plugin-shell v2.3.3
2025-11-02T22:58:09.0647767Z    Compiling tauri-plugin-store v2.4.1
2025-11-02T22:58:09.0926317Z    Compiling tauri-plugin-log v2.7.1
2025-11-02T22:58:10.4668118Z    Compiling arrayvec v0.7.6
2025-11-02T22:58:10.9234982Z    Compiling tower-service v0.3.3
2025-11-02T22:58:11.0749414Z    Compiling rfd v0.15.4
2025-11-02T22:58:11.1852891Z    Compiling httpdate v1.0.3
2025-11-02T22:58:11.6424515Z    Compiling hyper v0.14.32
2025-11-02T22:58:13.2786680Z    Compiling tokio-rustls v0.24.1
2025-11-02T22:58:13.2843740Z    Compiling colored v2.2.0
2025-11-02T22:58:13.8001043Z    Compiling open v5.3.2
2025-11-02T22:58:14.2284332Z    Compiling windows-implement v0.57.0
2025-11-02T22:58:14.2796229Z    Compiling windows-interface v0.57.0
2025-11-02T22:58:15.7395468Z    Compiling windows-result v0.1.2
2025-11-02T22:58:15.8196072Z    Compiling encoding_rs v0.8.35
2025-11-02T22:58:16.1826137Z    Compiling base64 v0.21.7
2025-11-02T22:58:16.9793874Z    Compiling utf8-width v0.1.7
2025-11-02T22:58:17.2942042Z    Compiling byte-unit v5.1.6
2025-11-02T22:58:17.8910569Z    Compiling rustls-pemfile v1.0.4
2025-11-02T22:58:18.3827778Z    Compiling windows-core v0.57.0
2025-11-02T22:58:18.7122600Z    Compiling hyper-rustls v0.24.2
2025-11-02T22:58:20.0395198Z    Compiling fern v0.7.1
2025-11-02T22:58:21.2917542Z    Compiling auto-launch v0.5.0
2025-11-02T22:58:21.8659410Z    Compiling winreg v0.50.0
2025-11-02T22:58:22.2895589Z    Compiling global-hotkey v0.7.0
2025-11-02T22:58:22.7926563Z    Compiling autohotpie-tauri v0.1.2 (D:\a\AtlasPieVersion3\AtlasPieVersion3\autohotpie-tauri\src-tauri)
2025-11-02T22:58:23.5601541Z    Compiling serde_urlencoded v0.7.1
2025-11-02T22:58:23.5603067Z    Compiling filetime v0.2.26
2025-11-02T22:58:23.7914995Z    Compiling shared_child v1.1.1
2025-11-02T22:58:23.9222661Z    Compiling os_pipe v1.2.3
2025-11-02T22:58:24.1009421Z    Compiling webpki-roots v0.25.4
2025-11-02T22:58:24.1861228Z    Compiling sync_wrapper v0.1.2
2025-11-02T22:58:24.2629815Z    Compiling ipnet v2.11.0
2025-11-02T22:58:25.4149918Z    Compiling reqwest v0.11.27
2025-11-02T22:58:25.4848064Z    Compiling notify v6.1.1
2025-11-02T22:58:29.9297711Z    Compiling windows v0.57.0
2025-11-02T22:58:32.9647220Z    Compiling tauri-plugin-single-instance v2.3.6
2025-11-02T22:58:34.1846810Z    Compiling fastrand v2.3.0
2025-11-02T22:58:34.5025846Z    Compiling pathdiff v0.2.3
2025-11-02T22:58:34.5858417Z    Compiling tempfile v3.23.0
2025-11-02T22:58:47.9473010Z warning: struct `MacroEngine` is never constructed
2025-11-02T22:58:47.9474214Z  --> src\services\macro_engine.rs:9:12
2025-11-02T22:58:47.9475287Z   |
2025-11-02T22:58:47.9477269Z 9 | pub struct MacroEngine {
2025-11-02T22:58:47.9477917Z   |            ^^^^^^^^^^^
2025-11-02T22:58:47.9479032Z   |
2025-11-02T22:58:47.9479689Z   = note: `#[warn(dead_code)]` (part of `#[warn(unused)]`) on by default
2025-11-02T22:58:47.9480313Z 
2025-11-02T22:58:47.9480776Z warning: multiple associated items are never used
2025-11-02T22:58:47.9482971Z    --> src\services\macro_engine.rs:14:12
2025-11-02T22:58:47.9483584Z     |
2025-11-02T22:58:47.9484082Z  13 | impl MacroEngine {
2025-11-02T22:58:47.9484774Z     | ---------------- associated items in this implementation
2025-11-02T22:58:47.9485450Z  14 |     pub fn new() -> Self {
2025-11-02T22:58:47.9486269Z     |            ^^^
2025-11-02T22:58:47.9487497Z ...
2025-11-02T22:58:47.9489426Z  18 |     pub fn with_dry_run(dry_run: bool) -> Self {
2025-11-02T22:58:47.9490081Z     |            ^^^^^^^^^^^^
2025-11-02T22:58:47.9490636Z ...
2025-11-02T22:58:47.9491432Z  22 |     pub async fn execute_command(&self, command: &CustomCommand) -> Result<ExecutionResult> {
2025-11-02T22:58:47.9492173Z     |                  ^^^^^^^^^^^^^^^
2025-11-02T22:58:47.9492516Z ...
2025-11-02T22:58:47.9492946Z  72 |     async fn execute_step(&self, step: &CommandStep) -> Result<()> {
2025-11-02T22:58:47.9493542Z     |              ^^^^^^^^^^^^
2025-11-02T22:58:47.9493891Z ...
2025-11-02T22:58:47.9494507Z 112 |     async fn execute_key_press(&self, key: &str, modifiers: &[String]) -> Result<()> {
2025-11-02T22:58:47.9495445Z     |              ^^^^^^^^^^^^^^^^^
2025-11-02T22:58:47.9495873Z ...
2025-11-02T22:58:47.9496481Z 119 |     async fn execute_key_sequence(&self, keys: &[String]) -> Result<()> {
2025-11-02T22:58:47.9497506Z     |              ^^^^^^^^^^^^^^^^^^^^
2025-11-02T22:58:47.9497949Z ...
2025-11-02T22:58:47.9498249Z 125 |     async fn execute_mouse_click(
2025-11-02T22:58:47.9498670Z     |              ^^^^^^^^^^^^^^^^^^^
2025-11-02T22:58:47.9499039Z ...
2025-11-02T22:58:47.9499576Z 136 |     async fn execute_mouse_move(&self, x: i32, y: i32, relative: bool) -> Result<()> {
2025-11-02T22:58:47.9500188Z     |              ^^^^^^^^^^^^^^^^^^
2025-11-02T22:58:47.9500531Z ...
2025-11-02T22:58:47.9501187Z 142 |     async fn execute_system_command(&self, command: &str, args: &[String]) -> Result<()> {
2025-11-02T22:58:47.9501864Z     |              ^^^^^^^^^^^^^^^^^^^^^^
2025-11-02T22:58:47.9502224Z ...
2025-11-02T22:58:47.9502751Z 160 |     async fn execute_launch_app(&self, path: &str, args: &[String]) -> Result<()> {
2025-11-02T22:58:47.9503255Z     |              ^^^^^^^^^^^^^^^^^^
2025-11-02T22:58:47.9503569Z ...
2025-11-02T22:58:47.9503952Z 171 |     async fn execute_open_url(&self, url: &str) -> Result<()> {
2025-11-02T22:58:47.9504403Z     |              ^^^^^^^^^^^^^^^^
2025-11-02T22:58:47.9504712Z ...
2025-11-02T22:58:47.9505575Z 199 |     async fn execute_script(&self, _code: &str, _language: &crate::domain::custom_command::ScriptLanguage) -> Result<()> {
2025-11-02T22:58:47.9506767Z     |              ^^^^^^^^^^^^^^
2025-11-02T22:58:47.9507097Z ...
2025-11-02T22:58:47.9507674Z 205 |     async fn evaluate_condition(&self, condition: &Condition) -> Result<bool> {
2025-11-02T22:58:47.9508263Z     |              ^^^^^^^^^^^^^^^^^^
2025-11-02T22:58:47.9508583Z ...
2025-11-02T22:58:47.9508984Z 228 |     fn match_string(&self, text: &str, pattern: &str, operator: &ConditionOperator) -> bool {
2025-11-02T22:58:47.9509338Z     |        ^^^^^^^^^^^^
2025-11-02T22:58:47.9509471Z 
2025-11-02T22:58:47.9509636Z warning: struct `ExecutionResult` is never constructed
2025-11-02T22:58:47.9509942Z    --> src\services\macro_engine.rs:249:12
2025-11-02T22:58:47.9510165Z     |
2025-11-02T22:58:47.9510381Z 249 | pub struct ExecutionResult {
2025-11-02T22:58:47.9510612Z     |            ^^^^^^^^^^^^^^^
2025-11-02T22:58:47.9510761Z 
2025-11-02T22:58:47.9510917Z warning: struct `CommandLibrary` is never constructed
2025-11-02T22:58:47.9511219Z  --> src\storage\command_repository.rs:9:12
2025-11-02T22:58:47.9511449Z   |
2025-11-02T22:58:47.9511643Z 9 | pub struct CommandLibrary {
2025-11-02T22:58:47.9511857Z   |            ^^^^^^^^^^^^^^
2025-11-02T22:58:47.9511984Z 
2025-11-02T22:58:47.9512126Z warning: multiple associated items are never used
2025-11-02T22:58:47.9512432Z   --> src\storage\command_repository.rs:15:12
2025-11-02T22:58:47.9512727Z    |
2025-11-02T22:58:47.9512956Z 14 | impl CommandLibrary {
2025-11-02T22:58:47.9513240Z    | ------------------- associated items in this implementation
2025-11-02T22:58:47.9513580Z 15 |     pub fn new() -> Self {
2025-11-02T22:58:47.9513871Z    |            ^^^
2025-11-02T22:58:47.9514066Z ...
2025-11-02T22:58:47.9514331Z 22 |     pub fn add_command(&mut self, command: CustomCommand) {
2025-11-02T22:58:47.9514604Z    |            ^^^^^^^^^^^
2025-11-02T22:58:47.9515071Z ...
2025-11-02T22:58:47.9515730Z 26 |     pub fn remove_command(&mut self, id: &str) -> Option<CustomCommand> {
2025-11-02T22:58:47.9516246Z    |            ^^^^^^^^^^^^^^
2025-11-02T22:58:47.9516557Z ...
2025-11-02T22:58:47.9516986Z 30 |     pub fn get_command(&self, id: &str) -> Option<&CustomCommand> {
2025-11-02T22:58:47.9517440Z    |            ^^^^^^^^^^^
2025-11-02T22:58:47.9517718Z ...
2025-11-02T22:58:47.9518238Z 34 |     pub fn get_command_mut(&mut self, id: &str) -> Option<&mut CustomCommand> {
2025-11-02T22:58:47.9518593Z    |            ^^^^^^^^^^^^^^^
2025-11-02T22:58:47.9518767Z ...
2025-11-02T22:58:47.9519020Z 38 |     pub fn list_commands(&self) -> Vec<&CustomCommand> {
2025-11-02T22:58:47.9519290Z    |            ^^^^^^^^^^^^^
2025-11-02T22:58:47.9519474Z ...
2025-11-02T22:58:47.9519749Z 42 |     pub fn search_by_tag(&self, tag: &str) -> Vec<&CustomCommand> {
2025-11-02T22:58:47.9520222Z    |            ^^^^^^^^^^^^^
2025-11-02T22:58:47.9520412Z ...
2025-11-02T22:58:47.9520697Z 49 |     pub fn search_by_name(&self, query: &str) -> Vec<&CustomCommand> {
2025-11-02T22:58:47.9520990Z    |            ^^^^^^^^^^^^^^
2025-11-02T22:58:47.9521135Z 
2025-11-02T22:58:47.9521307Z warning: struct `CommandRepository` is never constructed
2025-11-02T22:58:47.9521635Z   --> src\storage\command_repository.rs:64:12
2025-11-02T22:58:47.9521856Z    |
2025-11-02T22:58:47.9522064Z 64 | pub struct CommandRepository {
2025-11-02T22:58:47.9522290Z    |            ^^^^^^^^^^^^^^^^^
2025-11-02T22:58:47.9522435Z 
2025-11-02T22:58:47.9522583Z warning: multiple associated items are never used
2025-11-02T22:58:47.9522889Z    --> src\storage\command_repository.rs:69:12
2025-11-02T22:58:47.9523107Z     |
2025-11-02T22:58:47.9523298Z  68 | impl CommandRepository {
2025-11-02T22:58:47.9523586Z     | ---------------------- associated items in this implementation
2025-11-02T22:58:47.9523893Z  69 |     pub fn new(data_dir: PathBuf) -> Self {
2025-11-02T22:58:47.9524136Z     |            ^^^
2025-11-02T22:58:47.9524303Z ...
2025-11-02T22:58:47.9524495Z  73 |     fn commands_file_path(&self) -> PathBuf {
2025-11-02T22:58:47.9524767Z     |        ^^^^^^^^^^^^^^^^^^
2025-11-02T22:58:47.9525065Z ...
2025-11-02T22:58:47.9525290Z  77 |     fn backup_file_path(&self, index: usize) -> PathBuf {
2025-11-02T22:58:47.9525557Z     |        ^^^^^^^^^^^^^^^^
2025-11-02T22:58:47.9525726Z ...
2025-11-02T22:58:47.9525947Z  82 |     pub fn load(&self) -> Result<CommandLibrary> {
2025-11-02T22:58:47.9526190Z     |            ^^^^
2025-11-02T22:58:47.9526372Z ...
2025-11-02T22:58:47.9526622Z  98 |     pub fn save(&self, library: &CommandLibrary) -> Result<()> {
2025-11-02T22:58:47.9526895Z     |            ^^^^
2025-11-02T22:58:47.9527071Z ...
2025-11-02T22:58:47.9527294Z 119 |     fn rotate_backups(&self) -> Result<()> {
2025-11-02T22:58:47.9527528Z     |        ^^^^^^^^^^^^^^
2025-11-02T22:58:47.9527709Z ...
2025-11-02T22:58:47.9527948Z 148 |     pub fn list_backups(&self) -> Result<Vec<PathBuf>> {
2025-11-02T22:58:47.9528214Z     |            ^^^^^^^^^^^^
2025-11-02T22:58:47.9528403Z ...
2025-11-02T22:58:47.9528739Z 159 |     pub fn restore_from_backup(&self, backup_index: usize) -> Result<CommandLibrary> {
2025-11-02T22:58:47.9529108Z     |            ^^^^^^^^^^^^^^^^^^^
2025-11-02T22:58:47.9529308Z ...
2025-11-02T22:58:47.9529666Z 175 |     pub fn export_commands(&self, export_path: &PathBuf, command_ids: &[String]) -> Result<()> {
2025-11-02T22:58:47.9530053Z     |            ^^^^^^^^^^^^^^^
2025-11-02T22:58:47.9530232Z ...
2025-11-02T22:58:47.9530590Z 194 |     pub fn import_commands(&self, import_path: &PathBuf, merge: bool) -> Result<Vec<String>> {
2025-11-02T22:58:47.9531010Z     |            ^^^^^^^^^^^^^^^
2025-11-02T22:58:47.9531137Z 
2025-11-02T22:58:48.0611433Z warning: field `command_id` is never read
2025-11-02T22:58:48.0612703Z    --> src\services\macro_engine.rs:250:9
2025-11-02T22:58:48.0615018Z     |
2025-11-02T22:58:48.0616211Z 249 | pub struct ExecutionResult {
2025-11-02T22:58:48.0616863Z     |            --------------- field in this struct
2025-11-02T22:58:48.0617469Z 250 |     pub command_id: String,
2025-11-02T22:58:48.0617841Z     |         ^^^^^^^^^^
2025-11-02T22:58:48.0618145Z     |
2025-11-02T22:58:48.0619012Z     = note: `ExecutionResult` has derived impls for the traits `Clone` and `Debug`, but these are intentionally ignored during dead code analysis
2025-11-02T22:58:48.0620007Z     = note: `#[warn(dead_code)]` (part of `#[warn(unused)]`) on by default
2025-11-02T22:58:48.0620229Z 
2025-11-02T22:58:48.0620543Z warning: methods `get_command_mut`, `list_commands`, `search_by_tag`, and `search_by_name` are never used
2025-11-02T22:58:48.0620999Z   --> src\storage\command_repository.rs:34:12
2025-11-02T22:58:48.0621245Z    |
2025-11-02T22:58:48.0621420Z 14 | impl CommandLibrary {
2025-11-02T22:58:48.0621935Z    | ------------------- methods in this implementation
2025-11-02T22:58:48.0622187Z ...
2025-11-02T22:58:48.0622503Z 34 |     pub fn get_command_mut(&mut self, id: &str) -> Option<&mut CustomCommand> {
2025-11-02T22:58:48.0622844Z    |            ^^^^^^^^^^^^^^^
2025-11-02T22:58:48.0623034Z ...
2025-11-02T22:58:48.0623296Z 38 |     pub fn list_commands(&self) -> Vec<&CustomCommand> {
2025-11-02T22:58:48.0623575Z    |            ^^^^^^^^^^^^^
2025-11-02T22:58:48.0623749Z ...
2025-11-02T22:58:48.0624030Z 42 |     pub fn search_by_tag(&self, tag: &str) -> Vec<&CustomCommand> {
2025-11-02T22:58:48.0624320Z    |            ^^^^^^^^^^^^^
2025-11-02T22:58:48.0624495Z ...
2025-11-02T22:58:48.0624781Z 49 |     pub fn search_by_name(&self, query: &str) -> Vec<&CustomCommand> {
2025-11-02T22:58:48.0625070Z    |            ^^^^^^^^^^^^^^
2025-11-02T22:58:48.0625206Z 
2025-11-02T22:58:48.0625492Z warning: methods `restore_from_backup`, `export_commands`, and `import_commands` are never used
2025-11-02T22:58:48.0625931Z    --> src\storage\command_repository.rs:159:12
2025-11-02T22:58:48.0626178Z     |
2025-11-02T22:58:48.0626369Z  68 | impl CommandRepository {
2025-11-02T22:58:48.0626640Z     | ---------------------- methods in this implementation
2025-11-02T22:58:48.0626881Z ...
2025-11-02T22:58:48.0627230Z 159 |     pub fn restore_from_backup(&self, backup_index: usize) -> Result<CommandLibrary> {
2025-11-02T22:58:48.0628413Z     |            ^^^^^^^^^^^^^^^^^^^
2025-11-02T22:58:48.0628607Z ...
2025-11-02T22:58:48.0629043Z 175 |     pub fn export_commands(&self, export_path: &PathBuf, command_ids: &[String]) -> Result<()> {
2025-11-02T22:58:48.0629621Z     |            ^^^^^^^^^^^^^^^
2025-11-02T22:58:48.0629823Z ...
2025-11-02T22:58:48.0630180Z 194 |     pub fn import_commands(&self, import_path: &PathBuf, merge: bool) -> Result<Vec<String>> {
2025-11-02T22:58:48.0630551Z     |            ^^^^^^^^^^^^^^^
2025-11-02T22:58:48.0630690Z 
2025-11-02T22:58:54.9892408Z warning: `autohotpie-tauri` (lib test) generated 3 warnings
2025-11-02T22:59:13.0979791Z warning: `autohotpie-tauri` (lib) generated 7 warnings
2025-11-02T22:59:14.2274424Z     Finished `test` profile [unoptimized + debuginfo] target(s) in 3m 59s
2025-11-02T22:59:14.3626395Z      Running unittests src\lib.rs (target\debug\deps\autohotpie_tauri_lib-7749216efb569ed3.exe)
2025-11-02T22:59:14.3808330Z 
2025-11-02T22:59:14.3808815Z running 30 tests
2025-11-02T22:59:14.3815556Z test domain::context_rules::tests::fails_when_value_missing ... ok
2025-11-02T22:59:14.3816384Z test domain::context_rules::tests::matches_with_exact_case_insensitive ... ok
2025-11-02T22:59:14.3819740Z test commands::profiles::tests::validate_record_succeeds_when_actions_present ... ok
2025-11-02T22:59:14.3820953Z test commands::profiles::tests::validate_record_fails_without_actions ... ok
2025-11-02T22:59:14.3821938Z test domain::custom_command::tests::test_add_step ... ok
2025-11-02T22:59:14.3824790Z test domain::custom_command::tests::test_create_command ... ok
2025-11-02T22:59:14.3826488Z test domain::custom_command::tests::test_validate_empty_name ... ok
2025-11-02T22:59:14.3827391Z test domain::custom_command::tests::test_validate_no_steps ... ok
2025-11-02T22:59:14.3831554Z test domain::validation::tests::validate_profile_enforces_max_depth ... ok
2025-11-02T22:59:14.3833262Z test domain::validation::tests::validate_profile_enforces_slice_lower_bound ... ok
2025-11-02T22:59:14.3834608Z test domain::validation::tests::validate_profile_enforces_slice_upper_bound ... ok
2025-11-02T22:59:14.3837599Z test domain::validation::tests::validate_profile_missing_action ... ok
2025-11-02T22:59:14.3838923Z test domain::validation::tests::validate_profile_ok ... ok
2025-11-02T22:59:14.3843109Z test models::tests::default_settings_contains_one_profile ... ok
2025-11-02T22:59:14.3844852Z test models::tests::set_app_version_returns_true_when_updated ... ok
2025-11-02T22:59:14.3861591Z test services::macro_engine::tests::test_dry_run_execution ... ok
2025-11-02T22:59:14.3884032Z test services::macro_engine::tests::test_validation_failure ... ok
2025-11-02T22:59:14.3894686Z test services::profile_router::tests::select_profile_falls_back_to_first_enabled ... ok
2025-11-02T22:59:14.3900724Z test services::profile_router::tests::select_profile_matches_process_exact ... ok
2025-11-02T22:59:14.3901705Z test domain::context_rules::tests::matches_with_regex ... ok
2025-11-02T22:59:14.3907584Z test services::profile_router::tests::select_profile_prefers_first_matching_profile_in_order ... ok
2025-11-02T22:59:14.3910554Z test services::profile_router::tests::select_profile_uses_specific_match_before_fallback_profiles ... ok
2025-11-02T22:59:14.3912019Z test services::profile_router::tests::select_profile_matches_window_regex ... ok
2025-11-02T22:59:14.3916429Z test storage::command_repository::tests::test_command_library_operations ... ok
2025-11-02T22:59:14.3946360Z test storage::command_repository::tests::test_save_and_load ... ok
2025-11-02T22:59:14.3961071Z test services::action_runner::tests::emits_failure_payload_when_child_missing ... ok
2025-11-02T22:59:14.3962602Z test services::action_runner::tests::emits_skipped_payload_for_composite_sequence ... ok
2025-11-02T22:59:14.3983546Z test storage::profile_repository::tests::to_recovery_maps_payload ... ok
2025-11-02T22:59:14.3987941Z test storage::profile_repository::tests::load_returns_recovery_info_on_corrupt_json ... ok
2025-11-02T22:59:14.4077762Z test storage::command_repository::tests::test_backup_rotation ... ok
2025-11-02T22:59:14.4078157Z 
2025-11-02T22:59:14.4078825Z test result: ok. 30 passed; 0 failed; 0 ignored; 0 measured; 0 filtered out; finished in 0.03s
2025-11-02T22:59:14.4079116Z 
2025-11-02T22:59:14.4119599Z      Running unittests src\main.rs (target\debug\deps\autohotpie_tauri-74f44d2c29309fdd.exe)
2025-11-02T22:59:14.4244101Z 
2025-11-02T22:59:14.4244510Z running 0 tests
2025-11-02T22:59:14.4244762Z 
2025-11-02T22:59:14.4245930Z test result: ok. 0 passed; 0 failed; 0 ignored; 0 measured; 0 filtered out; finished in 0.00s
2025-11-02T22:59:14.4246479Z 
2025-11-02T22:59:14.4260431Z    Doc-tests autohotpie_tauri_lib
2025-11-02T22:59:16.1417698Z 
2025-11-02T22:59:16.1418035Z running 0 tests
2025-11-02T22:59:16.1421025Z 
2025-11-02T22:59:16.1421813Z test result: ok. 0 passed; 0 failed; 0 ignored; 0 measured; 0 filtered out; finished in 0.00s
2025-11-02T22:59:16.1422198Z 
2025-11-02T22:59:16.4893231Z ##[group]Run npx playwright install chromium firefox webkit
2025-11-02T22:59:16.4894015Z [36;1mnpx playwright install chromium firefox webkit[0m
2025-11-02T22:59:16.4957938Z shell: C:\Program Files\PowerShell\7\pwsh.EXE -command ". '{0}'"
2025-11-02T22:59:16.4958254Z env:
2025-11-02T22:59:16.4958400Z   CI: true
2025-11-02T22:59:16.4958565Z ##[endgroup]
2025-11-02T22:59:19.8262311Z Downloading Chromium 141.0.7390.37 (playwright build v1194)[2m from https://cdn.playwright.dev/dbazure/download/playwright/builds/chromium/1194/chromium-win64.zip[22m
2025-11-02T22:59:20.1264886Z |                                                                                |   0% of 148.9 MiB
2025-11-02T22:59:20.3289143Z |■■■■■■■■                                                                        |  10% of 148.9 MiB
2025-11-02T22:59:20.4692020Z |■■■■■■■■■■■■■■■■                                                                |  20% of 148.9 MiB
2025-11-02T22:59:20.5931239Z |■■■■■■■■■■■■■■■■■■■■■■■■                                                        |  30% of 148.9 MiB
2025-11-02T22:59:20.7375397Z |■■■■■■■■■■■■■■■■■■■■■■■■■■■■■■■■                                                |  40% of 148.9 MiB
2025-11-02T22:59:20.8614783Z |■■■■■■■■■■■■■■■■■■■■■■■■■■■■■■■■■■■■■■■■                                        |  50% of 148.9 MiB
2025-11-02T22:59:20.9751885Z |■■■■■■■■■■■■■■■■■■■■■■■■■■■■■■■■■■■■■■■■■■■■■■■■                                |  60% of 148.9 MiB
2025-11-02T22:59:21.0822930Z |■■■■■■■■■■■■■■■■■■■■■■■■■■■■■■■■■■■■■■■■■■■■■■■■■■■■■■■■                        |  70% of 148.9 MiB
2025-11-02T22:59:21.1953453Z |■■■■■■■■■■■■■■■■■■■■■■■■■■■■■■■■■■■■■■■■■■■■■■■■■■■■■■■■■■■■■■■■                |  80% of 148.9 MiB
2025-11-02T22:59:21.3091273Z |■■■■■■■■■■■■■■■■■■■■■■■■■■■■■■■■■■■■■■■■■■■■■■■■■■■■■■■■■■■■■■■■■■■■■■■■        |  90% of 148.9 MiB
2025-11-02T22:59:21.4186073Z |■■■■■■■■■■■■■■■■■■■■■■■■■■■■■■■■■■■■■■■■■■■■■■■■■■■■■■■■■■■■■■■■■■■■■■■■■■■■■■■■| 100% of 148.9 MiB
2025-11-02T22:59:26.6785823Z Chromium 141.0.7390.37 (playwright build v1194) downloaded to C:\Users\runneradmin\AppData\Local\ms-playwright\chromium-1194
2025-11-02T22:59:26.6793742Z Downloading FFMPEG playwright build v1011[2m from https://cdn.playwright.dev/dbazure/download/playwright/builds/ffmpeg/1011/ffmpeg-win64.zip[22m
2025-11-02T22:59:26.8849626Z |                                                                                |   0% of 1.3 MiB
2025-11-02T22:59:26.9014315Z |■■■■■■■■                                                                        |  10% of 1.3 MiB
2025-11-02T22:59:26.9098495Z |■■■■■■■■■■■■■■■■                                                                |  20% of 1.3 MiB
2025-11-02T22:59:26.9125117Z |■■■■■■■■■■■■■■■■■■■■■■■■                                                        |  31% of 1.3 MiB
2025-11-02T22:59:26.9185245Z |■■■■■■■■■■■■■■■■■■■■■■■■■■■■■■■■                                                |  40% of 1.3 MiB
2025-11-02T22:59:26.9207401Z |■■■■■■■■■■■■■■■■■■■■■■■■■■■■■■■■■■■■■■■■                                        |  50% of 1.3 MiB
2025-11-02T22:59:26.9227735Z |■■■■■■■■■■■■■■■■■■■■■■■■■■■■■■■■■■■■■■■■■■■■■■■■                                |  60% of 1.3 MiB
2025-11-02T22:59:26.9259842Z |■■■■■■■■■■■■■■■■■■■■■■■■■■■■■■■■■■■■■■■■■■■■■■■■■■■■■■■■                        |  71% of 1.3 MiB
2025-11-02T22:59:26.9275423Z |■■■■■■■■■■■■■■■■■■■■■■■■■■■■■■■■■■■■■■■■■■■■■■■■■■■■■■■■■■■■■■■■                |  80% of 1.3 MiB
2025-11-02T22:59:26.9294185Z |■■■■■■■■■■■■■■■■■■■■■■■■■■■■■■■■■■■■■■■■■■■■■■■■■■■■■■■■■■■■■■■■■■■■■■■■        |  90% of 1.3 MiB
2025-11-02T22:59:26.9313338Z |■■■■■■■■■■■■■■■■■■■■■■■■■■■■■■■■■■■■■■■■■■■■■■■■■■■■■■■■■■■■■■■■■■■■■■■■■■■■■■■■| 100% of 1.3 MiB
2025-11-02T22:59:27.3940858Z FFMPEG playwright build v1011 downloaded to C:\Users\runneradmin\AppData\Local\ms-playwright\ffmpeg-1011
2025-11-02T22:59:27.3950282Z Downloading Chromium Headless Shell 141.0.7390.37 (playwright build v1194)[2m from https://cdn.playwright.dev/dbazure/download/playwright/builds/chromium/1194/chromium-headless-shell-win64.zip[22m
2025-11-02T22:59:27.6119169Z |                                                                                |   0% of 91 MiB
2025-11-02T22:59:27.7625997Z |■■■■■■■■                                                                        |  10% of 91 MiB
2025-11-02T22:59:27.8505353Z |■■■■■■■■■■■■■■■■                                                                |  20% of 91 MiB
2025-11-02T22:59:27.9618141Z |■■■■■■■■■■■■■■■■■■■■■■■■                                                        |  30% of 91 MiB
2025-11-02T22:59:28.0428338Z |■■■■■■■■■■■■■■■■■■■■■■■■■■■■■■■■                                                |  40% of 91 MiB
2025-11-02T22:59:28.1243841Z |■■■■■■■■■■■■■■■■■■■■■■■■■■■■■■■■■■■■■■■■                                        |  50% of 91 MiB
2025-11-02T22:59:28.2017099Z |■■■■■■■■■■■■■■■■■■■■■■■■■■■■■■■■■■■■■■■■■■■■■■■■                                |  60% of 91 MiB
2025-11-02T22:59:28.2828089Z |■■■■■■■■■■■■■■■■■■■■■■■■■■■■■■■■■■■■■■■■■■■■■■■■■■■■■■■■                        |  70% of 91 MiB
2025-11-02T22:59:28.3560496Z |■■■■■■■■■■■■■■■■■■■■■■■■■■■■■■■■■■■■■■■■■■■■■■■■■■■■■■■■■■■■■■■■                |  80% of 91 MiB
2025-11-02T22:59:28.4178895Z |■■■■■■■■■■■■■■■■■■■■■■■■■■■■■■■■■■■■■■■■■■■■■■■■■■■■■■■■■■■■■■■■■■■■■■■■        |  90% of 91 MiB
2025-11-02T22:59:28.4926156Z |■■■■■■■■■■■■■■■■■■■■■■■■■■■■■■■■■■■■■■■■■■■■■■■■■■■■■■■■■■■■■■■■■■■■■■■■■■■■■■■■| 100% of 91 MiB
2025-11-02T22:59:30.8437028Z Chromium Headless Shell 141.0.7390.37 (playwright build v1194) downloaded to C:\Users\runneradmin\AppData\Local\ms-playwright\chromium_headless_shell-1194
2025-11-02T22:59:30.8446325Z Downloading Firefox 142.0.1 (playwright build v1495)[2m from https://cdn.playwright.dev/dbazure/download/playwright/builds/firefox/1495/firefox-win64.zip[22m
2025-11-02T22:59:31.0571737Z |                                                                                |   0% of 105 MiB
2025-11-02T22:59:31.2291064Z |■■■■■■■■                                                                        |  10% of 105 MiB
2025-11-02T22:59:31.3308140Z |■■■■■■■■■■■■■■■■                                                                |  20% of 105 MiB
2025-11-02T22:59:31.4330972Z |■■■■■■■■■■■■■■■■■■■■■■■■                                                        |  30% of 105 MiB
2025-11-02T22:59:31.5250390Z |■■■■■■■■■■■■■■■■■■■■■■■■■■■■■■■■                                                |  40% of 105 MiB
2025-11-02T22:59:31.6319993Z |■■■■■■■■■■■■■■■■■■■■■■■■■■■■■■■■■■■■■■■■                                        |  50% of 105 MiB
2025-11-02T22:59:31.7240407Z |■■■■■■■■■■■■■■■■■■■■■■■■■■■■■■■■■■■■■■■■■■■■■■■■                                |  60% of 105 MiB
2025-11-02T22:59:31.8120538Z |■■■■■■■■■■■■■■■■■■■■■■■■■■■■■■■■■■■■■■■■■■■■■■■■■■■■■■■■                        |  70% of 105 MiB
2025-11-02T22:59:31.8959058Z |■■■■■■■■■■■■■■■■■■■■■■■■■■■■■■■■■■■■■■■■■■■■■■■■■■■■■■■■■■■■■■■■                |  80% of 105 MiB
2025-11-02T22:59:31.9842536Z |■■■■■■■■■■■■■■■■■■■■■■■■■■■■■■■■■■■■■■■■■■■■■■■■■■■■■■■■■■■■■■■■■■■■■■■■        |  90% of 105 MiB
2025-11-02T22:59:32.0628359Z |■■■■■■■■■■■■■■■■■■■■■■■■■■■■■■■■■■■■■■■■■■■■■■■■■■■■■■■■■■■■■■■■■■■■■■■■■■■■■■■■| 100% of 105 MiB
2025-11-02T22:59:35.2101890Z Firefox 142.0.1 (playwright build v1495) downloaded to C:\Users\runneradmin\AppData\Local\ms-playwright\firefox-1495
2025-11-02T22:59:35.2111184Z Downloading Webkit 26.0 (playwright build v2215)[2m from https://cdn.playwright.dev/dbazure/download/playwright/builds/webkit/2215/webkit-win64.zip[22m
2025-11-02T22:59:35.4957158Z |                                                                                |   0% of 57.6 MiB
2025-11-02T22:59:35.5991018Z |■■■■■■■■                                                                        |  10% of 57.6 MiB
2025-11-02T22:59:35.6593103Z |■■■■■■■■■■■■■■■■                                                                |  20% of 57.6 MiB
2025-11-02T22:59:35.7136382Z |■■■■■■■■■■■■■■■■■■■■■■■■                                                        |  30% of 57.6 MiB
2025-11-02T22:59:35.7704341Z |■■■■■■■■■■■■■■■■■■■■■■■■■■■■■■■■                                                |  40% of 57.6 MiB
2025-11-02T22:59:35.8227011Z |■■■■■■■■■■■■■■■■■■■■■■■■■■■■■■■■■■■■■■■■                                        |  50% of 57.6 MiB
2025-11-02T22:59:35.8753671Z |■■■■■■■■■■■■■■■■■■■■■■■■■■■■■■■■■■■■■■■■■■■■■■■■                                |  60% of 57.6 MiB
2025-11-02T22:59:35.9227821Z |■■■■■■■■■■■■■■■■■■■■■■■■■■■■■■■■■■■■■■■■■■■■■■■■■■■■■■■■                        |  70% of 57.6 MiB
2025-11-02T22:59:35.9784939Z |■■■■■■■■■■■■■■■■■■■■■■■■■■■■■■■■■■■■■■■■■■■■■■■■■■■■■■■■■■■■■■■■                |  80% of 57.6 MiB
2025-11-02T22:59:36.0336870Z |■■■■■■■■■■■■■■■■■■■■■■■■■■■■■■■■■■■■■■■■■■■■■■■■■■■■■■■■■■■■■■■■■■■■■■■■        |  90% of 57.6 MiB
2025-11-02T22:59:36.0742750Z |■■■■■■■■■■■■■■■■■■■■■■■■■■■■■■■■■■■■■■■■■■■■■■■■■■■■■■■■■■■■■■■■■■■■■■■■■■■■■■■■| 100% of 57.6 MiB
2025-11-02T22:59:38.9191929Z Webkit 26.0 (playwright build v2215) downloaded to C:\Users\runneradmin\AppData\Local\ms-playwright\webkit-2215
2025-11-02T22:59:38.9201545Z Downloading Winldd playwright build v1007[2m from https://cdn.playwright.dev/dbazure/download/playwright/builds/winldd/1007/winldd-win64.zip[22m
2025-11-02T22:59:39.1377715Z |                                                                                |   1% of 0.1 MiB
2025-11-02T22:59:39.1392893Z |■■■■■■■■                                                                        |  10% of 0.1 MiB
2025-11-02T22:59:39.1414743Z |■■■■■■■■■■■■■■■■                                                                |  20% of 0.1 MiB
2025-11-02T22:59:39.1422184Z |■■■■■■■■■■■■■■■■■■■■■■■■                                                        |  31% of 0.1 MiB
2025-11-02T22:59:39.1444666Z |■■■■■■■■■■■■■■■■■■■■■■■■■■■■■■■■                                                |  40% of 0.1 MiB
2025-11-02T22:59:39.1462880Z |■■■■■■■■■■■■■■■■■■■■■■■■■■■■■■■■■■■■■■■■■■■■■■■■                                |  61% of 0.1 MiB
2025-11-02T22:59:39.1473548Z |■■■■■■■■■■■■■■■■■■■■■■■■■■■■■■■■■■■■■■■■■■■■■■■■■■■■■■■■                        |  74% of 0.1 MiB
2025-11-02T22:59:39.1526680Z |■■■■■■■■■■■■■■■■■■■■■■■■■■■■■■■■■■■■■■■■■■■■■■■■■■■■■■■■■■■■■■■■                |  87% of 0.1 MiB
2025-11-02T22:59:39.1533316Z |■■■■■■■■■■■■■■■■■■■■■■■■■■■■■■■■■■■■■■■■■■■■■■■■■■■■■■■■■■■■■■■■■■■■■■■■■■■■■■■■| 100% of 0.1 MiB
2025-11-02T22:59:39.1800900Z Winldd playwright build v1007 downloaded to C:\Users\runneradmin\AppData\Local\ms-playwright\winldd-1007
2025-11-02T22:59:40.1834994Z ##[group]Run npm run test:e2e -- --retries=1
2025-11-02T22:59:40.1835746Z [36;1mnpm run test:e2e -- --retries=1[0m
2025-11-02T22:59:40.1903049Z shell: C:\Program Files\PowerShell\7\pwsh.EXE -command ". '{0}'"
2025-11-02T22:59:40.1903366Z env:
2025-11-02T22:59:40.1903519Z   CI: true
2025-11-02T22:59:40.1903725Z ##[endgroup]
2025-11-02T22:59:40.8965122Z 
2025-11-02T22:59:40.8965514Z > autohotpie-tauri@0.1.2 test:e2e
2025-11-02T22:59:40.8966332Z > playwright test --config=tests/e2e/playwright.config.ts --retries=1
2025-11-02T22:59:40.8966598Z 
2025-11-02T22:59:43.8661195Z [2m[WebServer] [22m
2025-11-02T22:59:43.8661927Z [2m[WebServer] [22m> autohotpie-tauri@0.1.2 dev
2025-11-02T22:59:43.8662715Z [2m[WebServer] [22m> vite --host 127.0.0.1 --port 5173
2025-11-02T22:59:43.8663282Z [2m[WebServer] [22m
2025-11-02T22:59:45.1539846Z [2m[WebServer] [22m
2025-11-02T22:59:45.1541863Z [2m[WebServer] [22m  [32m[1mVITE[22m v7.1.12[39m  [2mready in [0m[1m1221[22m[2m[0m ms[22m
2025-11-02T22:59:45.1542872Z [2m[WebServer] [22m
2025-11-02T22:59:45.1544183Z [2m[WebServer] [22m  [32m➜[39m  [1mLocal[22m:   [36mhttp://127.0.0.1:[1m5173[22m/[39m
2025-11-02T22:59:46.1747235Z 
2025-11-02T22:59:46.1747806Z Running 78 tests using 2 workers
2025-11-02T22:59:46.1749231Z 
2025-11-02T22:59:53.2310682Z Focus traversal debug: {
2025-11-02T22:59:53.2316564Z   plan: {
2025-11-02T22:59:53.2331303Z     activeTag: [32m'BUTTON'[39m,
2025-11-02T22:59:53.2360355Z     activeTestId: [32m'nav-settings'[39m,
2025-11-02T22:59:53.2365886Z     stepsFromLanguageSelect: [33m11[39m,
2025-11-02T22:59:53.2378663Z     snapshot: [
2025-11-02T22:59:53.2392152Z       [36m[Object][39m, [36m[Object][39m, [36m[Object][39m,
2025-11-02T22:59:53.2398526Z       [36m[Object][39m, [36m[Object][39m, [36m[Object][39m,
2025-11-02T22:59:53.2414912Z       [36m[Object][39m, [36m[Object][39m, [36m[Object][39m,
2025-11-02T22:59:53.2442146Z       [36m[Object][39m, [36m[Object][39m, [36m[Object][39m,
2025-11-02T22:59:53.2465716Z       [36m[Object][39m, [36m[Object][39m, [36m[Object][39m,
2025-11-02T22:59:53.2509437Z       [36m[Object][39m, [36m[Object][39m, [36m[Object][39m
2025-11-02T22:59:53.2552871Z     ]
2025-11-02T22:59:53.2577833Z   },
2025-11-02T22:59:53.2581260Z   beforeFallbackActive: { activeTag: [32m'BUTTON'[39m, activeTestId: [90mundefined[39m }
2025-11-02T22:59:53.2601269Z }
2025-11-02T22:59:53.3774870Z   ok  2 [chromium] › tests\e2e\accessibility.spec.ts:4:3 › Accessibility smoke › keyboard navigation reaches autostart controls (5.6s)
2025-11-02T22:59:54.3967604Z   ok  3 [chromium] › tests\e2e\accessibility.spec.ts:71:3 › Accessibility smoke › linux fallback status panel toggles via keyboard (1.0s)
2025-11-02T22:59:57.6568066Z   ok  4 [chromium] › tests\e2e\app-smoke.spec.ts:4:3 › App shell smoke › loads dashboard shell with status widgets (3.2s)
2025-11-02T22:59:58.9809923Z   ok  5 [chromium] › tests\e2e\autostart.spec.ts:77:3 › US3 - Autostart settings › renders status transitions and read-only guard in desktop mode (1.3s)
2025-11-02T23:00:03.0564440Z   ok  6 [chromium] › tests\e2e\autostart.spec.ts:178:3 › US3 - Autostart settings › opens quickstart instructions in browser preview (4.1s)
2025-11-02T23:00:11.0881759Z   ok  7 [chromium] › tests\e2e\fullscreen-safe-mode.spec.ts:26:3 › Edge case - Fullscreen safe-mode › blocks pie menu when fullscreen game detected and shows notification (8.0s)
2025-11-02T23:00:11.9302453Z   ok  8 [chromium] › tests\e2e\hotkey-conflict.spec.ts:26:3 › US2 - Hotkey conflict gating › shows conflict dialog, suggests alternatives and logs audit entry (817ms)
2025-11-02T23:00:12.6912677Z   ok  9 [chromium] › tests\e2e\import-export-negative.spec.ts:19:3 › US3 - Import/Export negative scenarios › shows disabled state when input is empty (739ms)
2025-11-02T23:00:13.5909549Z   ok 10 [chromium] › tests\e2e\import-export-negative.spec.ts:27:3 › US3 - Import/Export negative scenarios › renders error banner on backend import failure (884ms)
2025-11-02T23:00:15.0419526Z   ok 11 [chromium] › tests\e2e\linux-fallback.spec.ts:67:3 › NFR-006 - Linux fallback panel › shows fallback controls and provider hints (1.4s)
2025-11-02T23:00:16.3606801Z   ok 12 [chromium] › tests\e2e\linux-fallback.spec.ts:101:3 › NFR-006 - Linux fallback panel › handles enable/disable actions and surfaces errors (1.3s)
2025-11-02T23:00:16.9439316Z   ok 13 [chromium] › tests\e2e\localization-negative.spec.ts:34:3 › Localization negative cases › bad pack surfaces missing/runtime badges (564ms)
2025-11-02T23:00:17.5198033Z   ok 14 [chromium] › tests\e2e\localization-negative.spec.ts:52:3 › Localization negative cases › schema mismatch triggers error affordance (564ms)
2025-11-02T23:00:18.2236103Z   ok 15 [chromium] › tests\e2e\localization-negative.spec.ts:63:3 › Localization negative cases › error affordance clears store error (687ms)
2025-11-02T23:00:18.9782829Z   ok 16 [chromium] › tests\e2e\localization.spec.ts:23:3 › Localization switching › renders translated strings for EN and RU packs (725ms)
2025-11-02T23:00:19.8042591Z   ok 17 [chromium] › tests\e2e\log-panel.spec.ts:127:3 › Log panel (web build) › shows desktop guard when Tauri environment is unavailable (802ms)
2025-11-02T23:00:21.2151062Z   x   1 [chromium] › tests\e2e\action-execution.spec.ts:10:3 › US1 - Action execution flow › actions trigger immediately without confirmation dialogs (33.2s)
2025-11-02T23:00:21.2404674Z   ok 18 [chromium] › tests\e2e\log-panel.spec.ts:136:3 › Log panel (mocked Tauri) › filters entries by level and search term (1.4s)
2025-11-02T23:00:22.0122997Z   ok 19 [chromium] › tests\e2e\log-panel.spec.ts:191:3 › Log panel (mocked Tauri) › shows error banner when backend invoke fails (756ms)
2025-11-02T23:00:22.8786058Z   ok 20 [chromium] › tests\e2e\offline.spec.ts:4:3 › Offline mode resilience (NFR-005) › autostart and logs remain accessible when offline (840ms)
2025-11-02T23:00:29.1352295Z   x  21 [chromium] › tests\e2e\pie-menu.spec.ts:75:3 › US1 - Pie menu invocation › default profile is used when no context matches (6.1s)
2025-11-02T23:00:36.5271626Z   x  23 [chromium] › tests\e2e\pie-menu.spec.ts:75:3 › US1 - Pie menu invocation › default profile is used when no context matches (retry #1) (6.2s)
2025-11-02T23:00:43.6838423Z   x  24 [chromium] › tests\e2e\pie-menu.spec.ts:103:3 › US1 - Pie menu invocation › VS Code profile is selected when process matches (6.1s)
2025-11-02T23:00:50.9166651Z   x  25 [chromium] › tests\e2e\pie-menu.spec.ts:103:3 › US1 - Pie menu invocation › VS Code profile is selected when process matches (retry #1) (6.1s)
2025-11-02T23:00:55.1017425Z   x  22 [chromium] › tests\e2e\action-execution.spec.ts:10:3 › US1 - Action execution flow › actions trigger immediately without confirmation dialogs (retry #1) (31.6s)
2025-11-02T23:00:58.0542856Z   x  26 [chromium] › tests\e2e\pie-menu.spec.ts:118:3 › US1 - Pie menu invocation › browser profile is selected when window title matches (6.1s)
2025-11-02T23:01:00.5663686Z   ok 27 [chromium] › tests\perf\fps.spec.ts:174:3 › Perf - FPS stability › frame time stays within NFR threshold (4.5s)
2025-11-02T23:01:05.4927790Z   x  28 [chromium] › tests\e2e\pie-menu.spec.ts:118:3 › US1 - Pie menu invocation › browser profile is selected when window title matches (retry #1) (6.4s)
2025-11-02T23:01:08.4348131Z   ok 30 [chromium] › tests\perf\menu-latency.spec.ts:27:3 › Perf - Hotkey to menu latency › pie menu appears under SLA after triggering hotkey (2.0s)
2025-11-02T23:01:12.7230981Z Focus traversal debug: {
2025-11-02T23:01:12.7231859Z   plan: {
2025-11-02T23:01:12.7232791Z     activeTag: [32m'BUTTON'[39m,
2025-11-02T23:01:12.7233544Z     activeTestId: [32m'nav-settings'[39m,
2025-11-02T23:01:12.7234547Z     stepsFromLanguageSelect: [33m11[39m,
2025-11-02T23:01:12.7235114Z     snapshot: [
2025-11-02T23:01:12.7235840Z       [36m[Object][39m, [36m[Object][39m, [36m[Object][39m,
2025-11-02T23:01:12.7236748Z       [36m[Object][39m, [36m[Object][39m, [36m[Object][39m,
2025-11-02T23:01:12.7238932Z       [36m[Object][39m, [36m[Object][39m, [36m[Object][39m,
2025-11-02T23:01:12.7239966Z       [36m[Object][39m, [36m[Object][39m, [36m[Object][39m,
2025-11-02T23:01:12.7240871Z       [36m[Object][39m, [36m[Object][39m, [36m[Object][39m,
2025-11-02T23:01:12.7241669Z       [36m[Object][39m, [36m[Object][39m, [36m[Object][39m
2025-11-02T23:01:12.7242283Z     ]
2025-11-02T23:01:12.7242682Z   },
2025-11-02T23:01:12.7243499Z   beforeFallbackActive: { activeTag: [32m'BUTTON'[39m, activeTestId: [90mundefined[39m }
2025-11-02T23:01:12.7244689Z }
2025-11-02T23:01:12.8518766Z   ok 31 [firefox] › tests\e2e\accessibility.spec.ts:4:3 › Accessibility smoke › keyboard navigation reaches autostart controls (2.7s)
2025-11-02T23:01:14.2001497Z   ok 32 [firefox] › tests\e2e\accessibility.spec.ts:71:3 › Accessibility smoke › linux fallback status panel toggles via keyboard (1.3s)
2025-11-02T23:01:32.3988664Z   x  29 [chromium] › tests\perf\latency.spec.ts:63:3 › Perf - Latency benchmarks › hotkey → pie → action within SLA and report captured (31.7s)
2025-11-02T23:01:45.7177373Z   x  33 [firefox] › tests\e2e\action-execution.spec.ts:10:3 › US1 - Action execution flow › actions trigger immediately without confirmation dialogs (30.4s)
2025-11-02T23:02:05.2054949Z   x  34 [chromium] › tests\perf\latency.spec.ts:63:3 › Perf - Latency benchmarks › hotkey → pie → action within SLA and report captured (retry #1) (31.7s)
2025-11-02T23:02:08.8485129Z   ok 36 [firefox] › tests\e2e\app-smoke.spec.ts:4:3 › App shell smoke › loads dashboard shell with status widgets (2.2s)
2025-11-02T23:02:10.7618827Z   ok 37 [firefox] › tests\e2e\autostart.spec.ts:77:3 › US3 - Autostart settings › renders status transitions and read-only guard in desktop mode (1.9s)
2025-11-02T23:02:13.5744074Z   ok 38 [firefox] › tests\e2e\autostart.spec.ts:178:3 › US3 - Autostart settings › opens quickstart instructions in browser preview (2.8s)
2025-11-02T23:02:18.5348469Z   x  35 [firefox] › tests\e2e\action-execution.spec.ts:10:3 › US1 - Action execution flow › actions trigger immediately without confirmation dialogs (retry #1) (30.4s)
2025-11-02T23:02:22.1691885Z   ok 39 [firefox] › tests\e2e\fullscreen-safe-mode.spec.ts:26:3 › Edge case - Fullscreen safe-mode › blocks pie menu when fullscreen game detected and shows notification (8.6s)
2025-11-02T23:02:23.3023564Z   ok 40 [firefox] › tests\e2e\hotkey-conflict.spec.ts:26:3 › US2 - Hotkey conflict gating › shows conflict dialog, suggests alternatives and logs audit entry (3.4s)
2025-11-02T23:02:24.2224167Z   ok 41 [firefox] › tests\e2e\import-export-negative.spec.ts:19:3 › US3 - Import/Export negative scenarios › shows disabled state when input is empty (2.0s)
2025-11-02T23:02:26.6701682Z   ok 43 [firefox] › tests\e2e\import-export-negative.spec.ts:27:3 › US3 - Import/Export negative scenarios › renders error banner on backend import failure (2.4s)
2025-11-02T23:02:28.6388579Z   ok 44 [firefox] › tests\e2e\localization-negative.spec.ts:34:3 › Localization negative cases › bad pack surfaces missing/runtime badges (1.9s)
2025-11-02T23:02:28.7242741Z   ok 42 [firefox] › tests\e2e\linux-fallback.spec.ts:67:3 › NFR-006 - Linux fallback panel › shows fallback controls and provider hints (5.4s)
2025-11-02T23:02:30.4460564Z   ok 45 [firefox] › tests\e2e\localization-negative.spec.ts:52:3 › Localization negative cases › schema mismatch triggers error affordance (1.8s)
2025-11-02T23:02:32.0819702Z   ok 46 [firefox] › tests\e2e\linux-fallback.spec.ts:101:3 › NFR-006 - Linux fallback panel › handles enable/disable actions and surfaces errors (3.3s)
2025-11-02T23:02:32.1390462Z   ok 47 [firefox] › tests\e2e\localization-negative.spec.ts:63:3 › Localization negative cases › error affordance clears store error (1.7s)
2025-11-02T23:02:33.5878667Z   ok 48 [firefox] › tests\e2e\localization.spec.ts:23:3 › Localization switching › renders translated strings for EN and RU packs (1.5s)
2025-11-02T23:02:34.9433179Z   ok 49 [firefox] › tests\e2e\log-panel.spec.ts:127:3 › Log panel (web build) › shows desktop guard when Tauri environment is unavailable (2.8s)
2025-11-02T23:02:35.2429121Z   ok 50 [firefox] › tests\e2e\offline.spec.ts:4:3 › Offline mode resilience (NFR-005) › autostart and logs remain accessible when offline (1.6s)
2025-11-02T23:02:38.8271195Z   ok 51 [firefox] › tests\e2e\log-panel.spec.ts:136:3 › Log panel (mocked Tauri) › filters entries by level and search term (3.9s)
2025-11-02T23:02:39.9529596Z   ok 53 [firefox] › tests\e2e\log-panel.spec.ts:191:3 › Log panel (mocked Tauri) › shows error banner when backend invoke fails (1.1s)
2025-11-02T23:02:42.8244024Z   x  52 [firefox] › tests\e2e\pie-menu.spec.ts:75:3 › US1 - Pie menu invocation › default profile is used when no context matches (6.7s)
2025-11-02T23:02:44.1697382Z   ok 54 [firefox] › tests\perf\fps.spec.ts:174:3 › Perf - FPS stability › frame time stays within NFR threshold (4.2s)
2025-11-02T23:02:53.8723032Z   x  55 [firefox] › tests\e2e\pie-menu.spec.ts:75:3 › US1 - Pie menu invocation › default profile is used when no context matches (retry #1) (8.4s)
2025-11-02T23:03:03.7587075Z   x  57 [firefox] › tests\e2e\pie-menu.spec.ts:103:3 › US1 - Pie menu invocation › VS Code profile is selected when process matches (7.6s)
2025-11-02T23:03:14.0386046Z   x  58 [firefox] › tests\e2e\pie-menu.spec.ts:103:3 › US1 - Pie menu invocation › VS Code profile is selected when process matches (retry #1) (7.8s)
2025-11-02T23:03:16.0836850Z   x  56 [firefox] › tests\perf\latency.spec.ts:63:3 › Perf - Latency benchmarks › hotkey → pie → action within SLA and report captured (30.5s)
2025-11-02T23:03:24.5015251Z   x  59 [firefox] › tests\e2e\pie-menu.spec.ts:118:3 › US1 - Pie menu invocation › browser profile is selected when window title matches (7.7s)
2025-11-02T23:03:34.3907019Z   x  61 [firefox] › tests\e2e\pie-menu.spec.ts:118:3 › US1 - Pie menu invocation › browser profile is selected when window title matches (retry #1) (7.6s)
2025-11-02T23:03:39.7307252Z   ok 62 [firefox] › tests\perf\menu-latency.spec.ts:27:3 › Perf - Hotkey to menu latency › pie menu appears under SLA after triggering hotkey (4.0s)
2025-11-02T23:03:44.2805741Z Focus traversal debug: {
2025-11-02T23:03:44.2806246Z   plan: {
2025-11-02T23:03:44.2807181Z     activeTag: [32m'BODY'[39m,
2025-11-02T23:03:44.2807796Z     activeTestId: [90mundefined[39m,
2025-11-02T23:03:44.2808419Z     stepsFromLanguageSelect: [33m11[39m,
2025-11-02T23:03:44.2808948Z     snapshot: [
2025-11-02T23:03:44.2809603Z       [36m[Object][39m, [36m[Object][39m, [36m[Object][39m,
2025-11-02T23:03:44.2810425Z       [36m[Object][39m, [36m[Object][39m, [36m[Object][39m,
2025-11-02T23:03:44.2811253Z       [36m[Object][39m, [36m[Object][39m, [36m[Object][39m,
2025-11-02T23:03:44.2812036Z       [36m[Object][39m, [36m[Object][39m, [36m[Object][39m,
2025-11-02T23:03:44.2812858Z       [36m[Object][39m, [36m[Object][39m, [36m[Object][39m,
2025-11-02T23:03:44.2813662Z       [36m[Object][39m, [36m[Object][39m, [36m[Object][39m
2025-11-02T23:03:44.2814210Z     ]
2025-11-02T23:03:44.2814558Z   },
2025-11-02T23:03:44.2815407Z   beforeFallbackActive: { activeTag: [32m'BUTTON'[39m, activeTestId: [90mundefined[39m }
2025-11-02T23:03:44.2816186Z }
2025-11-02T23:03:44.4002030Z   ok 63 [webkit] › tests\e2e\accessibility.spec.ts:4:3 › Accessibility smoke › keyboard navigation reaches autostart controls (2.8s)
2025-11-02T23:03:46.2264524Z   ok 64 [webkit] › tests\e2e\accessibility.spec.ts:71:3 › Accessibility smoke › linux fallback status panel toggles via keyboard (1.8s)
2025-11-02T23:03:50.6475155Z   x  60 [firefox] › tests\perf\latency.spec.ts:63:3 › Perf - Latency benchmarks › hotkey → pie → action within SLA and report captured (retry #1) (30.5s)
2025-11-02T23:03:52.7086184Z   ok 66 [webkit] › tests\e2e\app-smoke.spec.ts:4:3 › App shell smoke › loads dashboard shell with status widgets (1.1s)
2025-11-02T23:03:56.7568388Z   ok 67 [webkit] › tests\e2e\autostart.spec.ts:77:3 › US3 - Autostart settings › renders status transitions and read-only guard in desktop mode (4.0s)
2025-11-02T23:04:00.6827964Z   ok 68 [webkit] › tests\e2e\autostart.spec.ts:178:3 › US3 - Autostart settings › opens quickstart instructions in browser preview (3.9s)
2025-11-02T23:04:09.9463622Z   ok 69 [webkit] › tests\e2e\fullscreen-safe-mode.spec.ts:26:3 › Edge case - Fullscreen safe-mode › blocks pie menu when fullscreen game detected and shows notification (9.2s)
2025-11-02T23:04:11.2458624Z   ok 70 [webkit] › tests\e2e\hotkey-conflict.spec.ts:26:3 › US2 - Hotkey conflict gating › shows conflict dialog, suggests alternatives and logs audit entry (1.3s)
2025-11-02T23:04:13.5780220Z   ok 71 [webkit] › tests\e2e\import-export-negative.spec.ts:19:3 › US3 - Import/Export negative scenarios › shows disabled state when input is empty (2.3s)
2025-11-02T23:04:16.4566808Z   ok 72 [webkit] › tests\e2e\import-export-negative.spec.ts:27:3 › US3 - Import/Export negative scenarios › renders error banner on backend import failure (2.9s)
2025-11-02T23:04:16.5322086Z   x  65 [webkit] › tests\e2e\action-execution.spec.ts:10:3 › US1 - Action execution flow › actions trigger immediately without confirmation dialogs (30.1s)
2025-11-02T23:04:22.9458869Z   ok 73 [webkit] › tests\e2e\linux-fallback.spec.ts:67:3 › NFR-006 - Linux fallback panel › shows fallback controls and provider hints (6.4s)
2025-11-02T23:04:27.9757128Z   ok 75 [webkit] › tests\e2e\linux-fallback.spec.ts:101:3 › NFR-006 - Linux fallback panel › handles enable/disable actions and surfaces errors (5.0s)
2025-11-02T23:04:29.2732401Z   ok 76 [webkit] › tests\e2e\localization-negative.spec.ts:34:3 › Localization negative cases › bad pack surfaces missing/runtime badges (1.3s)
2025-11-02T23:04:30.3385744Z   ok 77 [webkit] › tests\e2e\localization-negative.spec.ts:52:3 › Localization negative cases › schema mismatch triggers error affordance (1.0s)
2025-11-02T23:04:32.3153721Z   ok 78 [webkit] › tests\e2e\localization-negative.spec.ts:63:3 › Localization negative cases › error affordance clears store error (2.0s)
2025-11-02T23:04:33.5309789Z   ok 79 [webkit] › tests\e2e\localization.spec.ts:23:3 › Localization switching › renders translated strings for EN and RU packs (1.2s)
2025-11-02T23:04:35.5199280Z   ok 80 [webkit] › tests\e2e\log-panel.spec.ts:127:3 › Log panel (web build) › shows desktop guard when Tauri environment is unavailable (1.9s)
2025-11-02T23:04:39.3993618Z   ok 81 [webkit] › tests\e2e\log-panel.spec.ts:136:3 › Log panel (mocked Tauri) › filters entries by level and search term (3.9s)
2025-11-02T23:04:41.6227397Z   ok 82 [webkit] › tests\e2e\log-panel.spec.ts:191:3 › Log panel (mocked Tauri) › shows error banner when backend invoke fails (2.2s)
2025-11-02T23:04:43.9878065Z   ok 83 [webkit] › tests\e2e\offline.spec.ts:4:3 › Offline mode resilience (NFR-005) › autostart and logs remain accessible when offline (2.3s)
2025-11-02T23:04:48.2246230Z   x  74 [webkit] › tests\e2e\action-execution.spec.ts:10:3 › US1 - Action execution flow › actions trigger immediately without confirmation dialogs (retry #1) (30.1s)
2025-11-02T23:04:50.2547118Z   x  84 [webkit] › tests\e2e\pie-menu.spec.ts:75:3 › US1 - Pie menu invocation › default profile is used when no context matches (6.2s)
2025-11-02T23:04:56.1480696Z   ok 85 [webkit] › tests\perf\fps.spec.ts:174:3 › Perf - FPS stability › frame time stays within NFR threshold (6.9s)
2025-11-02T23:04:56.4056680Z   -  87 [webkit] › tests\perf\latency.spec.ts:63:3 › Perf - Latency benchmarks › hotkey → pie → action within SLA and report captured
2025-11-02T23:04:57.7306312Z   x  86 [webkit] › tests\e2e\pie-menu.spec.ts:75:3 › US1 - Pie menu invocation › default profile is used when no context matches (retry #1) (6.3s)
2025-11-02T23:05:00.2391207Z   ok 88 [webkit] › tests\perf\menu-latency.spec.ts:27:3 › Perf - Hotkey to menu latency › pie menu appears under SLA after triggering hotkey (3.8s)
2025-11-02T23:05:05.5608656Z   x  89 [webkit] › tests\e2e\pie-menu.spec.ts:103:3 › US1 - Pie menu invocation › VS Code profile is selected when process matches (6.5s)
2025-11-02T23:05:12.5886103Z   x  90 [webkit] › tests\e2e\pie-menu.spec.ts:103:3 › US1 - Pie menu invocation › VS Code profile is selected when process matches (retry #1) (6.0s)
2025-11-02T23:05:19.7174999Z   x  91 [webkit] › tests\e2e\pie-menu.spec.ts:118:3 › US1 - Pie menu invocation › browser profile is selected when window title matches (6.1s)
2025-11-02T23:05:26.8378747Z   x  92 [webkit] › tests\e2e\pie-menu.spec.ts:118:3 › US1 - Pie menu invocation › browser profile is selected when window title matches (retry #1) (6.1s)
2025-11-02T23:05:26.9830934Z 
2025-11-02T23:05:26.9844508Z 
2025-11-02T23:05:26.9862652Z   1) [chromium] › tests\e2e\action-execution.spec.ts:10:3 › US1 - Action execution flow › actions trigger immediately without confirmation dialogs 
2025-11-02T23:05:26.9863500Z 
2025-11-02T23:05:26.9863876Z     [31mTest timeout of 30000ms exceeded.[39m
2025-11-02T23:05:26.9864204Z 
2025-11-02T23:05:26.9864513Z     Error: locator.hover: Test timeout of 30000ms exceeded.
2025-11-02T23:05:26.9865061Z     Call log:
2025-11-02T23:05:26.9865828Z     [2m  - waiting for getByTestId('pie-menu').getByRole('button').first()[22m
2025-11-02T23:05:26.9866307Z 
2025-11-02T23:05:26.9866319Z 
2025-11-02T23:05:26.9866488Z       34 |
2025-11-02T23:05:26.9866937Z       35 |     const targetSlice = pieMenu.getByRole('button').first();
2025-11-02T23:05:26.9867513Z     > 36 |     await targetSlice.hover();
2025-11-02T23:05:26.9867928Z          |                       ^
2025-11-02T23:05:26.9868362Z       37 |     await targetSlice.click();
2025-11-02T23:05:26.9868867Z       38 |
2025-11-02T23:05:26.9869859Z       39 |     const confirmationDialog = page.getByRole('dialog', { name: /confirm action/i });
2025-11-02T23:05:26.9871005Z         at D:\a\AtlasPieVersion3\AtlasPieVersion3\autohotpie-tauri\tests\e2e\action-execution.spec.ts:36:23
2025-11-02T23:05:26.9871566Z 
2025-11-02T23:05:26.9872224Z     attachment #1: video (video/webm) ──────────────────────────────────────────────────────────────
2025-11-02T23:05:26.9873200Z     test-results\e2e-action-execution-US1---1c1b3-ithout-confirmation-dialogs-chromium\video.webm
2025-11-02T23:05:26.9874470Z     ────────────────────────────────────────────────────────────────────────────────────────────────
2025-11-02T23:05:26.9874875Z 
2025-11-02T23:05:26.9875347Z     Error Context: test-results\e2e-action-execution-US1---1c1b3-ithout-confirmation-dialogs-chromium\error-context.md
2025-11-02T23:05:26.9875763Z 
2025-11-02T23:05:26.9876136Z     attachment #3: trace (application/zip) ─────────────────────────────────────────────────────────
2025-11-02T23:05:26.9876764Z     test-results\e2e-action-execution-US1---1c1b3-ithout-confirmation-dialogs-chromium\trace.zip
2025-11-02T23:05:26.9877223Z     Usage:
2025-11-02T23:05:26.9877332Z 
2025-11-02T23:05:26.9877742Z         npx playwright show-trace test-results\e2e-action-execution-US1---1c1b3-ithout-confirmation-dialogs-chromium\trace.zip
2025-11-02T23:05:26.9878202Z 
2025-11-02T23:05:26.9878748Z     ────────────────────────────────────────────────────────────────────────────────────────────────
2025-11-02T23:05:26.9878968Z 
2025-11-02T23:05:26.9879472Z     Retry #1 ───────────────────────────────────────────────────────────────────────────────────────
2025-11-02T23:05:26.9879848Z 
2025-11-02T23:05:26.9880074Z     [31mTest timeout of 30000ms exceeded.[39m
2025-11-02T23:05:26.9880259Z 
2025-11-02T23:05:26.9880422Z     Error: locator.hover: Test timeout of 30000ms exceeded.
2025-11-02T23:05:26.9880908Z     Call log:
2025-11-02T23:05:26.9881305Z     [2m  - waiting for getByTestId('pie-menu').getByRole('button').first()[22m
2025-11-02T23:05:26.9881587Z 
2025-11-02T23:05:26.9881593Z 
2025-11-02T23:05:26.9881677Z       34 |
2025-11-02T23:05:26.9881984Z       35 |     const targetSlice = pieMenu.getByRole('button').first();
2025-11-02T23:05:26.9882338Z     > 36 |     await targetSlice.hover();
2025-11-02T23:05:26.9882655Z          |                       ^
2025-11-02T23:05:26.9883110Z       37 |     await targetSlice.click();
2025-11-02T23:05:26.9883352Z       38 |
2025-11-02T23:05:26.9883728Z       39 |     const confirmationDialog = page.getByRole('dialog', { name: /confirm action/i });
2025-11-02T23:05:26.9884365Z         at D:\a\AtlasPieVersion3\AtlasPieVersion3\autohotpie-tauri\tests\e2e\action-execution.spec.ts:36:23
2025-11-02T23:05:26.9884708Z 
2025-11-02T23:05:26.9885123Z     attachment #1: video (video/webm) ──────────────────────────────────────────────────────────────
2025-11-02T23:05:26.9885929Z     test-results\e2e-action-execution-US1---1c1b3-ithout-confirmation-dialogs-chromium-retry1\video.webm
2025-11-02T23:05:26.9886625Z     ────────────────────────────────────────────────────────────────────────────────────────────────
2025-11-02T23:05:26.9886837Z 
2025-11-02T23:05:26.9887294Z     Error Context: test-results\e2e-action-execution-US1---1c1b3-ithout-confirmation-dialogs-chromium-retry1\error-context.md
2025-11-02T23:05:26.9887987Z 
2025-11-02T23:05:26.9888335Z     attachment #3: trace (application/zip) ─────────────────────────────────────────────────────────
2025-11-02T23:05:26.9889005Z     test-results\e2e-action-execution-US1---1c1b3-ithout-confirmation-dialogs-chromium-retry1\trace.zip
2025-11-02T23:05:26.9889499Z     Usage:
2025-11-02T23:05:26.9889597Z 
2025-11-02T23:05:26.9890465Z         npx playwright show-trace test-results\e2e-action-execution-US1---1c1b3-ithout-confirmation-dialogs-chromium-retry1\trace.zip
2025-11-02T23:05:26.9891103Z 
2025-11-02T23:05:26.9891400Z     ────────────────────────────────────────────────────────────────────────────────────────────────
2025-11-02T23:05:26.9891647Z 
2025-11-02T23:05:26.9892235Z   2) [chromium] › tests\e2e\pie-menu.spec.ts:75:3 › US1 - Pie menu invocation › default profile is used when no context matches 
2025-11-02T23:05:26.9892941Z 
2025-11-02T23:05:26.9893627Z     Error: [2mexpect([22m[31mlocator[39m[2m).[22mtoBeVisible[2m([22m[2m)[22m failed
2025-11-02T23:05:26.9894269Z 
2025-11-02T23:05:26.9894703Z     Locator: getByTestId('pie-menu').last().getByRole('button', { name: /Launch Calculator/i })
2025-11-02T23:05:26.9895393Z     Expected: visible
2025-11-02T23:05:26.9895646Z     Timeout: 5000ms
2025-11-02T23:05:26.9895870Z     Error: element(s) not found
2025-11-02T23:05:26.9896052Z 
2025-11-02T23:05:26.9896134Z     Call log:
2025-11-02T23:05:26.9896497Z     [2m  - Expect "toBeVisible" with timeout 5000ms[22m
2025-11-02T23:05:26.9897122Z     [2m  - waiting for getByTestId('pie-menu').last().getByRole('button', { name: /Launch Calculator/i })[22m
2025-11-02T23:05:26.9897780Z 
2025-11-02T23:05:26.9897786Z 
2025-11-02T23:05:26.9897903Z       61 |     });
2025-11-02T23:05:26.9898164Z       62 |     if (assertion.visible) {
2025-11-02T23:05:26.9898456Z     > 63 |       await expect(slice).toBeVisible();
2025-11-02T23:05:26.9898765Z          |                           ^
2025-11-02T23:05:26.9899026Z       64 |     } else {
2025-11-02T23:05:26.9899307Z       65 |       await expect(slice).toHaveCount(0);
2025-11-02T23:05:26.9899924Z       66 |     }
2025-11-02T23:05:26.9900561Z         at expectPieMenuSlices (D:\a\AtlasPieVersion3\AtlasPieVersion3\autohotpie-tauri\tests\e2e\pie-menu.spec.ts:63:27)
2025-11-02T23:05:26.9901227Z         at D:\a\AtlasPieVersion3\AtlasPieVersion3\autohotpie-tauri\tests\e2e\pie-menu.spec.ts:83:5
2025-11-02T23:05:26.9901603Z 
2025-11-02T23:05:26.9902168Z     attachment #1: video (video/webm) ──────────────────────────────────────────────────────────────
2025-11-02T23:05:26.9902802Z     test-results\e2e-pie-menu-US1---Pie-men-38db2-sed-when-no-context-matches-chromium\video.webm
2025-11-02T23:05:26.9903418Z     ────────────────────────────────────────────────────────────────────────────────────────────────
2025-11-02T23:05:26.9903716Z 
2025-11-02T23:05:26.9904300Z     Error Context: test-results\e2e-pie-menu-US1---Pie-men-38db2-sed-when-no-context-matches-chromium\error-context.md
2025-11-02T23:05:26.9904745Z 
2025-11-02T23:05:26.9905087Z     attachment #3: trace (application/zip) ─────────────────────────────────────────────────────────
2025-11-02T23:05:26.9905704Z     test-results\e2e-pie-menu-US1---Pie-men-38db2-sed-when-no-context-matches-chromium\trace.zip
2025-11-02T23:05:26.9906139Z     Usage:
2025-11-02T23:05:26.9906276Z 
2025-11-02T23:05:26.9906681Z         npx playwright show-trace test-results\e2e-pie-menu-US1---Pie-men-38db2-sed-when-no-context-matches-chromium\trace.zip
2025-11-02T23:05:26.9907114Z 
2025-11-02T23:05:26.9907421Z     ────────────────────────────────────────────────────────────────────────────────────────────────
2025-11-02T23:05:26.9907631Z 
2025-11-02T23:05:26.9907903Z     Retry #1 ───────────────────────────────────────────────────────────────────────────────────────
2025-11-02T23:05:26.9908146Z 
2025-11-02T23:05:26.9908453Z     Error: [2mexpect([22m[31mlocator[39m[2m).[22mtoBeVisible[2m([22m[2m)[22m failed
2025-11-02T23:05:26.9908763Z 
2025-11-02T23:05:26.9909081Z     Locator: getByTestId('pie-menu').last().getByRole('button', { name: /Launch Calculator/i })
2025-11-02T23:05:26.9909599Z     Expected: visible
2025-11-02T23:05:26.9909810Z     Timeout: 5000ms
2025-11-02T23:05:26.9910172Z     Error: element(s) not found
2025-11-02T23:05:26.9910357Z 
2025-11-02T23:05:26.9910443Z     Call log:
2025-11-02T23:05:26.9911065Z     [2m  - Expect "toBeVisible" with timeout 5000ms[22m
2025-11-02T23:05:26.9911887Z     [2m  - waiting for getByTestId('pie-menu').last().getByRole('button', { name: /Launch Calculator/i })[22m
2025-11-02T23:05:26.9912400Z 
2025-11-02T23:05:26.9912407Z 
2025-11-02T23:05:26.9912490Z       61 |     });
2025-11-02T23:05:26.9912778Z       62 |     if (assertion.visible) {
2025-11-02T23:05:26.9913114Z     > 63 |       await expect(slice).toBeVisible();
2025-11-02T23:05:26.9913393Z          |                           ^
2025-11-02T23:05:26.9913665Z       64 |     } else {
2025-11-02T23:05:26.9913942Z       65 |       await expect(slice).toHaveCount(0);
2025-11-02T23:05:26.9914240Z       66 |     }
2025-11-02T23:05:26.9914884Z         at expectPieMenuSlices (D:\a\AtlasPieVersion3\AtlasPieVersion3\autohotpie-tauri\tests\e2e\pie-menu.spec.ts:63:27)
2025-11-02T23:05:26.9916053Z         at D:\a\AtlasPieVersion3\AtlasPieVersion3\autohotpie-tauri\tests\e2e\pie-menu.spec.ts:83:5
2025-11-02T23:05:26.9916536Z 
2025-11-02T23:05:26.9916916Z     attachment #1: video (video/webm) ──────────────────────────────────────────────────────────────
2025-11-02T23:05:26.9917819Z     test-results\e2e-pie-menu-US1---Pie-men-38db2-sed-when-no-context-matches-chromium-retry1\video.webm
2025-11-02T23:05:26.9918796Z     ────────────────────────────────────────────────────────────────────────────────────────────────
2025-11-02T23:05:26.9919111Z 
2025-11-02T23:05:26.9919754Z     Error Context: test-results\e2e-pie-menu-US1---Pie-men-38db2-sed-when-no-context-matches-chromium-retry1\error-context.md
2025-11-02T23:05:26.9920489Z 
2025-11-02T23:05:26.9920868Z     attachment #3: trace (application/zip) ─────────────────────────────────────────────────────────
2025-11-02T23:05:26.9921939Z     test-results\e2e-pie-menu-US1---Pie-men-38db2-sed-when-no-context-matches-chromium-retry1\trace.zip
2025-11-02T23:05:26.9922559Z     Usage:
2025-11-02T23:05:26.9922724Z 
2025-11-02T23:05:26.9923383Z         npx playwright show-trace test-results\e2e-pie-menu-US1---Pie-men-38db2-sed-when-no-context-matches-chromium-retry1\trace.zip
2025-11-02T23:05:26.9924139Z 
2025-11-02T23:05:26.9924605Z     ────────────────────────────────────────────────────────────────────────────────────────────────
2025-11-02T23:05:26.9925001Z 
2025-11-02T23:05:26.9925782Z   3) [chromium] › tests\e2e\pie-menu.spec.ts:103:3 › US1 - Pie menu invocation › VS Code profile is selected when process matches 
2025-11-02T23:05:26.9926393Z 
2025-11-02T23:05:26.9926918Z     Error: [2mexpect([22m[31mlocator[39m[2m).[22mtoBeVisible[2m([22m[2m)[22m failed
2025-11-02T23:05:26.9927345Z 
2025-11-02T23:05:26.9927787Z     Locator: getByTestId('pie-menu').last().getByRole('button', { name: /Switch Terminal/i })
2025-11-02T23:05:26.9928779Z     Expected: visible
2025-11-02T23:05:26.9929010Z     Timeout: 5000ms
2025-11-02T23:05:26.9929234Z     Error: element(s) not found
2025-11-02T23:05:26.9929422Z 
2025-11-02T23:05:26.9929506Z     Call log:
2025-11-02T23:05:26.9929857Z     [2m  - Expect "toBeVisible" with timeout 5000ms[22m
2025-11-02T23:05:26.9930437Z     [2m  - waiting for getByTestId('pie-menu').last().getByRole('button', { name: /Switch Terminal/i })[22m
2025-11-02T23:05:26.9930969Z 
2025-11-02T23:05:26.9930976Z 
2025-11-02T23:05:26.9931055Z       61 |     });
2025-11-02T23:05:26.9931304Z       62 |     if (assertion.visible) {
2025-11-02T23:05:26.9931592Z     > 63 |       await expect(slice).toBeVisible();
2025-11-02T23:05:26.9931892Z          |                           ^
2025-11-02T23:05:26.9932124Z       64 |     } else {
2025-11-02T23:05:26.9932402Z       65 |       await expect(slice).toHaveCount(0);
2025-11-02T23:05:26.9932681Z       66 |     }
2025-11-02T23:05:26.9933878Z         at expectPieMenuSlices (D:\a\AtlasPieVersion3\AtlasPieVersion3\autohotpie-tauri\tests\e2e\pie-menu.spec.ts:63:27)
2025-11-02T23:05:26.9934605Z         at D:\a\AtlasPieVersion3\AtlasPieVersion3\autohotpie-tauri\tests\e2e\pie-menu.spec.ts:111:5
2025-11-02T23:05:26.9934921Z 
2025-11-02T23:05:26.9935288Z     attachment #1: video (video/webm) ──────────────────────────────────────────────────────────────
2025-11-02T23:05:26.9935876Z     test-results\e2e-pie-menu-US1---Pie-men-a0dfa-lected-when-process-matches-chromium\video.webm
2025-11-02T23:05:26.9936526Z     ────────────────────────────────────────────────────────────────────────────────────────────────
2025-11-02T23:05:26.9936764Z 
2025-11-02T23:05:26.9937152Z     Error Context: test-results\e2e-pie-menu-US1---Pie-men-a0dfa-lected-when-process-matches-chromium\error-context.md
2025-11-02T23:05:26.9937563Z 
2025-11-02T23:05:26.9937927Z     attachment #3: trace (application/zip) ─────────────────────────────────────────────────────────
2025-11-02T23:05:26.9938518Z     test-results\e2e-pie-menu-US1---Pie-men-a0dfa-lected-when-process-matches-chromium\trace.zip
2025-11-02T23:05:26.9938971Z     Usage:
2025-11-02T23:05:26.9939074Z 
2025-11-02T23:05:26.9939509Z         npx playwright show-trace test-results\e2e-pie-menu-US1---Pie-men-a0dfa-lected-when-process-matches-chromium\trace.zip
2025-11-02T23:05:26.9939936Z 
2025-11-02T23:05:26.9940204Z     ────────────────────────────────────────────────────────────────────────────────────────────────
2025-11-02T23:05:26.9940464Z 
2025-11-02T23:05:26.9940736Z     Retry #1 ───────────────────────────────────────────────────────────────────────────────────────
2025-11-02T23:05:26.9940985Z 
2025-11-02T23:05:26.9941289Z     Error: [2mexpect([22m[31mlocator[39m[2m).[22mtoBeVisible[2m([22m[2m)[22m failed
2025-11-02T23:05:26.9941562Z 
2025-11-02T23:05:26.9941840Z     Locator: getByTestId('pie-menu').last().getByRole('button', { name: /Switch Terminal/i })
2025-11-02T23:05:26.9942312Z     Expected: visible
2025-11-02T23:05:26.9942535Z     Timeout: 5000ms
2025-11-02T23:05:26.9942780Z     Error: element(s) not found
2025-11-02T23:05:26.9942931Z 
2025-11-02T23:05:26.9943043Z     Call log:
2025-11-02T23:05:26.9943341Z     [2m  - Expect "toBeVisible" with timeout 5000ms[22m
2025-11-02T23:05:26.9943916Z     [2m  - waiting for getByTestId('pie-menu').last().getByRole('button', { name: /Switch Terminal/i })[22m
2025-11-02T23:05:26.9944345Z 
2025-11-02T23:05:26.9944351Z 
2025-11-02T23:05:26.9944462Z       61 |     });
2025-11-02T23:05:26.9944685Z       62 |     if (assertion.visible) {
2025-11-02T23:05:26.9945008Z     > 63 |       await expect(slice).toBeVisible();
2025-11-02T23:05:26.9945325Z          |                           ^
2025-11-02T23:05:26.9945559Z       64 |     } else {
2025-11-02T23:05:26.9945836Z       65 |       await expect(slice).toHaveCount(0);
2025-11-02T23:05:26.9946117Z       66 |     }
2025-11-02T23:05:26.9946666Z         at expectPieMenuSlices (D:\a\AtlasPieVersion3\AtlasPieVersion3\autohotpie-tauri\tests\e2e\pie-menu.spec.ts:63:27)
2025-11-02T23:05:26.9947360Z         at D:\a\AtlasPieVersion3\AtlasPieVersion3\autohotpie-tauri\tests\e2e\pie-menu.spec.ts:111:5
2025-11-02T23:05:26.9947693Z 
2025-11-02T23:05:26.9948222Z     attachment #1: video (video/webm) ──────────────────────────────────────────────────────────────
2025-11-02T23:05:26.9949029Z     test-results\e2e-pie-menu-US1---Pie-men-a0dfa-lected-when-process-matches-chromium-retry1\video.webm
2025-11-02T23:05:26.9949716Z     ────────────────────────────────────────────────────────────────────────────────────────────────
2025-11-02T23:05:26.9949929Z 
2025-11-02T23:05:26.9950369Z     Error Context: test-results\e2e-pie-menu-US1---Pie-men-a0dfa-lected-when-process-matches-chromium-retry1\error-context.md
2025-11-02T23:05:26.9950809Z 
2025-11-02T23:05:26.9951162Z     attachment #3: trace (application/zip) ─────────────────────────────────────────────────────────
2025-11-02T23:05:26.9951796Z     test-results\e2e-pie-menu-US1---Pie-men-a0dfa-lected-when-process-matches-chromium-retry1\trace.zip
2025-11-02T23:05:26.9952290Z     Usage:
2025-11-02T23:05:26.9952395Z 
2025-11-02T23:05:26.9952862Z         npx playwright show-trace test-results\e2e-pie-menu-US1---Pie-men-a0dfa-lected-when-process-matches-chromium-retry1\trace.zip
2025-11-02T23:05:26.9953329Z 
2025-11-02T23:05:26.9953595Z     ────────────────────────────────────────────────────────────────────────────────────────────────
2025-11-02T23:05:26.9953843Z 
2025-11-02T23:05:26.9954303Z   4) [chromium] › tests\e2e\pie-menu.spec.ts:118:3 › US1 - Pie menu invocation › browser profile is selected when window title matches 
2025-11-02T23:05:26.9954727Z 
2025-11-02T23:05:26.9955027Z     Error: [2mexpect([22m[31mlocator[39m[2m).[22mtoBeVisible[2m([22m[2m)[22m failed
2025-11-02T23:05:26.9955299Z 
2025-11-02T23:05:26.9955585Z     Locator: getByTestId('pie-menu').last().getByRole('button', { name: /Open DevTools/i })
2025-11-02T23:05:26.9955967Z     Expected: visible
2025-11-02T23:05:26.9956201Z     Timeout: 5000ms
2025-11-02T23:05:26.9956442Z     Error: element(s) not found
2025-11-02T23:05:26.9956585Z 
2025-11-02T23:05:26.9956659Z     Call log:
2025-11-02T23:05:26.9956979Z     [2m  - Expect "toBeVisible" with timeout 5000ms[22m
2025-11-02T23:05:26.9957513Z     [2m  - waiting for getByTestId('pie-menu').last().getByRole('button', { name: /Open DevTools/i })[22m
2025-11-02T23:05:26.9957855Z 
2025-11-02T23:05:26.9957861Z 
2025-11-02T23:05:26.9957936Z       61 |     });
2025-11-02T23:05:26.9958175Z       62 |     if (assertion.visible) {
2025-11-02T23:05:26.9958458Z     > 63 |       await expect(slice).toBeVisible();
2025-11-02T23:05:26.9958762Z          |                           ^
2025-11-02T23:05:26.9959020Z       64 |     } else {
2025-11-02T23:05:26.9959267Z       65 |       await expect(slice).toHaveCount(0);
2025-11-02T23:05:26.9959555Z       66 |     }
2025-11-02T23:05:26.9960050Z         at expectPieMenuSlices (D:\a\AtlasPieVersion3\AtlasPieVersion3\autohotpie-tauri\tests\e2e\pie-menu.spec.ts:63:27)
2025-11-02T23:05:26.9960707Z         at D:\a\AtlasPieVersion3\AtlasPieVersion3\autohotpie-tauri\tests\e2e\pie-menu.spec.ts:126:5
2025-11-02T23:05:26.9961050Z 
2025-11-02T23:05:26.9961369Z     attachment #1: video (video/webm) ──────────────────────────────────────────────────────────────
2025-11-02T23:05:26.9961976Z     test-results\e2e-pie-menu-US1---Pie-men-136eb-d-when-window-title-matches-chromium\video.webm
2025-11-02T23:05:26.9963349Z     ────────────────────────────────────────────────────────────────────────────────────────────────
2025-11-02T23:05:26.9963594Z 
2025-11-02T23:05:26.9963982Z     Error Context: test-results\e2e-pie-menu-US1---Pie-men-136eb-d-when-window-title-matches-chromium\error-context.md
2025-11-02T23:05:26.9964416Z 
2025-11-02T23:05:26.9964738Z     attachment #3: trace (application/zip) ─────────────────────────────────────────────────────────
2025-11-02T23:05:26.9965449Z     test-results\e2e-pie-menu-US1---Pie-men-136eb-d-when-window-title-matches-chromium\trace.zip
2025-11-02T23:05:26.9965874Z     Usage:
2025-11-02T23:05:26.9966009Z 
2025-11-02T23:05:26.9966404Z         npx playwright show-trace test-results\e2e-pie-menu-US1---Pie-men-136eb-d-when-window-title-matches-chromium\trace.zip
2025-11-02T23:05:26.9966825Z 
2025-11-02T23:05:26.9967123Z     ────────────────────────────────────────────────────────────────────────────────────────────────
2025-11-02T23:05:26.9967343Z 
2025-11-02T23:05:26.9967640Z     Retry #1 ───────────────────────────────────────────────────────────────────────────────────────
2025-11-02T23:05:26.9967858Z 
2025-11-02T23:05:26.9968261Z     Error: [2mexpect([22m[31mlocator[39m[2m).[22mtoBeVisible[2m([22m[2m)[22m failed
2025-11-02T23:05:26.9968813Z 
2025-11-02T23:05:26.9969074Z     Locator: getByTestId('pie-menu').last().getByRole('button', { name: /Open DevTools/i })
2025-11-02T23:05:26.9969479Z     Expected: visible
2025-11-02T23:05:26.9969700Z     Timeout: 5000ms
2025-11-02T23:05:26.9969961Z     Error: element(s) not found
2025-11-02T23:05:26.9970125Z 
2025-11-02T23:05:26.9970238Z     Call log:
2025-11-02T23:05:26.9970553Z     [2m  - Expect "toBeVisible" with timeout 5000ms[22m
2025-11-02T23:05:26.9971129Z     [2m  - waiting for getByTestId('pie-menu').last().getByRole('button', { name: /Open DevTools/i })[22m
2025-11-02T23:05:26.9971447Z 
2025-11-02T23:05:26.9971452Z 
2025-11-02T23:05:26.9971565Z       61 |     });
2025-11-02T23:05:26.9971787Z       62 |     if (assertion.visible) {
2025-11-02T23:05:26.9972098Z     > 63 |       await expect(slice).toBeVisible();
2025-11-02T23:05:26.9972370Z          |                           ^
2025-11-02T23:05:26.9972632Z       64 |     } else {
2025-11-02T23:05:26.9972907Z       65 |       await expect(slice).toHaveCount(0);
2025-11-02T23:05:26.9973159Z       66 |     }
2025-11-02T23:05:26.9973661Z         at expectPieMenuSlices (D:\a\AtlasPieVersion3\AtlasPieVersion3\autohotpie-tauri\tests\e2e\pie-menu.spec.ts:63:27)
2025-11-02T23:05:26.9974347Z         at D:\a\AtlasPieVersion3\AtlasPieVersion3\autohotpie-tauri\tests\e2e\pie-menu.spec.ts:126:5
2025-11-02T23:05:26.9974662Z 
2025-11-02T23:05:26.9975006Z     attachment #1: video (video/webm) ──────────────────────────────────────────────────────────────
2025-11-02T23:05:26.9975611Z     test-results\e2e-pie-menu-US1---Pie-men-136eb-d-when-window-title-matches-chromium-retry1\video.webm
2025-11-02T23:05:26.9976399Z     ────────────────────────────────────────────────────────────────────────────────────────────────
2025-11-02T23:05:26.9976606Z 
2025-11-02T23:05:26.9977047Z     Error Context: test-results\e2e-pie-menu-US1---Pie-men-136eb-d-when-window-title-matches-chromium-retry1\error-context.md
2025-11-02T23:05:26.9977486Z 
2025-11-02T23:05:26.9977815Z     attachment #3: trace (application/zip) ─────────────────────────────────────────────────────────
2025-11-02T23:05:26.9978562Z     test-results\e2e-pie-menu-US1---Pie-men-136eb-d-when-window-title-matches-chromium-retry1\trace.zip
2025-11-02T23:05:26.9979048Z     Usage:
2025-11-02T23:05:26.9979152Z 
2025-11-02T23:05:26.9979580Z         npx playwright show-trace test-results\e2e-pie-menu-US1---Pie-men-136eb-d-when-window-title-matches-chromium-retry1\trace.zip
2025-11-02T23:05:26.9980067Z 
2025-11-02T23:05:26.9980327Z     ────────────────────────────────────────────────────────────────────────────────────────────────
2025-11-02T23:05:26.9980584Z 
2025-11-02T23:05:26.9981035Z   5) [chromium] › tests\perf\latency.spec.ts:63:3 › Perf - Latency benchmarks › hotkey → pie → action within SLA and report captured 
2025-11-02T23:05:26.9981417Z 
2025-11-02T23:05:26.9981632Z     [31mTest timeout of 30000ms exceeded.[39m
2025-11-02T23:05:26.9981816Z 
2025-11-02T23:05:26.9981985Z     Error: locator.hover: Test timeout of 30000ms exceeded.
2025-11-02T23:05:26.9982299Z     Call log:
2025-11-02T23:05:26.9982770Z     [2m  - waiting for getByTestId('pie-menu').getByRole('button').first()[22m
2025-11-02T23:05:26.9983028Z 
2025-11-02T23:05:26.9983033Z 
2025-11-02T23:05:26.9983196Z        98 |       // Wait for animation to settle before interacting
2025-11-02T23:05:26.9983567Z        99 |       await page.waitForTimeout(200);
2025-11-02T23:05:26.9983909Z     > 100 |       await slice.hover({ force: true });
2025-11-02T23:05:26.9984192Z           |                   ^
2025-11-02T23:05:26.9984445Z       101 |
2025-11-02T23:05:26.9984681Z       102 |       const start = Date.now();
2025-11-02T23:05:26.9984979Z       103 |       await slice.click({ force: true });
2025-11-02T23:05:26.9985461Z         at D:\a\AtlasPieVersion3\AtlasPieVersion3\autohotpie-tauri\tests\perf\latency.spec.ts:100:19
2025-11-02T23:05:26.9985783Z 
2025-11-02T23:05:26.9986131Z     attachment #1: video (video/webm) ──────────────────────────────────────────────────────────────
2025-11-02T23:05:26.9986738Z     test-results\perf-latency-Perf---Latenc-f0825-hin-SLA-and-report-captured-chromium\video.webm
2025-11-02T23:05:26.9987395Z     ────────────────────────────────────────────────────────────────────────────────────────────────
2025-11-02T23:05:26.9987601Z 
2025-11-02T23:05:26.9988023Z     Error Context: test-results\perf-latency-Perf---Latenc-f0825-hin-SLA-and-report-captured-chromium\error-context.md
2025-11-02T23:05:26.9988572Z 
2025-11-02T23:05:26.9989141Z     attachment #3: trace (application/zip) ─────────────────────────────────────────────────────────
2025-11-02T23:05:26.9989880Z     test-results\perf-latency-Perf---Latenc-f0825-hin-SLA-and-report-captured-chromium\trace.zip
2025-11-02T23:05:26.9990350Z     Usage:
2025-11-02T23:05:26.9990455Z 
2025-11-02T23:05:26.9990866Z         npx playwright show-trace test-results\perf-latency-Perf---Latenc-f0825-hin-SLA-and-report-captured-chromium\trace.zip
2025-11-02T23:05:26.9991320Z 
2025-11-02T23:05:26.9991574Z     ────────────────────────────────────────────────────────────────────────────────────────────────
2025-11-02T23:05:26.9991780Z 
2025-11-02T23:05:26.9992196Z     Retry #1 ───────────────────────────────────────────────────────────────────────────────────────
2025-11-02T23:05:26.9992417Z 
2025-11-02T23:05:26.9992603Z     [31mTest timeout of 30000ms exceeded.[39m
2025-11-02T23:05:26.9992784Z 
2025-11-02T23:05:26.9992943Z     Error: locator.hover: Test timeout of 30000ms exceeded.
2025-11-02T23:05:26.9993239Z     Call log:
2025-11-02T23:05:26.9993617Z     [2m  - waiting for getByTestId('pie-menu').getByRole('button').first()[22m
2025-11-02T23:05:26.9993914Z 
2025-11-02T23:05:26.9993919Z 
2025-11-02T23:05:26.9994074Z        98 |       // Wait for animation to settle before interacting
2025-11-02T23:05:26.9994400Z        99 |       await page.waitForTimeout(200);
2025-11-02T23:05:26.9994714Z     > 100 |       await slice.hover({ force: true });
2025-11-02T23:05:26.9995013Z           |                   ^
2025-11-02T23:05:26.9995256Z       101 |
2025-11-02T23:05:26.9995474Z       102 |       const start = Date.now();
2025-11-02T23:05:26.9995799Z       103 |       await slice.click({ force: true });
2025-11-02T23:05:26.9996283Z         at D:\a\AtlasPieVersion3\AtlasPieVersion3\autohotpie-tauri\tests\perf\latency.spec.ts:100:19
2025-11-02T23:05:26.9996629Z 
2025-11-02T23:05:26.9996944Z     attachment #1: video (video/webm) ──────────────────────────────────────────────────────────────
2025-11-02T23:05:26.9997590Z     test-results\perf-latency-Perf---Latenc-f0825-hin-SLA-and-report-captured-chromium-retry1\video.webm
2025-11-02T23:05:26.9998258Z     ────────────────────────────────────────────────────────────────────────────────────────────────
2025-11-02T23:05:26.9998456Z 
2025-11-02T23:05:26.9998903Z     Error Context: test-results\perf-latency-Perf---Latenc-f0825-hin-SLA-and-report-captured-chromium-retry1\error-context.md
2025-11-02T23:05:26.9999347Z 
2025-11-02T23:05:26.9999666Z     attachment #3: trace (application/zip) ─────────────────────────────────────────────────────────
2025-11-02T23:05:27.0000324Z     test-results\perf-latency-Perf---Latenc-f0825-hin-SLA-and-report-captured-chromium-retry1\trace.zip
2025-11-02T23:05:27.0000804Z     Usage:
2025-11-02T23:05:27.0000898Z 
2025-11-02T23:05:27.0001330Z         npx playwright show-trace test-results\perf-latency-Perf---Latenc-f0825-hin-SLA-and-report-captured-chromium-retry1\trace.zip
2025-11-02T23:05:27.0001828Z 
2025-11-02T23:05:27.0002092Z     ────────────────────────────────────────────────────────────────────────────────────────────────
2025-11-02T23:05:27.0002398Z 
2025-11-02T23:05:27.0002936Z   6) [firefox] › tests\e2e\action-execution.spec.ts:10:3 › US1 - Action execution flow › actions trigger immediately without confirmation dialogs 
2025-11-02T23:05:27.0003369Z 
2025-11-02T23:05:27.0003571Z     [31mTest timeout of 30000ms exceeded.[39m
2025-11-02T23:05:27.0003733Z 
2025-11-02T23:05:27.0003882Z     Error: locator.hover: Test timeout of 30000ms exceeded.
2025-11-02T23:05:27.0004193Z     Call log:
2025-11-02T23:05:27.0004687Z     [2m  - waiting for getByTestId('pie-menu').getByRole('button').first()[22m
2025-11-02T23:05:27.0004927Z 
2025-11-02T23:05:27.0004933Z 
2025-11-02T23:05:27.0005004Z       34 |
2025-11-02T23:05:27.0005313Z       35 |     const targetSlice = pieMenu.getByRole('button').first();
2025-11-02T23:05:27.0005689Z     > 36 |     await targetSlice.hover();
2025-11-02T23:05:27.0005952Z          |                       ^
2025-11-02T23:05:27.0006233Z       37 |     await targetSlice.click();
2025-11-02T23:05:27.0006468Z       38 |
2025-11-02T23:05:27.0006826Z       39 |     const confirmationDialog = page.getByRole('dialog', { name: /confirm action/i });
2025-11-02T23:05:27.0007455Z         at D:\a\AtlasPieVersion3\AtlasPieVersion3\autohotpie-tauri\tests\e2e\action-execution.spec.ts:36:23
2025-11-02T23:05:27.0007798Z 
2025-11-02T23:05:27.0008151Z     attachment #1: video (video/webm) ──────────────────────────────────────────────────────────────
2025-11-02T23:05:27.0009059Z     test-results\e2e-action-execution-US1---1c1b3-ithout-confirmation-dialogs-firefox\video.webm
2025-11-02T23:05:27.0009729Z     ────────────────────────────────────────────────────────────────────────────────────────────────
2025-11-02T23:05:27.0009937Z 
2025-11-02T23:05:27.0010360Z     Error Context: test-results\e2e-action-execution-US1---1c1b3-ithout-confirmation-dialogs-firefox\error-context.md
2025-11-02T23:05:27.0010778Z 
2025-11-02T23:05:27.0011103Z     attachment #3: trace (application/zip) ─────────────────────────────────────────────────────────
2025-11-02T23:05:27.0011738Z     test-results\e2e-action-execution-US1---1c1b3-ithout-confirmation-dialogs-firefox\trace.zip
2025-11-02T23:05:27.0012199Z     Usage:
2025-11-02T23:05:27.0012301Z 
2025-11-02T23:05:27.0012701Z         npx playwright show-trace test-results\e2e-action-execution-US1---1c1b3-ithout-confirmation-dialogs-firefox\trace.zip
2025-11-02T23:05:27.0013160Z 
2025-11-02T23:05:27.0013421Z     ────────────────────────────────────────────────────────────────────────────────────────────────
2025-11-02T23:05:27.0013676Z 
2025-11-02T23:05:27.0013942Z     Retry #1 ───────────────────────────────────────────────────────────────────────────────────────
2025-11-02T23:05:27.0014165Z 
2025-11-02T23:05:27.0014365Z     [31mTest timeout of 30000ms exceeded.[39m
2025-11-02T23:05:27.0014544Z 
2025-11-02T23:05:27.0014699Z     Error: locator.hover: Test timeout of 30000ms exceeded.
2025-11-02T23:05:27.0014994Z     Call log:
2025-11-02T23:05:27.0015382Z     [2m  - waiting for getByTestId('pie-menu').getByRole('button').first()[22m
2025-11-02T23:05:27.0015775Z 
2025-11-02T23:05:27.0015781Z 
2025-11-02T23:05:27.0015857Z       34 |
2025-11-02T23:05:27.0016163Z       35 |     const targetSlice = pieMenu.getByRole('button').first();
2025-11-02T23:05:27.0016505Z     > 36 |     await targetSlice.hover();
2025-11-02T23:05:27.0016772Z          |                       ^
2025-11-02T23:05:27.0017055Z       37 |     await targetSlice.click();
2025-11-02T23:05:27.0017319Z       38 |
2025-11-02T23:05:27.0017746Z       39 |     const confirmationDialog = page.getByRole('dialog', { name: /confirm action/i });
2025-11-02T23:05:27.0018351Z         at D:\a\AtlasPieVersion3\AtlasPieVersion3\autohotpie-tauri\tests\e2e\action-execution.spec.ts:36:23
2025-11-02T23:05:27.0018697Z 
2025-11-02T23:05:27.0019029Z     attachment #1: video (video/webm) ──────────────────────────────────────────────────────────────
2025-11-02T23:05:27.0019643Z     test-results\e2e-action-execution-US1---1c1b3-ithout-confirmation-dialogs-firefox-retry1\video.webm
2025-11-02T23:05:27.0020333Z     ────────────────────────────────────────────────────────────────────────────────────────────────
2025-11-02T23:05:27.0020544Z 
2025-11-02T23:05:27.0020991Z     Error Context: test-results\e2e-action-execution-US1---1c1b3-ithout-confirmation-dialogs-firefox-retry1\error-context.md
2025-11-02T23:05:27.0021445Z 
2025-11-02T23:05:27.0021784Z     attachment #3: trace (application/zip) ─────────────────────────────────────────────────────────
2025-11-02T23:05:27.0022424Z     test-results\e2e-action-execution-US1---1c1b3-ithout-confirmation-dialogs-firefox-retry1\trace.zip
2025-11-02T23:05:27.0022910Z     Usage:
2025-11-02T23:05:27.0022999Z 
2025-11-02T23:05:27.0023454Z         npx playwright show-trace test-results\e2e-action-execution-US1---1c1b3-ithout-confirmation-dialogs-firefox-retry1\trace.zip
2025-11-02T23:05:27.0023904Z 
2025-11-02T23:05:27.0024147Z     ────────────────────────────────────────────────────────────────────────────────────────────────
2025-11-02T23:05:27.0024366Z 
2025-11-02T23:05:27.0024766Z   7) [firefox] › tests\e2e\pie-menu.spec.ts:75:3 › US1 - Pie menu invocation › default profile is used when no context matches 
2025-11-02T23:05:27.0025111Z 
2025-11-02T23:05:27.0025417Z     Error: [2mexpect([22m[31mlocator[39m[2m).[22mtoBeVisible[2m([22m[2m)[22m failed
2025-11-02T23:05:27.0025681Z 
2025-11-02T23:05:27.0025944Z     Locator: getByTestId('pie-menu').last().getByRole('button', { name: /Launch Calculator/i })
2025-11-02T23:05:27.0026302Z     Expected: visible
2025-11-02T23:05:27.0026496Z     Timeout: 5000ms
2025-11-02T23:05:27.0026682Z     Error: element(s) not found
2025-11-02T23:05:27.0026826Z 
2025-11-02T23:05:27.0026889Z     Call log:
2025-11-02T23:05:27.0027176Z     [2m  - Expect "toBeVisible" with timeout 5000ms[22m
2025-11-02T23:05:27.0027695Z     [2m  - waiting for getByTestId('pie-menu').last().getByRole('button', { name: /Launch Calculator/i })[22m
2025-11-02T23:05:27.0028023Z 
2025-11-02T23:05:27.0028028Z 
2025-11-02T23:05:27.0028095Z       61 |     });
2025-11-02T23:05:27.0028391Z       62 |     if (assertion.visible) {
2025-11-02T23:05:27.0028739Z     > 63 |       await expect(slice).toBeVisible();
2025-11-02T23:05:27.0029436Z          |                           ^
2025-11-02T23:05:27.0029677Z       64 |     } else {
2025-11-02T23:05:27.0029973Z       65 |       await expect(slice).toHaveCount(0);
2025-11-02T23:05:27.0030235Z       66 |     }
2025-11-02T23:05:27.0030740Z         at expectPieMenuSlices (D:\a\AtlasPieVersion3\AtlasPieVersion3\autohotpie-tauri\tests\e2e\pie-menu.spec.ts:63:27)
2025-11-02T23:05:27.0031520Z         at D:\a\AtlasPieVersion3\AtlasPieVersion3\autohotpie-tauri\tests\e2e\pie-menu.spec.ts:83:5
2025-11-02T23:05:27.0031972Z 
2025-11-02T23:05:27.0032352Z     attachment #1: video (video/webm) ──────────────────────────────────────────────────────────────
2025-11-02T23:05:27.0032928Z     test-results\e2e-pie-menu-US1---Pie-men-38db2-sed-when-no-context-matches-firefox\video.webm
2025-11-02T23:05:27.0033746Z     ────────────────────────────────────────────────────────────────────────────────────────────────
2025-11-02T23:05:27.0033957Z 
2025-11-02T23:05:27.0034369Z     Error Context: test-results\e2e-pie-menu-US1---Pie-men-38db2-sed-when-no-context-matches-firefox\error-context.md
2025-11-02T23:05:27.0034776Z 
2025-11-02T23:05:27.0035100Z     attachment #3: trace (application/zip) ─────────────────────────────────────────────────────────
2025-11-02T23:05:27.0035812Z     test-results\e2e-pie-menu-US1---Pie-men-38db2-sed-when-no-context-matches-firefox\trace.zip
2025-11-02T23:05:27.0036258Z     Usage:
2025-11-02T23:05:27.0036362Z 
2025-11-02T23:05:27.0036744Z         npx playwright show-trace test-results\e2e-pie-menu-US1---Pie-men-38db2-sed-when-no-context-matches-firefox\trace.zip
2025-11-02T23:05:27.0037206Z 
2025-11-02T23:05:27.0037473Z     ────────────────────────────────────────────────────────────────────────────────────────────────
2025-11-02T23:05:27.0037725Z 
2025-11-02T23:05:27.0037995Z     Retry #1 ───────────────────────────────────────────────────────────────────────────────────────
2025-11-02T23:05:27.0038216Z 
2025-11-02T23:05:27.0038543Z     Error: [2mexpect([22m[31mlocator[39m[2m).[22mtoBeVisible[2m([22m[2m)[22m failed
2025-11-02T23:05:27.0038810Z 
2025-11-02T23:05:27.0039072Z     Locator: getByTestId('pie-menu').last().getByRole('button', { name: /Launch Calculator/i })
2025-11-02T23:05:27.0039469Z     Expected: visible
2025-11-02T23:05:27.0039705Z     Timeout: 5000ms
2025-11-02T23:05:27.0039921Z     Error: element(s) not found
2025-11-02T23:05:27.0040103Z 
2025-11-02T23:05:27.0040179Z     Call log:
2025-11-02T23:05:27.0040507Z     [2m  - Expect "toBeVisible" with timeout 5000ms[22m
2025-11-02T23:05:27.0041058Z     [2m  - waiting for getByTestId('pie-menu').last().getByRole('button', { name: /Launch Calculator/i })[22m
2025-11-02T23:05:27.0041408Z 
2025-11-02T23:05:27.0041423Z 
2025-11-02T23:05:27.0041501Z       61 |     });
2025-11-02T23:05:27.0041755Z       62 |     if (assertion.visible) {
2025-11-02T23:05:27.0042044Z     > 63 |       await expect(slice).toBeVisible();
2025-11-02T23:05:27.0042343Z          |                           ^
2025-11-02T23:05:27.0042613Z       64 |     } else {
2025-11-02T23:05:27.0042860Z       65 |       await expect(slice).toHaveCount(0);
2025-11-02T23:05:27.0043139Z       66 |     }
2025-11-02T23:05:27.0043616Z         at expectPieMenuSlices (D:\a\AtlasPieVersion3\AtlasPieVersion3\autohotpie-tauri\tests\e2e\pie-menu.spec.ts:63:27)
2025-11-02T23:05:27.0044297Z         at D:\a\AtlasPieVersion3\AtlasPieVersion3\autohotpie-tauri\tests\e2e\pie-menu.spec.ts:83:5
2025-11-02T23:05:27.0044643Z 
2025-11-02T23:05:27.0044959Z     attachment #1: video (video/webm) ──────────────────────────────────────────────────────────────
2025-11-02T23:05:27.0045591Z     test-results\e2e-pie-menu-US1---Pie-men-38db2-sed-when-no-context-matches-firefox-retry1\video.webm
2025-11-02T23:05:27.0046322Z     ────────────────────────────────────────────────────────────────────────────────────────────────
2025-11-02T23:05:27.0046561Z 
2025-11-02T23:05:27.0046965Z     Error Context: test-results\e2e-pie-menu-US1---Pie-men-38db2-sed-when-no-context-matches-firefox-retry1\error-context.md
2025-11-02T23:05:27.0047404Z 
2025-11-02T23:05:27.0047761Z     attachment #3: trace (application/zip) ─────────────────────────────────────────────────────────
2025-11-02T23:05:27.0049161Z     test-results\e2e-pie-menu-US1---Pie-men-38db2-sed-when-no-context-matches-firefox-retry1\trace.zip
2025-11-02T23:05:27.0050347Z     Usage:
2025-11-02T23:05:27.0050459Z 
2025-11-02T23:05:27.0050907Z         npx playwright show-trace test-results\e2e-pie-menu-US1---Pie-men-38db2-sed-when-no-context-matches-firefox-retry1\trace.zip
2025-11-02T23:05:27.0051369Z 
2025-11-02T23:05:27.0051711Z     ────────────────────────────────────────────────────────────────────────────────────────────────
2025-11-02T23:05:27.0051934Z 
2025-11-02T23:05:27.0052362Z   8) [firefox] › tests\e2e\pie-menu.spec.ts:103:3 › US1 - Pie menu invocation › VS Code profile is selected when process matches 
2025-11-02T23:05:27.0052765Z 
2025-11-02T23:05:27.0053069Z     Error: [2mexpect([22m[31mlocator[39m[2m).[22mtoBeVisible[2m([22m[2m)[22m failed
2025-11-02T23:05:27.0053351Z 
2025-11-02T23:05:27.0053646Z     Locator: getByTestId('pie-menu').last().getByRole('button', { name: /Switch Terminal/i })
2025-11-02T23:05:27.0054027Z     Expected: visible
2025-11-02T23:05:27.0054287Z     Timeout: 5000ms
2025-11-02T23:05:27.0054543Z     Error: element(s) not found
2025-11-02T23:05:27.0054691Z 
2025-11-02T23:05:27.0054771Z     Call log:
2025-11-02T23:05:27.0055098Z     [2m  - Expect "toBeVisible" with timeout 5000ms[22m
2025-11-02T23:05:27.0055684Z     [2m  - waiting for getByTestId('pie-menu').last().getByRole('button', { name: /Switch Terminal/i })[22m
2025-11-02T23:05:27.0055997Z 
2025-11-02T23:05:27.0056012Z 
2025-11-02T23:05:27.0056088Z       61 |     });
2025-11-02T23:05:27.0056341Z       62 |     if (assertion.visible) {
2025-11-02T23:05:27.0056658Z     > 63 |       await expect(slice).toBeVisible();
2025-11-02T23:05:27.0056934Z          |                           ^
2025-11-02T23:05:27.0057202Z       64 |     } else {
2025-11-02T23:05:27.0057488Z       65 |       await expect(slice).toHaveCount(0);
2025-11-02T23:05:27.0057744Z       66 |     }
2025-11-02T23:05:27.0058253Z         at expectPieMenuSlices (D:\a\AtlasPieVersion3\AtlasPieVersion3\autohotpie-tauri\tests\e2e\pie-menu.spec.ts:63:27)
2025-11-02T23:05:27.0058942Z         at D:\a\AtlasPieVersion3\AtlasPieVersion3\autohotpie-tauri\tests\e2e\pie-menu.spec.ts:111:5
2025-11-02T23:05:27.0059257Z 
2025-11-02T23:05:27.0059578Z     attachment #1: video (video/webm) ──────────────────────────────────────────────────────────────
2025-11-02T23:05:27.0060179Z     test-results\e2e-pie-menu-US1---Pie-men-a0dfa-lected-when-process-matches-firefox\video.webm
2025-11-02T23:05:27.0060961Z     ────────────────────────────────────────────────────────────────────────────────────────────────
2025-11-02T23:05:27.0061171Z 
2025-11-02T23:05:27.0061548Z     Error Context: test-results\e2e-pie-menu-US1---Pie-men-a0dfa-lected-when-process-matches-firefox\error-context.md
2025-11-02T23:05:27.0061982Z 
2025-11-02T23:05:27.0062305Z     attachment #3: trace (application/zip) ─────────────────────────────────────────────────────────
2025-11-02T23:05:27.0063019Z     test-results\e2e-pie-menu-US1---Pie-men-a0dfa-lected-when-process-matches-firefox\trace.zip
2025-11-02T23:05:27.0063456Z     Usage:
2025-11-02T23:05:27.0063561Z 
2025-11-02T23:05:27.0063951Z         npx playwright show-trace test-results\e2e-pie-menu-US1---Pie-men-a0dfa-lected-when-process-matches-firefox\trace.zip
2025-11-02T23:05:27.0064398Z 
2025-11-02T23:05:27.0064655Z     ────────────────────────────────────────────────────────────────────────────────────────────────
2025-11-02T23:05:27.0064877Z 
2025-11-02T23:05:27.0065182Z     Retry #1 ───────────────────────────────────────────────────────────────────────────────────────
2025-11-02T23:05:27.0065401Z 
2025-11-02T23:05:27.0065705Z     Error: [2mexpect([22m[31mlocator[39m[2m).[22mtoBeVisible[2m([22m[2m)[22m failed
2025-11-02T23:05:27.0065998Z 
2025-11-02T23:05:27.0066249Z     Locator: getByTestId('pie-menu').last().getByRole('button', { name: /Switch Terminal/i })
2025-11-02T23:05:27.0066651Z     Expected: visible
2025-11-02T23:05:27.0066854Z     Timeout: 5000ms
2025-11-02T23:05:27.0067111Z     Error: element(s) not found
2025-11-02T23:05:27.0067264Z 
2025-11-02T23:05:27.0067376Z     Call log:
2025-11-02T23:05:27.0067674Z     [2m  - Expect "toBeVisible" with timeout 5000ms[22m
2025-11-02T23:05:27.0068239Z     [2m  - waiting for getByTestId('pie-menu').last().getByRole('button', { name: /Switch Terminal/i })[22m
2025-11-02T23:05:27.0068611Z 
2025-11-02T23:05:27.0068643Z 
2025-11-02T23:05:27.0068723Z       61 |     });
2025-11-02T23:05:27.0068960Z       62 |     if (assertion.visible) {
2025-11-02T23:05:27.0069332Z     > 63 |       await expect(slice).toBeVisible();
2025-11-02T23:05:27.0070052Z          |                           ^
2025-11-02T23:05:27.0070296Z       64 |     } else {
2025-11-02T23:05:27.0070575Z       65 |       await expect(slice).toHaveCount(0);
2025-11-02T23:05:27.0070855Z       66 |     }
2025-11-02T23:05:27.0071323Z         at expectPieMenuSlices (D:\a\AtlasPieVersion3\AtlasPieVersion3\autohotpie-tauri\tests\e2e\pie-menu.spec.ts:63:27)
2025-11-02T23:05:27.0072021Z         at D:\a\AtlasPieVersion3\AtlasPieVersion3\autohotpie-tauri\tests\e2e\pie-menu.spec.ts:111:5
2025-11-02T23:05:27.0072335Z 
2025-11-02T23:05:27.0072694Z     attachment #1: video (video/webm) ──────────────────────────────────────────────────────────────
2025-11-02T23:05:27.0073304Z     test-results\e2e-pie-menu-US1---Pie-men-a0dfa-lected-when-process-matches-firefox-retry1\video.webm
2025-11-02T23:05:27.0073964Z     ────────────────────────────────────────────────────────────────────────────────────────────────
2025-11-02T23:05:27.0074291Z 
2025-11-02T23:05:27.0074728Z     Error Context: test-results\e2e-pie-menu-US1---Pie-men-a0dfa-lected-when-process-matches-firefox-retry1\error-context.md
2025-11-02T23:05:27.0075168Z 
2025-11-02T23:05:27.0075527Z     attachment #3: trace (application/zip) ─────────────────────────────────────────────────────────
2025-11-02T23:05:27.0076240Z     test-results\e2e-pie-menu-US1---Pie-men-a0dfa-lected-when-process-matches-firefox-retry1\trace.zip
2025-11-02T23:05:27.0076730Z     Usage:
2025-11-02T23:05:27.0076831Z 
2025-11-02T23:05:27.0077279Z         npx playwright show-trace test-results\e2e-pie-menu-US1---Pie-men-a0dfa-lected-when-process-matches-firefox-retry1\trace.zip
2025-11-02T23:05:27.0077737Z 
2025-11-02T23:05:27.0077994Z     ────────────────────────────────────────────────────────────────────────────────────────────────
2025-11-02T23:05:27.0078237Z 
2025-11-02T23:05:27.0078833Z   9) [firefox] › tests\e2e\pie-menu.spec.ts:118:3 › US1 - Pie menu invocation › browser profile is selected when window title matches 
2025-11-02T23:05:27.0079246Z 
2025-11-02T23:05:27.0079541Z     Error: [2mexpect([22m[31mlocator[39m[2m).[22mtoBeVisible[2m([22m[2m)[22m failed
2025-11-02T23:05:27.0079811Z 
2025-11-02T23:05:27.0080081Z     Locator: getByTestId('pie-menu').last().getByRole('button', { name: /Open DevTools/i })
2025-11-02T23:05:27.0080449Z     Expected: visible
2025-11-02T23:05:27.0080678Z     Timeout: 5000ms
2025-11-02T23:05:27.0080928Z     Error: element(s) not found
2025-11-02T23:05:27.0081073Z 
2025-11-02T23:05:27.0081151Z     Call log:
2025-11-02T23:05:27.0081477Z     [2m  - Expect "toBeVisible" with timeout 5000ms[22m
2025-11-02T23:05:27.0082041Z     [2m  - waiting for getByTestId('pie-menu').last().getByRole('button', { name: /Open DevTools/i })[22m
2025-11-02T23:05:27.0082347Z 
2025-11-02T23:05:27.0082353Z 
2025-11-02T23:05:27.0082430Z       61 |     });
2025-11-02T23:05:27.0082684Z       62 |     if (assertion.visible) {
2025-11-02T23:05:27.0082990Z     > 63 |       await expect(slice).toBeVisible();
2025-11-02T23:05:27.0083259Z          |                           ^
2025-11-02T23:05:27.0083510Z       64 |     } else {
2025-11-02T23:05:27.0083753Z       65 |       await expect(slice).toHaveCount(0);
2025-11-02T23:05:27.0084028Z       66 |     }
2025-11-02T23:05:27.0084527Z         at expectPieMenuSlices (D:\a\AtlasPieVersion3\AtlasPieVersion3\autohotpie-tauri\tests\e2e\pie-menu.spec.ts:63:27)
2025-11-02T23:05:27.0085183Z         at D:\a\AtlasPieVersion3\AtlasPieVersion3\autohotpie-tauri\tests\e2e\pie-menu.spec.ts:126:5
2025-11-02T23:05:27.0085526Z 
2025-11-02T23:05:27.0085842Z     attachment #1: video (video/webm) ──────────────────────────────────────────────────────────────
2025-11-02T23:05:27.0086442Z     test-results\e2e-pie-menu-US1---Pie-men-136eb-d-when-window-title-matches-firefox\video.webm
2025-11-02T23:05:27.0087456Z     ────────────────────────────────────────────────────────────────────────────────────────────────
2025-11-02T23:05:27.0087678Z 
2025-11-02T23:05:27.0088055Z     Error Context: test-results\e2e-pie-menu-US1---Pie-men-136eb-d-when-window-title-matches-firefox\error-context.md
2025-11-02T23:05:27.0088493Z 
2025-11-02T23:05:27.0088829Z     attachment #3: trace (application/zip) ─────────────────────────────────────────────────────────
2025-11-02T23:05:27.0089450Z     test-results\e2e-pie-menu-US1---Pie-men-136eb-d-when-window-title-matches-firefox\trace.zip
2025-11-02T23:05:27.0089991Z     Usage:
2025-11-02T23:05:27.0090131Z 
2025-11-02T23:05:27.0090551Z         npx playwright show-trace test-results\e2e-pie-menu-US1---Pie-men-136eb-d-when-window-title-matches-firefox\trace.zip
2025-11-02T23:05:27.0090959Z 
2025-11-02T23:05:27.0091250Z     ────────────────────────────────────────────────────────────────────────────────────────────────
2025-11-02T23:05:27.0091463Z 
2025-11-02T23:05:27.0091762Z     Retry #1 ───────────────────────────────────────────────────────────────────────────────────────
2025-11-02T23:05:27.0092072Z 
2025-11-02T23:05:27.0092370Z     Error: [2mexpect([22m[31mlocator[39m[2m).[22mtoBeVisible[2m([22m[2m)[22m failed
2025-11-02T23:05:27.0092666Z 
2025-11-02T23:05:27.0092912Z     Locator: getByTestId('pie-menu').last().getByRole('button', { name: /Open DevTools/i })
2025-11-02T23:05:27.0093314Z     Expected: visible
2025-11-02T23:05:27.0093522Z     Timeout: 5000ms
2025-11-02T23:05:27.0093765Z     Error: element(s) not found
2025-11-02T23:05:27.0093922Z 
2025-11-02T23:05:27.0094032Z     Call log:
2025-11-02T23:05:27.0094331Z     [2m  - Expect "toBeVisible" with timeout 5000ms[22m
2025-11-02T23:05:27.0094886Z     [2m  - waiting for getByTestId('pie-menu').last().getByRole('button', { name: /Open DevTools/i })[22m
2025-11-02T23:05:27.0095199Z 
2025-11-02T23:05:27.0095204Z 
2025-11-02T23:05:27.0095312Z       61 |     });
2025-11-02T23:05:27.0095533Z       62 |     if (assertion.visible) {
2025-11-02T23:05:27.0095854Z     > 63 |       await expect(slice).toBeVisible();
2025-11-02T23:05:27.0096165Z          |                           ^
2025-11-02T23:05:27.0096469Z       64 |     } else {
2025-11-02T23:05:27.0096866Z       65 |       await expect(slice).toHaveCount(0);
2025-11-02T23:05:27.0097264Z       66 |     }
2025-11-02T23:05:27.0098081Z         at expectPieMenuSlices (D:\a\AtlasPieVersion3\AtlasPieVersion3\autohotpie-tauri\tests\e2e\pie-menu.spec.ts:63:27)
2025-11-02T23:05:27.0099307Z         at D:\a\AtlasPieVersion3\AtlasPieVersion3\autohotpie-tauri\tests\e2e\pie-menu.spec.ts:126:5
2025-11-02T23:05:27.0099860Z 
2025-11-02T23:05:27.0100462Z     attachment #1: video (video/webm) ──────────────────────────────────────────────────────────────
2025-11-02T23:05:27.0101166Z     test-results\e2e-pie-menu-US1---Pie-men-136eb-d-when-window-title-matches-firefox-retry1\video.webm
2025-11-02T23:05:27.0102007Z     ────────────────────────────────────────────────────────────────────────────────────────────────
2025-11-02T23:05:27.0102225Z 
2025-11-02T23:05:27.0102662Z     Error Context: test-results\e2e-pie-menu-US1---Pie-men-136eb-d-when-window-title-matches-firefox-retry1\error-context.md
2025-11-02T23:05:27.0103093Z 
2025-11-02T23:05:27.0103414Z     attachment #3: trace (application/zip) ─────────────────────────────────────────────────────────
2025-11-02T23:05:27.0104044Z     test-results\e2e-pie-menu-US1---Pie-men-136eb-d-when-window-title-matches-firefox-retry1\trace.zip
2025-11-02T23:05:27.0104516Z     Usage:
2025-11-02T23:05:27.0104629Z 
2025-11-02T23:05:27.0105038Z         npx playwright show-trace test-results\e2e-pie-menu-US1---Pie-men-136eb-d-when-window-title-matches-firefox-retry1\trace.zip
2025-11-02T23:05:27.0105515Z 
2025-11-02T23:05:27.0105769Z     ────────────────────────────────────────────────────────────────────────────────────────────────
2025-11-02T23:05:27.0106000Z 
2025-11-02T23:05:27.0106438Z   10) [firefox] › tests\perf\latency.spec.ts:63:3 › Perf - Latency benchmarks › hotkey → pie → action within SLA and report captured 
2025-11-02T23:05:27.0106970Z 
2025-11-02T23:05:27.0107211Z     [31mTest timeout of 30000ms exceeded.[39m
2025-11-02T23:05:27.0107644Z 
2025-11-02T23:05:27.0107807Z     Error: locator.hover: Test timeout of 30000ms exceeded.
2025-11-02T23:05:27.0108121Z     Call log:
2025-11-02T23:05:27.0108532Z     [2m  - waiting for getByTestId('pie-menu').getByRole('button').first()[22m
2025-11-02T23:05:27.0108788Z 
2025-11-02T23:05:27.0108793Z 
2025-11-02T23:05:27.0109054Z        98 |       // Wait for animation to settle before interacting
2025-11-02T23:05:27.0109409Z        99 |       await page.waitForTimeout(200);
2025-11-02T23:05:27.0109742Z     > 100 |       await slice.hover({ force: true });
2025-11-02T23:05:27.0110015Z           |                   ^
2025-11-02T23:05:27.0110254Z       101 |
2025-11-02T23:05:27.0110484Z       102 |       const start = Date.now();
2025-11-02T23:05:27.0110770Z       103 |       await slice.click({ force: true });
2025-11-02T23:05:27.0111247Z         at D:\a\AtlasPieVersion3\AtlasPieVersion3\autohotpie-tauri\tests\perf\latency.spec.ts:100:19
2025-11-02T23:05:27.0111559Z 
2025-11-02T23:05:27.0111892Z     attachment #1: video (video/webm) ──────────────────────────────────────────────────────────────
2025-11-02T23:05:27.0112468Z     test-results\perf-latency-Perf---Latenc-f0825-hin-SLA-and-report-captured-firefox\video.webm
2025-11-02T23:05:27.0113103Z     ────────────────────────────────────────────────────────────────────────────────────────────────
2025-11-02T23:05:27.0113310Z 
2025-11-02T23:05:27.0113728Z     Error Context: test-results\perf-latency-Perf---Latenc-f0825-hin-SLA-and-report-captured-firefox\error-context.md
2025-11-02T23:05:27.0114140Z 
2025-11-02T23:05:27.0114487Z     attachment #3: trace (application/zip) ─────────────────────────────────────────────────────────
2025-11-02T23:05:27.0115073Z     test-results\perf-latency-Perf---Latenc-f0825-hin-SLA-and-report-captured-firefox\trace.zip
2025-11-02T23:05:27.0115542Z     Usage:
2025-11-02T23:05:27.0115649Z 
2025-11-02T23:05:27.0116070Z         npx playwright show-trace test-results\perf-latency-Perf---Latenc-f0825-hin-SLA-and-report-captured-firefox\trace.zip
2025-11-02T23:05:27.0116496Z 
2025-11-02T23:05:27.0116757Z     ────────────────────────────────────────────────────────────────────────────────────────────────
2025-11-02T23:05:27.0117003Z 
2025-11-02T23:05:27.0117282Z     Retry #1 ───────────────────────────────────────────────────────────────────────────────────────
2025-11-02T23:05:27.0117500Z 
2025-11-02T23:05:27.0117705Z     [31mTest timeout of 30000ms exceeded.[39m
2025-11-02T23:05:27.0117883Z 
2025-11-02T23:05:27.0118040Z     Error: locator.hover: Test timeout of 30000ms exceeded.
2025-11-02T23:05:27.0118341Z     Call log:
2025-11-02T23:05:27.0118736Z     [2m  - waiting for getByTestId('pie-menu').getByRole('button').first()[22m
2025-11-02T23:05:27.0118986Z 
2025-11-02T23:05:27.0118992Z 
2025-11-02T23:05:27.0119267Z        98 |       // Wait for animation to settle before interacting
2025-11-02T23:05:27.0119593Z        99 |       await page.waitForTimeout(200);
2025-11-02T23:05:27.0119928Z     > 100 |       await slice.hover({ force: true });
2025-11-02T23:05:27.0120200Z           |                   ^
2025-11-02T23:05:27.0120437Z       101 |
2025-11-02T23:05:27.0120686Z       102 |       const start = Date.now();
2025-11-02T23:05:27.0120982Z       103 |       await slice.click({ force: true });
2025-11-02T23:05:27.0121544Z         at D:\a\AtlasPieVersion3\AtlasPieVersion3\autohotpie-tauri\tests\perf\latency.spec.ts:100:19
2025-11-02T23:05:27.0121861Z 
2025-11-02T23:05:27.0122202Z     attachment #1: video (video/webm) ──────────────────────────────────────────────────────────────
2025-11-02T23:05:27.0122807Z     test-results\perf-latency-Perf---Latenc-f0825-hin-SLA-and-report-captured-firefox-retry1\video.webm
2025-11-02T23:05:27.0123476Z     ────────────────────────────────────────────────────────────────────────────────────────────────
2025-11-02T23:05:27.0123728Z 
2025-11-02T23:05:27.0124170Z     Error Context: test-results\perf-latency-Perf---Latenc-f0825-hin-SLA-and-report-captured-firefox-retry1\error-context.md
2025-11-02T23:05:27.0124610Z 
2025-11-02T23:05:27.0124953Z     attachment #3: trace (application/zip) ─────────────────────────────────────────────────────────
2025-11-02T23:05:27.0125577Z     test-results\perf-latency-Perf---Latenc-f0825-hin-SLA-and-report-captured-firefox-retry1\trace.zip
2025-11-02T23:05:27.0126068Z     Usage:
2025-11-02T23:05:27.0126169Z 
2025-11-02T23:05:27.0126611Z         npx playwright show-trace test-results\perf-latency-Perf---Latenc-f0825-hin-SLA-and-report-captured-firefox-retry1\trace.zip
2025-11-02T23:05:27.0127068Z 
2025-11-02T23:05:27.0127335Z     ────────────────────────────────────────────────────────────────────────────────────────────────
2025-11-02T23:05:27.0127860Z 
2025-11-02T23:05:27.0128371Z   11) [webkit] › tests\e2e\action-execution.spec.ts:10:3 › US1 - Action execution flow › actions trigger immediately without confirmation dialogs 
2025-11-02T23:05:27.0128839Z 
2025-11-02T23:05:27.0129012Z     [31mTest timeout of 30000ms exceeded.[39m
2025-11-02T23:05:27.0129187Z 
2025-11-02T23:05:27.0129374Z     Error: locator.hover: Test timeout of 30000ms exceeded.
2025-11-02T23:05:27.0129657Z     Call log:
2025-11-02T23:05:27.0130053Z     [2m  - waiting for getByTestId('pie-menu').getByRole('button').first()[22m
2025-11-02T23:05:27.0130305Z 
2025-11-02T23:05:27.0130310Z 
2025-11-02T23:05:27.0130426Z       34 |
2025-11-02T23:05:27.0130703Z       35 |     const targetSlice = pieMenu.getByRole('button').first();
2025-11-02T23:05:27.0131054Z     > 36 |     await targetSlice.hover();
2025-11-02T23:05:27.0131337Z          |                       ^
2025-11-02T23:05:27.0131597Z       37 |     await targetSlice.click();
2025-11-02T23:05:27.0131860Z       38 |
2025-11-02T23:05:27.0132205Z       39 |     const confirmationDialog = page.getByRole('dialog', { name: /confirm action/i });
2025-11-02T23:05:27.0132953Z         at D:\a\AtlasPieVersion3\AtlasPieVersion3\autohotpie-tauri\tests\e2e\action-execution.spec.ts:36:23
2025-11-02T23:05:27.0133298Z 
2025-11-02T23:05:27.0133648Z     attachment #1: video (video/webm) ──────────────────────────────────────────────────────────────
2025-11-02T23:05:27.0134243Z     test-results\e2e-action-execution-US1---1c1b3-ithout-confirmation-dialogs-webkit\video.webm
2025-11-02T23:05:27.0134948Z     ────────────────────────────────────────────────────────────────────────────────────────────────
2025-11-02T23:05:27.0135176Z 
2025-11-02T23:05:27.0135556Z     Error Context: test-results\e2e-action-execution-US1---1c1b3-ithout-confirmation-dialogs-webkit\error-context.md
2025-11-02T23:05:27.0135964Z 
2025-11-02T23:05:27.0136317Z     attachment #3: trace (application/zip) ─────────────────────────────────────────────────────────
2025-11-02T23:05:27.0137061Z     test-results\e2e-action-execution-US1---1c1b3-ithout-confirmation-dialogs-webkit\trace.zip
2025-11-02T23:05:27.0137529Z     Usage:
2025-11-02T23:05:27.0137630Z 
2025-11-02T23:05:27.0138054Z         npx playwright show-trace test-results\e2e-action-execution-US1---1c1b3-ithout-confirmation-dialogs-webkit\trace.zip
2025-11-02T23:05:27.0138586Z 
2025-11-02T23:05:27.0138883Z     ────────────────────────────────────────────────────────────────────────────────────────────────
2025-11-02T23:05:27.0139094Z 
2025-11-02T23:05:27.0139375Z     Retry #1 ───────────────────────────────────────────────────────────────────────────────────────
2025-11-02T23:05:27.0139623Z 
2025-11-02T23:05:27.0139796Z     [31mTest timeout of 30000ms exceeded.[39m
2025-11-02T23:05:27.0139980Z 
2025-11-02T23:05:27.0140168Z     Error: locator.hover: Test timeout of 30000ms exceeded.
2025-11-02T23:05:27.0140447Z     Call log:
2025-11-02T23:05:27.0140921Z     [2m  - waiting for getByTestId('pie-menu').getByRole('button').first()[22m
2025-11-02T23:05:27.0141177Z 
2025-11-02T23:05:27.0141193Z 
2025-11-02T23:05:27.0141304Z       34 |
2025-11-02T23:05:27.0141581Z       35 |     const targetSlice = pieMenu.getByRole('button').first();
2025-11-02T23:05:27.0141946Z     > 36 |     await targetSlice.hover();
2025-11-02T23:05:27.0142235Z          |                       ^
2025-11-02T23:05:27.0142493Z       37 |     await targetSlice.click();
2025-11-02T23:05:27.0142751Z       38 |
2025-11-02T23:05:27.0143095Z       39 |     const confirmationDialog = page.getByRole('dialog', { name: /confirm action/i });
2025-11-02T23:05:27.0143727Z         at D:\a\AtlasPieVersion3\AtlasPieVersion3\autohotpie-tauri\tests\e2e\action-execution.spec.ts:36:23
2025-11-02T23:05:27.0144096Z 
2025-11-02T23:05:27.0144411Z     attachment #1: video (video/webm) ──────────────────────────────────────────────────────────────
2025-11-02T23:05:27.0145051Z     test-results\e2e-action-execution-US1---1c1b3-ithout-confirmation-dialogs-webkit-retry1\video.webm
2025-11-02T23:05:27.0145769Z     ────────────────────────────────────────────────────────────────────────────────────────────────
2025-11-02T23:05:27.0146122Z 
2025-11-02T23:05:27.0146531Z     Error Context: test-results\e2e-action-execution-US1---1c1b3-ithout-confirmation-dialogs-webkit-retry1\error-context.md
2025-11-02T23:05:27.0146984Z 
2025-11-02T23:05:27.0147393Z     attachment #3: trace (application/zip) ─────────────────────────────────────────────────────────
2025-11-02T23:05:27.0148750Z     test-results\e2e-action-execution-US1---1c1b3-ithout-confirmation-dialogs-webkit-retry1\trace.zip
2025-11-02T23:05:27.0149544Z     Usage:
2025-11-02T23:05:27.0149714Z 
2025-11-02T23:05:27.0150529Z         npx playwright show-trace test-results\e2e-action-execution-US1---1c1b3-ithout-confirmation-dialogs-webkit-retry1\trace.zip
2025-11-02T23:05:27.0151355Z 
2025-11-02T23:05:27.0151931Z     ────────────────────────────────────────────────────────────────────────────────────────────────
2025-11-02T23:05:27.0152320Z 
2025-11-02T23:05:27.0153018Z   12) [webkit] › tests\e2e\pie-menu.spec.ts:75:3 › US1 - Pie menu invocation › default profile is used when no context matches 
2025-11-02T23:05:27.0153759Z 
2025-11-02T23:05:27.0154327Z     Error: [2mexpect([22m[31mlocator[39m[2m).[22mtoBeVisible[2m([22m[2m)[22m failed
2025-11-02T23:05:27.0154906Z 
2025-11-02T23:05:27.0155427Z     Locator: getByTestId('pie-menu').last().getByRole('button', { name: /Launch Calculator/i })
2025-11-02T23:05:27.0156129Z     Expected: visible
2025-11-02T23:05:27.0156495Z     Timeout: 5000ms
2025-11-02T23:05:27.0156934Z     Error: element(s) not found
2025-11-02T23:05:27.0157167Z 
2025-11-02T23:05:27.0157286Z     Call log:
2025-11-02T23:05:27.0157856Z     [2m  - Expect "toBeVisible" with timeout 5000ms[22m
2025-11-02T23:05:27.0158906Z     [2m  - waiting for getByTestId('pie-menu').last().getByRole('button', { name: /Launch Calculator/i })[22m
2025-11-02T23:05:27.0159524Z 
2025-11-02T23:05:27.0159534Z 
2025-11-02T23:05:27.0159651Z       61 |     });
2025-11-02T23:05:27.0160084Z       62 |     if (assertion.visible) {
2025-11-02T23:05:27.0160621Z     > 63 |       await expect(slice).toBeVisible();
2025-11-02T23:05:27.0161118Z          |                           ^
2025-11-02T23:05:27.0161557Z       64 |     } else {
2025-11-02T23:05:27.0161998Z       65 |       await expect(slice).toHaveCount(0);
2025-11-02T23:05:27.0162453Z       66 |     }
2025-11-02T23:05:27.0163440Z         at expectPieMenuSlices (D:\a\AtlasPieVersion3\AtlasPieVersion3\autohotpie-tauri\tests\e2e\pie-menu.spec.ts:63:27)
2025-11-02T23:05:27.0164796Z         at D:\a\AtlasPieVersion3\AtlasPieVersion3\autohotpie-tauri\tests\e2e\pie-menu.spec.ts:83:5
2025-11-02T23:05:27.0165376Z 
2025-11-02T23:05:27.0166056Z     attachment #1: video (video/webm) ──────────────────────────────────────────────────────────────
2025-11-02T23:05:27.0167107Z     test-results\e2e-pie-menu-US1---Pie-men-38db2-sed-when-no-context-matches-webkit\video.webm
2025-11-02T23:05:27.0168841Z     ────────────────────────────────────────────────────────────────────────────────────────────────
2025-11-02T23:05:27.0169286Z 
2025-11-02T23:05:27.0170011Z     Error Context: test-results\e2e-pie-menu-US1---Pie-men-38db2-sed-when-no-context-matches-webkit\error-context.md
2025-11-02T23:05:27.0170842Z 
2025-11-02T23:05:27.0171490Z     attachment #3: trace (application/zip) ─────────────────────────────────────────────────────────
2025-11-02T23:05:27.0172635Z     test-results\e2e-pie-menu-US1---Pie-men-38db2-sed-when-no-context-matches-webkit\trace.zip
2025-11-02T23:05:27.0173642Z     Usage:
2025-11-02T23:05:27.0173825Z 
2025-11-02T23:05:27.0174585Z         npx playwright show-trace test-results\e2e-pie-menu-US1---Pie-men-38db2-sed-when-no-context-matches-webkit\trace.zip
2025-11-02T23:05:27.0175424Z 
2025-11-02T23:05:27.0175973Z     ────────────────────────────────────────────────────────────────────────────────────────────────
2025-11-02T23:05:27.0176389Z 
2025-11-02T23:05:27.0176908Z     Retry #1 ───────────────────────────────────────────────────────────────────────────────────────
2025-11-02T23:05:27.0177472Z 
2025-11-02T23:05:27.0177998Z     Error: [2mexpect([22m[31mlocator[39m[2m).[22mtoBeVisible[2m([22m[2m)[22m failed
2025-11-02T23:05:27.0178510Z 
2025-11-02T23:05:27.0178985Z     Locator: getByTestId('pie-menu').last().getByRole('button', { name: /Launch Calculator/i })
2025-11-02T23:05:27.0179692Z     Expected: visible
2025-11-02T23:05:27.0180044Z     Timeout: 5000ms
2025-11-02T23:05:27.0180462Z     Error: element(s) not found
2025-11-02T23:05:27.0180750Z 
2025-11-02T23:05:27.0180931Z     Call log:
2025-11-02T23:05:27.0181516Z     [2m  - Expect "toBeVisible" with timeout 5000ms[22m
2025-11-02T23:05:27.0182630Z     [2m  - waiting for getByTestId('pie-menu').last().getByRole('button', { name: /Launch Calculator/i })[22m
2025-11-02T23:05:27.0183219Z 
2025-11-02T23:05:27.0183260Z 
2025-11-02T23:05:27.0183396Z       61 |     });
2025-11-02T23:05:27.0183776Z       62 |     if (assertion.visible) {
2025-11-02T23:05:27.0184340Z     > 63 |       await expect(slice).toBeVisible();
2025-11-02T23:05:27.0184868Z          |                           ^
2025-11-02T23:05:27.0185269Z       64 |     } else {
2025-11-02T23:05:27.0185732Z       65 |       await expect(slice).toHaveCount(0);
2025-11-02T23:05:27.0186166Z       66 |     }
2025-11-02T23:05:27.0187059Z         at expectPieMenuSlices (D:\a\AtlasPieVersion3\AtlasPieVersion3\autohotpie-tauri\tests\e2e\pie-menu.spec.ts:63:27)
2025-11-02T23:05:27.0188611Z         at D:\a\AtlasPieVersion3\AtlasPieVersion3\autohotpie-tauri\tests\e2e\pie-menu.spec.ts:83:5
2025-11-02T23:05:27.0189243Z 
2025-11-02T23:05:27.0189953Z     attachment #1: video (video/webm) ──────────────────────────────────────────────────────────────
2025-11-02T23:05:27.0191096Z     test-results\e2e-pie-menu-US1---Pie-men-38db2-sed-when-no-context-matches-webkit-retry1\video.webm
2025-11-02T23:05:27.0192333Z     ────────────────────────────────────────────────────────────────────────────────────────────────
2025-11-02T23:05:27.0192747Z 
2025-11-02T23:05:27.0193554Z     Error Context: test-results\e2e-pie-menu-US1---Pie-men-38db2-sed-when-no-context-matches-webkit-retry1\error-context.md
2025-11-02T23:05:27.0194379Z 
2025-11-02T23:05:27.0195051Z     attachment #3: trace (application/zip) ─────────────────────────────────────────────────────────
2025-11-02T23:05:27.0196164Z     test-results\e2e-pie-menu-US1---Pie-men-38db2-sed-when-no-context-matches-webkit-retry1\trace.zip
2025-11-02T23:05:27.0196958Z     Usage:
2025-11-02T23:05:27.0197387Z 
2025-11-02T23:05:27.0198248Z         npx playwright show-trace test-results\e2e-pie-menu-US1---Pie-men-38db2-sed-when-no-context-matches-webkit-retry1\trace.zip
2025-11-02T23:05:27.0199116Z 
2025-11-02T23:05:27.0199612Z     ────────────────────────────────────────────────────────────────────────────────────────────────
2025-11-02T23:05:27.0200048Z 
2025-11-02T23:05:27.0200794Z   13) [webkit] › tests\e2e\pie-menu.spec.ts:103:3 › US1 - Pie menu invocation › VS Code profile is selected when process matches 
2025-11-02T23:05:27.0202044Z 
2025-11-02T23:05:27.0202614Z     Error: [2mexpect([22m[31mlocator[39m[2m).[22mtoBeVisible[2m([22m[2m)[22m failed
2025-11-02T23:05:27.0203107Z 
2025-11-02T23:05:27.0203609Z     Locator: getByTestId('pie-menu').last().getByRole('button', { name: /Switch Terminal/i })
2025-11-02T23:05:27.0204283Z     Expected: visible
2025-11-02T23:05:27.0204633Z     Timeout: 5000ms
2025-11-02T23:05:27.0205041Z     Error: element(s) not found
2025-11-02T23:05:27.0205323Z 
2025-11-02T23:05:27.0205459Z     Call log:
2025-11-02T23:05:27.0206052Z     [2m  - Expect "toBeVisible" with timeout 5000ms[22m
2025-11-02T23:05:27.0207084Z     [2m  - waiting for getByTestId('pie-menu').last().getByRole('button', { name: /Switch Terminal/i })[22m
2025-11-02T23:05:27.0207720Z 
2025-11-02T23:05:27.0207731Z 
2025-11-02T23:05:27.0207862Z       61 |     });
2025-11-02T23:05:27.0208615Z       62 |     if (assertion.visible) {
2025-11-02T23:05:27.0209106Z     > 63 |       await expect(slice).toBeVisible();
2025-11-02T23:05:27.0209959Z          |                           ^
2025-11-02T23:05:27.0210368Z       64 |     } else {
2025-11-02T23:05:27.0210766Z       65 |       await expect(slice).toHaveCount(0);
2025-11-02T23:05:27.0211203Z       66 |     }
2025-11-02T23:05:27.0212016Z         at expectPieMenuSlices (D:\a\AtlasPieVersion3\AtlasPieVersion3\autohotpie-tauri\tests\e2e\pie-menu.spec.ts:63:27)
2025-11-02T23:05:27.0213293Z         at D:\a\AtlasPieVersion3\AtlasPieVersion3\autohotpie-tauri\tests\e2e\pie-menu.spec.ts:111:5
2025-11-02T23:05:27.0213949Z 
2025-11-02T23:05:27.0214631Z     attachment #1: video (video/webm) ──────────────────────────────────────────────────────────────
2025-11-02T23:05:27.0215778Z     test-results\e2e-pie-menu-US1---Pie-men-a0dfa-lected-when-process-matches-webkit\video.webm
2025-11-02T23:05:27.0216946Z     ────────────────────────────────────────────────────────────────────────────────────────────────
2025-11-02T23:05:27.0217407Z 
2025-11-02T23:05:27.0218093Z     Error Context: test-results\e2e-pie-menu-US1---Pie-men-a0dfa-lected-when-process-matches-webkit\error-context.md
2025-11-02T23:05:27.0218892Z 
2025-11-02T23:05:27.0219537Z     attachment #3: trace (application/zip) ─────────────────────────────────────────────────────────
2025-11-02T23:05:27.0221042Z     test-results\e2e-pie-menu-US1---Pie-men-a0dfa-lected-when-process-matches-webkit\trace.zip
2025-11-02T23:05:27.0221845Z     Usage:
2025-11-02T23:05:27.0222078Z 
2025-11-02T23:05:27.0222870Z         npx playwright show-trace test-results\e2e-pie-menu-US1---Pie-men-a0dfa-lected-when-process-matches-webkit\trace.zip
2025-11-02T23:05:27.0223692Z 
2025-11-02T23:05:27.0224295Z     ────────────────────────────────────────────────────────────────────────────────────────────────
2025-11-02T23:05:27.0224705Z 
2025-11-02T23:05:27.0225279Z     Retry #1 ───────────────────────────────────────────────────────────────────────────────────────
2025-11-02T23:05:27.0227002Z 
2025-11-02T23:05:27.0227626Z     Error: [2mexpect([22m[31mlocator[39m[2m).[22mtoBeVisible[2m([22m[2m)[22m failed
2025-11-02T23:05:27.0228199Z 
2025-11-02T23:05:27.0229018Z     Locator: getByTestId('pie-menu').last().getByRole('button', { name: /Switch Terminal/i })
2025-11-02T23:05:27.0229764Z     Expected: visible
2025-11-02T23:05:27.0230128Z     Timeout: 5000ms
2025-11-02T23:05:27.0230537Z     Error: element(s) not found
2025-11-02T23:05:27.0230799Z 
2025-11-02T23:05:27.0230946Z     Call log:
2025-11-02T23:05:27.0231695Z     [2m  - Expect "toBeVisible" with timeout 5000ms[22m
2025-11-02T23:05:27.0232741Z     [2m  - waiting for getByTestId('pie-menu').last().getByRole('button', { name: /Switch Terminal/i })[22m
2025-11-02T23:05:27.0233335Z 
2025-11-02T23:05:27.0233346Z 
2025-11-02T23:05:27.0233523Z       61 |     });
2025-11-02T23:05:27.0233904Z       62 |     if (assertion.visible) {
2025-11-02T23:05:27.0234399Z     > 63 |       await expect(slice).toBeVisible();
2025-11-02T23:05:27.0234805Z          |                           ^
2025-11-02T23:05:27.0235075Z       64 |     } else {
2025-11-02T23:05:27.0235366Z       65 |       await expect(slice).toHaveCount(0);
2025-11-02T23:05:27.0235622Z       66 |     }
2025-11-02T23:05:27.0236133Z         at expectPieMenuSlices (D:\a\AtlasPieVersion3\AtlasPieVersion3\autohotpie-tauri\tests\e2e\pie-menu.spec.ts:63:27)
2025-11-02T23:05:27.0237024Z         at D:\a\AtlasPieVersion3\AtlasPieVersion3\autohotpie-tauri\tests\e2e\pie-menu.spec.ts:111:5
2025-11-02T23:05:27.0237569Z 
2025-11-02T23:05:27.0238159Z     attachment #1: video (video/webm) ──────────────────────────────────────────────────────────────
2025-11-02T23:05:27.0239287Z     test-results\e2e-pie-menu-US1---Pie-men-a0dfa-lected-when-process-matches-webkit-retry1\video.webm
2025-11-02T23:05:27.0240511Z     ────────────────────────────────────────────────────────────────────────────────────────────────
2025-11-02T23:05:27.0240891Z 
2025-11-02T23:05:27.0241707Z     Error Context: test-results\e2e-pie-menu-US1---Pie-men-a0dfa-lected-when-process-matches-webkit-retry1\error-context.md
2025-11-02T23:05:27.0242464Z 
2025-11-02T23:05:27.0243049Z     attachment #3: trace (application/zip) ─────────────────────────────────────────────────────────
2025-11-02T23:05:27.0243808Z     test-results\e2e-pie-menu-US1---Pie-men-a0dfa-lected-when-process-matches-webkit-retry1\trace.zip
2025-11-02T23:05:27.0244912Z     Usage:
2025-11-02T23:05:27.0245078Z 
2025-11-02T23:05:27.0245798Z         npx playwright show-trace test-results\e2e-pie-menu-US1---Pie-men-a0dfa-lected-when-process-matches-webkit-retry1\trace.zip
2025-11-02T23:05:27.0246864Z 
2025-11-02T23:05:27.0247366Z     ────────────────────────────────────────────────────────────────────────────────────────────────
2025-11-02T23:05:27.0247819Z 
2025-11-02T23:05:27.0248601Z   14) [webkit] › tests\e2e\pie-menu.spec.ts:118:3 › US1 - Pie menu invocation › browser profile is selected when window title matches 
2025-11-02T23:05:27.0249607Z 
2025-11-02T23:05:27.0250157Z     Error: [2mexpect([22m[31mlocator[39m[2m).[22mtoBeVisible[2m([22m[2m)[22m failed
2025-11-02T23:05:27.0250623Z 
2025-11-02T23:05:27.0251038Z     Locator: getByTestId('pie-menu').last().getByRole('button', { name: /Open DevTools/i })
2025-11-02T23:05:27.0251888Z     Expected: visible
2025-11-02T23:05:27.0252162Z     Timeout: 5000ms
2025-11-02T23:05:27.0252381Z     Error: element(s) not found
2025-11-02T23:05:27.0252552Z 
2025-11-02T23:05:27.0252636Z     Call log:
2025-11-02T23:05:27.0253110Z     [2m  - Expect "toBeVisible" with timeout 5000ms[22m
2025-11-02T23:05:27.0253659Z     [2m  - waiting for getByTestId('pie-menu').last().getByRole('button', { name: /Open DevTools/i })[22m
2025-11-02T23:05:27.0254003Z 
2025-11-02T23:05:27.0254009Z 
2025-11-02T23:05:27.0254088Z       61 |     });
2025-11-02T23:05:27.0254341Z       62 |     if (assertion.visible) {
2025-11-02T23:05:27.0254633Z     > 63 |       await expect(slice).toBeVisible();
2025-11-02T23:05:27.0254953Z          |                           ^
2025-11-02T23:05:27.0255219Z       64 |     } else {
2025-11-02T23:05:27.0255475Z       65 |       await expect(slice).toHaveCount(0);
2025-11-02T23:05:27.0255755Z       66 |     }
2025-11-02T23:05:27.0256229Z         at expectPieMenuSlices (D:\a\AtlasPieVersion3\AtlasPieVersion3\autohotpie-tauri\tests\e2e\pie-menu.spec.ts:63:27)
2025-11-02T23:05:27.0256916Z         at D:\a\AtlasPieVersion3\AtlasPieVersion3\autohotpie-tauri\tests\e2e\pie-menu.spec.ts:126:5
2025-11-02T23:05:27.0257269Z 
2025-11-02T23:05:27.0257590Z     attachment #1: video (video/webm) ──────────────────────────────────────────────────────────────
2025-11-02T23:05:27.0258198Z     test-results\e2e-pie-menu-US1---Pie-men-136eb-d-when-window-title-matches-webkit\video.webm
2025-11-02T23:05:27.0258804Z     ────────────────────────────────────────────────────────────────────────────────────────────────
2025-11-02T23:05:27.0259044Z 
2025-11-02T23:05:27.0259437Z     Error Context: test-results\e2e-pie-menu-US1---Pie-men-136eb-d-when-window-title-matches-webkit\error-context.md
2025-11-02T23:05:27.0259831Z 
2025-11-02T23:05:27.0260189Z     attachment #3: trace (application/zip) ─────────────────────────────────────────────────────────
2025-11-02T23:05:27.0260779Z     test-results\e2e-pie-menu-US1---Pie-men-136eb-d-when-window-title-matches-webkit\trace.zip
2025-11-02T23:05:27.0261254Z     Usage:
2025-11-02T23:05:27.0261365Z 
2025-11-02T23:05:27.0261791Z         npx playwright show-trace test-results\e2e-pie-menu-US1---Pie-men-136eb-d-when-window-title-matches-webkit\trace.zip
2025-11-02T23:05:27.0262207Z 
2025-11-02T23:05:27.0262495Z     ────────────────────────────────────────────────────────────────────────────────────────────────
2025-11-02T23:05:27.0262706Z 
2025-11-02T23:05:27.0262975Z     Retry #1 ───────────────────────────────────────────────────────────────────────────────────────
2025-11-02T23:05:27.0263227Z 
2025-11-02T23:05:27.0263530Z     Error: [2mexpect([22m[31mlocator[39m[2m).[22mtoBeVisible[2m([22m[2m)[22m failed
2025-11-02T23:05:27.0263912Z 
2025-11-02T23:05:27.0264191Z     Locator: getByTestId('pie-menu').last().getByRole('button', { name: /Open DevTools/i })
2025-11-02T23:05:27.0264572Z     Expected: visible
2025-11-02T23:05:27.0264819Z     Timeout: 5000ms
2025-11-02T23:05:27.0265116Z     Error: element(s) not found
2025-11-02T23:05:27.0265271Z 
2025-11-02T23:05:27.0265352Z     Call log:
2025-11-02T23:05:27.0265769Z     [2m  - Expect "toBeVisible" with timeout 5000ms[22m
2025-11-02T23:05:27.0266347Z     [2m  - waiting for getByTestId('pie-menu').last().getByRole('button', { name: /Open DevTools/i })[22m
2025-11-02T23:05:27.0266793Z 
2025-11-02T23:05:27.0266803Z 
2025-11-02T23:05:27.0266917Z       61 |     });
2025-11-02T23:05:27.0267177Z       62 |     if (assertion.visible) {
2025-11-02T23:05:27.0267495Z     > 63 |       await expect(slice).toBeVisible();
2025-11-02T23:05:27.0267774Z          |                           ^
2025-11-02T23:05:27.0268038Z       64 |     } else {
2025-11-02T23:05:27.0268315Z       65 |       await expect(slice).toHaveCount(0);
2025-11-02T23:05:27.0268573Z       66 |     }
2025-11-02T23:05:27.0269064Z         at expectPieMenuSlices (D:\a\AtlasPieVersion3\AtlasPieVersion3\autohotpie-tauri\tests\e2e\pie-menu.spec.ts:63:27)
2025-11-02T23:05:27.0269722Z         at D:\a\AtlasPieVersion3\AtlasPieVersion3\autohotpie-tauri\tests\e2e\pie-menu.spec.ts:126:5
2025-11-02T23:05:27.0270067Z 
2025-11-02T23:05:27.0270391Z     attachment #1: video (video/webm) ──────────────────────────────────────────────────────────────
2025-11-02T23:05:27.0271019Z     test-results\e2e-pie-menu-US1---Pie-men-136eb-d-when-window-title-matches-webkit-retry1\video.webm
2025-11-02T23:05:27.0271854Z     ────────────────────────────────────────────────────────────────────────────────────────────────
2025-11-02T23:05:27.0272066Z 
2025-11-02T23:05:27.0272470Z     Error Context: test-results\e2e-pie-menu-US1---Pie-men-136eb-d-when-window-title-matches-webkit-retry1\error-context.md
2025-11-02T23:05:27.0272956Z 
2025-11-02T23:05:27.0273282Z     attachment #3: trace (application/zip) ─────────────────────────────────────────────────────────
2025-11-02T23:05:27.0273918Z     test-results\e2e-pie-menu-US1---Pie-men-136eb-d-when-window-title-matches-webkit-retry1\trace.zip
2025-11-02T23:05:27.0274359Z     Usage:
2025-11-02T23:05:27.0274492Z 
2025-11-02T23:05:27.0274924Z         npx playwright show-trace test-results\e2e-pie-menu-US1---Pie-men-136eb-d-when-window-title-matches-webkit-retry1\trace.zip
2025-11-02T23:05:27.0275403Z 
2025-11-02T23:05:27.0275658Z     ────────────────────────────────────────────────────────────────────────────────────────────────
2025-11-02T23:05:27.0275871Z 
2025-11-02T23:05:27.0275979Z   14 failed
2025-11-02T23:05:27.0276581Z     [chromium] › tests\e2e\action-execution.spec.ts:10:3 › US1 - Action execution flow › actions trigger immediately without confirmation dialogs 
2025-11-02T23:05:27.0277468Z     [chromium] › tests\e2e\pie-menu.spec.ts:75:3 › US1 - Pie menu invocation › default profile is used when no context matches 
2025-11-02T23:05:27.0278268Z     [chromium] › tests\e2e\pie-menu.spec.ts:103:3 › US1 - Pie menu invocation › VS Code profile is selected when process matches 
2025-11-02T23:05:27.0279051Z     [chromium] › tests\e2e\pie-menu.spec.ts:118:3 › US1 - Pie menu invocation › browser profile is selected when window title matches 
2025-11-02T23:05:27.0280006Z     [chromium] › tests\perf\latency.spec.ts:63:3 › Perf - Latency benchmarks › hotkey → pie → action within SLA and report captured 
2025-11-02T23:05:27.0280893Z     [firefox] › tests\e2e\action-execution.spec.ts:10:3 › US1 - Action execution flow › actions trigger immediately without confirmation dialogs 
2025-11-02T23:05:27.0281745Z     [firefox] › tests\e2e\pie-menu.spec.ts:75:3 › US1 - Pie menu invocation › default profile is used when no context matches 
2025-11-02T23:05:27.0282500Z     [firefox] › tests\e2e\pie-menu.spec.ts:103:3 › US1 - Pie menu invocation › VS Code profile is selected when process matches 
2025-11-02T23:05:27.0283399Z     [firefox] › tests\e2e\pie-menu.spec.ts:118:3 › US1 - Pie menu invocation › browser profile is selected when window title matches 
2025-11-02T23:05:27.0284228Z     [firefox] › tests\perf\latency.spec.ts:63:3 › Perf - Latency benchmarks › hotkey → pie → action within SLA and report captured 
2025-11-02T23:05:27.0285112Z     [webkit] › tests\e2e\action-execution.spec.ts:10:3 › US1 - Action execution flow › actions trigger immediately without confirmation dialogs 
2025-11-02T23:05:27.0285928Z     [webkit] › tests\e2e\pie-menu.spec.ts:75:3 › US1 - Pie menu invocation › default profile is used when no context matches 
2025-11-02T23:05:27.0286705Z     [webkit] › tests\e2e\pie-menu.spec.ts:103:3 › US1 - Pie menu invocation › VS Code profile is selected when process matches 
2025-11-02T23:05:27.0287768Z     [webkit] › tests\e2e\pie-menu.spec.ts:118:3 › US1 - Pie menu invocation › browser profile is selected when window title matches 
2025-11-02T23:05:27.0288221Z   1 skipped
2025-11-02T23:05:27.0288437Z   63 passed (5.7m)
2025-11-02T23:05:27.2779528Z ##[error]Process completed with exit code 1.
2025-11-02T23:05:27.3046273Z Post job cleanup.
2025-11-02T23:05:27.5687371Z [command]"C:\Program Files\Git\bin\git.exe" version
2025-11-02T23:05:27.5962043Z git version 2.51.1.windows.1
2025-11-02T23:05:27.6034883Z Temporarily overriding HOME='D:\a\_temp\2fe18ec2-7032-4609-98dd-84250ee98a9f' before making global git config changes
2025-11-02T23:05:27.6035696Z Adding repository directory to the temporary git global config as a safe directory
2025-11-02T23:05:27.6047168Z [command]"C:\Program Files\Git\bin\git.exe" config --global --add safe.directory D:\a\AtlasPieVersion3\AtlasPieVersion3
2025-11-02T23:05:27.6365661Z [command]"C:\Program Files\Git\bin\git.exe" config --local --name-only --get-regexp core\.sshCommand
2025-11-02T23:05:27.6673965Z [command]"C:\Program Files\Git\bin\git.exe" submodule foreach --recursive "sh -c \"git config --local --name-only --get-regexp 'core\.sshCommand' && git config --local --unset-all 'core.sshCommand' || :\""
2025-11-02T23:05:28.2667112Z [command]"C:\Program Files\Git\bin\git.exe" config --local --name-only --get-regexp http\.https\:\/\/github\.com\/\.extraheader
2025-11-02T23:05:28.2923119Z http.https://github.com/.extraheader
2025-11-02T23:05:28.2983563Z [command]"C:\Program Files\Git\bin\git.exe" config --local --unset-all http.https://github.com/.extraheader
2025-11-02T23:05:28.3288732Z [command]"C:\Program Files\Git\bin\git.exe" submodule foreach --recursive "sh -c \"git config --local --name-only --get-regexp 'http\.https\:\/\/github\.com\/\.extraheader' && git config --local --unset-all 'http.https://github.com/.extraheader' || :\""
2025-11-02T23:05:28.8872492Z Cleaning up orphan processes
2025-11-02T23:05:28.9117779Z Terminate orphan process: pid (1424) (vctip)
